Microchip MPLAB XC8 Compiler V2.35

Linker command line:

-W-3 --edf=C:\Program Files\Microchip\xc8\v2.35\pic\dat\en_msgs.txt -cn \
  -h+dist/default/production\final-project-kangan-yuhai.X.production.sym \
  --cmf=dist/default/production\final-project-kangan-yuhai.X.production.cmf \
  -z -Q18F67K40 -oC:\Users\KANGAN~1\AppData\Local\Temp\xcAs75bc.4 \
  --defsym=__MPLAB_BUILD=1 \
  -Mdist/default/production/final-project-kangan-yuhai.X.production.map \
  --md=C:\Users\KANGAN~1\AppData\Local\Temp\xcAs75bc.dat -E1 \
  -ver=XC8 Compiler --acfsm=1493 -ACODE=00h-01FFFFh -ACONST=00h-01FFFFh \
  -ASMALLCONST=0E00h-0EFFhx498 -AMEDIUMCONST=0E00h-0FFFFh,010E00h-01FFFFh \
  -ACOMRAM=01h-05Fh -AABS1=00h-0DE9h -ABIGRAM=01h-0DE9h \
  -ARAM=060h-0FFh,0100h-01FFhx12,0D00h-0DE9h -ABANK0=060h-0FFh \
  -ABANK1=0100h-01FFh -ABANK2=0200h-02FFh -ABANK3=0300h-03FFh \
  -ABANK4=0400h-04FFh -ABANK5=0500h-05FFh -ABANK6=0600h-06FFh \
  -ABANK7=0700h-07FFh -ABANK8=0800h-08FFh -ABANK9=0900h-09FFh \
  -ABANK10=0A00h-0AFFh -ABANK11=0B00h-0BFFh -ABANK12=0C00h-0CFFh \
  -ABANK13=0D00h-0DE9h \
  -ASFR=0DEFh-0DFFh,0E00h-0EFFh,0F00h-0F5Fh,0F60h-0FFFh \
  -ABIGSFR=0DEFh-0FFFh -ACONFIG=0300000h-030000Bh -AIDLOC=0200000h-020000Fh \
  -AEEDATA=0310000h-03103FFh -peeprom_data=EEDATA \
  -preset_vec=00h,intcode=08h,intcodelo,powerup,init -pramtop=0E00h \
  -psmallconst=SMALLCONST -pmediumconst=MEDIUMCONST -pconst=CONST \
  -AFARRAM=00h-00h \
  -prdata=COMRAM,nvrram=COMRAM,nvbit=COMRAM,rbss=COMRAM,rbit=COMRAM \
  -pfarbss=FARRAM,fardata=FARRAM,nvFARRAM=FARRAM \
  -pintsave_regs=BIGRAM,bigbss=BIGRAM,bigdata=BIGRAM -pbss=RAM \
  -pidata=CODE,irdata=CODE,ibigdata=CODE,ifardata=CODE -prparam=COMRAM \
  C:\Users\KANGAN~1\AppData\Local\Temp\xcAs75bc.o \
  dist/default/production\final-project-kangan-yuhai.X.production.o 

Object code version is 3.11

Machine type is 18F67K40



                Name                               Link     Load   Length Selector   Space Scale
C:\Users\KANGAN~1\AppData\Local\Temp\xcAs75bc.o
                idloc                            200000   200000       10        0       5
                config                           300000   300000        C        0       4
                init                                 30       30        4        4       0
                reset_vec                             0        0        4        0       0
dist/default/production\final-project-kangan-yuhai.X.production.o
                intcode                               8        8       28        4       0
                idloc                            200000   200000       10        0       5
                config                           300000   300000        C        0       4
                temp                                 5F       5F        1        1       1
                smallconst                          E00      E00       14      700       0
                text73                             5D1A     5D1A        C      70A       0
                text72                             5CC2     5CC2       1E      70A       0
                text71                             5268     5268       C4      70A       0
                text70                             5B9E     5B9E       26      70A       0
                text69                             3B70     3B70      1D4      70A       0
                text68                             51A4     51A4       C4      70A       0
                text67                             5490     5490       94      70A       0
                text66                             532C     532C       BE      70A       0
                text65                             53EA     53EA       A6      70A       0
                text64                             3D44     3D44      1D0      70A       0
                text63                             2A4A     2A4A      358      70A       0
                text62                             36BA     36BA      2AC      70A       0
                text61                             30D0     30D0      308      70A       0
                text60                             5C84     5C84       20      70A       0
                text59                             26B0     26B0      39A      70A       0
                text58                             4282     4282      1B4      70A       0
                text57                             5B76     5B76       28      70A       0
                text56                             5984     5984       42      70A       0
                text55                             5D3A     5D3A        A      70A       0
                text54                             5D30     5D30        A      70A       0
                text53                             5D26     5D26        A      70A       0
                text52                             5D0E     5D0E        C      70A       0
                text51                             57A2     57A2       50      70A       0
                text50                             4B82     4B82      108      70A       0
                text49                             4C8A     4C8A      104      70A       0
                text48                             1ED8     1ED8      42A      70A       0
                text47                             5A7A     5A7A       38      70A       0
                text46                             1A18     1A18      4C0      70A       0
                text45                             57F2     57F2       46      70A       0
                text44                             2302     2302      3AE      70A       0
                text43                             5A40     5A40       3A      70A       0
                text42                             4A5A     4A5A      128      70A       0
                text41                             5CF8     5CF8       16      70A       0
                text40                             5C64     5C64       20      70A       0
                text39                             5C44     5C44       20      70A       0
                text38                             5C24     5C24       20      70A       0
                text37                             5C04     5C04       20      70A       0
                text36                             5752     5752       50      70A       0
                text35                             5702     5702       50      70A       0
                text34                             56B2     56B2       50      70A       0
                text33                             3966     3966      20A      70A       0
                text32                             5942     5942       42      70A       0
                text31                             4436     4436      1A2      70A       0
                text30                             45D8     45D8      196      70A       0
                text29                             3F14     3F14      1BA      70A       0
                text28                             4D8E     4D8E       EE      70A       0
                text27                             5B4C     5B4C       2A      70A       0
                text26                             5BE4     5BE4       20      70A       0
                text25                             5AE8     5AE8       34      70A       0
                text24                             50DE     50DE       C6      70A       0
                text23                             5900     5900       42      70A       0
                text22                             4E7C     4E7C       D2      70A       0
                text21                             5CA4     5CA4       1E      70A       0
                text20                             5BC4     5BC4       20      70A       0
                text19                             5CE0     5CE0       18      70A       0
                text18                             5B1C     5B1C       30      70A       0
                text17                             58BE     58BE       42      70A       0
                text16                             476E     476E      188      70A       0
                text15                             48F6     48F6      164      70A       0
                text14                             59C6     59C6       40      70A       0
                text13                             5D46     5D46        2      70A       0
                text12                             4F4E     4F4E       CA      70A       0
                text11                             5838     5838       44      70A       0
                text10                             5AB2     5AB2       36      70A       0
                text9                              5018     5018       C6      70A       0
                text8                              33D8     33D8      2E2      70A       0
                text7                              40CE     40CE      1B4      70A       0
                text6                              55A0     55A0       62      70A       0
                text5                              5660     5660       52      70A       0
                text4                              5A06     5A06       3A      70A       0
                text3                              5602     5602       5E      70A       0
                text2                               E14      E14      C04      70A       0
                text1                              5524     5524       7C      70A       0
                text0                              2DA2     2DA2      32E      70A       0
                cstackCOMRAM                          1        1       5E        1       1
                cstackBANK0                          9E       9E       3D       60       1
                cstackBANK1                         100      100       A7      100       1
                bssBANK1                            1A7      1A7       30      100       1
                dataBANK0                            DB       DB        2       60       1
                bssBANK0                             60       60       3E       60       1
                cinit                              587C     587C       42      70A       0
                idataBANK0                         5D44     5D44        2      70A       0

TOTAL           Name                               Link     Load   Length     Space
        CLASS   CODE           
                intcode                               8        8       28         0
                init                                 30       30        4         0
                reset_vec                             0        0        4         0
                text73                             5D1A     5D1A        C         0
                text72                             5CC2     5CC2       1E         0
                text71                             5268     5268       C4         0
                text70                             5B9E     5B9E       26         0
                text69                             3B70     3B70      1D4         0
                text68                             51A4     51A4       C4         0
                text67                             5490     5490       94         0
                text66                             532C     532C       BE         0
                text65                             53EA     53EA       A6         0
                text64                             3D44     3D44      1D0         0
                text63                             2A4A     2A4A      358         0
                text62                             36BA     36BA      2AC         0
                text61                             30D0     30D0      308         0
                text60                             5C84     5C84       20         0
                text59                             26B0     26B0      39A         0
                text58                             4282     4282      1B4         0
                text57                             5B76     5B76       28         0
                text56                             5984     5984       42         0
                text55                             5D3A     5D3A        A         0
                text54                             5D30     5D30        A         0
                text53                             5D26     5D26        A         0
                text52                             5D0E     5D0E        C         0
                text51                             57A2     57A2       50         0
                text50                             4B82     4B82      108         0
                text49                             4C8A     4C8A      104         0
                text48                             1ED8     1ED8      42A         0
                text47                             5A7A     5A7A       38         0
                text46                             1A18     1A18      4C0         0
                text45                             57F2     57F2       46         0
                text44                             2302     2302      3AE         0
                text43                             5A40     5A40       3A         0
                text42                             4A5A     4A5A      128         0
                text41                             5CF8     5CF8       16         0
                text40                             5C64     5C64       20         0
                text39                             5C44     5C44       20         0
                text38                             5C24     5C24       20         0
                text37                             5C04     5C04       20         0
                text36                             5752     5752       50         0
                text35                             5702     5702       50         0
                text34                             56B2     56B2       50         0
                text33                             3966     3966      20A         0
                text32                             5942     5942       42         0
                text31                             4436     4436      1A2         0
                text30                             45D8     45D8      196         0
                text29                             3F14     3F14      1BA         0
                text28                             4D8E     4D8E       EE         0
                text27                             5B4C     5B4C       2A         0
                text26                             5BE4     5BE4       20         0
                text25                             5AE8     5AE8       34         0
                text24                             50DE     50DE       C6         0
                text23                             5900     5900       42         0
                text22                             4E7C     4E7C       D2         0
                text21                             5CA4     5CA4       1E         0
                text20                             5BC4     5BC4       20         0
                text19                             5CE0     5CE0       18         0
                text18                             5B1C     5B1C       30         0
                text17                             58BE     58BE       42         0
                text16                             476E     476E      188         0
                text15                             48F6     48F6      164         0
                text14                             59C6     59C6       40         0
                text13                             5D46     5D46        2         0
                text12                             4F4E     4F4E       CA         0
                text11                             5838     5838       44         0
                text10                             5AB2     5AB2       36         0
                text9                              5018     5018       C6         0
                text8                              33D8     33D8      2E2         0
                text7                              40CE     40CE      1B4         0
                text6                              55A0     55A0       62         0
                text5                              5660     5660       52         0
                text4                              5A06     5A06       3A         0
                text3                              5602     5602       5E         0
                text2                               E14      E14      C04         0
                text1                              5524     5524       7C         0
                text0                              2DA2     2DA2      32E         0
                cinit                              587C     587C       42         0
                idataBANK0                         5D44     5D44        2         0

        CLASS   CONST          

        CLASS   SMALLCONST     
                smallconst                          E00      E00       14         0

        CLASS   MEDIUMCONST    

        CLASS   COMRAM         
                temp                                 5F       5F        1         1
                cstackCOMRAM                          1        1       5E         1

        CLASS   ABS1           

        CLASS   BIGRAM         

        CLASS   RAM            

        CLASS   BANK0          
                cstackBANK0                          9E       9E       3D         1
                dataBANK0                            DB       DB        2         1
                bssBANK0                             60       60       3E         1

        CLASS   BANK1          
                cstackBANK1                         100      100       A7         1
                bssBANK1                            1A7      1A7       30         1

        CLASS   BANK2          

        CLASS   BANK3          

        CLASS   BANK4          

        CLASS   BANK5          

        CLASS   BANK6          

        CLASS   BANK7          

        CLASS   BANK8          

        CLASS   BANK9          

        CLASS   BANK10         

        CLASS   BANK11         

        CLASS   BANK12         

        CLASS   BANK13         

        CLASS   SFR            

        CLASS   BIGSFR         

        CLASS   CONFIG         
                config                           300000   300000        C         4

        CLASS   IDLOC          
                idloc                            200000   200000       10         5

        CLASS   EEDATA         

        CLASS   FARRAM         

        CLASS   HEAP           

        CLASS   STACK          



SEGMENTS        Name                           Load    Length   Top    Selector   Space  Class

                reset_vec                      000000  000004  000004         0       0  CODE    
                cstackCOMRAM                   000001  00005F  000060         1       1  COMRAM  
                intcode                        000008  00002C  000034         4       0  CODE    
                bssBANK0                       000060  00007D  0000DD        60       1  BANK0   
                cstackBANK1                    000100  0000D7  0001D7       100       1  BANK1   
                smallconst                     000E00  000014  000E14       700       0  SMALLCON
                text2                          000E14  004F34  005D48       70A       0  CODE    


UNUSED ADDRESS RANGES

        Name                Unused          Largest block    Delta
        BANK0            0000DD-0000FF               23
        BANK1            0001D7-0001FF               29
        BANK10           000A00-000AFF              100
        BANK11           000B00-000BFF              100
        BANK12           000C00-000CFF              100
        BANK13           000D00-000DE9               EA
        BANK2            000200-0002FF              100
        BANK3            000300-0003FF              100
        BANK4            000400-0004FF              100
        BANK5            000500-0005FF              100
        BANK6            000600-0006FF              100
        BANK7            000700-0007FF              100
        BANK8            000800-0008FF              100
        BANK9            000900-0009FF              100
        BIGRAM           0000DD-0000FF               23
                         0001D7-000DE9              C13
        BIGSFR           000DEF-000FFF              211
        CODE             000004-000007                4
                         000034-000DFF              DCC
                         005D48-01FFFF            1A2B8
        CONST            000004-000007                4
                         000034-000DFF              DCC
                         005D48-01FFFF            1A2B8
        EEDATA           310000-3103FF              400
        MEDIUMCONST      005D48-00FFFF             A2B8
                         010E00-01FFFF             F200
        RAM              0000DD-0000FF               23
                         0001D7-000DE9              100
        SFR              000DEF-000FFF              100
        SMALLCONST       005D48-01FFFF              100

                                  Symbol Table

?___aodiv                       cstackCOMRAM 000001
?___aomod                       cstackCOMRAM 000001
?___awdiv                       cstackCOMRAM 000007
?___fladd                       cstackCOMRAM 000001
?___fldiv                       cstackCOMRAM 00000F
?___flmul                       cstackCOMRAM 000028
?___flneg                       cstackCOMRAM 000001
?___flsub                       cstackCOMRAM 000011
?___fltol                       cstackCOMRAM 00005B
?___wmul                        cstackCOMRAM 000001
?___xxtofl                      cstackCOMRAM 000001
?_abs                           cstackCOMRAM 000013
?_amb_light_measure             cstackBANK0  0000A8
?_color_read_Blue               cstackCOMRAM 000005
?_color_read_Clear              cstackCOMRAM 000005
?_color_read_Green              cstackCOMRAM 000005
?_color_read_Red                cstackCOMRAM 000005
?_dtoa                          cstackCOMRAM 00001C
?_lroundf                       cstackBANK0  0000A4
?_pad                           cstackCOMRAM 000011
?_roundf                        cstackCOMRAM 000041
?_sprintf                       cstackBANK0  00009E
?_strlen                        cstackCOMRAM 000001
?_vfpfcnvrt                     cstackCOMRAM 000040
?_vfprintf                      cstackCOMRAM 000050
I2C_2_Master_Read@ack           cstackCOMRAM 000003
I2C_2_Master_Read@tmp           cstackCOMRAM 000004
I2C_2_Master_Write@data_byte    cstackCOMRAM 000002
_ANSELDbits                     (abs)        000EA7
_ANSELFbits                     (abs)        000EB4
_BAUD4CONbits                   (abs)        000EE9
_HighISR                        intcode      000008
_I2C_2_Master_Idle              text57       005B76
_I2C_2_Master_Init              text27       005B4C
_I2C_2_Master_Read              text56       005984
_I2C_2_Master_RepStart          text55       005D3A
_I2C_2_Master_Start             text54       005D30
_I2C_2_Master_Stop              text53       005D26
_I2C_2_Master_Write             text52       005D0E
_INTCONbits                     (abs)        000FF2
_Interrupts_init                text73       005D1A
_LATAbits                       (abs)        000F79
_LATCbits                       (abs)        000F7B
_LATDbits                       (abs)        000F7C
_LATE                           (abs)        000F7D
_LATEbits                       (abs)        000F7D
_LATFbits                       (abs)        000F7E
_LATG                           (abs)        000F7F
_LATGbits                       (abs)        000F7F
_LATHbits                       (abs)        000F80
_LED_B                          text40       005C64
_LED_C                          text60       005C84
_LED_G                          text39       005C44
_LED_OFF                        text38       005C24
_LED_R                          text37       005C04
_PIE0bits                       (abs)        000E29
_PIR0bits                       (abs)        000E33
_PIR4bits                       (abs)        000E37
_PORTFbits                      (abs)        000F8E
_PWM6CONbits                    (abs)        000FA4
_PWM6DCH                        (abs)        000FA3
_PWM7CONbits                    (abs)        000FA1
_PWM7DCH                        (abs)        000FA0
_RC0PPS                         (abs)        000E62
_RC4REG                         (abs)        000EE3
_RC4STAbits                     (abs)        000EE7
_RC7PPS                         (abs)        000E69
_RD5PPS                         (abs)        000E6F
_RD6PPS                         (abs)        000E70
_RE2PPS                         (abs)        000E74
_RX4PPS                         (abs)        000E15
_SENSITIVITY                    dataBANK0    0000DB
_SP4BRGH                        (abs)        000EE6
_SP4BRGL                        (abs)        000EE5
_SSP2ADD                        (abs)        000ED6
_SSP2BUF                        (abs)        000ED5
_SSP2CLKPPS                     (abs)        000E1C
_SSP2CON1bits                   (abs)        000ED9
_SSP2CON2                       (abs)        000EDA
_SSP2CON2bits                   (abs)        000EDA
_SSP2DATPPS                     (abs)        000E1D
_SSP2STAT                       (abs)        000ED8
_T0CON0bits                     (abs)        000FD5
_T0CON1bits                     (abs)        000FD6
_T2CLKCONbits                   (abs)        000FBF
_T2CONbits                      (abs)        000FBD
_T2HLTbits                      (abs)        000FBE
_T2PR                           (abs)        000FBC
_TMR0H                          (abs)        000FD4
_TMR0L                          (abs)        000FD3
_TRISAbits                      (abs)        000F81
_TRISCbits                      (abs)        000F83
_TRISDbits                      (abs)        000F84
_TRISEbits                      (abs)        000F85
_TRISFbits                      (abs)        000F86
_TRISGbits                      (abs)        000F87
_TRISHbits                      (abs)        000F88
_TX4REG                         (abs)        000EE4
_TX4STAbits                     (abs)        000EE8
_Timer0_init                    text72       005CC2
__HRAM                          (abs)        000000
__Habs1                         abs1         000000
__Hbank0                        bank0        000000
__Hbank1                        bank1        000000
__Hbank10                       bank10       000000
__Hbank11                       bank11       000000
__Hbank12                       bank12       000000
__Hbank13                       bank13       000000
__Hbank2                        bank2        000000
__Hbank3                        bank3        000000
__Hbank4                        bank4        000000
__Hbank5                        bank5        000000
__Hbank6                        bank6        000000
__Hbank7                        bank7        000000
__Hbank8                        bank8        000000
__Hbank9                        bank9        000000
__Hbigbss                       bigbss       000000
__Hbigdata                      bigdata      000000
__Hbigram                       bigram       000000
__Hbigsfr                       bigsfr       000000
__Hbss                          bss          000000
__HbssBANK0                     bssBANK0     000000
__HbssBANK1                     bssBANK1     000000
__Hcinit                        cinit        000000
__Hclrtext                      clrtext      000000
__Hcomram                       comram       000000
__Hconfig                       config       30000C
__Hconst                        const        000000
__HcstackBANK0                  cstackBANK0  000000
__HcstackBANK1                  cstackBANK1  000000
__HcstackCOMRAM                 cstackCOMRAM 000000
__Hdata                         data         000000
__HdataBANK0                    dataBANK0    000000
__Heeprom_data                  eeprom_data  000000
__Hfarbss                       farbss       000000
__Hfardata                      fardata      000000
__Hheap                         heap         000000
__Hibigdata                     ibigdata     000000
__Hidata                        idata        000000
__HidataBANK0                   idataBANK0   000000
__Hidloc                        idloc        200010
__Hifardata                     ifardata     000000
__Hinit                         init         000034
__Hintcode                      intcode      000030
__Hintcode_body                 intcode_body 000000
__Hintcodelo                    intcodelo    000030
__Hintentry                     intentry     000000
__Hintret                       intret       000000
__Hintsave_regs                 intsave_regs 000000
__Hirdata                       irdata       000000
__Hmediumconst                  mediumconst  000000
__HnvFARRAM                     nvFARRAM     000000
__Hnvbit                        nvbit        000000
__Hnvrram                       nvrram       000000
__Hparam                        rparam       000000
__Hpowerup                      powerup      000030
__Hram                          ram          000000
__Hramtop                       ramtop       000E00
__Hrbit                         rbit         000000
__Hrbss                         rbss         000000
__Hrdata                        rdata        000000
__Hreset_vec                    reset_vec    000004
__Hrparam                       rparam       000000
__Hsfr                          sfr          000000
__Hsmallconst                   smallconst   000E14
__Hspace_0                      (abs)        005D48
__Hspace_1                      (abs)        0001D7
__Hspace_2                      (abs)        000000
__Hspace_4                      (abs)        60000C
__Hstack                        stack        000000
__Hstruct                       struct       000000
__Htemp                         temp         000060
__Htext                         text         000000
__Htext0                        text0        000000
__Htext1                        text1        000000
__Htext10                       text10       000000
__Htext11                       text11       000000
__Htext12                       text12       000000
__Htext13                       text13       000000
__Htext14                       text14       000000
__Htext15                       text15       000000
__Htext16                       text16       000000
__Htext17                       text17       000000
__Htext18                       text18       000000
__Htext19                       text19       000000
__Htext2                        text2        000000
__Htext20                       text20       000000
__Htext21                       text21       000000
__Htext22                       text22       000000
__Htext23                       text23       000000
__Htext24                       text24       000000
__Htext25                       text25       000000
__Htext26                       text26       000000
__Htext27                       text27       000000
__Htext28                       text28       000000
__Htext29                       text29       000000
__Htext3                        text3        000000
__Htext30                       text30       000000
__Htext31                       text31       000000
__Htext32                       text32       000000
__Htext33                       text33       000000
__Htext34                       text34       000000
__Htext35                       text35       000000
__Htext36                       text36       000000
__Htext37                       text37       000000
__Htext38                       text38       000000
__Htext39                       text39       000000
__Htext4                        text4        000000
__Htext40                       text40       000000
__Htext41                       text41       000000
__Htext42                       text42       000000
__Htext43                       text43       000000
__Htext44                       text44       000000
__Htext45                       text45       000000
__Htext46                       text46       000000
__Htext47                       text47       000000
__Htext48                       text48       000000
__Htext49                       text49       000000
__Htext5                        text5        000000
__Htext50                       text50       000000
__Htext51                       text51       000000
__Htext52                       text52       000000
__Htext53                       text53       000000
__Htext54                       text54       000000
__Htext55                       text55       000000
__Htext56                       text56       000000
__Htext57                       text57       000000
__Htext58                       text58       000000
__Htext59                       text59       000000
__Htext6                        text6        000000
__Htext60                       text60       000000
__Htext61                       text61       000000
__Htext62                       text62       000000
__Htext63                       text63       000000
__Htext64                       text64       000000
__Htext65                       text65       000000
__Htext66                       text66       000000
__Htext67                       text67       000000
__Htext68                       text68       000000
__Htext69                       text69       000000
__Htext7                        text7        000000
__Htext70                       text70       000000
__Htext71                       text71       000000
__Htext72                       text72       000000
__Htext73                       text73       000000
__Htext8                        text8        000000
__Htext9                        text9        000000
__LRAM                          (abs)        000001
__Labs1                         abs1         000000
__Lbank0                        bank0        000000
__Lbank1                        bank1        000000
__Lbank10                       bank10       000000
__Lbank11                       bank11       000000
__Lbank12                       bank12       000000
__Lbank13                       bank13       000000
__Lbank2                        bank2        000000
__Lbank3                        bank3        000000
__Lbank4                        bank4        000000
__Lbank5                        bank5        000000
__Lbank6                        bank6        000000
__Lbank7                        bank7        000000
__Lbank8                        bank8        000000
__Lbank9                        bank9        000000
__Lbigbss                       bigbss       000000
__Lbigdata                      bigdata      000000
__Lbigram                       bigram       000000
__Lbigsfr                       bigsfr       000000
__Lbss                          bss          000000
__LbssBANK0                     bssBANK0     000000
__LbssBANK1                     bssBANK1     000000
__Lcinit                        cinit        000000
__Lclrtext                      clrtext      000000
__Lcomram                       comram       000000
__Lconfig                       config       000000
__Lconst                        const        000000
__LcstackBANK0                  cstackBANK0  000000
__LcstackBANK1                  cstackBANK1  000000
__LcstackCOMRAM                 cstackCOMRAM 000000
__Ldata                         data         000000
__LdataBANK0                    dataBANK0    000000
__Leeprom_data                  eeprom_data  000000
__Lfarbss                       farbss       000000
__Lfardata                      fardata      000000
__Lheap                         heap         000000
__Libigdata                     ibigdata     000000
__Lidata                        idata        000000
__LidataBANK0                   idataBANK0   000000
__Lidloc                        idloc        000000
__Lifardata                     ifardata     000000
__Linit                         init         000030
__Lintcode                      intcode      000008
__Lintcode_body                 intcode_body 000000
__Lintcodelo                    intcodelo    000030
__Lintentry                     intentry     000000
__Lintret                       intret       000000
__Lintsave_regs                 intsave_regs 000000
__Lirdata                       irdata       000000
__Lmediumconst                  mediumconst  000000
__LnvFARRAM                     nvFARRAM     000000
__Lnvbit                        nvbit        000000
__Lnvrram                       nvrram       000000
__Lparam                        rparam       000000
__Lpowerup                      powerup      000030
__Lram                          ram          000000
__Lramtop                       ramtop       000E00
__Lrbit                         rbit         000000
__Lrbss                         rbss         000000
__Lrdata                        rdata        000000
__Lreset_vec                    reset_vec    000000
__Lrparam                       rparam       000000
__Lsfr                          sfr          000000
__Lsmallconst                   smallconst   000E00
__Lspace_0                      (abs)        000000
__Lspace_1                      (abs)        000000
__Lspace_2                      (abs)        000000
__Lspace_4                      (abs)        000000
__Lstack                        stack        000000
__Lstruct                       struct       000000
__Ltemp                         temp         00005F
__Ltext                         text         000000
__Ltext0                        text0        000000
__Ltext1                        text1        000000
__Ltext10                       text10       000000
__Ltext11                       text11       000000
__Ltext12                       text12       000000
__Ltext13                       text13       000000
__Ltext14                       text14       000000
__Ltext15                       text15       000000
__Ltext16                       text16       000000
__Ltext17                       text17       000000
__Ltext18                       text18       000000
__Ltext19                       text19       000000
__Ltext2                        text2        000000
__Ltext20                       text20       000000
__Ltext21                       text21       000000
__Ltext22                       text22       000000
__Ltext23                       text23       000000
__Ltext24                       text24       000000
__Ltext25                       text25       000000
__Ltext26                       text26       000000
__Ltext27                       text27       000000
__Ltext28                       text28       000000
__Ltext29                       text29       000000
__Ltext3                        text3        000000
__Ltext30                       text30       000000
__Ltext31                       text31       000000
__Ltext32                       text32       000000
__Ltext33                       text33       000000
__Ltext34                       text34       000000
__Ltext35                       text35       000000
__Ltext36                       text36       000000
__Ltext37                       text37       000000
__Ltext38                       text38       000000
__Ltext39                       text39       000000
__Ltext4                        text4        000000
__Ltext40                       text40       000000
__Ltext41                       text41       000000
__Ltext42                       text42       000000
__Ltext43                       text43       000000
__Ltext44                       text44       000000
__Ltext45                       text45       000000
__Ltext46                       text46       000000
__Ltext47                       text47       000000
__Ltext48                       text48       000000
__Ltext49                       text49       000000
__Ltext5                        text5        000000
__Ltext50                       text50       000000
__Ltext51                       text51       000000
__Ltext52                       text52       000000
__Ltext53                       text53       000000
__Ltext54                       text54       000000
__Ltext55                       text55       000000
__Ltext56                       text56       000000
__Ltext57                       text57       000000
__Ltext58                       text58       000000
__Ltext59                       text59       000000
__Ltext6                        text6        000000
__Ltext60                       text60       000000
__Ltext61                       text61       000000
__Ltext62                       text62       000000
__Ltext63                       text63       000000
__Ltext64                       text64       000000
__Ltext65                       text65       000000
__Ltext66                       text66       000000
__Ltext67                       text67       000000
__Ltext68                       text68       000000
__Ltext69                       text69       000000
__Ltext7                        text7        000000
__Ltext70                       text70       000000
__Ltext71                       text71       000000
__Ltext72                       text72       000000
__Ltext73                       text73       000000
__Ltext8                        text8        000000
__Ltext9                        text9        000000
__S0                            (abs)        005D48
__S1                            (abs)        0001D7
__S4                            (abs)        000000
__S5                            (abs)        000000
___aodiv                        text16       00476E
___aodiv@counter                cstackCOMRAM 000011
___aodiv@dividend               cstackCOMRAM 000001
___aodiv@divisor                cstackCOMRAM 000009
___aodiv@quotient               cstackCOMRAM 000013
___aodiv@sign                   cstackCOMRAM 000012
___aomod                        text15       0048F6
___aomod@counter                cstackCOMRAM 000011
___aomod@dividend               cstackCOMRAM 000001
___aomod@divisor                cstackCOMRAM 000009
___aomod@sign                   cstackCOMRAM 000012
___awdiv                        text71       005268
___awdiv@counter                cstackCOMRAM 00000B
___awdiv@dividend               cstackCOMRAM 000007
___awdiv@divisor                cstackCOMRAM 000009
___awdiv@quotient               cstackCOMRAM 00000D
___awdiv@sign                   cstackCOMRAM 00000C
___fladd                        text46       001A18
___fladd@a                      cstackCOMRAM 000005
___fladd@aexp                   cstackCOMRAM 00000E
___fladd@b                      cstackCOMRAM 000001
___fladd@bexp                   cstackCOMRAM 00000F
___fladd@grs                    cstackCOMRAM 000010
___fladd@signs                  cstackCOMRAM 00000D
___fldiv                        text59       0026B0
___fldiv@a                      cstackCOMRAM 000013
___fldiv@aexp                   cstackCOMRAM 000027
___fldiv@b                      cstackCOMRAM 00000F
___fldiv@bexp                   cstackCOMRAM 000026
___fldiv@grs                    cstackCOMRAM 000022
___fldiv@new_exp                cstackCOMRAM 000020
___fldiv@rem                    cstackCOMRAM 00001B
___fldiv@sign                   cstackCOMRAM 00001F
___flge                         text49       004C8A
___flge@ff1                     cstackCOMRAM 000001
___flge@ff2                     cstackCOMRAM 000005
___flmul                        text48       001ED8
___flmul@a                      cstackCOMRAM 00002C
___flmul@aexp                   cstackCOMRAM 000039
___flmul@b                      cstackCOMRAM 000028
___flmul@bexp                   cstackCOMRAM 00003A
___flmul@grs                    cstackCOMRAM 000035
___flmul@prod                   cstackCOMRAM 00003B
___flmul@sign                   cstackCOMRAM 000034
___flmul@temp                   cstackCOMRAM 00003F
___flneg                        text47       005A7A
___flneg@f1                     cstackCOMRAM 000001
___flsub                        text45       0057F2
___flsub@a                      cstackCOMRAM 000015
___flsub@b                      cstackCOMRAM 000011
___fltol                        text50       004B82
___fltol@exp1                   cstackBANK0  0000A3
___fltol@f1                     cstackCOMRAM 00005B
___fltol@sign1                  cstackBANK0  0000A2
___heap_hi                      (abs)        000000
___heap_lo                      (abs)        000000
___inthi_sp                     stack        000000
___intlo_sp                     stack        000000
___param_bank                   (abs)        000000
___rparam_used                  (abs)        000001
___sp                           stack        000000
___wmul                         text70       005B9E
___wmul@multiplicand            cstackCOMRAM 000003
___wmul@multiplier              cstackCOMRAM 000001
___wmul@product                 cstackCOMRAM 000005
___xxtofl                       text58       004282
___xxtofl@arg                   cstackCOMRAM 00000B
___xxtofl@exp                   cstackCOMRAM 00000A
___xxtofl@sign                  cstackCOMRAM 000009
___xxtofl@val                   cstackCOMRAM 000001
__accesstop                     (abs)        000060
__activetblptr                  (abs)        000001
__end_of_HighISR                intcode      000030
__end_of_I2C_2_Master_Idle      text57       005B9E
__end_of_I2C_2_Master_Init      text27       005B76
__end_of_I2C_2_Master_Read      text56       0059C6
__end_of_I2C_2_Master_RepStart  text55       005D44
__end_of_I2C_2_Master_Start     text54       005D3A
__end_of_I2C_2_Master_Stop      text53       005D30
__end_of_I2C_2_Master_Write     text52       005D1A
__end_of_Interrupts_init        text73       005D26
__end_of_LED_B                  text40       005C84
__end_of_LED_C                  text60       005CA4
__end_of_LED_G                  text39       005C64
__end_of_LED_OFF                text38       005C44
__end_of_LED_R                  text37       005C24
__end_of_Timer0_init            text72       005CE0
__end_of___aodiv                text16       0048F6
__end_of___aomod                text15       004A5A
__end_of___awdiv                text71       00532C
__end_of___fladd                text46       001ED8
__end_of___fldiv                text59       002A4A
__end_of___flge                 text49       004D8E
__end_of___flmul                text48       002302
__end_of___flneg                text47       005AB2
__end_of___flsub                text45       005838
__end_of___fltol                text50       004C8A
__end_of___wmul                 text70       005BC4
__end_of___xxtofl               text58       004436
__end_of__initialization        cinit        0058AC
__end_of_abs                    text14       005A06
__end_of_action                 text61       0033D8
__end_of_amb_light_measure      text42       004B82
__end_of_buggylight_init        text41       005D0E
__end_of_calibrate_white        text33       003B70
__end_of_calibration_motor      text28       004E7C
__end_of_color_click_init       text25       005B1C
__end_of_color_read_Blue        text36       0057A2
__end_of_color_read_Clear       text51       0057F2
__end_of_color_read_Green       text35       005752
__end_of_color_read_Red         text34       005702
__end_of_color_writetoaddr      text26       005C04
__end_of_compare                text4        005A40
__end_of_detect_color           text2        001A18
__end_of_distance_measure       text24       0051A4
__end_of_dtoa                   text8        0036BA
__end_of_fputc                  text12       005018
__end_of_fputs                  text11       00587C
__end_of_fullSpeedAhead         text68       005268
__end_of_fullSpeedAhead_test    text32       005984
__end_of_fullSpeedBack          text67       005524
__end_of_goback                 text63       002DA2
__end_of_initDCmotorsPWM        text23       005942
__end_of_initDCmotors_parameter text22       004F4E
__end_of_initUSART4             text21       005CC2
__end_of_lroundf                text43       005A7A
__end_of_main                   text0        0030D0
__end_of_pad                    text9        0050DE
__end_of_pin_init               text20       005BE4
__end_of_putch                  text13       005D48
__end_of_read_color             text3        005660
__end_of_roundf                 text44       0026B0
__end_of_sendCharSerial4        text19       005CF8
__end_of_sendStringSerial4      text18       005B4C
__end_of_setMotorPWM            text69       003D44
__end_of_short_burst            text17       005900
__end_of_short_reverse          text65       005490
__end_of_sprintf                text5        0056B2
__end_of_stop                   text66       0053EA
__end_of_strlen                 text10       005AE8
__end_of_test_action            text29       0040CE
__end_of_toggle_light           text62       003966
__end_of_toint                  smallconst   000E05
__end_of_turn45                 text64       003F14
__end_of_turnLeft               text31       0045D8
__end_of_turnRight              text30       00476E
__end_of_verify_color           text1        0055A0
__end_of_vfpfcnvrt              text7        004282
__end_of_vfprintf               text6        005602
__initialization                cinit        00587C
__mediumconst                   mediumconst  000000
__pbssBANK0                     bssBANK0     000060
__pbssBANK1                     bssBANK1     0001A7
__pcinit                        cinit        00587C
__pcstackBANK0                  cstackBANK0  00009E
__pcstackBANK1                  cstackBANK1  000100
__pcstackCOMRAM                 cstackCOMRAM 000001
__pdataBANK0                    dataBANK0    0000DB
__pidataBANK0                   idataBANK0   005D44
__pintcode                      intcode      000008
__psmallconst                   smallconst   000E00
__ptext0                        text0        002DA2
__ptext1                        text1        005524
__ptext10                       text10       005AB2
__ptext11                       text11       005838
__ptext12                       text12       004F4E
__ptext13                       text13       005D46
__ptext14                       text14       0059C6
__ptext15                       text15       0048F6
__ptext16                       text16       00476E
__ptext17                       text17       0058BE
__ptext18                       text18       005B1C
__ptext19                       text19       005CE0
__ptext2                        text2        000E14
__ptext20                       text20       005BC4
__ptext21                       text21       005CA4
__ptext22                       text22       004E7C
__ptext23                       text23       005900
__ptext24                       text24       0050DE
__ptext25                       text25       005AE8
__ptext26                       text26       005BE4
__ptext27                       text27       005B4C
__ptext28                       text28       004D8E
__ptext29                       text29       003F14
__ptext3                        text3        005602
__ptext30                       text30       0045D8
__ptext31                       text31       004436
__ptext32                       text32       005942
__ptext33                       text33       003966
__ptext34                       text34       0056B2
__ptext35                       text35       005702
__ptext36                       text36       005752
__ptext37                       text37       005C04
__ptext38                       text38       005C24
__ptext39                       text39       005C44
__ptext4                        text4        005A06
__ptext40                       text40       005C64
__ptext41                       text41       005CF8
__ptext42                       text42       004A5A
__ptext43                       text43       005A40
__ptext44                       text44       002302
__ptext45                       text45       0057F2
__ptext46                       text46       001A18
__ptext47                       text47       005A7A
__ptext48                       text48       001ED8
__ptext49                       text49       004C8A
__ptext5                        text5        005660
__ptext50                       text50       004B82
__ptext51                       text51       0057A2
__ptext52                       text52       005D0E
__ptext53                       text53       005D26
__ptext54                       text54       005D30
__ptext55                       text55       005D3A
__ptext56                       text56       005984
__ptext57                       text57       005B76
__ptext58                       text58       004282
__ptext59                       text59       0026B0
__ptext6                        text6        0055A0
__ptext60                       text60       005C84
__ptext61                       text61       0030D0
__ptext62                       text62       0036BA
__ptext63                       text63       002A4A
__ptext64                       text64       003D44
__ptext65                       text65       0053EA
__ptext66                       text66       00532C
__ptext67                       text67       005490
__ptext68                       text68       0051A4
__ptext69                       text69       003B70
__ptext7                        text7        0040CE
__ptext70                       text70       005B9E
__ptext71                       text71       005268
__ptext72                       text72       005CC2
__ptext73                       text73       005D1A
__ptext8                        text8        0033D8
__ptext9                        text9        005018
__ramtop                        ramtop       000E00
__smallconst                    smallconst   000E00
_abs                            text14       0059C6
_action                         text61       0030D0
_amb_light_measure              text42       004A5A
_array_index                    bssBANK1     0001D6
_buggylight_init                text41       005CF8
_calibrate_white                text33       003966
_calibration_motor              text28       004D8E
_centisecond                    bssBANK1     0001D3
_color                          bssBANK1     0001D5
_color_click_init               text25       005AE8
_color_read_Blue                text36       005752
_color_read_Clear               text51       0057A2
_color_read_Green               text35       005702
_color_read_Red                 text34       0056B2
_color_writetoaddr              text26       005BE4
_compare                        text4        005A06
_dbuf                           bssBANK0     00007E
_detect_color                   text2        000E14
_detect_color$3231              cstackBANK0  0000CC
_distance_measure               text24       0050DE
_distance_measure$3232          cstackBANK0  0000B2
_dtoa                           text8        0033D8
_dtoa$2892                      cstackCOMRAM 00002E
_flags                          bssBANK0     00007C
_fputc                          text12       004F4E
_fputs                          text11       005838
_fullSpeedAhead                 text68       0051A4
_fullSpeedAhead_test            text32       005942
_fullSpeedBack                  text67       005490
_goback                         text63       002A4A
_initDCmotorsPWM                text23       005900
_initDCmotors_parameter         text22       004E7C
_initUSART4                     text21       005CA4
_lroundf                        text43       005A40
_main                           text0        002DA2
_memory                         bssBANK1     0001A7
_motorL                         bssBANK0     000069
_motorR                         bssBANK0     000060
_nout                           bssBANK0     000076
_pad                            text9        005018
_pin_init                       text20       005BC4
_prec                           bssBANK0     00007A
_putch                          text13       005D46
_read_color                     text3        005602
_roundf                         text44       002302
_roundf$3233                    cstackCOMRAM 00004F
_roundf$3234                    cstackCOMRAM 000049
_sendCharSerial4                text19       005CE0
_sendStringSerial4              text18       005B1C
_setMotorPWM                    text69       003B70
_short_burst                    text17       0058BE
_short_reverse                  text65       0053EA
_sprintf                        text5        005660
_start_move                     bssBANK1     0001D1
_stop                           text66       00532C
_stop_move                      bssBANK1     0001CF
_strlen                         text10       005AB2
_test_action                    text29       003F14
_toggle_light                   text62       0036BA
_turn45                         text64       003D44
_turnLeft                       text31       004436
_turnRight                      text30       0045D8
_verify_color                   text1        005524
_vfpfcnvrt                      text7        0040CE
_vfprintf                       text6        0055A0
_width                          bssBANK0     000078
abs@a                           cstackCOMRAM 000013
action@color                    cstackCOMRAM 00003C
action@mL                       cstackCOMRAM 000038
action@mR                       cstackCOMRAM 00003A
amb_light_measure@CC_amb_1      cstackBANK0  0000B0
amb_light_measure@CC_amb_2      cstackBANK0  0000B2
amb_light_measure@CC_amb_3      cstackBANK0  0000B4
amb_light_measure@CC_amb_ave    cstackBANK0  0000AE
amb_light_measure@amb           cstackBANK0  0000A8
amb_light_measure@upper_bound   cstackBANK0  0000AC
btemp                           temp         00005F
calibrate_white@w               cstackCOMRAM 00000C
calibration_motor@mL            cstackCOMRAM 000037
calibration_motor@mR            cstackCOMRAM 000039
color_read_Blue@tmp             cstackCOMRAM 00000A
color_read_Clear@tmp            cstackCOMRAM 00000A
color_read_Green@tmp            cstackCOMRAM 00000A
color_read_Red@tmp              cstackCOMRAM 00000A
color_writetoaddr@address       cstackCOMRAM 000004
color_writetoaddr@value         cstackCOMRAM 000003
compare@lower                   cstackBANK0  0000A8
compare@result                  cstackBANK0  0000AE
compare@upper                   cstackBANK0  0000AC
compare@value2compare           cstackBANK0  0000AA
detect_color@BB                 cstackBANK0  0000BD
detect_color@BC                 cstackBANK0  0000B9
detect_color@BG                 cstackBANK0  0000CA
detect_color@BR                 cstackBANK0  0000C3
detect_color@GB                 cstackBANK0  0000C1
detect_color@GG                 cstackBANK0  0000C5
detect_color@GR                 cstackBANK0  0000BB
detect_color@RB                 cstackBANK0  0000BF
detect_color@RG                 cstackBANK0  0000B7
detect_color@RR                 cstackBANK0  0000C8
detect_color@color              cstackBANK0  0000C7
detect_color@m                  cstackBANK0  0000AF
detect_color@w                  cstackBANK0  0000B1
distance_measure@CC_amb         cstackBANK0  0000B6
distance_measure@CG_amb         cstackBANK0  0000B0
distance_measure@amb_light      cstackBANK0  0000AC
distance_measure@mL             cstackBANK0  0000A8
distance_measure@mR             cstackBANK0  0000AA
distance_measure@stop           cstackBANK0  0000BA
distance_measure@threshold      cstackBANK0  0000B8
dtoa@d                          cstackCOMRAM 00001E
dtoa@fp                         cstackCOMRAM 00001C
dtoa@i                          cstackCOMRAM 00003E
dtoa@n                          cstackCOMRAM 000036
dtoa@p                          cstackCOMRAM 000030
dtoa@s                          cstackCOMRAM 000034
dtoa@w                          cstackCOMRAM 000032
end_of_initialization           cinit        0058AC
fputc@c                         cstackCOMRAM 000001
fputc@fp                        cstackCOMRAM 000003
fputs@c                         cstackCOMRAM 00000E
fputs@fp                        cstackCOMRAM 00000C
fputs@i                         cstackCOMRAM 00000F
fputs@s                         cstackCOMRAM 00000A
fullSpeedAhead@mL               cstackCOMRAM 00001A
fullSpeedAhead@mR               cstackCOMRAM 00001C
fullSpeedAhead_test@mL          cstackCOMRAM 000020
fullSpeedAhead_test@mR          cstackCOMRAM 000022
fullSpeedBack@mL                cstackCOMRAM 00001A
fullSpeedBack@mR                cstackCOMRAM 00001C
goback@i                        cstackCOMRAM 000036
goback@mL                       cstackCOMRAM 000030
goback@mR                       cstackCOMRAM 000032
initDCmotorsPWM@PWMperiod       cstackCOMRAM 000001
initDCmotors_parameter@motorL   cstackCOMRAM 000001
initDCmotors_parameter@motorR   cstackCOMRAM 000003
int$flags                       temp         00005F
intlevel0                       text         000000
intlevel1                       text         000000
intlevel2                       text         000000
intlevel3                       text         000000
isa$std                         (abs)        000001
isa$xinst                       (abs)        000000
lroundf@x                       cstackBANK0  0000A4
main@accident                   cstackBANK1  000170
main@amb                        cstackBANK1  000164
main@amb_light                  cstackBANK1  00016C
main@buf                        cstackBANK1  000100
main@motorL                     cstackBANK1  000195
main@motorR                     cstackBANK1  00019E
main@rgb                        cstackBANK1  000171
main@setup                      cstackBANK1  00016E
main@stop_signal                cstackBANK1  00016F
main@white                      cstackBANK1  000179
pad@buf                         cstackCOMRAM 000013
pad@fp                          cstackCOMRAM 000011
pad@i                           cstackCOMRAM 000018
pad@p                           cstackCOMRAM 000015
pad@w                           cstackCOMRAM 00001A
read_color@m                    cstackCOMRAM 00000C
roundf@F527                     bssBANK0     000072
roundf@e                        cstackCOMRAM 00004D
roundf@u                        cstackCOMRAM 000053
roundf@x                        cstackCOMRAM 000041
roundf@y                        cstackCOMRAM 000057
sendCharSerial4@charToSend      cstackCOMRAM 000001
sendStringSerial4@string        cstackCOMRAM 000002
setMotorPWM@PWMduty             cstackCOMRAM 000018
setMotorPWM@m                   cstackCOMRAM 00000F
short_burst@mL                  cstackCOMRAM 000020
short_burst@mR                  cstackCOMRAM 000022
short_reverse@instruction       cstackCOMRAM 000024
short_reverse@mL                cstackCOMRAM 000020
short_reverse@mR                cstackCOMRAM 000022
sprintf@ap                      cstackBANK0  0000AA
sprintf@f                       cstackBANK0  0000AC
sprintf@fmt                     cstackBANK0  0000A0
sprintf@s                       cstackBANK0  00009E
stackhi                         (abs)        000000
stacklo                         (abs)        000000
start                           init         000030
start_initialization            cinit        00587C
stop@mL                         cstackCOMRAM 00001A
stop@mR                         cstackCOMRAM 00001C
strlen@a                        cstackCOMRAM 000003
strlen@s                        cstackCOMRAM 000001
test_action@mL                  cstackCOMRAM 000033
test_action@mR                  cstackCOMRAM 000035
toggle_light@i                  cstackCOMRAM 000004
toggle_light@lightnumber        cstackCOMRAM 000005
toggle_light@toggletime         cstackCOMRAM 000001
ttemp5                          temp         000060
ttemp6                          temp         000063
ttemp7                          temp         000067
turn45@delay                    cstackCOMRAM 000029
turn45@delay_1306               cstackCOMRAM 000027
turn45@direction                cstackCOMRAM 000025
turn45@i                        cstackCOMRAM 00002F
turn45@i_1304                   cstackCOMRAM 00002B
turn45@i_1307                   cstackCOMRAM 00002D
turn45@mL                       cstackCOMRAM 000020
turn45@mR                       cstackCOMRAM 000022
turn45@turn_time                cstackCOMRAM 000024
turnLeft@angle_left             cstackCOMRAM 000024
turnLeft@delay                  cstackCOMRAM 000031
turnLeft@delay_135              cstackCOMRAM 000027
turnLeft@delay_180              cstackCOMRAM 000029
turnLeft@i                      cstackCOMRAM 00002B
turnLeft@i_1328                 cstackCOMRAM 00002D
turnLeft@i_1329                 cstackCOMRAM 00002F
turnLeft@mL                     cstackCOMRAM 000020
turnLeft@mR                     cstackCOMRAM 000022
turnRight@angle_right           cstackCOMRAM 000024
turnRight@delay                 cstackCOMRAM 000030
turnRight@delay_135             cstackCOMRAM 000026
turnRight@delay_180             cstackCOMRAM 000028
turnRight@i                     cstackCOMRAM 00002A
turnRight@i_1350                cstackCOMRAM 00002C
turnRight@i_1351                cstackCOMRAM 00002E
turnRight@mL                    cstackCOMRAM 000020
turnRight@mR                    cstackCOMRAM 000022
verify_color@color              cstackBANK0  0000D8
verify_color@color2             cstackBANK0  0000D6
verify_color@m                  cstackBANK0  0000D0
verify_color@w                  cstackBANK0  0000D2
vfpfcnvrt@ap                    cstackCOMRAM 000044
vfpfcnvrt@fmt                   cstackCOMRAM 000042
vfpfcnvrt@fp                    cstackCOMRAM 000040
vfpfcnvrt@ll                    cstackCOMRAM 000048
vfprintf@ap                     cstackCOMRAM 000054
vfprintf@cfmt                   cstackCOMRAM 000056
vfprintf@fmt                    cstackCOMRAM 000052
vfprintf@fp                     cstackCOMRAM 000050
wtemp8                          temp         000060


MODULE INFORMATION

Module		Function		Class		Link	Load	Size
C:\Program Files\Microchip\xc8\v2.35\pic\sources\c99\common\putch.c
		_putch         		CODE           	5D46	0000	2

C:\Program Files\Microchip\xc8\v2.35\pic\sources\c99\common\putch.c estimated size: 2

serial.c
		_sendStringSerial4		CODE           	5B1C	0000	48
		_sendCharSerial4		CODE           	5CE0	0000	24
		_initUSART4    		CODE           	5CA4	0000	30

serial.c estimated size: 102

timers.c
		_Timer0_init   		CODE           	5CC2	0000	30

timers.c estimated size: 30

color.c
		_read_color    		CODE           	5602	0000	94
		_verify_color  		CODE           	5524	0000	124
		_distance_measure		CODE           	50DE	0000	198
		_color_writetoaddr		CODE           	5BE4	0000	32
		_compare       		CODE           	5A06	0000	58
		_calibrate_white		CODE           	3966	0000	522
		_LED_OFF       		CODE           	5C24	0000	32
		_color_click_init		CODE           	5AE8	0000	52
		_detect_color  		CODE           	0E14	0000	3076
		_color_read_Green		CODE           	5702	0000	80
		_color_read_Clear		CODE           	57A2	0000	80
		_LED_R         		CODE           	5C04	0000	32
		_LED_G         		CODE           	5C44	0000	32
		_color_read_Red		CODE           	56B2	0000	80
		_amb_light_measure		CODE           	4A5A	0000	296
		_buggylight_init		CODE           	5CF8	0000	22
		_toggle_light  		CODE           	36BA	0000	684
		_LED_B         		CODE           	5C64	0000	32
		_color_read_Blue		CODE           	5752	0000	80
		_LED_C         		CODE           	5C84	0000	32

color.c estimated size: 5638

C:\Program Files\Microchip\xc8\v2.35\pic\sources\c99\common\aodiv.c
		___aodiv       		CODE           	476E	0000	392

C:\Program Files\Microchip\xc8\v2.35\pic\sources\c99\common\aodiv.c estimated size: 392

dc_motor.c
		_fullSpeedBack 		CODE           	5490	0000	148
		_fullSpeedAhead		CODE           	51A4	0000	196
		_turnLeft      		CODE           	4436	0000	418
		_stop          		CODE           	532C	0000	190
		_initDCmotorsPWM		CODE           	5900	0000	66
		_initDCmotors_parameter		CODE           	4E7C	0000	210
		_turnRight     		CODE           	45D8	0000	406
		_short_reverse 		CODE           	53EA	0000	166
		_turn45        		CODE           	3D44	0000	464
		_setMotorPWM   		CODE           	3B70	0000	468
		_fullSpeedAhead_test		CODE           	5942	0000	66

dc_motor.c estimated size: 2798

C:\Program Files\Microchip\xc8\v2.35\pic\sources\c99\common\sprcmul.c
		___flmul       		CODE           	1ED8	0000	1066

C:\Program Files\Microchip\xc8\v2.35\pic\sources\c99\common\sprcmul.c estimated size: 1066

interrupts.c
		_Interrupts_init		CODE           	5D1A	0000	12
		_HighISR       		CODE           	0008	0000	40

interrupts.c estimated size: 52

C:\Program Files\Microchip\xc8\v2.35\pic\sources\c99\common\nf_sprintf.c
		_sprintf       		CODE           	5660	0000	82

C:\Program Files\Microchip\xc8\v2.35\pic\sources\c99\common\nf_sprintf.c estimated size: 82

C:\Program Files\Microchip\xc8\v2.35\pic\sources\c99\common\sprcdiv.c
		___fldiv       		CODE           	26B0	0000	922

C:\Program Files\Microchip\xc8\v2.35\pic\sources\c99\common\sprcdiv.c estimated size: 922

i2c.c
		_I2C_2_Master_Start		CODE           	5D30	0000	10
		_I2C_2_Master_Read		CODE           	5984	0000	66
		_I2C_2_Master_Idle		CODE           	5B76	0000	40
		_I2C_2_Master_Init		CODE           	5B4C	0000	42
		_I2C_2_Master_Stop		CODE           	5D26	0000	10
		_I2C_2_Master_RepStart		CODE           	5D3A	0000	10
		_I2C_2_Master_Write		CODE           	5D0E	0000	12

i2c.c estimated size: 190

C:\Program Files\Microchip\xc8\v2.35\pic\sources\c99\common\nf_fputc.c
		_fputc         		CODE           	4F4E	0000	202

C:\Program Files\Microchip\xc8\v2.35\pic\sources\c99\common\nf_fputc.c estimated size: 202

C:\Program Files\Microchip\xc8\v2.35\pic\sources\c99\common\Umul16.c
		___wmul        		CODE           	5B9E	0000	38

C:\Program Files\Microchip\xc8\v2.35\pic\sources\c99\common\Umul16.c estimated size: 38

C:\Program Files\Microchip\xc8\v2.35\pic\sources\c99\common\awdiv.c
		___awdiv       		CODE           	5268	0000	196

C:\Program Files\Microchip\xc8\v2.35\pic\sources\c99\common\awdiv.c estimated size: 196

C:\Program Files\Microchip\xc8\v2.35\pic\sources\c99\common\fltol.c
		___fltol       		CODE           	4B82	0000	264

C:\Program Files\Microchip\xc8\v2.35\pic\sources\c99\common\fltol.c estimated size: 264

C:\Program Files\Microchip\xc8\v2.35\pic\sources\c99\common\abs.c
		_abs           		CODE           	59C6	0000	64

C:\Program Files\Microchip\xc8\v2.35\pic\sources\c99\common\abs.c estimated size: 64

C:\Program Files\Microchip\xc8\v2.35\pic\sources\c99\common\roundf.c
		_roundf        		CODE           	2302	0000	942

C:\Program Files\Microchip\xc8\v2.35\pic\sources\c99\common\roundf.c estimated size: 942

C:\Program Files\Microchip\xc8\v2.35\pic\sources\c99\common\flge.c
		___flge        		CODE           	4C8A	0000	260

C:\Program Files\Microchip\xc8\v2.35\pic\sources\c99\common\flge.c estimated size: 260

C:\Program Files\Microchip\xc8\v2.35\pic\sources\c99\common\sprcadd.c
		___flsub       		CODE           	57F2	0000	70
		___fladd       		CODE           	1A18	0000	1216

C:\Program Files\Microchip\xc8\v2.35\pic\sources\c99\common\sprcadd.c estimated size: 1286

shared
		__initialization		CODE           	587C	0000	48
		_toint         		SMALLCONST     	0000	0000	0

shared estimated size: 48

C:\Program Files\Microchip\xc8\v2.35\pic\sources\c99\common\flneg.c
		___flneg       		CODE           	5A7A	0000	56

C:\Program Files\Microchip\xc8\v2.35\pic\sources\c99\common\flneg.c estimated size: 56

C:\Program Files\Microchip\xc8\v2.35\pic\sources\c99\common\xxtofl.c
		___xxtofl      		CODE           	4282	0000	436

C:\Program Files\Microchip\xc8\v2.35\pic\sources\c99\common\xxtofl.c estimated size: 436

test_and_calibration.c
		_calibration_motor		CODE           	4D8E	0000	238
		_test_action   		CODE           	3F14	0000	442

test_and_calibration.c estimated size: 680

C:\Program Files\Microchip\xc8\v2.35\pic\sources\c99\common\strlen.c
		_strlen        		CODE           	5AB2	0000	54

C:\Program Files\Microchip\xc8\v2.35\pic\sources\c99\common\strlen.c estimated size: 54

C:\Program Files\Microchip\xc8\v2.35\pic\sources\c99\common\lroundf.c
		_lroundf       		CODE           	5A40	0000	58

C:\Program Files\Microchip\xc8\v2.35\pic\sources\c99\common\lroundf.c estimated size: 58

C:\Program Files\Microchip\xc8\v2.35\pic\sources\c99\common\aomod.c
		___aomod       		CODE           	48F6	0000	356

C:\Program Files\Microchip\xc8\v2.35\pic\sources\c99\common\aomod.c estimated size: 356

C:\Program Files\Microchip\xc8\v2.35\pic\sources\c99\common\nf_fputs.c
		_fputs         		CODE           	5838	0000	68

C:\Program Files\Microchip\xc8\v2.35\pic\sources\c99\common\nf_fputs.c estimated size: 68

main.c
		_main          		CODE           	2DA2	0000	814

main.c estimated size: 814

movement.c
		_action        		CODE           	30D0	0000	776
		_short_burst   		CODE           	58BE	0000	66
		_pin_init      		CODE           	5BC4	0000	32
		_goback        		CODE           	2A4A	0000	856

movement.c estimated size: 1730

C:\Program Files\Microchip\xc8\v2.35\pic\sources\c99\common\doprnt.c
		_vfpfcnvrt     		CODE           	40CE	0000	436
		_pad           		CODE           	5018	0000	198
		_dtoa          		CODE           	33D8	0000	738
		_vfprintf      		CODE           	55A0	0000	98

C:\Program Files\Microchip\xc8\v2.35\pic\sources\c99\common\doprnt.c estimated size: 1470

