Microchip MPLAB XC8 Compiler V2.35

Linker command line:

-W-3 --edf=C:\Program Files\Microchip\xc8\v2.35\pic\dat\en_msgs.txt -cn \
  -h+dist/default/production\final-project-kangan-yuhai.X.production.sym \
  --cmf=dist/default/production\final-project-kangan-yuhai.X.production.cmf \
  -z -Q18F67K40 -oC:\Users\jinyu\AppData\Local\Temp\xcAsnm4.4 \
  --defsym=__MPLAB_BUILD=1 \
  -Mdist/default/production/final-project-kangan-yuhai.X.production.map \
  --md=C:\Users\jinyu\AppData\Local\Temp\xcAsnm4.dat -E1 -ver=XC8 Compiler \
  --acfsm=1493 -ACODE=00h-01FFFFh -ACONST=00h-01FFFFh \
  -ASMALLCONST=0E00h-0EFFhx498 -AMEDIUMCONST=0E00h-0FFFFh,010E00h-01FFFFh \
  -ACOMRAM=01h-05Fh -AABS1=00h-0DE9h -ABIGRAM=01h-0DE9h \
  -ARAM=060h-0FFh,0100h-01FFhx12,0D00h-0DE9h -ABANK0=060h-0FFh \
  -ABANK1=0100h-01FFh -ABANK2=0200h-02FFh -ABANK3=0300h-03FFh \
  -ABANK4=0400h-04FFh -ABANK5=0500h-05FFh -ABANK6=0600h-06FFh \
  -ABANK7=0700h-07FFh -ABANK8=0800h-08FFh -ABANK9=0900h-09FFh \
  -ABANK10=0A00h-0AFFh -ABANK11=0B00h-0BFFh -ABANK12=0C00h-0CFFh \
  -ABANK13=0D00h-0DE9h \
  -ASFR=0DEFh-0DFFh,0E00h-0EFFh,0F00h-0F5Fh,0F60h-0FFFh \
  -ABIGSFR=0DEFh-0FFFh -ACONFIG=0300000h-030000Bh -AIDLOC=0200000h-020000Fh \
  -AEEDATA=0310000h-03103FFh -peeprom_data=EEDATA \
  -preset_vec=00h,intcode=08h,intcodelo,powerup,init -pramtop=0E00h \
  -psmallconst=SMALLCONST -pmediumconst=MEDIUMCONST -pconst=CONST \
  -AFARRAM=00h-00h \
  -prdata=COMRAM,nvrram=COMRAM,nvbit=COMRAM,rbss=COMRAM,rbit=COMRAM \
  -pfarbss=FARRAM,fardata=FARRAM,nvFARRAM=FARRAM \
  -pintsave_regs=BIGRAM,bigbss=BIGRAM,bigdata=BIGRAM -pbss=RAM \
  -pidata=CODE,irdata=CODE,ibigdata=CODE,ifardata=CODE -prparam=COMRAM \
  C:\Users\jinyu\AppData\Local\Temp\xcAsnm4.o \
  dist/default/production\final-project-kangan-yuhai.X.production.o 

Object code version is 3.11

Machine type is 18F67K40



                Name                               Link     Load   Length Selector   Space Scale
C:\Users\jinyu\AppData\Local\Temp\xcAsnm4.o
                idloc                            200000   200000       10        0       5
                config                           300000   300000        C        0       4
                init                                 28       28        4        4       0
                reset_vec                             0        0        4        0       0
dist/default/production\final-project-kangan-yuhai.X.production.o
                intcode                               8        8       20        4       0
                idloc                            200000   200000       10        0       5
                config                           300000   300000        C        0       4
                temp                                 5F       5F        1        1       1
                smallconst                          E00      E00       14      700       0
                text75                             5C38     5C38        C      70A       0
                text74                             5BE0     5BE0       1E      70A       0
                text73                             5BFE     5BFE       18      70A       0
                text72                             5A0C     5A0C       30      70A       0
                text71                             46B4     46B4      188      70A       0
                text70                             483C     483C      164      70A       0
                text69                             58B6     58B6       40      70A       0
                text68                             5C66     5C66        2     2E33       0
                text67                             4DA6     4DA6       CA      70A       0
                text66                             572A     572A       44      70A       0
                text65                             59A2     59A2       36      70A       0
                text64                             4F36     4F36       C6      70A       0
                text63                             2EFE     2EFE      2E2      70A       0
                text62                             405A     405A      1B4      70A       0
                text61                             544A     544A       62      70A       0
                text60                             550A     550A       52      70A       0
                text59                             5A3C     5A3C       2E      70A       0
                text58                             4FFC     4FFC       C4      70A       0
                text57                             5ABC     5ABC       26      70A       0
                text56                             3962     3962      1D4      70A       0
                text55                             523C     523C       94      70A       0
                text54                             5180     5180       BC      70A       0
                text53                             50C0     50C0       C0      70A       0
                text52                             5876     5876       40      70A       0
                text51                             439C     439C      18E      70A       0
                text50                             420E     420E      18E      70A       0
                text49                             2C02     2C02      2FC      70A       0
                text48                             5834     5834       42      70A       0
                text47                             34AC     34AC      2AC      70A       0
                text46                             31E0     31E0      2CC      70A       0
                text45                             5C16     5C16       16      70A       0
                text44                             5A6A     5A6A       2A      70A       0
                text43                             5A94     5A94       28      70A       0
                text42                             5C58     5C58        A      70A       0
                text41                             5C4E     5C4E        A      70A       0
                text40                             5C2C     5C2C        C      70A       0
                text39                             5BA2     5BA2       20      70A       0
                text38                             59D8     59D8       34      70A       0
                text37                             57F2     57F2       42      70A       0
                text36                             4CD4     4CD4       D2      70A       0
                text35                             5BC2     5BC2       1E      70A       0
                text34                             5B82     5B82       20      70A       0
                text33                             57B0     57B0       42      70A       0
                text32                             3B36     3B36      1BA      70A       0
                text31                             5B62     5B62       20      70A       0
                text30                             2868     2868      39A      70A       0
                text29                             3EA6     3EA6      1B4      70A       0
                text28                             576E     576E       42      70A       0
                text27                             5C44     5C44        A      70A       0
                text26                             564C     564C       50      70A       0
                text25                             4AC8     4AC8      108      70A       0
                text24                             4BD0     4BD0      104      70A       0
                text23                             2090     2090      42A      70A       0
                text22                             596A     596A       38      70A       0
                text21                             1BD0     1BD0      4C0      70A       0
                text20                             56E4     56E4       46      70A       0
                text19                             24BA     24BA      3AE      70A       0
                text18                             5930     5930       3A      70A       0
                text17                             49A0     49A0      128      70A       0
                text16                             5B42     5B42       20      70A       0
                text15                             5B22     5B22       20      70A       0
                text14                             5B02     5B02       20      70A       0
                text13                             5AE2     5AE2       20      70A       0
                text12                             55FC     55FC       50      70A       0
                text11                             55AC     55AC       50      70A       0
                text10                             555C     555C       50      70A       0
                text9                              3758     3758      20A      70A       0
                text8                              53DA     53DA       70      70A       0
                text7                              54AC     54AC       5E      70A       0
                text6                              3CF0     3CF0      1B6      70A       0
                text5                              58F6     58F6       3A      70A       0
                text4                               E14      E14      DBC      70A       0
                text3                              4E70     4E70       C6      70A       0
                text2                              452A     452A      18A      70A       0
                text1                              52D0     52D0       8A      70A       0
                text0                              535A     535A       80      70A       0
                cstackCOMRAM                          1        1       5E        1       1
                cstackBANK0                          60       60       A0       60       1
                cstackBANK1                         188      188       46      100       1
                bssBANK2                            200      200       3C      200       1
                dataBANK1                           1CE      1CE        3      100       1
                bssBANK1                            100      100       88      100       1
                cinit                              569C     569C       48      70A       0
                idataBANK1                         5C62     5C62        3      70A       0

TOTAL           Name                               Link     Load   Length     Space
        CLASS   CODE           
                intcode                               8        8       20         0
                init                                 28       28        4         0
                reset_vec                             0        0        4         0
                text75                             5C38     5C38        C         0
                text74                             5BE0     5BE0       1E         0
                text73                             5BFE     5BFE       18         0
                text72                             5A0C     5A0C       30         0
                text71                             46B4     46B4      188         0
                text70                             483C     483C      164         0
                text69                             58B6     58B6       40         0
                text68                             5C66     5C66        2         0
                text67                             4DA6     4DA6       CA         0
                text66                             572A     572A       44         0
                text65                             59A2     59A2       36         0
                text64                             4F36     4F36       C6         0
                text63                             2EFE     2EFE      2E2         0
                text62                             405A     405A      1B4         0
                text61                             544A     544A       62         0
                text60                             550A     550A       52         0
                text59                             5A3C     5A3C       2E         0
                text58                             4FFC     4FFC       C4         0
                text57                             5ABC     5ABC       26         0
                text56                             3962     3962      1D4         0
                text55                             523C     523C       94         0
                text54                             5180     5180       BC         0
                text53                             50C0     50C0       C0         0
                text52                             5876     5876       40         0
                text51                             439C     439C      18E         0
                text50                             420E     420E      18E         0
                text49                             2C02     2C02      2FC         0
                text48                             5834     5834       42         0
                text47                             34AC     34AC      2AC         0
                text46                             31E0     31E0      2CC         0
                text45                             5C16     5C16       16         0
                text44                             5A6A     5A6A       2A         0
                text43                             5A94     5A94       28         0
                text42                             5C58     5C58        A         0
                text41                             5C4E     5C4E        A         0
                text40                             5C2C     5C2C        C         0
                text39                             5BA2     5BA2       20         0
                text38                             59D8     59D8       34         0
                text37                             57F2     57F2       42         0
                text36                             4CD4     4CD4       D2         0
                text35                             5BC2     5BC2       1E         0
                text34                             5B82     5B82       20         0
                text33                             57B0     57B0       42         0
                text32                             3B36     3B36      1BA         0
                text31                             5B62     5B62       20         0
                text30                             2868     2868      39A         0
                text29                             3EA6     3EA6      1B4         0
                text28                             576E     576E       42         0
                text27                             5C44     5C44        A         0
                text26                             564C     564C       50         0
                text25                             4AC8     4AC8      108         0
                text24                             4BD0     4BD0      104         0
                text23                             2090     2090      42A         0
                text22                             596A     596A       38         0
                text21                             1BD0     1BD0      4C0         0
                text20                             56E4     56E4       46         0
                text19                             24BA     24BA      3AE         0
                text18                             5930     5930       3A         0
                text17                             49A0     49A0      128         0
                text16                             5B42     5B42       20         0
                text15                             5B22     5B22       20         0
                text14                             5B02     5B02       20         0
                text13                             5AE2     5AE2       20         0
                text12                             55FC     55FC       50         0
                text11                             55AC     55AC       50         0
                text10                             555C     555C       50         0
                text9                              3758     3758      20A         0
                text8                              53DA     53DA       70         0
                text7                              54AC     54AC       5E         0
                text6                              3CF0     3CF0      1B6         0
                text5                              58F6     58F6       3A         0
                text4                               E14      E14      DBC         0
                text3                              4E70     4E70       C6         0
                text2                              452A     452A      18A         0
                text1                              52D0     52D0       8A         0
                text0                              535A     535A       80         0
                cinit                              569C     569C       48         0
                idataBANK1                         5C62     5C62        3         0

        CLASS   CONST          

        CLASS   SMALLCONST     
                smallconst                          E00      E00       14         0

        CLASS   MEDIUMCONST    

        CLASS   COMRAM         
                temp                                 5F       5F        1         1
                cstackCOMRAM                          1        1       5E         1

        CLASS   ABS1           

        CLASS   BIGRAM         

        CLASS   RAM            

        CLASS   BANK0          
                cstackBANK0                          60       60       A0         1

        CLASS   BANK1          
                cstackBANK1                         188      188       46         1
                dataBANK1                           1CE      1CE        3         1
                bssBANK1                            100      100       88         1

        CLASS   BANK2          
                bssBANK2                            200      200       3C         1

        CLASS   BANK3          

        CLASS   BANK4          

        CLASS   BANK5          

        CLASS   BANK6          

        CLASS   BANK7          

        CLASS   BANK8          

        CLASS   BANK9          

        CLASS   BANK10         

        CLASS   BANK11         

        CLASS   BANK12         

        CLASS   BANK13         

        CLASS   SFR            

        CLASS   BIGSFR         

        CLASS   CONFIG         
                config                           300000   300000        C         4

        CLASS   IDLOC          
                idloc                            200000   200000       10         5

        CLASS   EEDATA         

        CLASS   FARRAM         

        CLASS   HEAP           

        CLASS   STACK          



SEGMENTS        Name                           Load    Length   Top    Selector   Space  Class

                reset_vec                      000000  000004  000004         0       0  CODE    
                cstackCOMRAM                   000001  00005F  000060         1       1  COMRAM  
                intcode                        000008  000024  00002C         4       0  CODE    
                cstackBANK0                    000060  0000A0  000100        60       1  BANK0   
                bssBANK1                       000100  0000D1  0001D1       100       1  BANK1   
                bssBANK2                       000200  00003C  00023C       200       1  BANK2   
                smallconst                     000E00  000014  000E14       700       0  SMALLCON
                text4                          000E14  004E51  005C65       70A       0  CODE    
                text68                         005C66  000002  005C68      2E33       0  CODE    


UNUSED ADDRESS RANGES

        Name                Unused          Largest block    Delta
        BANK1            0001D1-0001FF               2F
        BANK10           000A00-000AFF              100
        BANK11           000B00-000BFF              100
        BANK12           000C00-000CFF              100
        BANK13           000D00-000DE9               EA
        BANK2            00023C-0002FF               C4
        BANK3            000300-0003FF              100
        BANK4            000400-0004FF              100
        BANK5            000500-0005FF              100
        BANK6            000600-0006FF              100
        BANK7            000700-0007FF              100
        BANK8            000800-0008FF              100
        BANK9            000900-0009FF              100
        BIGRAM           0001D1-0001FF               2F
                         00023C-000DE9              BAE
        BIGSFR           000DEF-000FFF              211
        CODE             000004-000007                4
                         00002C-000DFF              DD4
                         005C65-005C65                1
                         005C68-01FFFF            1A398
        CONST            000004-000007                4
                         00002C-000DFF              DD4
                         005C65-005C65                1
                         005C68-01FFFF            1A398
        EEDATA           310000-3103FF              400
        MEDIUMCONST      005C65-005C65                1
                         005C68-00FFFF             A398
                         010E00-01FFFF             F200
        RAM              0001D1-0001FF               2F
                         00023C-000DE9              100
        SFR              000DEF-000FFF              100
        SMALLCONST       005C65-005C65                1
                         005C68-01FFFF              100

                                  Symbol Table

?___aodiv                       cstackCOMRAM 000001
?___aomod                       cstackCOMRAM 000001
?___awdiv                       cstackCOMRAM 000007
?___fladd                       cstackCOMRAM 000001
?___fldiv                       cstackCOMRAM 00000F
?___flmul                       cstackCOMRAM 000028
?___flneg                       cstackCOMRAM 000001
?___flsub                       cstackCOMRAM 000011
?___fltol                       cstackCOMRAM 00005B
?___wmul                        cstackCOMRAM 000001
?___xxtofl                      cstackCOMRAM 000001
?_abs                           cstackCOMRAM 000013
?_amb_light_measure             cstackBANK0  00006A
?_color_read_Blue               cstackCOMRAM 000005
?_color_read_Clear              cstackCOMRAM 000005
?_color_read_Green              cstackCOMRAM 000005
?_color_read_Red                cstackCOMRAM 000005
?_dtoa                          cstackCOMRAM 00001C
?_lroundf                       cstackBANK0  000066
?_pad                           cstackCOMRAM 000011
?_roundf                        cstackCOMRAM 000041
?_sprintf                       cstackBANK0  000060
?_strlen                        cstackCOMRAM 000001
?_vfpfcnvrt                     cstackCOMRAM 000040
?_vfprintf                      cstackCOMRAM 000050
I2C_2_Master_Read@ack           cstackCOMRAM 000003
I2C_2_Master_Read@tmp           cstackCOMRAM 000004
I2C_2_Master_Write@data_byte    cstackCOMRAM 000002
_ANSELDbits                     (abs)        000EA7
_ANSELFbits                     (abs)        000EB4
_BAUD4CONbits                   (abs)        000EE9
_CALIBRATION_135                dataBANK1    0001D0
_CALIBRATION_180                dataBANK1    0001CF
_EUSART4RXbuf                   bssBANK1     000128
_EUSART4TXbuf                   bssBANK2     000200
_HighISR                        intcode      000008
_I2C_2_Master_Idle              text43       005A94
_I2C_2_Master_Init              text44       005A6A
_I2C_2_Master_Read              text28       00576E
_I2C_2_Master_RepStart          text27       005C44
_I2C_2_Master_Start             text42       005C58
_I2C_2_Master_Stop              text41       005C4E
_I2C_2_Master_Write             text40       005C2C
_INTCONbits                     (abs)        000FF2
_Interrupts_init                text75       005C38
_LATAbits                       (abs)        000F79
_LATCbits                       (abs)        000F7B
_LATDbits                       (abs)        000F7C
_LATE                           (abs)        000F7D
_LATEbits                       (abs)        000F7D
_LATFbits                       (abs)        000F7E
_LATG                           (abs)        000F7F
_LATGbits                       (abs)        000F7F
_LATHbits                       (abs)        000F80
_LED_B                          text16       005B42
_LED_C                          text31       005B62
_LED_G                          text15       005B22
_LED_OFF                        text14       005B02
_LED_R                          text13       005AE2
_PIE0bits                       (abs)        000E29
_PIE4bits                       (abs)        000E2D
_PIR0bits                       (abs)        000E33
_PIR4bits                       (abs)        000E37
_PORTFbits                      (abs)        000F8E
_PWM6CONbits                    (abs)        000FA4
_PWM6DCH                        (abs)        000FA3
_PWM7CONbits                    (abs)        000FA1
_PWM7DCH                        (abs)        000FA0
_RC0PPS                         (abs)        000E62
_RC4REG                         (abs)        000EE3
_RC4STAbits                     (abs)        000EE7
_RC7PPS                         (abs)        000E69
_RD5PPS                         (abs)        000E6F
_RD6PPS                         (abs)        000E70
_RE2PPS                         (abs)        000E74
_RX4PPS                         (abs)        000E15
_RxBufReadCnt                   bssBANK1     000166
_RxBufWriteCnt                  bssBANK1     000167
_SENSITIVITY                    dataBANK1    0001CE
_SP4BRGH                        (abs)        000EE6
_SP4BRGL                        (abs)        000EE5
_SSP2ADD                        (abs)        000ED6
_SSP2BUF                        (abs)        000ED5
_SSP2CLKPPS                     (abs)        000E1C
_SSP2CON1bits                   (abs)        000ED9
_SSP2CON2                       (abs)        000EDA
_SSP2CON2bits                   (abs)        000EDA
_SSP2DATPPS                     (abs)        000E1D
_SSP2STAT                       (abs)        000ED8
_T0CON0bits                     (abs)        000FD5
_T0CON1bits                     (abs)        000FD6
_T2CLKCONbits                   (abs)        000FBF
_T2CONbits                      (abs)        000FBD
_T2HLTbits                      (abs)        000FBE
_T2PR                           (abs)        000FBC
_TMR0H                          (abs)        000FD4
_TMR0L                          (abs)        000FD3
_TRISAbits                      (abs)        000F81
_TRISCbits                      (abs)        000F83
_TRISDbits                      (abs)        000F84
_TRISEbits                      (abs)        000F85
_TRISFbits                      (abs)        000F86
_TRISGbits                      (abs)        000F87
_TRISHbits                      (abs)        000F88
_TX4REG                         (abs)        000EE4
_TX4STAbits                     (abs)        000EE8
_Timer0_init                    text74       005BE0
_TxBufReadCnt                   bssBANK1     000164
_TxBufWriteCnt                  bssBANK1     000165
__HRAM                          (abs)        000000
__Habs1                         abs1         000000
__Hbank0                        bank0        000000
__Hbank1                        bank1        000000
__Hbank10                       bank10       000000
__Hbank11                       bank11       000000
__Hbank12                       bank12       000000
__Hbank13                       bank13       000000
__Hbank2                        bank2        000000
__Hbank3                        bank3        000000
__Hbank4                        bank4        000000
__Hbank5                        bank5        000000
__Hbank6                        bank6        000000
__Hbank7                        bank7        000000
__Hbank8                        bank8        000000
__Hbank9                        bank9        000000
__Hbigbss                       bigbss       000000
__Hbigdata                      bigdata      000000
__Hbigram                       bigram       000000
__Hbigsfr                       bigsfr       000000
__Hbss                          bss          000000
__HbssBANK1                     bssBANK1     000000
__HbssBANK2                     bssBANK2     000000
__Hcinit                        cinit        000000
__Hclrtext                      clrtext      000000
__Hcomram                       comram       000000
__Hconfig                       config       30000C
__Hconst                        const        000000
__HcstackBANK0                  cstackBANK0  000000
__HcstackBANK1                  cstackBANK1  000000
__HcstackCOMRAM                 cstackCOMRAM 000000
__Hdata                         data         000000
__HdataBANK1                    dataBANK1    000000
__Heeprom_data                  eeprom_data  000000
__Hfarbss                       farbss       000000
__Hfardata                      fardata      000000
__Hheap                         heap         000000
__Hibigdata                     ibigdata     000000
__Hidata                        idata        000000
__HidataBANK1                   idataBANK1   000000
__Hidloc                        idloc        200010
__Hifardata                     ifardata     000000
__Hinit                         init         00002C
__Hintcode                      intcode      000028
__Hintcode_body                 intcode_body 000000
__Hintcodelo                    intcodelo    000028
__Hintentry                     intentry     000000
__Hintret                       intret       000000
__Hintsave_regs                 intsave_regs 000000
__Hirdata                       irdata       000000
__Hmediumconst                  mediumconst  000000
__HnvFARRAM                     nvFARRAM     000000
__Hnvbit                        nvbit        000000
__Hnvrram                       nvrram       000000
__Hparam                        rparam       000000
__Hpowerup                      powerup      000028
__Hram                          ram          000000
__Hramtop                       ramtop       000E00
__Hrbit                         rbit         000000
__Hrbss                         rbss         000000
__Hrdata                        rdata        000000
__Hreset_vec                    reset_vec    000004
__Hrparam                       rparam       000000
__Hsfr                          sfr          000000
__Hsmallconst                   smallconst   000E14
__Hspace_0                      (abs)        005C68
__Hspace_1                      (abs)        00023C
__Hspace_2                      (abs)        000000
__Hspace_4                      (abs)        60000C
__Hstack                        stack        000000
__Hstruct                       struct       000000
__Htemp                         temp         000060
__Htext                         text         000000
__Htext0                        text0        000000
__Htext1                        text1        000000
__Htext10                       text10       000000
__Htext11                       text11       000000
__Htext12                       text12       000000
__Htext13                       text13       000000
__Htext14                       text14       000000
__Htext15                       text15       000000
__Htext16                       text16       000000
__Htext17                       text17       000000
__Htext18                       text18       000000
__Htext19                       text19       000000
__Htext2                        text2        000000
__Htext20                       text20       000000
__Htext21                       text21       000000
__Htext22                       text22       000000
__Htext23                       text23       000000
__Htext24                       text24       000000
__Htext25                       text25       000000
__Htext26                       text26       000000
__Htext27                       text27       000000
__Htext28                       text28       000000
__Htext29                       text29       000000
__Htext3                        text3        000000
__Htext30                       text30       000000
__Htext31                       text31       000000
__Htext32                       text32       000000
__Htext33                       text33       000000
__Htext34                       text34       000000
__Htext35                       text35       000000
__Htext36                       text36       000000
__Htext37                       text37       000000
__Htext38                       text38       000000
__Htext39                       text39       000000
__Htext4                        text4        000000
__Htext40                       text40       000000
__Htext41                       text41       000000
__Htext42                       text42       000000
__Htext43                       text43       000000
__Htext44                       text44       000000
__Htext45                       text45       000000
__Htext46                       text46       000000
__Htext47                       text47       000000
__Htext48                       text48       000000
__Htext49                       text49       000000
__Htext5                        text5        000000
__Htext50                       text50       000000
__Htext51                       text51       000000
__Htext52                       text52       000000
__Htext53                       text53       000000
__Htext54                       text54       000000
__Htext55                       text55       000000
__Htext56                       text56       000000
__Htext57                       text57       000000
__Htext58                       text58       000000
__Htext59                       text59       000000
__Htext6                        text6        000000
__Htext60                       text60       000000
__Htext61                       text61       000000
__Htext62                       text62       000000
__Htext63                       text63       000000
__Htext64                       text64       000000
__Htext65                       text65       000000
__Htext66                       text66       000000
__Htext67                       text67       000000
__Htext68                       text68       000000
__Htext69                       text69       000000
__Htext7                        text7        000000
__Htext70                       text70       000000
__Htext71                       text71       000000
__Htext72                       text72       000000
__Htext73                       text73       000000
__Htext74                       text74       000000
__Htext75                       text75       000000
__Htext8                        text8        000000
__Htext9                        text9        000000
__LRAM                          (abs)        000001
__Labs1                         abs1         000000
__Lbank0                        bank0        000000
__Lbank1                        bank1        000000
__Lbank10                       bank10       000000
__Lbank11                       bank11       000000
__Lbank12                       bank12       000000
__Lbank13                       bank13       000000
__Lbank2                        bank2        000000
__Lbank3                        bank3        000000
__Lbank4                        bank4        000000
__Lbank5                        bank5        000000
__Lbank6                        bank6        000000
__Lbank7                        bank7        000000
__Lbank8                        bank8        000000
__Lbank9                        bank9        000000
__Lbigbss                       bigbss       000000
__Lbigdata                      bigdata      000000
__Lbigram                       bigram       000000
__Lbigsfr                       bigsfr       000000
__Lbss                          bss          000000
__LbssBANK1                     bssBANK1     000000
__LbssBANK2                     bssBANK2     000000
__Lcinit                        cinit        000000
__Lclrtext                      clrtext      000000
__Lcomram                       comram       000000
__Lconfig                       config       000000
__Lconst                        const        000000
__LcstackBANK0                  cstackBANK0  000000
__LcstackBANK1                  cstackBANK1  000000
__LcstackCOMRAM                 cstackCOMRAM 000000
__Ldata                         data         000000
__LdataBANK1                    dataBANK1    000000
__Leeprom_data                  eeprom_data  000000
__Lfarbss                       farbss       000000
__Lfardata                      fardata      000000
__Lheap                         heap         000000
__Libigdata                     ibigdata     000000
__Lidata                        idata        000000
__LidataBANK1                   idataBANK1   000000
__Lidloc                        idloc        000000
__Lifardata                     ifardata     000000
__Linit                         init         000028
__Lintcode                      intcode      000008
__Lintcode_body                 intcode_body 000000
__Lintcodelo                    intcodelo    000028
__Lintentry                     intentry     000000
__Lintret                       intret       000000
__Lintsave_regs                 intsave_regs 000000
__Lirdata                       irdata       000000
__Lmediumconst                  mediumconst  000000
__LnvFARRAM                     nvFARRAM     000000
__Lnvbit                        nvbit        000000
__Lnvrram                       nvrram       000000
__Lparam                        rparam       000000
__Lpowerup                      powerup      000028
__Lram                          ram          000000
__Lramtop                       ramtop       000E00
__Lrbit                         rbit         000000
__Lrbss                         rbss         000000
__Lrdata                        rdata        000000
__Lreset_vec                    reset_vec    000000
__Lrparam                       rparam       000000
__Lsfr                          sfr          000000
__Lsmallconst                   smallconst   000E00
__Lspace_0                      (abs)        000000
__Lspace_1                      (abs)        000000
__Lspace_2                      (abs)        000000
__Lspace_4                      (abs)        000000
__Lstack                        stack        000000
__Lstruct                       struct       000000
__Ltemp                         temp         00005F
__Ltext                         text         000000
__Ltext0                        text0        000000
__Ltext1                        text1        000000
__Ltext10                       text10       000000
__Ltext11                       text11       000000
__Ltext12                       text12       000000
__Ltext13                       text13       000000
__Ltext14                       text14       000000
__Ltext15                       text15       000000
__Ltext16                       text16       000000
__Ltext17                       text17       000000
__Ltext18                       text18       000000
__Ltext19                       text19       000000
__Ltext2                        text2        000000
__Ltext20                       text20       000000
__Ltext21                       text21       000000
__Ltext22                       text22       000000
__Ltext23                       text23       000000
__Ltext24                       text24       000000
__Ltext25                       text25       000000
__Ltext26                       text26       000000
__Ltext27                       text27       000000
__Ltext28                       text28       000000
__Ltext29                       text29       000000
__Ltext3                        text3        000000
__Ltext30                       text30       000000
__Ltext31                       text31       000000
__Ltext32                       text32       000000
__Ltext33                       text33       000000
__Ltext34                       text34       000000
__Ltext35                       text35       000000
__Ltext36                       text36       000000
__Ltext37                       text37       000000
__Ltext38                       text38       000000
__Ltext39                       text39       000000
__Ltext4                        text4        000000
__Ltext40                       text40       000000
__Ltext41                       text41       000000
__Ltext42                       text42       000000
__Ltext43                       text43       000000
__Ltext44                       text44       000000
__Ltext45                       text45       000000
__Ltext46                       text46       000000
__Ltext47                       text47       000000
__Ltext48                       text48       000000
__Ltext49                       text49       000000
__Ltext5                        text5        000000
__Ltext50                       text50       000000
__Ltext51                       text51       000000
__Ltext52                       text52       000000
__Ltext53                       text53       000000
__Ltext54                       text54       000000
__Ltext55                       text55       000000
__Ltext56                       text56       000000
__Ltext57                       text57       000000
__Ltext58                       text58       000000
__Ltext59                       text59       000000
__Ltext6                        text6        000000
__Ltext60                       text60       000000
__Ltext61                       text61       000000
__Ltext62                       text62       000000
__Ltext63                       text63       000000
__Ltext64                       text64       000000
__Ltext65                       text65       000000
__Ltext66                       text66       000000
__Ltext67                       text67       000000
__Ltext68                       text68       000000
__Ltext69                       text69       000000
__Ltext7                        text7        000000
__Ltext70                       text70       000000
__Ltext71                       text71       000000
__Ltext72                       text72       000000
__Ltext73                       text73       000000
__Ltext74                       text74       000000
__Ltext75                       text75       000000
__Ltext8                        text8        000000
__Ltext9                        text9        000000
__S0                            (abs)        005C68
__S1                            (abs)        00023C
__S4                            (abs)        000000
__S5                            (abs)        000000
___aodiv                        text71       0046B4
___aodiv@counter                cstackCOMRAM 000011
___aodiv@dividend               cstackCOMRAM 000001
___aodiv@divisor                cstackCOMRAM 000009
___aodiv@quotient               cstackCOMRAM 000013
___aodiv@sign                   cstackCOMRAM 000012
___aomod                        text70       00483C
___aomod@counter                cstackCOMRAM 000011
___aomod@dividend               cstackCOMRAM 000001
___aomod@divisor                cstackCOMRAM 000009
___aomod@sign                   cstackCOMRAM 000012
___awdiv                        text58       004FFC
___awdiv@counter                cstackCOMRAM 00000B
___awdiv@dividend               cstackCOMRAM 000007
___awdiv@divisor                cstackCOMRAM 000009
___awdiv@quotient               cstackCOMRAM 00000D
___awdiv@sign                   cstackCOMRAM 00000C
___fladd                        text21       001BD0
___fladd@a                      cstackCOMRAM 000005
___fladd@aexp                   cstackCOMRAM 00000E
___fladd@b                      cstackCOMRAM 000001
___fladd@bexp                   cstackCOMRAM 00000F
___fladd@grs                    cstackCOMRAM 000010
___fladd@signs                  cstackCOMRAM 00000D
___fldiv                        text30       002868
___fldiv@a                      cstackCOMRAM 000013
___fldiv@aexp                   cstackCOMRAM 000027
___fldiv@b                      cstackCOMRAM 00000F
___fldiv@bexp                   cstackCOMRAM 000026
___fldiv@grs                    cstackCOMRAM 000022
___fldiv@new_exp                cstackCOMRAM 000020
___fldiv@rem                    cstackCOMRAM 00001B
___fldiv@sign                   cstackCOMRAM 00001F
___flge                         text24       004BD0
___flge@ff1                     cstackCOMRAM 000001
___flge@ff2                     cstackCOMRAM 000005
___flmul                        text23       002090
___flmul@a                      cstackCOMRAM 00002C
___flmul@aexp                   cstackCOMRAM 000039
___flmul@b                      cstackCOMRAM 000028
___flmul@bexp                   cstackCOMRAM 00003A
___flmul@grs                    cstackCOMRAM 000035
___flmul@prod                   cstackCOMRAM 00003B
___flmul@sign                   cstackCOMRAM 000034
___flmul@temp                   cstackCOMRAM 00003F
___flneg                        text22       00596A
___flneg@f1                     cstackCOMRAM 000001
___flsub                        text20       0056E4
___flsub@a                      cstackCOMRAM 000015
___flsub@b                      cstackCOMRAM 000011
___fltol                        text25       004AC8
___fltol@exp1                   cstackBANK0  000065
___fltol@f1                     cstackCOMRAM 00005B
___fltol@sign1                  cstackBANK0  000064
___heap_hi                      (abs)        000000
___heap_lo                      (abs)        000000
___inthi_sp                     stack        000000
___intlo_sp                     stack        000000
___param_bank                   (abs)        000000
___rparam_used                  (abs)        000001
___sp                           stack        000000
___wmul                         text57       005ABC
___wmul@multiplicand            cstackCOMRAM 000003
___wmul@multiplier              cstackCOMRAM 000001
___wmul@product                 cstackCOMRAM 000005
___xxtofl                       text29       003EA6
___xxtofl@arg                   cstackCOMRAM 00000B
___xxtofl@exp                   cstackCOMRAM 00000A
___xxtofl@sign                  cstackCOMRAM 000009
___xxtofl@val                   cstackCOMRAM 000001
__accesstop                     (abs)        000060
__activetblptr                  (abs)        000001
__end_of_HighISR                intcode      000028
__end_of_I2C_2_Master_Idle      text43       005ABC
__end_of_I2C_2_Master_Init      text44       005A94
__end_of_I2C_2_Master_Read      text28       0057B0
__end_of_I2C_2_Master_RepStart  text27       005C4E
__end_of_I2C_2_Master_Start     text42       005C62
__end_of_I2C_2_Master_Stop      text41       005C58
__end_of_I2C_2_Master_Write     text40       005C38
__end_of_Interrupts_init        text75       005C44
__end_of_LED_B                  text16       005B62
__end_of_LED_C                  text31       005B82
__end_of_LED_G                  text15       005B42
__end_of_LED_OFF                text14       005B22
__end_of_LED_R                  text13       005B02
__end_of_Timer0_init            text74       005BFE
__end_of___aodiv                text71       00483C
__end_of___aomod                text70       0049A0
__end_of___awdiv                text58       0050C0
__end_of___fladd                text21       002090
__end_of___fldiv                text30       002C02
__end_of___flge                 text24       004CD4
__end_of___flmul                text23       0024BA
__end_of___flneg                text22       0059A2
__end_of___flsub                text20       00572A
__end_of___fltol                text25       004BD0
__end_of___wmul                 text57       005AE2
__end_of___xxtofl               text29       00405A
__end_of__initialization        cinit        0056D2
__end_of_abs                    text69       0058F6
__end_of_action                 text46       0034AC
__end_of_amb_light_measure      text17       004AC8
__end_of_buggylight_init        text45       005C2C
__end_of_calibrate_white        text9        003962
__end_of_color_click_init       text38       005A0C
__end_of_color_data_collection  text6        003EA6
__end_of_color_display          text8        00544A
__end_of_color_predict          text59       005A6A
__end_of_color_read_Blue        text12       00564C
__end_of_color_read_Clear       text26       00569C
__end_of_color_read_Green       text11       0055FC
__end_of_color_read_Red         text10       0055AC
__end_of_color_writetoaddr      text39       005BC2
__end_of_compare                text5        005930
__end_of_detect_color           text4        001BD0
__end_of_distance_measure       text3        004F36
__end_of_dtoa                   text63       0031E0
__end_of_fputc                  text67       004E70
__end_of_fputs                  text66       00576E
__end_of_fullSpeedAhead         text55       0052D0
__end_of_fullSpeedAhead_test    text33       0057F2
__end_of_fullSpeedBack          text53       005180
__end_of_goback                 text49       002EFE
__end_of_initDCmotorsPWM        text37       005834
__end_of_initDCmotors_parameter text36       004DA6
__end_of_initUSART4             text35       005BE0
__end_of_lroundf                text18       00596A
__end_of_main                   text0        0053DA
__end_of_pad                    text64       004FFC
__end_of_pin_init               text34       005BA2
__end_of_putch                  text68       005C68
__end_of_read_color             text7        00550A
__end_of_reverse_square         text52       0058B6
__end_of_roundf                 text19       002868
__end_of_sendCharSerial4        text73       005C16
__end_of_sendStringSerial4      text72       005A3C
__end_of_setMotorPWM            text56       003B36
__end_of_short_reverse          text48       005876
__end_of_sprintf                text60       00555C
__end_of_stop                   text54       00523C
__end_of_strlen                 text65       0059D8
__end_of_test_action            text32       003CF0
__end_of_test_function          text2        0046B4
__end_of_toggle_light           text47       003758
__end_of_toint                  smallconst   000E05
__end_of_turnLeft               text51       00452A
__end_of_turnRight              text50       00439C
__end_of_verify_color           text1        00535A
__end_of_vfpfcnvrt              text62       00420E
__end_of_vfprintf               text61       0054AC
__initialization                cinit        00569C
__mediumconst                   mediumconst  000000
__pbssBANK1                     bssBANK1     000100
__pbssBANK2                     bssBANK2     000200
__pcinit                        cinit        00569C
__pcstackBANK0                  cstackBANK0  000060
__pcstackBANK1                  cstackBANK1  000188
__pcstackCOMRAM                 cstackCOMRAM 000001
__pdataBANK1                    dataBANK1    0001CE
__pidataBANK1                   idataBANK1   005C62
__pintcode                      intcode      000008
__psmallconst                   smallconst   000E00
__ptext0                        text0        00535A
__ptext1                        text1        0052D0
__ptext10                       text10       00555C
__ptext11                       text11       0055AC
__ptext12                       text12       0055FC
__ptext13                       text13       005AE2
__ptext14                       text14       005B02
__ptext15                       text15       005B22
__ptext16                       text16       005B42
__ptext17                       text17       0049A0
__ptext18                       text18       005930
__ptext19                       text19       0024BA
__ptext2                        text2        00452A
__ptext20                       text20       0056E4
__ptext21                       text21       001BD0
__ptext22                       text22       00596A
__ptext23                       text23       002090
__ptext24                       text24       004BD0
__ptext25                       text25       004AC8
__ptext26                       text26       00564C
__ptext27                       text27       005C44
__ptext28                       text28       00576E
__ptext29                       text29       003EA6
__ptext3                        text3        004E70
__ptext30                       text30       002868
__ptext31                       text31       005B62
__ptext32                       text32       003B36
__ptext33                       text33       0057B0
__ptext34                       text34       005B82
__ptext35                       text35       005BC2
__ptext36                       text36       004CD4
__ptext37                       text37       0057F2
__ptext38                       text38       0059D8
__ptext39                       text39       005BA2
__ptext4                        text4        000E14
__ptext40                       text40       005C2C
__ptext41                       text41       005C4E
__ptext42                       text42       005C58
__ptext43                       text43       005A94
__ptext44                       text44       005A6A
__ptext45                       text45       005C16
__ptext46                       text46       0031E0
__ptext47                       text47       0034AC
__ptext48                       text48       005834
__ptext49                       text49       002C02
__ptext5                        text5        0058F6
__ptext50                       text50       00420E
__ptext51                       text51       00439C
__ptext52                       text52       005876
__ptext53                       text53       0050C0
__ptext54                       text54       005180
__ptext55                       text55       00523C
__ptext56                       text56       003962
__ptext57                       text57       005ABC
__ptext58                       text58       004FFC
__ptext59                       text59       005A3C
__ptext6                        text6        003CF0
__ptext60                       text60       00550A
__ptext61                       text61       00544A
__ptext62                       text62       00405A
__ptext63                       text63       002EFE
__ptext64                       text64       004F36
__ptext65                       text65       0059A2
__ptext66                       text66       00572A
__ptext67                       text67       004DA6
__ptext68                       text68       005C66
__ptext69                       text69       0058B6
__ptext7                        text7        0054AC
__ptext70                       text70       00483C
__ptext71                       text71       0046B4
__ptext72                       text72       005A0C
__ptext73                       text73       005BFE
__ptext74                       text74       005BE0
__ptext75                       text75       005C38
__ptext8                        text8        0053DA
__ptext9                        text9        003758
__ramtop                        ramtop       000E00
__smallconst                    smallconst   000E00
_abs                            text69       0058B6
_action                         text46       0031E0
_amb_light_measure              text17       0049A0
_array_index                    bssBANK1     000163
_buggylight_init                text45       005C16
_calibrate_white                text9        003758
_color                          bssBANK1     000162
_color_click_init               text38       0059D8
_color_data_collection          text6        003CF0
_color_display                  text8        0053DA
_color_predict                  text59       005A3C
_color_read_Blue                text12       0055FC
_color_read_Clear               text26       00564C
_color_read_Green               text11       0055AC
_color_read_Red                 text10       00555C
_color_writetoaddr              text39       005BA2
_compare                        text5        0058F6
_dbuf                           bssBANK1     000168
_detect_color                   text4        000E14
_detect_color$3250              cstackBANK0  0000FA
_distance_measure               text3        004E70
_distance_measure$3251          cstackBANK0  000074
_dtoa                           text63       002EFE
_dtoa$2887                      cstackCOMRAM 00002E
_flags                          bssBANK1     00015A
_fputc                          text67       004DA6
_fputs                          text66       00572A
_fullSpeedAhead                 text55       00523C
_fullSpeedAhead_test            text33       0057B0
_fullSpeedBack                  text53       0050C0
_goback                         text49       002C02
_initDCmotorsPWM                text37       0057F2
_initDCmotors_parameter         text36       004CD4
_initUSART4                     text35       005BC2
_lroundf                        text18       005930
_main                           text0        00535A
_memory                         bssBANK1     000100
_motorL                         bssBANK1     000146
_motorR                         bssBANK1     00013C
_nout                           bssBANK1     000154
_pad                            text64       004F36
_pin_init                       text34       005B82
_prec                           bssBANK1     000158
_putch                          text68       005C66
_read_color                     text7        0054AC
_reverse_square                 text52       005876
_roundf                         text19       0024BA
_roundf$3252                    cstackCOMRAM 00004F
_roundf$3253                    cstackCOMRAM 000049
_second                         bssBANK1     000160
_sendCharSerial4                text73       005BFE
_sendStringSerial4              text72       005A0C
_setMotorPWM                    text56       003962
_short_reverse                  text48       005834
_sprintf                        text60       00550A
_start_move                     bssBANK1     00015E
_stop                           text54       005180
_stop_move                      bssBANK1     00015C
_strlen                         text65       0059A2
_test_action                    text32       003B36
_test_function                  text2        00452A
_toggle_light                   text47       0034AC
_turnLeft                       text51       00439C
_turnRight                      text50       00420E
_verify_color                   text1        0052D0
_vfpfcnvrt                      text62       00405A
_vfprintf                       text61       00544A
_width                          bssBANK1     000156
abs@a                           cstackCOMRAM 000013
action@color                    cstackCOMRAM 00005E
action@mL                       cstackBANK0  0000E0
action@mR                       cstackBANK0  0000E2
amb_light_measure@CC_amb_1      cstackBANK0  000072
amb_light_measure@CC_amb_2      cstackBANK0  000074
amb_light_measure@CC_amb_3      cstackBANK0  000076
amb_light_measure@CC_amb_ave    cstackBANK0  000070
amb_light_measure@amb           cstackBANK0  00006A
amb_light_measure@upper_bound   cstackBANK0  00006E
btemp                           temp         00005F
calibrate_white@w               cstackCOMRAM 00000C
color_data_collection@i         cstackBANK0  0000DE
color_data_collection@j         cstackBANK0  0000E0
color_data_collection@k         cstackBANK0  0000E2
color_data_collection@m         cstackCOMRAM 00005A
color_data_collection@x         cstackBANK0  0000E4
color_display@buf               cstackBANK0  000079
color_display@m                 cstackCOMRAM 000058
color_predict@buf               cstackBANK0  000079
color_predict@color             cstackBANK0  0000DD
color_read_Blue@tmp             cstackCOMRAM 00000A
color_read_Clear@tmp            cstackCOMRAM 00000A
color_read_Green@tmp            cstackCOMRAM 00000A
color_read_Red@tmp              cstackCOMRAM 00000A
color_writetoaddr@address       cstackCOMRAM 000004
color_writetoaddr@value         cstackCOMRAM 000003
compare@lower                   cstackBANK0  00006A
compare@result                  cstackBANK0  000070
compare@upper                   cstackBANK0  00006E
compare@value2compare           cstackBANK0  00006C
detect_color@BB                 cstackBANK0  0000F4
detect_color@BC                 cstackBANK0  0000E5
detect_color@BG                 cstackBANK0  0000F6
detect_color@BR                 cstackBANK0  0000F8
detect_color@GB                 cstackBANK0  0000EB
detect_color@GG                 cstackBANK0  0000EF
detect_color@GR                 cstackBANK0  0000ED
detect_color@RB                 cstackBANK0  0000E9
detect_color@RG                 cstackBANK0  0000E7
detect_color@RR                 cstackBANK0  0000F1
detect_color@buf                cstackBANK0  000081
detect_color@color              cstackBANK0  0000F3
detect_color@m                  cstackBANK0  000079
detect_color@w                  cstackBANK0  00007B
distance_measure@CC_amb         cstackBANK0  000078
distance_measure@CG_amb         cstackBANK0  000072
distance_measure@amb_light      cstackBANK0  00006E
distance_measure@mL             cstackBANK0  00006A
distance_measure@mR             cstackBANK0  00006C
distance_measure@stop           cstackBANK0  00007C
distance_measure@threshold      cstackBANK0  00007A
dtoa@d                          cstackCOMRAM 00001E
dtoa@fp                         cstackCOMRAM 00001C
dtoa@i                          cstackCOMRAM 00003E
dtoa@n                          cstackCOMRAM 000036
dtoa@p                          cstackCOMRAM 000030
dtoa@s                          cstackCOMRAM 000034
dtoa@w                          cstackCOMRAM 000032
end_of_initialization           cinit        0056D2
fputc@c                         cstackCOMRAM 000001
fputc@fp                        cstackCOMRAM 000003
fputs@c                         cstackCOMRAM 00000E
fputs@fp                        cstackCOMRAM 00000C
fputs@i                         cstackCOMRAM 00000F
fputs@s                         cstackCOMRAM 00000A
fullSpeedAhead@mL               cstackCOMRAM 00001A
fullSpeedAhead@mR               cstackCOMRAM 00001C
fullSpeedAhead_test@mL          cstackCOMRAM 000020
fullSpeedAhead_test@mR          cstackCOMRAM 000022
fullSpeedBack@mL                cstackCOMRAM 000020
fullSpeedBack@mR                cstackCOMRAM 000022
goback@i                        cstackBANK0  0000DE
goback@mL                       cstackCOMRAM 000058
goback@mR                       cstackCOMRAM 00005A
initDCmotorsPWM@PWMperiod       cstackCOMRAM 000001
initDCmotors_parameter@motorL   cstackCOMRAM 000001
initDCmotors_parameter@motorR   cstackCOMRAM 000003
int$flags                       temp         00005F
intlevel0                       text         000000
intlevel1                       text         000000
intlevel2                       text         000000
intlevel3                       text         000000
isa$std                         (abs)        000001
isa$xinst                       (abs)        000000
lroundf@x                       cstackBANK0  000066
main@motorL                     cstackBANK1  0001BA
main@motorR                     cstackBANK1  0001C4
main@rgb                        cstackBANK1  000196
main@white                      cstackBANK1  00019E
pad@buf                         cstackCOMRAM 000013
pad@fp                          cstackCOMRAM 000011
pad@i                           cstackCOMRAM 000018
pad@p                           cstackCOMRAM 000015
pad@w                           cstackCOMRAM 00001A
read_color@m                    cstackCOMRAM 00000C
reverse_square@mL               cstackCOMRAM 000026
reverse_square@mR               cstackCOMRAM 000028
roundf@F527                     bssBANK1     000150
roundf@e                        cstackCOMRAM 00004D
roundf@u                        cstackCOMRAM 000053
roundf@x                        cstackCOMRAM 000041
roundf@y                        cstackCOMRAM 000057
sendCharSerial4@charToSend      cstackCOMRAM 000001
sendStringSerial4@string        cstackCOMRAM 000002
setMotorPWM@PWMduty             cstackCOMRAM 000018
setMotorPWM@m                   cstackCOMRAM 00000F
short_reverse@mL                cstackCOMRAM 000026
short_reverse@mR                cstackCOMRAM 000028
sprintf@ap                      cstackBANK0  00006C
sprintf@f                       cstackBANK0  00006E
sprintf@fmt                     cstackBANK0  000062
sprintf@s                       cstackBANK0  000060
stackhi                         (abs)        000000
stacklo                         (abs)        000000
start                           init         000028
start_initialization            cinit        00569C
stop@mL                         cstackCOMRAM 00001A
stop@mR                         cstackCOMRAM 00001C
strlen@a                        cstackCOMRAM 000003
strlen@s                        cstackCOMRAM 000001
test_action@mL                  cstackCOMRAM 000032
test_action@mR                  cstackCOMRAM 000034
test_function@amb_light         cstackBANK1  000190
test_function@color             cstackBANK1  000193
test_function@complete          cstackBANK1  000192
test_function@m                 cstackBANK1  000188
test_function@mL                cstackBANK1  00018C
test_function@mR                cstackBANK1  00018E
test_function@stop_signal       cstackBANK1  000194
test_function@test_code         cstackBANK1  000195
test_function@w                 cstackBANK1  00018A
toggle_light@i                  cstackCOMRAM 000004
toggle_light@lightnumber        cstackCOMRAM 000005
toggle_light@toggletime         cstackCOMRAM 000001
ttemp5                          temp         000060
ttemp6                          temp         000063
ttemp7                          temp         000067
turnLeft@angle_left             cstackCOMRAM 000024
turnLeft@delay                  cstackCOMRAM 000030
turnLeft@delay_135              cstackCOMRAM 000026
turnLeft@delay_180              cstackCOMRAM 000028
turnLeft@i                      cstackCOMRAM 00002A
turnLeft@i_1337                 cstackCOMRAM 00002C
turnLeft@i_1338                 cstackCOMRAM 00002E
turnLeft@mL                     cstackCOMRAM 000020
turnLeft@mR                     cstackCOMRAM 000022
turnRight@angle_right           cstackCOMRAM 000024
turnRight@delay                 cstackCOMRAM 000030
turnRight@delay_135             cstackCOMRAM 000026
turnRight@delay_180             cstackCOMRAM 000028
turnRight@i                     cstackCOMRAM 00002A
turnRight@i_1362                cstackCOMRAM 00002C
turnRight@i_1363                cstackCOMRAM 00002E
turnRight@mL                    cstackCOMRAM 000020
turnRight@mR                    cstackCOMRAM 000022
verify_color@color              cstackBANK1  00018E
verify_color@color2             cstackBANK1  00018C
verify_color@m                  cstackBANK1  000188
verify_color@w                  cstackBANK1  00018A
vfpfcnvrt@ap                    cstackCOMRAM 000044
vfpfcnvrt@fmt                   cstackCOMRAM 000042
vfpfcnvrt@fp                    cstackCOMRAM 000040
vfpfcnvrt@ll                    cstackCOMRAM 000048
vfprintf@ap                     cstackCOMRAM 000054
vfprintf@cfmt                   cstackCOMRAM 000056
vfprintf@fmt                    cstackCOMRAM 000052
vfprintf@fp                     cstackCOMRAM 000050
wtemp8                          temp         000060


MODULE INFORMATION

Module		Function		Class		Link	Load	Size
C:\Program Files\Microchip\xc8\v2.35\pic\sources\c99\common\putch.c
		_putch         		CODE           	5C66	0000	2

C:\Program Files\Microchip\xc8\v2.35\pic\sources\c99\common\putch.c estimated size: 2

serial.c
		_sendStringSerial4		CODE           	5A0C	0000	48
		_sendCharSerial4		CODE           	5BFE	0000	24
		_initUSART4    		CODE           	5BC2	0000	30

serial.c estimated size: 102

timers.c
		_Timer0_init   		CODE           	5BE0	0000	30

timers.c estimated size: 30

color.c
		_read_color    		CODE           	54AC	0000	94
		_verify_color  		CODE           	52D0	0000	138
		_distance_measure		CODE           	4E70	0000	198
		_color_writetoaddr		CODE           	5BA2	0000	32
		_color_predict 		CODE           	5A3C	0000	46
		_compare       		CODE           	58F6	0000	58
		_calibrate_white		CODE           	3758	0000	522
		_LED_OFF       		CODE           	5B02	0000	32
		_color_click_init		CODE           	59D8	0000	52
		_detect_color  		CODE           	0E14	0000	3516
		_color_data_collection		CODE           	3CF0	0000	438
		_color_read_Green		CODE           	55AC	0000	80
		_color_read_Clear		CODE           	564C	0000	80
		_LED_R         		CODE           	5AE2	0000	32
		_LED_G         		CODE           	5B22	0000	32
		_color_read_Red		CODE           	555C	0000	80
		_amb_light_measure		CODE           	49A0	0000	296
		_buggylight_init		CODE           	5C16	0000	22
		_toggle_light  		CODE           	34AC	0000	684
		_LED_B         		CODE           	5B42	0000	32
		_color_display 		CODE           	53DA	0000	112
		_color_read_Blue		CODE           	55FC	0000	80
		_LED_C         		CODE           	5B62	0000	32

color.c estimated size: 6688

C:\Program Files\Microchip\xc8\v2.35\pic\sources\c99\common\aodiv.c
		___aodiv       		CODE           	46B4	0000	392

C:\Program Files\Microchip\xc8\v2.35\pic\sources\c99\common\aodiv.c estimated size: 392

C:\Program Files\Microchip\xc8\v2.35\pic\sources\c99\common\sprcmul.c
		___flmul       		CODE           	2090	0000	1066

C:\Program Files\Microchip\xc8\v2.35\pic\sources\c99\common\sprcmul.c estimated size: 1066

dc_motor.c
		_fullSpeedBack 		CODE           	50C0	0000	192
		_reverse_square		CODE           	5876	0000	64
		_fullSpeedAhead		CODE           	523C	0000	148
		_turnLeft      		CODE           	439C	0000	398
		_stop          		CODE           	5180	0000	188
		_initDCmotorsPWM		CODE           	57F2	0000	66
		_initDCmotors_parameter		CODE           	4CD4	0000	210
		_turnRight     		CODE           	420E	0000	398
		_short_reverse 		CODE           	5834	0000	66
		_setMotorPWM   		CODE           	3962	0000	468
		_fullSpeedAhead_test		CODE           	57B0	0000	66

dc_motor.c estimated size: 2264

interrupts.c
		_Interrupts_init		CODE           	5C38	0000	12
		_HighISR       		CODE           	0008	0000	32

interrupts.c estimated size: 44

C:\Program Files\Microchip\xc8\v2.35\pic\sources\c99\common\nf_sprintf.c
		_sprintf       		CODE           	550A	0000	82

C:\Program Files\Microchip\xc8\v2.35\pic\sources\c99\common\nf_sprintf.c estimated size: 82

C:\Program Files\Microchip\xc8\v2.35\pic\sources\c99\common\sprcdiv.c
		___fldiv       		CODE           	2868	0000	922

C:\Program Files\Microchip\xc8\v2.35\pic\sources\c99\common\sprcdiv.c estimated size: 922

i2c.c
		_I2C_2_Master_Start		CODE           	5C58	0000	10
		_I2C_2_Master_Read		CODE           	576E	0000	66
		_I2C_2_Master_Idle		CODE           	5A94	0000	40
		_I2C_2_Master_Init		CODE           	5A6A	0000	42
		_I2C_2_Master_Stop		CODE           	5C4E	0000	10
		_I2C_2_Master_RepStart		CODE           	5C44	0000	10
		_I2C_2_Master_Write		CODE           	5C2C	0000	12

i2c.c estimated size: 190

C:\Program Files\Microchip\xc8\v2.35\pic\sources\c99\common\nf_fputc.c
		_fputc         		CODE           	4DA6	0000	202

C:\Program Files\Microchip\xc8\v2.35\pic\sources\c99\common\nf_fputc.c estimated size: 202

C:\Program Files\Microchip\xc8\v2.35\pic\sources\c99\common\Umul16.c
		___wmul        		CODE           	5ABC	0000	38

C:\Program Files\Microchip\xc8\v2.35\pic\sources\c99\common\Umul16.c estimated size: 38

C:\Program Files\Microchip\xc8\v2.35\pic\sources\c99\common\awdiv.c
		___awdiv       		CODE           	4FFC	0000	196

C:\Program Files\Microchip\xc8\v2.35\pic\sources\c99\common\awdiv.c estimated size: 196

C:\Program Files\Microchip\xc8\v2.35\pic\sources\c99\common\fltol.c
		___fltol       		CODE           	4AC8	0000	264

C:\Program Files\Microchip\xc8\v2.35\pic\sources\c99\common\fltol.c estimated size: 264

C:\Program Files\Microchip\xc8\v2.35\pic\sources\c99\common\abs.c
		_abs           		CODE           	58B6	0000	64

C:\Program Files\Microchip\xc8\v2.35\pic\sources\c99\common\abs.c estimated size: 64

C:\Program Files\Microchip\xc8\v2.35\pic\sources\c99\common\roundf.c
		_roundf        		CODE           	24BA	0000	942

C:\Program Files\Microchip\xc8\v2.35\pic\sources\c99\common\roundf.c estimated size: 942

C:\Program Files\Microchip\xc8\v2.35\pic\sources\c99\common\flge.c
		___flge        		CODE           	4BD0	0000	260

C:\Program Files\Microchip\xc8\v2.35\pic\sources\c99\common\flge.c estimated size: 260

C:\Program Files\Microchip\xc8\v2.35\pic\sources\c99\common\sprcadd.c
		___flsub       		CODE           	56E4	0000	70
		___fladd       		CODE           	1BD0	0000	1216

C:\Program Files\Microchip\xc8\v2.35\pic\sources\c99\common\sprcadd.c estimated size: 1286

shared
		__initialization		CODE           	569C	0000	54
		_toint         		SMALLCONST     	0000	0000	0

shared estimated size: 54

C:\Program Files\Microchip\xc8\v2.35\pic\sources\c99\common\flneg.c
		___flneg       		CODE           	596A	0000	56

C:\Program Files\Microchip\xc8\v2.35\pic\sources\c99\common\flneg.c estimated size: 56

C:\Program Files\Microchip\xc8\v2.35\pic\sources\c99\common\xxtofl.c
		___xxtofl      		CODE           	3EA6	0000	436

C:\Program Files\Microchip\xc8\v2.35\pic\sources\c99\common\xxtofl.c estimated size: 436

test_and_calibration.c
		_test_function 		CODE           	452A	0000	394

test_and_calibration.c estimated size: 394

C:\Program Files\Microchip\xc8\v2.35\pic\sources\c99\common\strlen.c
		_strlen        		CODE           	59A2	0000	54

C:\Program Files\Microchip\xc8\v2.35\pic\sources\c99\common\strlen.c estimated size: 54

C:\Program Files\Microchip\xc8\v2.35\pic\sources\c99\common\lroundf.c
		_lroundf       		CODE           	5930	0000	58

C:\Program Files\Microchip\xc8\v2.35\pic\sources\c99\common\lroundf.c estimated size: 58

C:\Program Files\Microchip\xc8\v2.35\pic\sources\c99\common\aomod.c
		___aomod       		CODE           	483C	0000	356

C:\Program Files\Microchip\xc8\v2.35\pic\sources\c99\common\aomod.c estimated size: 356

C:\Program Files\Microchip\xc8\v2.35\pic\sources\c99\common\nf_fputs.c
		_fputs         		CODE           	572A	0000	68

C:\Program Files\Microchip\xc8\v2.35\pic\sources\c99\common\nf_fputs.c estimated size: 68

main.c
		_main          		CODE           	535A	0000	128

main.c estimated size: 128

movement.c
		_action        		CODE           	31E0	0000	716
		_test_action   		CODE           	3B36	0000	442
		_pin_init      		CODE           	5B82	0000	32
		_goback        		CODE           	2C02	0000	764

movement.c estimated size: 1954

C:\Program Files\Microchip\xc8\v2.35\pic\sources\c99\common\doprnt.c
		_vfpfcnvrt     		CODE           	405A	0000	436
		_pad           		CODE           	4F36	0000	198
		_dtoa          		CODE           	2EFE	0000	738
		_vfprintf      		CODE           	544A	0000	98

C:\Program Files\Microchip\xc8\v2.35\pic\sources\c99\common\doprnt.c estimated size: 1470

