Microchip MPLAB XC8 Compiler V2.35

Linker command line:

-W-3 --edf=C:\Program Files\Microchip\xc8\v2.35\pic\dat\en_msgs.txt -cn \
  -h+dist/default/production\final-project-kangan-yuhai.X.production.sym \
  --cmf=dist/default/production\final-project-kangan-yuhai.X.production.cmf \
  -z -Q18F67K40 -oC:\Users\jinyu\AppData\Local\Temp\xcAskv0.4 \
  --defsym=__MPLAB_BUILD=1 \
  -Mdist/default/production/final-project-kangan-yuhai.X.production.map \
  --md=C:\Users\jinyu\AppData\Local\Temp\xcAskv0.dat -E1 -ver=XC8 Compiler \
  --acfsm=1493 -ACODE=00h-01FFFFh -ACONST=00h-01FFFFh \
  -ASMALLCONST=0E00h-0EFFhx498 -AMEDIUMCONST=0E00h-0FFFFh,010E00h-01FFFFh \
  -ACOMRAM=01h-05Fh -AABS1=00h-0DE9h -ABIGRAM=01h-0DE9h \
  -ARAM=060h-0FFh,0100h-01FFhx12,0D00h-0DE9h -ABANK0=060h-0FFh \
  -ABANK1=0100h-01FFh -ABANK2=0200h-02FFh -ABANK3=0300h-03FFh \
  -ABANK4=0400h-04FFh -ABANK5=0500h-05FFh -ABANK6=0600h-06FFh \
  -ABANK7=0700h-07FFh -ABANK8=0800h-08FFh -ABANK9=0900h-09FFh \
  -ABANK10=0A00h-0AFFh -ABANK11=0B00h-0BFFh -ABANK12=0C00h-0CFFh \
  -ABANK13=0D00h-0DE9h \
  -ASFR=0DEFh-0DFFh,0E00h-0EFFh,0F00h-0F5Fh,0F60h-0FFFh \
  -ABIGSFR=0DEFh-0FFFh -ACONFIG=0300000h-030000Bh -AIDLOC=0200000h-020000Fh \
  -AEEDATA=0310000h-03103FFh -peeprom_data=EEDATA \
  -preset_vec=00h,intcode=08h,intcodelo,powerup,init -pramtop=0E00h \
  -psmallconst=SMALLCONST -pmediumconst=MEDIUMCONST -pconst=CONST \
  -AFARRAM=00h-00h \
  -prdata=COMRAM,nvrram=COMRAM,nvbit=COMRAM,rbss=COMRAM,rbit=COMRAM \
  -pfarbss=FARRAM,fardata=FARRAM,nvFARRAM=FARRAM \
  -pintsave_regs=BIGRAM,bigbss=BIGRAM,bigdata=BIGRAM -pbss=RAM \
  -pidata=CODE,irdata=CODE,ibigdata=CODE,ifardata=CODE -prparam=COMRAM \
  C:\Users\jinyu\AppData\Local\Temp\xcAskv0.o \
  dist/default/production\final-project-kangan-yuhai.X.production.o 

Object code version is 3.11

Machine type is 18F67K40



                Name                               Link     Load   Length Selector   Space Scale
C:\Users\jinyu\AppData\Local\Temp\xcAskv0.o
                idloc                            200000   200000       10        0       5
                config                           300000   300000        C        0       4
                init                                 28       28        4        4       0
                reset_vec                             0        0        4        0       0
dist/default/production\final-project-kangan-yuhai.X.production.o
                intcode                               8        8       20        4       0
                idloc                            200000   200000       10        0       5
                config                           300000   300000        C        0       4
                temp                                 5F       5F        1        1       1
                smallconst                          E00      E00       14      700       0
                text72                             55F2     55F2        C      70A       0
                text71                             559A     559A       1E      70A       0
                text70                             4A42     4A42       C4      70A       0
                text69                             5476     5476       26      70A       0
                text68                             33FE     33FE      1D4      70A       0
                text67                             4BC6     4BC6       BC      70A       0
                text66                             4B06     4B06       C0      70A       0
                text65                             522E     522E       42      70A       0
                text64                             51EC     51EC       42      70A       0
                text63                             2F60     2F60      2AC      70A       0
                text62                             4102     4102      180      70A       0
                text61                             3F82     3F82      180      70A       0
                text60                             2C90     2C90      2D0      70A       0
                text59                             55D0     55D0       16      70A       0
                text58                             5424     5424       2A      70A       0
                text57                             544E     544E       28      70A       0
                text56                             5612     5612        A      70A       0
                text55                             5608     5608        A      70A       0
                text54                             55E6     55E6        C      70A       0
                text53                             555C     555C       20      70A       0
                text52                             5392     5392       34      70A       0
                text51                             51AA     51AA       42      70A       0
                text50                             471A     471A       D2      70A       0
                text49                             557C     557C       1E      70A       0
                text48                             553C     553C       20      70A       0
                text47                             551C     551C       20      70A       0
                text46                             260C     260C      39A      70A       0
                text45                             393C     393C      1B4      70A       0
                text44                             5168     5168       42      70A       0
                text43                             55FE     55FE        A      70A       0
                text42                             508E     508E       50      70A       0
                text41                             450E     450E      108      70A       0
                text40                             4616     4616      104      70A       0
                text39                             1E34     1E34      42A      70A       0
                text38                             5324     5324       38      70A       0
                text37                             1974     1974      4C0      70A       0
                text36                             50DE     50DE       46      70A       0
                text35                             225E     225E      3AE      70A       0
                text34                             52EA     52EA       3A      70A       0
                text33                             43E6     43E6      128      70A       0
                text32                             54FC     54FC       20      70A       0
                text31                             54DC     54DC       20      70A       0
                text30                             54BC     54BC       20      70A       0
                text29                             549C     549C       20      70A       0
                text28                             503E     503E       50      70A       0
                text27                             4FEE     4FEE       50      70A       0
                text26                             4F9E     4F9E       50      70A       0
                text25                             320C     320C      1F2      70A       0
                text24                             55B8     55B8       18      70A       0
                text23                             53C6     53C6       30      70A       0
                text22                             3C7A     3C7A      188      70A       0
                text21                             4282     4282      164      70A       0
                text20                             5270     5270       40      70A       0
                text19                             561E     561E        2      70A       0
                text18                             47EC     47EC       CA      70A       0
                text17                             5124     5124       44      70A       0
                text16                             535C     535C       36      70A       0
                text15                             497C     497C       C6      70A       0
                text14                             29A6     29A6      2EA      70A       0
                text13                             3788     3788      1B4      70A       0
                text12                             4E36     4E36       62      70A       0
                text11                             4F4C     4F4C       52      70A       0
                text10                             4DC6     4DC6       70      70A       0
                text9                              53F6     53F6       2E      70A       0
                text8                              4E98     4E98       5E      70A       0
                text7                              35D2     35D2      1B6      70A       0
                text6                              52B0     52B0       3A      70A       0
                text5                               E14      E14      B60      70A       0
                text4                              48B6     48B6       C6      70A       0
                text3                              4D32     4D32       94      70A       0
                text2                              3AF0     3AF0      18A      70A       0
                text1                              4C82     4C82       B0      70A       0
                text0                              3E02     3E02      180      70A       0
                cstackCOMRAM                          1        1       5E        1       1
                cstackBANK0                          60       60       98       60       1
                cstackBANK1                         1BE      1BE       41      100       1
                dataBANK1                           1FF      1FF        1      100       1
                bssBANK1                            100      100       BE      100       1
                dataBANK0                            FE       FE        2       60       1
                bssBANK0                             F8       F8        6       60       1
                cinit                              4EF6     4EF6       56      70A       0
                idataBANK1                         5620     5620        1      70A       0
                idataBANK0                         561C     561C        2      70A       0

TOTAL           Name                               Link     Load   Length     Space
        CLASS   CODE           
                intcode                               8        8       20         0
                init                                 28       28        4         0
                reset_vec                             0        0        4         0
                text72                             55F2     55F2        C         0
                text71                             559A     559A       1E         0
                text70                             4A42     4A42       C4         0
                text69                             5476     5476       26         0
                text68                             33FE     33FE      1D4         0
                text67                             4BC6     4BC6       BC         0
                text66                             4B06     4B06       C0         0
                text65                             522E     522E       42         0
                text64                             51EC     51EC       42         0
                text63                             2F60     2F60      2AC         0
                text62                             4102     4102      180         0
                text61                             3F82     3F82      180         0
                text60                             2C90     2C90      2D0         0
                text59                             55D0     55D0       16         0
                text58                             5424     5424       2A         0
                text57                             544E     544E       28         0
                text56                             5612     5612        A         0
                text55                             5608     5608        A         0
                text54                             55E6     55E6        C         0
                text53                             555C     555C       20         0
                text52                             5392     5392       34         0
                text51                             51AA     51AA       42         0
                text50                             471A     471A       D2         0
                text49                             557C     557C       1E         0
                text48                             553C     553C       20         0
                text47                             551C     551C       20         0
                text46                             260C     260C      39A         0
                text45                             393C     393C      1B4         0
                text44                             5168     5168       42         0
                text43                             55FE     55FE        A         0
                text42                             508E     508E       50         0
                text41                             450E     450E      108         0
                text40                             4616     4616      104         0
                text39                             1E34     1E34      42A         0
                text38                             5324     5324       38         0
                text37                             1974     1974      4C0         0
                text36                             50DE     50DE       46         0
                text35                             225E     225E      3AE         0
                text34                             52EA     52EA       3A         0
                text33                             43E6     43E6      128         0
                text32                             54FC     54FC       20         0
                text31                             54DC     54DC       20         0
                text30                             54BC     54BC       20         0
                text29                             549C     549C       20         0
                text28                             503E     503E       50         0
                text27                             4FEE     4FEE       50         0
                text26                             4F9E     4F9E       50         0
                text25                             320C     320C      1F2         0
                text24                             55B8     55B8       18         0
                text23                             53C6     53C6       30         0
                text22                             3C7A     3C7A      188         0
                text21                             4282     4282      164         0
                text20                             5270     5270       40         0
                text19                             561E     561E        2         0
                text18                             47EC     47EC       CA         0
                text17                             5124     5124       44         0
                text16                             535C     535C       36         0
                text15                             497C     497C       C6         0
                text14                             29A6     29A6      2EA         0
                text13                             3788     3788      1B4         0
                text12                             4E36     4E36       62         0
                text11                             4F4C     4F4C       52         0
                text10                             4DC6     4DC6       70         0
                text9                              53F6     53F6       2E         0
                text8                              4E98     4E98       5E         0
                text7                              35D2     35D2      1B6         0
                text6                              52B0     52B0       3A         0
                text5                               E14      E14      B60         0
                text4                              48B6     48B6       C6         0
                text3                              4D32     4D32       94         0
                text2                              3AF0     3AF0      18A         0
                text1                              4C82     4C82       B0         0
                text0                              3E02     3E02      180         0
                cinit                              4EF6     4EF6       56         0
                idataBANK1                         5620     5620        1         0
                idataBANK0                         561C     561C        2         0

        CLASS   CONST          

        CLASS   SMALLCONST     
                smallconst                          E00      E00       14         0

        CLASS   MEDIUMCONST    

        CLASS   COMRAM         
                temp                                 5F       5F        1         1
                cstackCOMRAM                          1        1       5E         1

        CLASS   ABS1           

        CLASS   BIGRAM         

        CLASS   RAM            

        CLASS   BANK0          
                cstackBANK0                          60       60       98         1
                dataBANK0                            FE       FE        2         1
                bssBANK0                             F8       F8        6         1

        CLASS   BANK1          
                cstackBANK1                         1BE      1BE       41         1
                dataBANK1                           1FF      1FF        1         1
                bssBANK1                            100      100       BE         1

        CLASS   BANK2          

        CLASS   BANK3          

        CLASS   BANK4          

        CLASS   BANK5          

        CLASS   BANK6          

        CLASS   BANK7          

        CLASS   BANK8          

        CLASS   BANK9          

        CLASS   BANK10         

        CLASS   BANK11         

        CLASS   BANK12         

        CLASS   BANK13         

        CLASS   SFR            

        CLASS   BIGSFR         

        CLASS   CONFIG         
                config                           300000   300000        C         4

        CLASS   IDLOC          
                idloc                            200000   200000       10         5

        CLASS   EEDATA         

        CLASS   FARRAM         

        CLASS   HEAP           

        CLASS   STACK          



SEGMENTS        Name                           Load    Length   Top    Selector   Space  Class

                reset_vec                      000000  000004  000004         0       0  CODE    
                cstackCOMRAM                   000001  00005F  000060         1       1  COMRAM  
                intcode                        000008  000024  00002C         4       0  CODE    
                cstackBANK0                    000060  0000A0  000100        60       1  BANK0   
                bssBANK1                       000100  000100  000200       100       1  BANK1   
                smallconst                     000E00  000014  000E14       700       0  SMALLCON
                text5                          000E14  00480D  005621       70A       0  CODE    


UNUSED ADDRESS RANGES

        Name                Unused          Largest block    Delta
        BANK10           000A00-000AFF              100
        BANK11           000B00-000BFF              100
        BANK12           000C00-000CFF              100
        BANK13           000D00-000DE9               EA
        BANK2            000200-0002FF              100
        BANK3            000300-0003FF              100
        BANK4            000400-0004FF              100
        BANK5            000500-0005FF              100
        BANK6            000600-0006FF              100
        BANK7            000700-0007FF              100
        BANK8            000800-0008FF              100
        BANK9            000900-0009FF              100
        BIGRAM           000200-000DE9              BEA
        BIGSFR           000DEF-000FFF              211
        CODE             000004-000007                4
                         00002C-000DFF              DD4
                         005621-01FFFF            1A9DF
        CONST            000004-000007                4
                         00002C-000DFF              DD4
                         005621-01FFFF            1A9DF
        EEDATA           310000-3103FF              400
        MEDIUMCONST      005621-00FFFF             A9DF
                         010E00-01FFFF             F200
        RAM              000200-000DE9              100
        SFR              000DEF-000FFF              100
        SMALLCONST       005621-01FFFF              100

                                  Symbol Table

?___aodiv                       cstackCOMRAM 000001
?___aomod                       cstackCOMRAM 000001
?___awdiv                       cstackCOMRAM 000007
?___fladd                       cstackCOMRAM 000001
?___fldiv                       cstackCOMRAM 00000F
?___flmul                       cstackCOMRAM 000028
?___flneg                       cstackCOMRAM 000001
?___flsub                       cstackCOMRAM 000011
?___fltol                       cstackCOMRAM 00005B
?___wmul                        cstackCOMRAM 000001
?___xxtofl                      cstackCOMRAM 000001
?_abs                           cstackCOMRAM 000013
?_amb_light_measure             cstackBANK0  00006A
?_color_read_Blue               cstackCOMRAM 000005
?_color_read_Clear              cstackCOMRAM 000005
?_color_read_Green              cstackCOMRAM 000005
?_color_read_Red                cstackCOMRAM 000005
?_dtoa                          cstackCOMRAM 00001C
?_lroundf                       cstackBANK0  000066
?_pad                           cstackCOMRAM 000011
?_roundf                        cstackCOMRAM 000041
?_sprintf                       cstackBANK0  000060
?_strlen                        cstackCOMRAM 000001
?_vfpfcnvrt                     cstackCOMRAM 000040
?_vfprintf                      cstackCOMRAM 000050
I2C_2_Master_Read@ack           cstackCOMRAM 000003
I2C_2_Master_Read@tmp           cstackCOMRAM 000004
I2C_2_Master_Write@data_byte    cstackCOMRAM 000002
_ANSELDbits                     (abs)        000EA7
_ANSELFbits                     (abs)        000EB4
_BAUD4CONbits                   (abs)        000EE9
_CALIBRATION_135                dataBANK0    0000FF
_CALIBRATION_180                dataBANK1    0001FF
_EUSART4RXbuf                   bssBANK1     000164
_EUSART4TXbuf                   bssBANK1     000100
_HighISR                        intcode      000008
_I2C_2_Master_Idle              text57       00544E
_I2C_2_Master_Init              text58       005424
_I2C_2_Master_Read              text44       005168
_I2C_2_Master_RepStart          text43       0055FE
_I2C_2_Master_Start             text56       005612
_I2C_2_Master_Stop              text55       005608
_I2C_2_Master_Write             text54       0055E6
_INTCONbits                     (abs)        000FF2
_Interrupts_init                text72       0055F2
_LATAbits                       (abs)        000F79
_LATCbits                       (abs)        000F7B
_LATDbits                       (abs)        000F7C
_LATE                           (abs)        000F7D
_LATEbits                       (abs)        000F7D
_LATFbits                       (abs)        000F7E
_LATG                           (abs)        000F7F
_LATGbits                       (abs)        000F7F
_LATHbits                       (abs)        000F80
_LED_B                          text32       0054FC
_LED_C                          text47       00551C
_LED_G                          text31       0054DC
_LED_OFF                        text30       0054BC
_LED_R                          text29       00549C
_PIE0bits                       (abs)        000E29
_PIE4bits                       (abs)        000E2D
_PIR0bits                       (abs)        000E33
_PIR4bits                       (abs)        000E37
_PORTFbits                      (abs)        000F8E
_PWM6CONbits                    (abs)        000FA4
_PWM6DCH                        (abs)        000FA3
_PWM7CONbits                    (abs)        000FA1
_PWM7DCH                        (abs)        000FA0
_RC0PPS                         (abs)        000E62
_RC4REG                         (abs)        000EE3
_RC4STAbits                     (abs)        000EE7
_RC7PPS                         (abs)        000E69
_RD5PPS                         (abs)        000E6F
_RD6PPS                         (abs)        000E70
_RE2PPS                         (abs)        000E74
_RX4PPS                         (abs)        000E15
_RxBufReadCnt                   bssBANK0     0000FC
_RxBufWriteCnt                  bssBANK0     0000FD
_SENSITIVITY                    dataBANK0    0000FE
_SP4BRGH                        (abs)        000EE6
_SP4BRGL                        (abs)        000EE5
_SSP2ADD                        (abs)        000ED6
_SSP2BUF                        (abs)        000ED5
_SSP2CLKPPS                     (abs)        000E1C
_SSP2CON1bits                   (abs)        000ED9
_SSP2CON2                       (abs)        000EDA
_SSP2CON2bits                   (abs)        000EDA
_SSP2DATPPS                     (abs)        000E1D
_SSP2STAT                       (abs)        000ED8
_T0CON0bits                     (abs)        000FD5
_T0CON1bits                     (abs)        000FD6
_T2CLKCONbits                   (abs)        000FBF
_T2CONbits                      (abs)        000FBD
_T2HLTbits                      (abs)        000FBE
_T2PR                           (abs)        000FBC
_TMR0H                          (abs)        000FD4
_TMR0L                          (abs)        000FD3
_TRISAbits                      (abs)        000F81
_TRISCbits                      (abs)        000F83
_TRISDbits                      (abs)        000F84
_TRISEbits                      (abs)        000F85
_TRISFbits                      (abs)        000F86
_TRISGbits                      (abs)        000F87
_TRISHbits                      (abs)        000F88
_TX4REG                         (abs)        000EE4
_TX4STAbits                     (abs)        000EE8
_Timer0_init                    text71       00559A
_TxBufReadCnt                   bssBANK0     0000FA
_TxBufWriteCnt                  bssBANK0     0000FB
__HRAM                          (abs)        000000
__Habs1                         abs1         000000
__Hbank0                        bank0        000000
__Hbank1                        bank1        000000
__Hbank10                       bank10       000000
__Hbank11                       bank11       000000
__Hbank12                       bank12       000000
__Hbank13                       bank13       000000
__Hbank2                        bank2        000000
__Hbank3                        bank3        000000
__Hbank4                        bank4        000000
__Hbank5                        bank5        000000
__Hbank6                        bank6        000000
__Hbank7                        bank7        000000
__Hbank8                        bank8        000000
__Hbank9                        bank9        000000
__Hbigbss                       bigbss       000000
__Hbigdata                      bigdata      000000
__Hbigram                       bigram       000000
__Hbigsfr                       bigsfr       000000
__Hbss                          bss          000000
__HbssBANK0                     bssBANK0     000000
__HbssBANK1                     bssBANK1     000000
__Hcinit                        cinit        000000
__Hclrtext                      clrtext      000000
__Hcomram                       comram       000000
__Hconfig                       config       30000C
__Hconst                        const        000000
__HcstackBANK0                  cstackBANK0  000000
__HcstackBANK1                  cstackBANK1  000000
__HcstackCOMRAM                 cstackCOMRAM 000000
__Hdata                         data         000000
__HdataBANK0                    dataBANK0    000000
__HdataBANK1                    dataBANK1    000000
__Heeprom_data                  eeprom_data  000000
__Hfarbss                       farbss       000000
__Hfardata                      fardata      000000
__Hheap                         heap         000000
__Hibigdata                     ibigdata     000000
__Hidata                        idata        000000
__HidataBANK0                   idataBANK0   000000
__HidataBANK1                   idataBANK1   000000
__Hidloc                        idloc        200010
__Hifardata                     ifardata     000000
__Hinit                         init         00002C
__Hintcode                      intcode      000028
__Hintcode_body                 intcode_body 000000
__Hintcodelo                    intcodelo    000028
__Hintentry                     intentry     000000
__Hintret                       intret       000000
__Hintsave_regs                 intsave_regs 000000
__Hirdata                       irdata       000000
__Hmediumconst                  mediumconst  000000
__HnvFARRAM                     nvFARRAM     000000
__Hnvbit                        nvbit        000000
__Hnvrram                       nvrram       000000
__Hparam                        rparam       000000
__Hpowerup                      powerup      000028
__Hram                          ram          000000
__Hramtop                       ramtop       000E00
__Hrbit                         rbit         000000
__Hrbss                         rbss         000000
__Hrdata                        rdata        000000
__Hreset_vec                    reset_vec    000004
__Hrparam                       rparam       000000
__Hsfr                          sfr          000000
__Hsmallconst                   smallconst   000E14
__Hspace_0                      (abs)        005621
__Hspace_1                      (abs)        000200
__Hspace_2                      (abs)        000000
__Hspace_4                      (abs)        60000C
__Hstack                        stack        000000
__Hstruct                       struct       000000
__Htemp                         temp         000060
__Htext                         text         000000
__Htext0                        text0        000000
__Htext1                        text1        000000
__Htext10                       text10       000000
__Htext11                       text11       000000
__Htext12                       text12       000000
__Htext13                       text13       000000
__Htext14                       text14       000000
__Htext15                       text15       000000
__Htext16                       text16       000000
__Htext17                       text17       000000
__Htext18                       text18       000000
__Htext19                       text19       000000
__Htext2                        text2        000000
__Htext20                       text20       000000
__Htext21                       text21       000000
__Htext22                       text22       000000
__Htext23                       text23       000000
__Htext24                       text24       000000
__Htext25                       text25       000000
__Htext26                       text26       000000
__Htext27                       text27       000000
__Htext28                       text28       000000
__Htext29                       text29       000000
__Htext3                        text3        000000
__Htext30                       text30       000000
__Htext31                       text31       000000
__Htext32                       text32       000000
__Htext33                       text33       000000
__Htext34                       text34       000000
__Htext35                       text35       000000
__Htext36                       text36       000000
__Htext37                       text37       000000
__Htext38                       text38       000000
__Htext39                       text39       000000
__Htext4                        text4        000000
__Htext40                       text40       000000
__Htext41                       text41       000000
__Htext42                       text42       000000
__Htext43                       text43       000000
__Htext44                       text44       000000
__Htext45                       text45       000000
__Htext46                       text46       000000
__Htext47                       text47       000000
__Htext48                       text48       000000
__Htext49                       text49       000000
__Htext5                        text5        000000
__Htext50                       text50       000000
__Htext51                       text51       000000
__Htext52                       text52       000000
__Htext53                       text53       000000
__Htext54                       text54       000000
__Htext55                       text55       000000
__Htext56                       text56       000000
__Htext57                       text57       000000
__Htext58                       text58       000000
__Htext59                       text59       000000
__Htext6                        text6        000000
__Htext60                       text60       000000
__Htext61                       text61       000000
__Htext62                       text62       000000
__Htext63                       text63       000000
__Htext64                       text64       000000
__Htext65                       text65       000000
__Htext66                       text66       000000
__Htext67                       text67       000000
__Htext68                       text68       000000
__Htext69                       text69       000000
__Htext7                        text7        000000
__Htext70                       text70       000000
__Htext71                       text71       000000
__Htext72                       text72       000000
__Htext8                        text8        000000
__Htext9                        text9        000000
__LRAM                          (abs)        000001
__Labs1                         abs1         000000
__Lbank0                        bank0        000000
__Lbank1                        bank1        000000
__Lbank10                       bank10       000000
__Lbank11                       bank11       000000
__Lbank12                       bank12       000000
__Lbank13                       bank13       000000
__Lbank2                        bank2        000000
__Lbank3                        bank3        000000
__Lbank4                        bank4        000000
__Lbank5                        bank5        000000
__Lbank6                        bank6        000000
__Lbank7                        bank7        000000
__Lbank8                        bank8        000000
__Lbank9                        bank9        000000
__Lbigbss                       bigbss       000000
__Lbigdata                      bigdata      000000
__Lbigram                       bigram       000000
__Lbigsfr                       bigsfr       000000
__Lbss                          bss          000000
__LbssBANK0                     bssBANK0     000000
__LbssBANK1                     bssBANK1     000000
__Lcinit                        cinit        000000
__Lclrtext                      clrtext      000000
__Lcomram                       comram       000000
__Lconfig                       config       000000
__Lconst                        const        000000
__LcstackBANK0                  cstackBANK0  000000
__LcstackBANK1                  cstackBANK1  000000
__LcstackCOMRAM                 cstackCOMRAM 000000
__Ldata                         data         000000
__LdataBANK0                    dataBANK0    000000
__LdataBANK1                    dataBANK1    000000
__Leeprom_data                  eeprom_data  000000
__Lfarbss                       farbss       000000
__Lfardata                      fardata      000000
__Lheap                         heap         000000
__Libigdata                     ibigdata     000000
__Lidata                        idata        000000
__LidataBANK0                   idataBANK0   000000
__LidataBANK1                   idataBANK1   000000
__Lidloc                        idloc        000000
__Lifardata                     ifardata     000000
__Linit                         init         000028
__Lintcode                      intcode      000008
__Lintcode_body                 intcode_body 000000
__Lintcodelo                    intcodelo    000028
__Lintentry                     intentry     000000
__Lintret                       intret       000000
__Lintsave_regs                 intsave_regs 000000
__Lirdata                       irdata       000000
__Lmediumconst                  mediumconst  000000
__LnvFARRAM                     nvFARRAM     000000
__Lnvbit                        nvbit        000000
__Lnvrram                       nvrram       000000
__Lparam                        rparam       000000
__Lpowerup                      powerup      000028
__Lram                          ram          000000
__Lramtop                       ramtop       000E00
__Lrbit                         rbit         000000
__Lrbss                         rbss         000000
__Lrdata                        rdata        000000
__Lreset_vec                    reset_vec    000000
__Lrparam                       rparam       000000
__Lsfr                          sfr          000000
__Lsmallconst                   smallconst   000E00
__Lspace_0                      (abs)        000000
__Lspace_1                      (abs)        000000
__Lspace_2                      (abs)        000000
__Lspace_4                      (abs)        000000
__Lstack                        stack        000000
__Lstruct                       struct       000000
__Ltemp                         temp         00005F
__Ltext                         text         000000
__Ltext0                        text0        000000
__Ltext1                        text1        000000
__Ltext10                       text10       000000
__Ltext11                       text11       000000
__Ltext12                       text12       000000
__Ltext13                       text13       000000
__Ltext14                       text14       000000
__Ltext15                       text15       000000
__Ltext16                       text16       000000
__Ltext17                       text17       000000
__Ltext18                       text18       000000
__Ltext19                       text19       000000
__Ltext2                        text2        000000
__Ltext20                       text20       000000
__Ltext21                       text21       000000
__Ltext22                       text22       000000
__Ltext23                       text23       000000
__Ltext24                       text24       000000
__Ltext25                       text25       000000
__Ltext26                       text26       000000
__Ltext27                       text27       000000
__Ltext28                       text28       000000
__Ltext29                       text29       000000
__Ltext3                        text3        000000
__Ltext30                       text30       000000
__Ltext31                       text31       000000
__Ltext32                       text32       000000
__Ltext33                       text33       000000
__Ltext34                       text34       000000
__Ltext35                       text35       000000
__Ltext36                       text36       000000
__Ltext37                       text37       000000
__Ltext38                       text38       000000
__Ltext39                       text39       000000
__Ltext4                        text4        000000
__Ltext40                       text40       000000
__Ltext41                       text41       000000
__Ltext42                       text42       000000
__Ltext43                       text43       000000
__Ltext44                       text44       000000
__Ltext45                       text45       000000
__Ltext46                       text46       000000
__Ltext47                       text47       000000
__Ltext48                       text48       000000
__Ltext49                       text49       000000
__Ltext5                        text5        000000
__Ltext50                       text50       000000
__Ltext51                       text51       000000
__Ltext52                       text52       000000
__Ltext53                       text53       000000
__Ltext54                       text54       000000
__Ltext55                       text55       000000
__Ltext56                       text56       000000
__Ltext57                       text57       000000
__Ltext58                       text58       000000
__Ltext59                       text59       000000
__Ltext6                        text6        000000
__Ltext60                       text60       000000
__Ltext61                       text61       000000
__Ltext62                       text62       000000
__Ltext63                       text63       000000
__Ltext64                       text64       000000
__Ltext65                       text65       000000
__Ltext66                       text66       000000
__Ltext67                       text67       000000
__Ltext68                       text68       000000
__Ltext69                       text69       000000
__Ltext7                        text7        000000
__Ltext70                       text70       000000
__Ltext71                       text71       000000
__Ltext72                       text72       000000
__Ltext8                        text8        000000
__Ltext9                        text9        000000
__S0                            (abs)        005621
__S1                            (abs)        000200
__S4                            (abs)        000000
__S5                            (abs)        000000
___aodiv                        text22       003C7A
___aodiv@counter                cstackCOMRAM 000011
___aodiv@dividend               cstackCOMRAM 000001
___aodiv@divisor                cstackCOMRAM 000009
___aodiv@quotient               cstackCOMRAM 000013
___aodiv@sign                   cstackCOMRAM 000012
___aomod                        text21       004282
___aomod@counter                cstackCOMRAM 000011
___aomod@dividend               cstackCOMRAM 000001
___aomod@divisor                cstackCOMRAM 000009
___aomod@sign                   cstackCOMRAM 000012
___awdiv                        text70       004A42
___awdiv@counter                cstackCOMRAM 00000B
___awdiv@dividend               cstackCOMRAM 000007
___awdiv@divisor                cstackCOMRAM 000009
___awdiv@quotient               cstackCOMRAM 00000D
___awdiv@sign                   cstackCOMRAM 00000C
___fladd                        text37       001974
___fladd@a                      cstackCOMRAM 000005
___fladd@aexp                   cstackCOMRAM 00000E
___fladd@b                      cstackCOMRAM 000001
___fladd@bexp                   cstackCOMRAM 00000F
___fladd@grs                    cstackCOMRAM 000010
___fladd@signs                  cstackCOMRAM 00000D
___fldiv                        text46       00260C
___fldiv@a                      cstackCOMRAM 000013
___fldiv@aexp                   cstackCOMRAM 000027
___fldiv@b                      cstackCOMRAM 00000F
___fldiv@bexp                   cstackCOMRAM 000026
___fldiv@grs                    cstackCOMRAM 000022
___fldiv@new_exp                cstackCOMRAM 000020
___fldiv@rem                    cstackCOMRAM 00001B
___fldiv@sign                   cstackCOMRAM 00001F
___flge                         text40       004616
___flge@ff1                     cstackCOMRAM 000001
___flge@ff2                     cstackCOMRAM 000005
___flmul                        text39       001E34
___flmul@a                      cstackCOMRAM 00002C
___flmul@aexp                   cstackCOMRAM 000039
___flmul@b                      cstackCOMRAM 000028
___flmul@bexp                   cstackCOMRAM 00003A
___flmul@grs                    cstackCOMRAM 000035
___flmul@prod                   cstackCOMRAM 00003B
___flmul@sign                   cstackCOMRAM 000034
___flmul@temp                   cstackCOMRAM 00003F
___flneg                        text38       005324
___flneg@f1                     cstackCOMRAM 000001
___flsub                        text36       0050DE
___flsub@a                      cstackCOMRAM 000015
___flsub@b                      cstackCOMRAM 000011
___fltol                        text41       00450E
___fltol@exp1                   cstackBANK0  000065
___fltol@f1                     cstackCOMRAM 00005B
___fltol@sign1                  cstackBANK0  000064
___heap_hi                      (abs)        000000
___heap_lo                      (abs)        000000
___inthi_sp                     stack        000000
___intlo_sp                     stack        000000
___param_bank                   (abs)        000000
___rparam_used                  (abs)        000001
___sp                           stack        000000
___wmul                         text69       005476
___wmul@multiplicand            cstackCOMRAM 000003
___wmul@multiplier              cstackCOMRAM 000001
___wmul@product                 cstackCOMRAM 000005
___xxtofl                       text45       00393C
___xxtofl@arg                   cstackCOMRAM 00000B
___xxtofl@exp                   cstackCOMRAM 00000A
___xxtofl@sign                  cstackCOMRAM 000009
___xxtofl@val                   cstackCOMRAM 000001
__accesstop                     (abs)        000060
__activetblptr                  (abs)        000001
__end_of_HighISR                intcode      000028
__end_of_I2C_2_Master_Idle      text57       005476
__end_of_I2C_2_Master_Init      text58       00544E
__end_of_I2C_2_Master_Read      text44       0051AA
__end_of_I2C_2_Master_RepStart  text43       005608
__end_of_I2C_2_Master_Start     text56       00561C
__end_of_I2C_2_Master_Stop      text55       005612
__end_of_I2C_2_Master_Write     text54       0055F2
__end_of_Interrupts_init        text72       0055FE
__end_of_LED_B                  text32       00551C
__end_of_LED_C                  text47       00553C
__end_of_LED_G                  text31       0054FC
__end_of_LED_OFF                text30       0054DC
__end_of_LED_R                  text29       0054BC
__end_of_Timer0_init            text71       0055B8
__end_of___aodiv                text22       003E02
__end_of___aomod                text21       0043E6
__end_of___awdiv                text70       004B06
__end_of___fladd                text37       001E34
__end_of___fldiv                text46       0029A6
__end_of___flge                 text40       00471A
__end_of___flmul                text39       00225E
__end_of___flneg                text38       00535C
__end_of___flsub                text36       005124
__end_of___fltol                text41       004616
__end_of___wmul                 text69       00549C
__end_of___xxtofl               text45       003AF0
__end_of__initialization        cinit        004F3A
__end_of_abs                    text20       0052B0
__end_of_action                 text60       002F60
__end_of_amb_light_measure      text33       00450E
__end_of_buggylight_init        text59       0055E6
__end_of_calibrate_white        text25       0033FE
__end_of_color_click_init       text52       0053C6
__end_of_color_data_collection  text7        003788
__end_of_color_display          text10       004E36
__end_of_color_predict          text9        005424
__end_of_color_read_Blue        text28       00508E
__end_of_color_read_Clear       text42       0050DE
__end_of_color_read_Green       text27       00503E
__end_of_color_read_Red         text26       004FEE
__end_of_color_writetoaddr      text53       00557C
__end_of_compare                text6        0052EA
__end_of_detect_color           text5        001974
__end_of_distance_measure       text4        00497C
__end_of_dtoa                   text14       002C90
__end_of_fputc                  text18       0048B6
__end_of_fputs                  text17       005168
__end_of_fullSpeedAhead         text3        004DC6
__end_of_fullSpeedBack          text66       004BC6
__end_of_initDCmotorsPWM        text51       0051EC
__end_of_initDCmotors_parameter text50       0047EC
__end_of_initUSART4             text49       00559A
__end_of_lroundf                text34       005324
__end_of_main                   text0        003F82
__end_of_pad                    text15       004A42
__end_of_pin_init               text48       00555C
__end_of_putch                  text19       005620
__end_of_read_color             text8        004EF6
__end_of_reverse_square         text65       005270
__end_of_roundf                 text35       00260C
__end_of_sendCharSerial4        text24       0055D0
__end_of_sendStringSerial4      text23       0053F6
__end_of_setMotorPWM            text68       0035D2
__end_of_short_reverse          text64       00522E
__end_of_sprintf                text11       004F9E
__end_of_stop                   text67       004C82
__end_of_strlen                 text16       005392
__end_of_test_function          text2        003C7A
__end_of_toggle_light           text63       00320C
__end_of_toint                  smallconst   000E05
__end_of_turnLeft               text62       004282
__end_of_turnRight              text61       004102
__end_of_verify_color           text1        004D32
__end_of_vfpfcnvrt              text13       00393C
__end_of_vfprintf               text12       004E98
__initialization                cinit        004EF6
__mediumconst                   mediumconst  000000
__pbssBANK0                     bssBANK0     0000F8
__pbssBANK1                     bssBANK1     000100
__pcinit                        cinit        004EF6
__pcstackBANK0                  cstackBANK0  000060
__pcstackBANK1                  cstackBANK1  0001BE
__pcstackCOMRAM                 cstackCOMRAM 000001
__pdataBANK0                    dataBANK0    0000FE
__pdataBANK1                    dataBANK1    0001FF
__pidataBANK0                   idataBANK0   00561C
__pidataBANK1                   idataBANK1   005620
__pintcode                      intcode      000008
__psmallconst                   smallconst   000E00
__ptext0                        text0        003E02
__ptext1                        text1        004C82
__ptext10                       text10       004DC6
__ptext11                       text11       004F4C
__ptext12                       text12       004E36
__ptext13                       text13       003788
__ptext14                       text14       0029A6
__ptext15                       text15       00497C
__ptext16                       text16       00535C
__ptext17                       text17       005124
__ptext18                       text18       0047EC
__ptext19                       text19       00561E
__ptext2                        text2        003AF0
__ptext20                       text20       005270
__ptext21                       text21       004282
__ptext22                       text22       003C7A
__ptext23                       text23       0053C6
__ptext24                       text24       0055B8
__ptext25                       text25       00320C
__ptext26                       text26       004F9E
__ptext27                       text27       004FEE
__ptext28                       text28       00503E
__ptext29                       text29       00549C
__ptext3                        text3        004D32
__ptext30                       text30       0054BC
__ptext31                       text31       0054DC
__ptext32                       text32       0054FC
__ptext33                       text33       0043E6
__ptext34                       text34       0052EA
__ptext35                       text35       00225E
__ptext36                       text36       0050DE
__ptext37                       text37       001974
__ptext38                       text38       005324
__ptext39                       text39       001E34
__ptext4                        text4        0048B6
__ptext40                       text40       004616
__ptext41                       text41       00450E
__ptext42                       text42       00508E
__ptext43                       text43       0055FE
__ptext44                       text44       005168
__ptext45                       text45       00393C
__ptext46                       text46       00260C
__ptext47                       text47       00551C
__ptext48                       text48       00553C
__ptext49                       text49       00557C
__ptext5                        text5        000E14
__ptext50                       text50       00471A
__ptext51                       text51       0051AA
__ptext52                       text52       005392
__ptext53                       text53       00555C
__ptext54                       text54       0055E6
__ptext55                       text55       005608
__ptext56                       text56       005612
__ptext57                       text57       00544E
__ptext58                       text58       005424
__ptext59                       text59       0055D0
__ptext6                        text6        0052B0
__ptext60                       text60       002C90
__ptext61                       text61       003F82
__ptext62                       text62       004102
__ptext63                       text63       002F60
__ptext64                       text64       0051EC
__ptext65                       text65       00522E
__ptext66                       text66       004B06
__ptext67                       text67       004BC6
__ptext68                       text68       0033FE
__ptext69                       text69       005476
__ptext7                        text7        0035D2
__ptext70                       text70       004A42
__ptext71                       text71       00559A
__ptext72                       text72       0055F2
__ptext8                        text8        004E98
__ptext9                        text9        0053F6
__ramtop                        ramtop       000E00
__smallconst                    smallconst   000E00
_abs                            text20       005270
_action                         text60       002C90
_amb_light_measure              text33       0043E6
_array_index                    bssBANK1     00019D
_buggylight_init                text59       0055D0
_calibrate_white                text25       00320C
_color                          bssBANK1     00019C
_color_click_init               text52       005392
_color_data_collection          text7        0035D2
_color_display                  text10       004DC6
_color_predict                  text9        0053F6
_color_read_Blue                text28       00503E
_color_read_Clear               text42       00508E
_color_read_Green               text27       004FEE
_color_read_Red                 text26       004F9E
_color_writetoaddr              text53       00555C
_compare                        text6        0052B0
_dbuf                           bssBANK1     00019E
_detect_color                   text5        000E14
_detect_color$3240              cstackBANK0  00008C
_distance_measure               text4        0048B6
_distance_measure$3241          cstackBANK0  000074
_dtoa                           text14       0029A6
_dtoa$2872                      cstackCOMRAM 00002E
_flags                          bssBANK0     0000F8
_fputc                          text18       0047EC
_fputs                          text17       005124
_fullSpeedAhead                 text3        004D32
_fullSpeedBack                  text66       004B06
_initDCmotorsPWM                text51       0051AA
_initDCmotors_parameter         text50       00471A
_initUSART4                     text49       00557C
_lroundf                        text34       0052EA
_main                           text0        003E02
_memory                         bssBANK1     00013C
_motorL                         bssBANK1     000182
_motorR                         bssBANK1     000178
_nout                           bssBANK1     000190
_pad                            text15       00497C
_pin_init                       text48       00553C
_prec                           bssBANK1     000194
_putch                          text19       00561E
_read_color                     text8        004E98
_reverse_square                 text65       00522E
_roundf                         text35       00225E
_roundf$3242                    cstackCOMRAM 00004F
_roundf$3243                    cstackCOMRAM 000049
_second                         bssBANK1     00019A
_sendCharSerial4                text24       0055B8
_sendStringSerial4              text23       0053C6
_setMotorPWM                    text68       0033FE
_short_reverse                  text64       0051EC
_sprintf                        text11       004F4C
_start_move                     bssBANK1     000198
_stop                           text67       004BC6
_stop_move                      bssBANK1     000196
_strlen                         text16       00535C
_test_function                  text2        003AF0
_toggle_light                   text63       002F60
_turnLeft                       text62       004102
_turnRight                      text61       003F82
_verify_color                   text1        004C82
_vfpfcnvrt                      text13       003788
_vfprintf                       text12       004E36
_width                          bssBANK1     000192
abs@a                           cstackCOMRAM 000013
action@color                    cstackCOMRAM 000036
action@mL                       cstackCOMRAM 000032
action@mR                       cstackCOMRAM 000034
amb_light_measure@CC_amb_1      cstackBANK0  000072
amb_light_measure@CC_amb_2      cstackBANK0  000074
amb_light_measure@CC_amb_3      cstackBANK0  000076
amb_light_measure@CC_amb_ave    cstackBANK0  000070
amb_light_measure@amb           cstackBANK0  00006A
amb_light_measure@upper_bound   cstackBANK0  00006E
btemp                           temp         00005F
calibrate_white@w               cstackCOMRAM 00000C
color_data_collection@i         cstackBANK0  0000DE
color_data_collection@j         cstackBANK0  0000E0
color_data_collection@k         cstackBANK0  0000E2
color_data_collection@m         cstackCOMRAM 00005A
color_data_collection@x         cstackBANK0  0000E4
color_display@buf               cstackBANK0  000079
color_display@m                 cstackCOMRAM 000058
color_predict@buf               cstackBANK0  000079
color_predict@color             cstackBANK0  0000DD
color_read_Blue@tmp             cstackCOMRAM 00000A
color_read_Clear@tmp            cstackCOMRAM 00000A
color_read_Green@tmp            cstackCOMRAM 00000A
color_read_Red@tmp              cstackCOMRAM 00000A
color_writetoaddr@address       cstackCOMRAM 000004
color_writetoaddr@value         cstackCOMRAM 000003
compare@lower                   cstackBANK0  00006A
compare@result                  cstackBANK0  000070
compare@upper                   cstackBANK0  00006E
compare@value2compare           cstackBANK0  00006C
detect_color@BB                 cstackBANK0  000087
detect_color@BG                 cstackBANK0  000089
detect_color@BR                 cstackBANK0  000085
detect_color@GB                 cstackBANK0  00007B
detect_color@GG                 cstackBANK0  000081
detect_color@GR                 cstackBANK0  00007F
detect_color@RB                 cstackBANK0  000079
detect_color@RG                 cstackBANK0  00007D
detect_color@RR                 cstackBANK0  000083
detect_color@color              cstackBANK0  00008B
detect_color@m                  cstackBANK0  000071
detect_color@w                  cstackBANK0  000073
distance_measure@CC_amb         cstackBANK0  000078
distance_measure@CG_amb         cstackBANK0  000072
distance_measure@amb_light      cstackBANK0  00006E
distance_measure@mL             cstackBANK0  00006A
distance_measure@mR             cstackBANK0  00006C
distance_measure@stop           cstackBANK0  00007C
distance_measure@threshold      cstackBANK0  00007A
dtoa@d                          cstackCOMRAM 00001E
dtoa@fp                         cstackCOMRAM 00001C
dtoa@i                          cstackCOMRAM 00003E
dtoa@n                          cstackCOMRAM 000036
dtoa@p                          cstackCOMRAM 000030
dtoa@s                          cstackCOMRAM 000034
dtoa@w                          cstackCOMRAM 000032
end_of_initialization           cinit        004F3A
fputc@c                         cstackCOMRAM 000001
fputc@fp                        cstackCOMRAM 000003
fputs@c                         cstackCOMRAM 00000E
fputs@fp                        cstackCOMRAM 00000C
fputs@i                         cstackCOMRAM 00000F
fputs@s                         cstackCOMRAM 00000A
fullSpeedAhead@mL               cstackCOMRAM 00001A
fullSpeedAhead@mR               cstackCOMRAM 00001C
fullSpeedBack@mL                cstackCOMRAM 000020
fullSpeedBack@mR                cstackCOMRAM 000022
initDCmotorsPWM@PWMperiod       cstackCOMRAM 000001
initDCmotors_parameter@motorL   cstackCOMRAM 000001
initDCmotors_parameter@motorR   cstackCOMRAM 000003
int$flags                       temp         00005F
intlevel0                       text         000000
intlevel1                       text         000000
intlevel2                       text         000000
intlevel3                       text         000000
isa$std                         (abs)        000001
isa$xinst                       (abs)        000000
lroundf@x                       cstackBANK0  000066
main@amb                        cstackBANK1  0001BE
main@amb_light                  cstackBANK1  0001C6
main@motorL                     cstackBANK1  0001EB
main@motorR                     cstackBANK1  0001F5
main@rgb                        cstackBANK1  0001C9
main@stop_signal                cstackBANK1  0001C8
main@white                      cstackBANK1  0001D1
pad@buf                         cstackCOMRAM 000013
pad@fp                          cstackCOMRAM 000011
pad@i                           cstackCOMRAM 000018
pad@p                           cstackCOMRAM 000015
pad@w                           cstackCOMRAM 00001A
read_color@m                    cstackCOMRAM 00000C
reverse_square@mL               cstackCOMRAM 000026
reverse_square@mR               cstackCOMRAM 000028
roundf@F527                     bssBANK1     00018C
roundf@e                        cstackCOMRAM 00004D
roundf@u                        cstackCOMRAM 000053
roundf@x                        cstackCOMRAM 000041
roundf@y                        cstackCOMRAM 000057
sendCharSerial4@charToSend      cstackCOMRAM 000001
sendStringSerial4@string        cstackCOMRAM 000002
setMotorPWM@PWMduty             cstackCOMRAM 000018
setMotorPWM@m                   cstackCOMRAM 00000F
short_reverse@mL                cstackCOMRAM 000026
short_reverse@mR                cstackCOMRAM 000028
sprintf@ap                      cstackBANK0  00006C
sprintf@f                       cstackBANK0  00006E
sprintf@fmt                     cstackBANK0  000062
sprintf@s                       cstackBANK0  000060
stackhi                         (abs)        000000
stacklo                         (abs)        000000
start                           init         000028
start_initialization            cinit        004EF6
stop@mL                         cstackCOMRAM 00001A
stop@mR                         cstackCOMRAM 00001C
strlen@a                        cstackCOMRAM 000003
strlen@s                        cstackCOMRAM 000001
test_function@amb_light         cstackBANK0  0000F0
test_function@color             cstackBANK0  0000F3
test_function@complete          cstackBANK0  0000F2
test_function@m                 cstackBANK0  0000E6
test_function@mL                cstackBANK0  0000EA
test_function@mR                cstackBANK0  0000EC
test_function@stop_signal       cstackBANK0  0000F4
test_function@test_code         cstackBANK0  0000F5
test_function@w                 cstackBANK0  0000E8
toggle_light@i                  cstackCOMRAM 000004
toggle_light@lightnumber        cstackCOMRAM 000005
toggle_light@toggletime         cstackCOMRAM 000001
ttemp5                          temp         000060
ttemp6                          temp         000063
ttemp7                          temp         000067
turnLeft@angle_left             cstackCOMRAM 000024
turnLeft@delay                  cstackCOMRAM 000030
turnLeft@delay_135              cstackCOMRAM 000026
turnLeft@delay_180              cstackCOMRAM 000028
turnLeft@i                      cstackCOMRAM 00002A
turnLeft@i_1332                 cstackCOMRAM 00002C
turnLeft@i_1333                 cstackCOMRAM 00002E
turnLeft@mL                     cstackCOMRAM 000020
turnLeft@mR                     cstackCOMRAM 000022
turnRight@angle_right           cstackCOMRAM 000024
turnRight@delay                 cstackCOMRAM 000030
turnRight@delay_135             cstackCOMRAM 000026
turnRight@delay_180             cstackCOMRAM 000028
turnRight@i                     cstackCOMRAM 00002A
turnRight@i_1357                cstackCOMRAM 00002C
turnRight@i_1358                cstackCOMRAM 00002E
turnRight@mL                    cstackCOMRAM 000020
turnRight@mR                    cstackCOMRAM 000022
verify_color@color              cstackBANK0  00009A
verify_color@color2             cstackBANK0  000098
verify_color@color3             cstackBANK0  000096
verify_color@m                  cstackBANK0  000090
verify_color@w                  cstackBANK0  000092
vfpfcnvrt@ap                    cstackCOMRAM 000044
vfpfcnvrt@fmt                   cstackCOMRAM 000042
vfpfcnvrt@fp                    cstackCOMRAM 000040
vfpfcnvrt@ll                    cstackCOMRAM 000048
vfprintf@ap                     cstackCOMRAM 000054
vfprintf@cfmt                   cstackCOMRAM 000056
vfprintf@fmt                    cstackCOMRAM 000052
vfprintf@fp                     cstackCOMRAM 000050
wtemp8                          temp         000060


MODULE INFORMATION

Module		Function		Class		Link	Load	Size
C:\Program Files\Microchip\xc8\v2.35\pic\sources\c99\common\putch.c
		_putch         		CODE           	561E	0000	2

C:\Program Files\Microchip\xc8\v2.35\pic\sources\c99\common\putch.c estimated size: 2

serial.c
		_sendStringSerial4		CODE           	53C6	0000	48
		_sendCharSerial4		CODE           	55B8	0000	24
		_initUSART4    		CODE           	557C	0000	30

serial.c estimated size: 102

timers.c
		_Timer0_init   		CODE           	559A	0000	30

timers.c estimated size: 30

color.c
		_read_color    		CODE           	4E98	0000	94
		_verify_color  		CODE           	4C82	0000	176
		_distance_measure		CODE           	48B6	0000	198
		_color_writetoaddr		CODE           	555C	0000	32
		_color_predict 		CODE           	53F6	0000	46
		_compare       		CODE           	52B0	0000	58
		_calibrate_white		CODE           	320C	0000	498
		_LED_OFF       		CODE           	54BC	0000	32
		_color_click_init		CODE           	5392	0000	52
		_detect_color  		CODE           	0E14	0000	2912
		_color_data_collection		CODE           	35D2	0000	438
		_color_read_Green		CODE           	4FEE	0000	80
		_color_read_Clear		CODE           	508E	0000	80
		_LED_R         		CODE           	549C	0000	32
		_LED_G         		CODE           	54DC	0000	32
		_color_read_Red		CODE           	4F9E	0000	80
		_amb_light_measure		CODE           	43E6	0000	296
		_buggylight_init		CODE           	55D0	0000	22
		_toggle_light  		CODE           	2F60	0000	684
		_LED_B         		CODE           	54FC	0000	32
		_color_display 		CODE           	4DC6	0000	112
		_color_read_Blue		CODE           	503E	0000	80
		_LED_C         		CODE           	551C	0000	32

color.c estimated size: 6098

C:\Program Files\Microchip\xc8\v2.35\pic\sources\c99\common\aodiv.c
		___aodiv       		CODE           	3C7A	0000	392

C:\Program Files\Microchip\xc8\v2.35\pic\sources\c99\common\aodiv.c estimated size: 392

dc_motor.c
		_fullSpeedBack 		CODE           	4B06	0000	192
		_reverse_square		CODE           	522E	0000	66
		_fullSpeedAhead		CODE           	4D32	0000	148
		_turnLeft      		CODE           	4102	0000	384
		_stop          		CODE           	4BC6	0000	188
		_initDCmotorsPWM		CODE           	51AA	0000	66
		_initDCmotors_parameter		CODE           	471A	0000	210
		_turnRight     		CODE           	3F82	0000	384
		_short_reverse 		CODE           	51EC	0000	66
		_setMotorPWM   		CODE           	33FE	0000	468

dc_motor.c estimated size: 2172

C:\Program Files\Microchip\xc8\v2.35\pic\sources\c99\common\sprcmul.c
		___flmul       		CODE           	1E34	0000	1066

C:\Program Files\Microchip\xc8\v2.35\pic\sources\c99\common\sprcmul.c estimated size: 1066

interrupts.c
		_Interrupts_init		CODE           	55F2	0000	12
		_HighISR       		CODE           	0008	0000	32

interrupts.c estimated size: 44

C:\Program Files\Microchip\xc8\v2.35\pic\sources\c99\common\nf_sprintf.c
		_sprintf       		CODE           	4F4C	0000	82

C:\Program Files\Microchip\xc8\v2.35\pic\sources\c99\common\nf_sprintf.c estimated size: 82

C:\Program Files\Microchip\xc8\v2.35\pic\sources\c99\common\sprcdiv.c
		___fldiv       		CODE           	260C	0000	922

C:\Program Files\Microchip\xc8\v2.35\pic\sources\c99\common\sprcdiv.c estimated size: 922

i2c.c
		_I2C_2_Master_Start		CODE           	5612	0000	10
		_I2C_2_Master_Read		CODE           	5168	0000	66
		_I2C_2_Master_Idle		CODE           	544E	0000	40
		_I2C_2_Master_Init		CODE           	5424	0000	42
		_I2C_2_Master_Stop		CODE           	5608	0000	10
		_I2C_2_Master_RepStart		CODE           	55FE	0000	10
		_I2C_2_Master_Write		CODE           	55E6	0000	12

i2c.c estimated size: 190

C:\Program Files\Microchip\xc8\v2.35\pic\sources\c99\common\nf_fputc.c
		_fputc         		CODE           	47EC	0000	202

C:\Program Files\Microchip\xc8\v2.35\pic\sources\c99\common\nf_fputc.c estimated size: 202

C:\Program Files\Microchip\xc8\v2.35\pic\sources\c99\common\Umul16.c
		___wmul        		CODE           	5476	0000	38

C:\Program Files\Microchip\xc8\v2.35\pic\sources\c99\common\Umul16.c estimated size: 38

C:\Program Files\Microchip\xc8\v2.35\pic\sources\c99\common\awdiv.c
		___awdiv       		CODE           	4A42	0000	196

C:\Program Files\Microchip\xc8\v2.35\pic\sources\c99\common\awdiv.c estimated size: 196

C:\Program Files\Microchip\xc8\v2.35\pic\sources\c99\common\fltol.c
		___fltol       		CODE           	450E	0000	264

C:\Program Files\Microchip\xc8\v2.35\pic\sources\c99\common\fltol.c estimated size: 264

C:\Program Files\Microchip\xc8\v2.35\pic\sources\c99\common\abs.c
		_abs           		CODE           	5270	0000	64

C:\Program Files\Microchip\xc8\v2.35\pic\sources\c99\common\abs.c estimated size: 64

C:\Program Files\Microchip\xc8\v2.35\pic\sources\c99\common\roundf.c
		_roundf        		CODE           	225E	0000	942

C:\Program Files\Microchip\xc8\v2.35\pic\sources\c99\common\roundf.c estimated size: 942

C:\Program Files\Microchip\xc8\v2.35\pic\sources\c99\common\flge.c
		___flge        		CODE           	4616	0000	260

C:\Program Files\Microchip\xc8\v2.35\pic\sources\c99\common\flge.c estimated size: 260

C:\Program Files\Microchip\xc8\v2.35\pic\sources\c99\common\sprcadd.c
		___flsub       		CODE           	50DE	0000	70
		___fladd       		CODE           	1974	0000	1216

C:\Program Files\Microchip\xc8\v2.35\pic\sources\c99\common\sprcadd.c estimated size: 1286

shared
		__initialization		CODE           	4EF6	0000	68
		_toint         		SMALLCONST     	0000	0000	0

shared estimated size: 68

C:\Program Files\Microchip\xc8\v2.35\pic\sources\c99\common\flneg.c
		___flneg       		CODE           	5324	0000	56

C:\Program Files\Microchip\xc8\v2.35\pic\sources\c99\common\flneg.c estimated size: 56

C:\Program Files\Microchip\xc8\v2.35\pic\sources\c99\common\xxtofl.c
		___xxtofl      		CODE           	393C	0000	436

C:\Program Files\Microchip\xc8\v2.35\pic\sources\c99\common\xxtofl.c estimated size: 436

test_and_calibration.c
		_test_function 		CODE           	3AF0	0000	394

test_and_calibration.c estimated size: 394

C:\Program Files\Microchip\xc8\v2.35\pic\sources\c99\common\strlen.c
		_strlen        		CODE           	535C	0000	54

C:\Program Files\Microchip\xc8\v2.35\pic\sources\c99\common\strlen.c estimated size: 54

C:\Program Files\Microchip\xc8\v2.35\pic\sources\c99\common\lroundf.c
		_lroundf       		CODE           	52EA	0000	58

C:\Program Files\Microchip\xc8\v2.35\pic\sources\c99\common\lroundf.c estimated size: 58

C:\Program Files\Microchip\xc8\v2.35\pic\sources\c99\common\aomod.c
		___aomod       		CODE           	4282	0000	356

C:\Program Files\Microchip\xc8\v2.35\pic\sources\c99\common\aomod.c estimated size: 356

C:\Program Files\Microchip\xc8\v2.35\pic\sources\c99\common\nf_fputs.c
		_fputs         		CODE           	5124	0000	68

C:\Program Files\Microchip\xc8\v2.35\pic\sources\c99\common\nf_fputs.c estimated size: 68

main.c
		_main          		CODE           	3E02	0000	384

main.c estimated size: 384

movement.c
		_action        		CODE           	2C90	0000	720
		_pin_init      		CODE           	553C	0000	32

movement.c estimated size: 752

C:\Program Files\Microchip\xc8\v2.35\pic\sources\c99\common\doprnt.c
		_vfpfcnvrt     		CODE           	3788	0000	436
		_pad           		CODE           	497C	0000	198
		_dtoa          		CODE           	29A6	0000	746
		_vfprintf      		CODE           	4E36	0000	98

C:\Program Files\Microchip\xc8\v2.35\pic\sources\c99\common\doprnt.c estimated size: 1478

