Microchip MPLAB XC8 Compiler V2.35

Linker command line:

-W-3 --edf=C:\Program Files\Microchip\xc8\v2.35\pic\dat\en_msgs.txt -cn \
  -h+dist/default/production\final-project-kangan-yuhai.X.production.sym \
  --cmf=dist/default/production\final-project-kangan-yuhai.X.production.cmf \
  -z -Q18F67K40 -oC:\Users\KANGAN~1\AppData\Local\Temp\xcAs94f0.4 \
  --defsym=__MPLAB_BUILD=1 \
  -Mdist/default/production/final-project-kangan-yuhai.X.production.map \
  --md=C:\Users\KANGAN~1\AppData\Local\Temp\xcAs94f0.dat -E1 \
  -ver=XC8 Compiler --acfsm=1493 -ACODE=00h-01FFFFh -ACONST=00h-01FFFFh \
  -ASMALLCONST=0E00h-0EFFhx498 -AMEDIUMCONST=0E00h-0FFFFh,010E00h-01FFFFh \
  -ACOMRAM=01h-05Fh -AABS1=00h-0DE9h -ABIGRAM=01h-0DE9h \
  -ARAM=060h-0FFh,0100h-01FFhx12,0D00h-0DE9h -ABANK0=060h-0FFh \
  -ABANK1=0100h-01FFh -ABANK2=0200h-02FFh -ABANK3=0300h-03FFh \
  -ABANK4=0400h-04FFh -ABANK5=0500h-05FFh -ABANK6=0600h-06FFh \
  -ABANK7=0700h-07FFh -ABANK8=0800h-08FFh -ABANK9=0900h-09FFh \
  -ABANK10=0A00h-0AFFh -ABANK11=0B00h-0BFFh -ABANK12=0C00h-0CFFh \
  -ABANK13=0D00h-0DE9h \
  -ASFR=0DEFh-0DFFh,0E00h-0EFFh,0F00h-0F5Fh,0F60h-0FFFh \
  -ABIGSFR=0DEFh-0FFFh -ACONFIG=0300000h-030000Bh -AIDLOC=0200000h-020000Fh \
  -AEEDATA=0310000h-03103FFh -peeprom_data=EEDATA \
  -preset_vec=00h,intcode=08h,intcodelo,powerup,init -pramtop=0E00h \
  -psmallconst=SMALLCONST -pmediumconst=MEDIUMCONST -pconst=CONST \
  -AFARRAM=00h-00h \
  -prdata=COMRAM,nvrram=COMRAM,nvbit=COMRAM,rbss=COMRAM,rbit=COMRAM \
  -pfarbss=FARRAM,fardata=FARRAM,nvFARRAM=FARRAM \
  -pintsave_regs=BIGRAM,bigbss=BIGRAM,bigdata=BIGRAM -pbss=RAM \
  -pidata=CODE,irdata=CODE,ibigdata=CODE,ifardata=CODE -prparam=COMRAM \
  C:\Users\KANGAN~1\AppData\Local\Temp\xcAs94f0.o \
  dist/default/production\final-project-kangan-yuhai.X.production.o 

Object code version is 3.11

Machine type is 18F67K40



                Name                               Link     Load   Length Selector   Space Scale
C:\Users\KANGAN~1\AppData\Local\Temp\xcAs94f0.o
                idloc                            200000   200000       10        0       5
                config                           300000   300000        C        0       4
                init                                 30       30        4        4       0
                reset_vec                             0        0        4        0       0
dist/default/production\final-project-kangan-yuhai.X.production.o
                intcode                               8        8       28        4       0
                idloc                            200000   200000       10        0       5
                config                           300000   300000        C        0       4
                temp                                 5F       5F        1        1       1
                smallconst                          E00      E00       14      700       0
                text73                             600E     600E        C      70A       0
                text72                             5FCC     5FCC       1E      70A       0
                text71                             5E76     5E76       2A      70A       0
                text70                             5EA0     5EA0       28      70A       0
                text69                             602E     602E        A      70A       0
                text68                             6024     6024        A      70A       0
                text67                             6002     6002        C      70A       0
                text66                             5F8E     5F8E       20      70A       0
                text65                             5DE4     5DE4       34      70A       0
                text64                             5C16     5C16       42      70A       0
                text63                             524E     524E       D2      70A       0
                text62                             5FAE     5FAE       1E      70A       0
                text61                             5DB0     5DB0       34      70A       0
                text60                             5F6E     5F6E       20      70A       0
                text59                             2D08     2D08      39A      70A       0
                text58                             40BC     40BC      1B4      70A       0
                text57                             5BD4     5BD4       42      70A       0
                text56                             601A     601A        A      70A       0
                text55                             5AB8     5AB8       50      70A       0
                text54                             4F54     4F54      108      70A       0
                text53                             505C     505C      104      70A       0
                text52                             218C     218C      42A      70A       0
                text51                             5D0C     5D0C       38      70A       0
                text50                             1CCC     1CCC      4C0      70A       0
                text49                             5B08     5B08       46      70A       0
                text48                             25B6     25B6      3AE      70A       0
                text47                             5CD2     5CD2       3A      70A       0
                text46                             3674     3674      2AC      70A       0
                text45                             4E2C     4E2C      128      70A       0
                text44                             5F4E     5F4E       20      70A       0
                text43                             5F2E     5F2E       20      70A       0
                text42                             5F0E     5F0E       20      70A       0
                text41                             5EEE     5EEE       20      70A       0
                text40                             5A68     5A68       50      70A       0
                text39                             5A18     5A18       50      70A       0
                text38                             59C8     59C8       50      70A       0
                text37                             3B2A     3B2A      20A      70A       0
                text36                             563A     563A       C4      70A       0
                text35                             5EC8     5EC8       26      70A       0
                text34                             3D34     3D34      1D4      70A       0
                text33                             5576     5576       C4      70A       0
                text32                             56FE     56FE       BE      70A       0
                text31                             4420     4420      1B0      70A       0
                text30                             4CFE     4CFE      12E      70A       0
                text29                             5160     5160       EE      70A       0
                text28                             4A52     4A52      158      70A       0
                text27                             5B92     5B92       42      70A       0
                text26                             5FEA     5FEA       18      70A       0
                text25                             5E18     5E18       30      70A       0
                text24                             4766     4766      188      70A       0
                text23                             48EE     48EE      164      70A       0
                text22                             5C58     5C58       40      70A       0
                text21                             603A     603A        2      70A       0
                text20                             5320     5320       CA      70A       0
                text19                             5B4E     5B4E       44      70A       0
                text18                             5D7A     5D7A       36      70A       0
                text17                             54B0     54B0       C6      70A       0
                text16                             3392     3392      2E2      70A       0
                text15                             3F08     3F08      1B4      70A       0
                text14                             58B6     58B6       62      70A       0
                text13                             5976     5976       52      70A       0
                text12                             5846     5846       70      70A       0
                text11                             5E48     5E48       2E      70A       0
                text10                             5918     5918       5E      70A       0
                text9                              45D0     45D0      196      70A       0
                text8                              5C98     5C98       3A      70A       0
                text7                               E14      E14      EB8      70A       0
                text6                              53EA     53EA       C6      70A       0
                text5                              4270     4270      1B0      70A       0
                text4                              4BAA     4BAA      154      70A       0
                text3                              2964     2964      3A4      70A       0
                text2                              30A2     30A2      2F0      70A       0
                text1                              57BC     57BC       8A      70A       0
                text0                              3920     3920      20A      70A       0
                cstackCOMRAM                          1        1       5E        1       1
                cstackBANK0                          60       60       A0       60       1
                cstackBANK1                         16A      16A       58      100       1
                dataBANK1                           1C2      1C2        2      100       1
                bssBANK1                            100      100       6A      100       1
                cinit                              5D44     5D44       36      70A       0
                idataBANK1                         6038     6038        2      70A       0

TOTAL           Name                               Link     Load   Length     Space
        CLASS   CODE           
                intcode                               8        8       28         0
                init                                 30       30        4         0
                reset_vec                             0        0        4         0
                text73                             600E     600E        C         0
                text72                             5FCC     5FCC       1E         0
                text71                             5E76     5E76       2A         0
                text70                             5EA0     5EA0       28         0
                text69                             602E     602E        A         0
                text68                             6024     6024        A         0
                text67                             6002     6002        C         0
                text66                             5F8E     5F8E       20         0
                text65                             5DE4     5DE4       34         0
                text64                             5C16     5C16       42         0
                text63                             524E     524E       D2         0
                text62                             5FAE     5FAE       1E         0
                text61                             5DB0     5DB0       34         0
                text60                             5F6E     5F6E       20         0
                text59                             2D08     2D08      39A         0
                text58                             40BC     40BC      1B4         0
                text57                             5BD4     5BD4       42         0
                text56                             601A     601A        A         0
                text55                             5AB8     5AB8       50         0
                text54                             4F54     4F54      108         0
                text53                             505C     505C      104         0
                text52                             218C     218C      42A         0
                text51                             5D0C     5D0C       38         0
                text50                             1CCC     1CCC      4C0         0
                text49                             5B08     5B08       46         0
                text48                             25B6     25B6      3AE         0
                text47                             5CD2     5CD2       3A         0
                text46                             3674     3674      2AC         0
                text45                             4E2C     4E2C      128         0
                text44                             5F4E     5F4E       20         0
                text43                             5F2E     5F2E       20         0
                text42                             5F0E     5F0E       20         0
                text41                             5EEE     5EEE       20         0
                text40                             5A68     5A68       50         0
                text39                             5A18     5A18       50         0
                text38                             59C8     59C8       50         0
                text37                             3B2A     3B2A      20A         0
                text36                             563A     563A       C4         0
                text35                             5EC8     5EC8       26         0
                text34                             3D34     3D34      1D4         0
                text33                             5576     5576       C4         0
                text32                             56FE     56FE       BE         0
                text31                             4420     4420      1B0         0
                text30                             4CFE     4CFE      12E         0
                text29                             5160     5160       EE         0
                text28                             4A52     4A52      158         0
                text27                             5B92     5B92       42         0
                text26                             5FEA     5FEA       18         0
                text25                             5E18     5E18       30         0
                text24                             4766     4766      188         0
                text23                             48EE     48EE      164         0
                text22                             5C58     5C58       40         0
                text21                             603A     603A        2         0
                text20                             5320     5320       CA         0
                text19                             5B4E     5B4E       44         0
                text18                             5D7A     5D7A       36         0
                text17                             54B0     54B0       C6         0
                text16                             3392     3392      2E2         0
                text15                             3F08     3F08      1B4         0
                text14                             58B6     58B6       62         0
                text13                             5976     5976       52         0
                text12                             5846     5846       70         0
                text11                             5E48     5E48       2E         0
                text10                             5918     5918       5E         0
                text9                              45D0     45D0      196         0
                text8                              5C98     5C98       3A         0
                text7                               E14      E14      EB8         0
                text6                              53EA     53EA       C6         0
                text5                              4270     4270      1B0         0
                text4                              4BAA     4BAA      154         0
                text3                              2964     2964      3A4         0
                text2                              30A2     30A2      2F0         0
                text1                              57BC     57BC       8A         0
                text0                              3920     3920      20A         0
                cinit                              5D44     5D44       36         0
                idataBANK1                         6038     6038        2         0

        CLASS   CONST          

        CLASS   SMALLCONST     
                smallconst                          E00      E00       14         0

        CLASS   MEDIUMCONST    

        CLASS   COMRAM         
                temp                                 5F       5F        1         1
                cstackCOMRAM                          1        1       5E         1

        CLASS   ABS1           

        CLASS   BIGRAM         

        CLASS   RAM            

        CLASS   BANK0          
                cstackBANK0                          60       60       A0         1

        CLASS   BANK1          
                cstackBANK1                         16A      16A       58         1
                dataBANK1                           1C2      1C2        2         1
                bssBANK1                            100      100       6A         1

        CLASS   BANK2          

        CLASS   BANK3          

        CLASS   BANK4          

        CLASS   BANK5          

        CLASS   BANK6          

        CLASS   BANK7          

        CLASS   BANK8          

        CLASS   BANK9          

        CLASS   BANK10         

        CLASS   BANK11         

        CLASS   BANK12         

        CLASS   BANK13         

        CLASS   SFR            

        CLASS   BIGSFR         

        CLASS   CONFIG         
                config                           300000   300000        C         4

        CLASS   IDLOC          
                idloc                            200000   200000       10         5

        CLASS   EEDATA         

        CLASS   FARRAM         

        CLASS   HEAP           

        CLASS   STACK          



SEGMENTS        Name                           Load    Length   Top    Selector   Space  Class

                reset_vec                      000000  000004  000004         0       0  CODE    
                cstackCOMRAM                   000001  00005F  000060         1       1  COMRAM  
                intcode                        000008  00002C  000034         4       0  CODE    
                cstackBANK0                    000060  0000A0  000100        60       1  BANK0   
                bssBANK1                       000100  0000C4  0001C4       100       1  BANK1   
                smallconst                     000E00  000014  000E14       700       0  SMALLCON
                text7                          000E14  005228  00603C       70A       0  CODE    


UNUSED ADDRESS RANGES

        Name                Unused          Largest block    Delta
        BANK1            0001C4-0001FF               3C
        BANK10           000A00-000AFF              100
        BANK11           000B00-000BFF              100
        BANK12           000C00-000CFF              100
        BANK13           000D00-000DE9               EA
        BANK2            000200-0002FF              100
        BANK3            000300-0003FF              100
        BANK4            000400-0004FF              100
        BANK5            000500-0005FF              100
        BANK6            000600-0006FF              100
        BANK7            000700-0007FF              100
        BANK8            000800-0008FF              100
        BANK9            000900-0009FF              100
        BIGRAM           0001C4-000DE9              C26
        BIGSFR           000DEF-000FFF              211
        CODE             000004-000007                4
                         000034-000DFF              DCC
                         00603C-01FFFF            19FC4
        CONST            000004-000007                4
                         000034-000DFF              DCC
                         00603C-01FFFF            19FC4
        EEDATA           310000-3103FF              400
        MEDIUMCONST      00603C-00FFFF             9FC4
                         010E00-01FFFF             F200
        RAM              0001C4-000DE9              100
        SFR              000DEF-000FFF              100
        SMALLCONST       00603C-01FFFF              100

                                  Symbol Table

?___aodiv                       cstackCOMRAM 000001
?___aomod                       cstackCOMRAM 000001
?___awdiv                       cstackCOMRAM 000007
?___fladd                       cstackCOMRAM 000001
?___fldiv                       cstackCOMRAM 00000F
?___flmul                       cstackCOMRAM 000028
?___flneg                       cstackCOMRAM 000001
?___flsub                       cstackCOMRAM 000011
?___fltol                       cstackCOMRAM 00005B
?___wmul                        cstackCOMRAM 000001
?___xxtofl                      cstackCOMRAM 000001
?_abs                           cstackCOMRAM 000013
?_amb_light_measure             cstackBANK0  00006A
?_color_read_Blue               cstackCOMRAM 000005
?_color_read_Clear              cstackCOMRAM 000005
?_color_read_Green              cstackCOMRAM 000005
?_color_read_Red                cstackCOMRAM 000005
?_dtoa                          cstackCOMRAM 00001C
?_lroundf                       cstackBANK0  000066
?_pad                           cstackCOMRAM 000011
?_roundf                        cstackCOMRAM 000041
?_setup                         cstackBANK0  000078
?_sprintf                       cstackBANK0  000060
?_strlen                        cstackCOMRAM 000001
?_vfpfcnvrt                     cstackCOMRAM 000040
?_vfprintf                      cstackCOMRAM 000050
I2C_2_Master_Read@ack           cstackCOMRAM 000003
I2C_2_Master_Read@tmp           cstackCOMRAM 000004
I2C_2_Master_Write@data_byte    cstackCOMRAM 000002
_ANSELDbits                     (abs)        000EA7
_ANSELFbits                     (abs)        000EB4
_BAUD4CONbits                   (abs)        000EE9
_HighISR                        intcode      000008
_I2C_2_Master_Idle              text70       005EA0
_I2C_2_Master_Init              text71       005E76
_I2C_2_Master_Read              text57       005BD4
_I2C_2_Master_RepStart          text56       00601A
_I2C_2_Master_Start             text69       00602E
_I2C_2_Master_Stop              text68       006024
_I2C_2_Master_Write             text67       006002
_INTCONbits                     (abs)        000FF2
_Interrupts_init                text73       00600E
_LATAbits                       (abs)        000F79
_LATCbits                       (abs)        000F7B
_LATDbits                       (abs)        000F7C
_LATE                           (abs)        000F7D
_LATEbits                       (abs)        000F7D
_LATFbits                       (abs)        000F7E
_LATG                           (abs)        000F7F
_LATGbits                       (abs)        000F7F
_LATHbits                       (abs)        000F80
_LED_B                          text44       005F4E
_LED_C                          text60       005F6E
_LED_G                          text43       005F2E
_LED_OFF                        text42       005F0E
_LED_R                          text41       005EEE
_PIE0bits                       (abs)        000E29
_PIR0bits                       (abs)        000E33
_PIR4bits                       (abs)        000E37
_PORTFbits                      (abs)        000F8E
_PWM6CONbits                    (abs)        000FA4
_PWM6DCH                        (abs)        000FA3
_PWM7CONbits                    (abs)        000FA1
_PWM7DCH                        (abs)        000FA0
_RC0PPS                         (abs)        000E62
_RC4REG                         (abs)        000EE3
_RC4STAbits                     (abs)        000EE7
_RC7PPS                         (abs)        000E69
_RD5PPS                         (abs)        000E6F
_RD6PPS                         (abs)        000E70
_RE2PPS                         (abs)        000E74
_RX4PPS                         (abs)        000E15
_SENSITIVITY                    dataBANK1    0001C2
_SP4BRGH                        (abs)        000EE6
_SP4BRGL                        (abs)        000EE5
_SSP2ADD                        (abs)        000ED6
_SSP2BUF                        (abs)        000ED5
_SSP2CLKPPS                     (abs)        000E1C
_SSP2CON1bits                   (abs)        000ED9
_SSP2CON2                       (abs)        000EDA
_SSP2CON2bits                   (abs)        000EDA
_SSP2DATPPS                     (abs)        000E1D
_SSP2STAT                       (abs)        000ED8
_T0CON0bits                     (abs)        000FD5
_T0CON1bits                     (abs)        000FD6
_T2CLKCONbits                   (abs)        000FBF
_T2CONbits                      (abs)        000FBD
_T2HLTbits                      (abs)        000FBE
_T2PR                           (abs)        000FBC
_TMR0H                          (abs)        000FD4
_TMR0L                          (abs)        000FD3
_TRISAbits                      (abs)        000F81
_TRISCbits                      (abs)        000F83
_TRISDbits                      (abs)        000F84
_TRISEbits                      (abs)        000F85
_TRISFbits                      (abs)        000F86
_TRISGbits                      (abs)        000F87
_TRISHbits                      (abs)        000F88
_TX4REG                         (abs)        000EE4
_TX4STAbits                     (abs)        000EE8
_Timer0_init                    text72       005FCC
__HRAM                          (abs)        000000
__Habs1                         abs1         000000
__Hbank0                        bank0        000000
__Hbank1                        bank1        000000
__Hbank10                       bank10       000000
__Hbank11                       bank11       000000
__Hbank12                       bank12       000000
__Hbank13                       bank13       000000
__Hbank2                        bank2        000000
__Hbank3                        bank3        000000
__Hbank4                        bank4        000000
__Hbank5                        bank5        000000
__Hbank6                        bank6        000000
__Hbank7                        bank7        000000
__Hbank8                        bank8        000000
__Hbank9                        bank9        000000
__Hbigbss                       bigbss       000000
__Hbigdata                      bigdata      000000
__Hbigram                       bigram       000000
__Hbigsfr                       bigsfr       000000
__Hbss                          bss          000000
__HbssBANK1                     bssBANK1     000000
__Hcinit                        cinit        000000
__Hclrtext                      clrtext      000000
__Hcomram                       comram       000000
__Hconfig                       config       30000C
__Hconst                        const        000000
__HcstackBANK0                  cstackBANK0  000000
__HcstackBANK1                  cstackBANK1  000000
__HcstackCOMRAM                 cstackCOMRAM 000000
__Hdata                         data         000000
__HdataBANK1                    dataBANK1    000000
__Heeprom_data                  eeprom_data  000000
__Hfarbss                       farbss       000000
__Hfardata                      fardata      000000
__Hheap                         heap         000000
__Hibigdata                     ibigdata     000000
__Hidata                        idata        000000
__HidataBANK1                   idataBANK1   000000
__Hidloc                        idloc        200010
__Hifardata                     ifardata     000000
__Hinit                         init         000034
__Hintcode                      intcode      000030
__Hintcode_body                 intcode_body 000000
__Hintcodelo                    intcodelo    000030
__Hintentry                     intentry     000000
__Hintret                       intret       000000
__Hintsave_regs                 intsave_regs 000000
__Hirdata                       irdata       000000
__Hmediumconst                  mediumconst  000000
__HnvFARRAM                     nvFARRAM     000000
__Hnvbit                        nvbit        000000
__Hnvrram                       nvrram       000000
__Hparam                        rparam       000000
__Hpowerup                      powerup      000030
__Hram                          ram          000000
__Hramtop                       ramtop       000E00
__Hrbit                         rbit         000000
__Hrbss                         rbss         000000
__Hrdata                        rdata        000000
__Hreset_vec                    reset_vec    000004
__Hrparam                       rparam       000000
__Hsfr                          sfr          000000
__Hsmallconst                   smallconst   000E14
__Hspace_0                      (abs)        00603C
__Hspace_1                      (abs)        0001C4
__Hspace_2                      (abs)        000000
__Hspace_4                      (abs)        60000C
__Hstack                        stack        000000
__Hstruct                       struct       000000
__Htemp                         temp         000060
__Htext                         text         000000
__Htext0                        text0        000000
__Htext1                        text1        000000
__Htext10                       text10       000000
__Htext11                       text11       000000
__Htext12                       text12       000000
__Htext13                       text13       000000
__Htext14                       text14       000000
__Htext15                       text15       000000
__Htext16                       text16       000000
__Htext17                       text17       000000
__Htext18                       text18       000000
__Htext19                       text19       000000
__Htext2                        text2        000000
__Htext20                       text20       000000
__Htext21                       text21       000000
__Htext22                       text22       000000
__Htext23                       text23       000000
__Htext24                       text24       000000
__Htext25                       text25       000000
__Htext26                       text26       000000
__Htext27                       text27       000000
__Htext28                       text28       000000
__Htext29                       text29       000000
__Htext3                        text3        000000
__Htext30                       text30       000000
__Htext31                       text31       000000
__Htext32                       text32       000000
__Htext33                       text33       000000
__Htext34                       text34       000000
__Htext35                       text35       000000
__Htext36                       text36       000000
__Htext37                       text37       000000
__Htext38                       text38       000000
__Htext39                       text39       000000
__Htext4                        text4        000000
__Htext40                       text40       000000
__Htext41                       text41       000000
__Htext42                       text42       000000
__Htext43                       text43       000000
__Htext44                       text44       000000
__Htext45                       text45       000000
__Htext46                       text46       000000
__Htext47                       text47       000000
__Htext48                       text48       000000
__Htext49                       text49       000000
__Htext5                        text5        000000
__Htext50                       text50       000000
__Htext51                       text51       000000
__Htext52                       text52       000000
__Htext53                       text53       000000
__Htext54                       text54       000000
__Htext55                       text55       000000
__Htext56                       text56       000000
__Htext57                       text57       000000
__Htext58                       text58       000000
__Htext59                       text59       000000
__Htext6                        text6        000000
__Htext60                       text60       000000
__Htext61                       text61       000000
__Htext62                       text62       000000
__Htext63                       text63       000000
__Htext64                       text64       000000
__Htext65                       text65       000000
__Htext66                       text66       000000
__Htext67                       text67       000000
__Htext68                       text68       000000
__Htext69                       text69       000000
__Htext7                        text7        000000
__Htext70                       text70       000000
__Htext71                       text71       000000
__Htext72                       text72       000000
__Htext73                       text73       000000
__Htext8                        text8        000000
__Htext9                        text9        000000
__LRAM                          (abs)        000001
__Labs1                         abs1         000000
__Lbank0                        bank0        000000
__Lbank1                        bank1        000000
__Lbank10                       bank10       000000
__Lbank11                       bank11       000000
__Lbank12                       bank12       000000
__Lbank13                       bank13       000000
__Lbank2                        bank2        000000
__Lbank3                        bank3        000000
__Lbank4                        bank4        000000
__Lbank5                        bank5        000000
__Lbank6                        bank6        000000
__Lbank7                        bank7        000000
__Lbank8                        bank8        000000
__Lbank9                        bank9        000000
__Lbigbss                       bigbss       000000
__Lbigdata                      bigdata      000000
__Lbigram                       bigram       000000
__Lbigsfr                       bigsfr       000000
__Lbss                          bss          000000
__LbssBANK1                     bssBANK1     000000
__Lcinit                        cinit        000000
__Lclrtext                      clrtext      000000
__Lcomram                       comram       000000
__Lconfig                       config       000000
__Lconst                        const        000000
__LcstackBANK0                  cstackBANK0  000000
__LcstackBANK1                  cstackBANK1  000000
__LcstackCOMRAM                 cstackCOMRAM 000000
__Ldata                         data         000000
__LdataBANK1                    dataBANK1    000000
__Leeprom_data                  eeprom_data  000000
__Lfarbss                       farbss       000000
__Lfardata                      fardata      000000
__Lheap                         heap         000000
__Libigdata                     ibigdata     000000
__Lidata                        idata        000000
__LidataBANK1                   idataBANK1   000000
__Lidloc                        idloc        000000
__Lifardata                     ifardata     000000
__Linit                         init         000030
__Lintcode                      intcode      000008
__Lintcode_body                 intcode_body 000000
__Lintcodelo                    intcodelo    000030
__Lintentry                     intentry     000000
__Lintret                       intret       000000
__Lintsave_regs                 intsave_regs 000000
__Lirdata                       irdata       000000
__Lmediumconst                  mediumconst  000000
__LnvFARRAM                     nvFARRAM     000000
__Lnvbit                        nvbit        000000
__Lnvrram                       nvrram       000000
__Lparam                        rparam       000000
__Lpowerup                      powerup      000030
__Lram                          ram          000000
__Lramtop                       ramtop       000E00
__Lrbit                         rbit         000000
__Lrbss                         rbss         000000
__Lrdata                        rdata        000000
__Lreset_vec                    reset_vec    000000
__Lrparam                       rparam       000000
__Lsfr                          sfr          000000
__Lsmallconst                   smallconst   000E00
__Lspace_0                      (abs)        000000
__Lspace_1                      (abs)        000000
__Lspace_2                      (abs)        000000
__Lspace_4                      (abs)        000000
__Lstack                        stack        000000
__Lstruct                       struct       000000
__Ltemp                         temp         00005F
__Ltext                         text         000000
__Ltext0                        text0        000000
__Ltext1                        text1        000000
__Ltext10                       text10       000000
__Ltext11                       text11       000000
__Ltext12                       text12       000000
__Ltext13                       text13       000000
__Ltext14                       text14       000000
__Ltext15                       text15       000000
__Ltext16                       text16       000000
__Ltext17                       text17       000000
__Ltext18                       text18       000000
__Ltext19                       text19       000000
__Ltext2                        text2        000000
__Ltext20                       text20       000000
__Ltext21                       text21       000000
__Ltext22                       text22       000000
__Ltext23                       text23       000000
__Ltext24                       text24       000000
__Ltext25                       text25       000000
__Ltext26                       text26       000000
__Ltext27                       text27       000000
__Ltext28                       text28       000000
__Ltext29                       text29       000000
__Ltext3                        text3        000000
__Ltext30                       text30       000000
__Ltext31                       text31       000000
__Ltext32                       text32       000000
__Ltext33                       text33       000000
__Ltext34                       text34       000000
__Ltext35                       text35       000000
__Ltext36                       text36       000000
__Ltext37                       text37       000000
__Ltext38                       text38       000000
__Ltext39                       text39       000000
__Ltext4                        text4        000000
__Ltext40                       text40       000000
__Ltext41                       text41       000000
__Ltext42                       text42       000000
__Ltext43                       text43       000000
__Ltext44                       text44       000000
__Ltext45                       text45       000000
__Ltext46                       text46       000000
__Ltext47                       text47       000000
__Ltext48                       text48       000000
__Ltext49                       text49       000000
__Ltext5                        text5        000000
__Ltext50                       text50       000000
__Ltext51                       text51       000000
__Ltext52                       text52       000000
__Ltext53                       text53       000000
__Ltext54                       text54       000000
__Ltext55                       text55       000000
__Ltext56                       text56       000000
__Ltext57                       text57       000000
__Ltext58                       text58       000000
__Ltext59                       text59       000000
__Ltext6                        text6        000000
__Ltext60                       text60       000000
__Ltext61                       text61       000000
__Ltext62                       text62       000000
__Ltext63                       text63       000000
__Ltext64                       text64       000000
__Ltext65                       text65       000000
__Ltext66                       text66       000000
__Ltext67                       text67       000000
__Ltext68                       text68       000000
__Ltext69                       text69       000000
__Ltext7                        text7        000000
__Ltext70                       text70       000000
__Ltext71                       text71       000000
__Ltext72                       text72       000000
__Ltext73                       text73       000000
__Ltext8                        text8        000000
__Ltext9                        text9        000000
__S0                            (abs)        00603C
__S1                            (abs)        0001C4
__S4                            (abs)        000000
__S5                            (abs)        000000
___aodiv                        text24       004766
___aodiv@counter                cstackCOMRAM 000011
___aodiv@dividend               cstackCOMRAM 000001
___aodiv@divisor                cstackCOMRAM 000009
___aodiv@quotient               cstackCOMRAM 000013
___aodiv@sign                   cstackCOMRAM 000012
___aomod                        text23       0048EE
___aomod@counter                cstackCOMRAM 000011
___aomod@dividend               cstackCOMRAM 000001
___aomod@divisor                cstackCOMRAM 000009
___aomod@sign                   cstackCOMRAM 000012
___awdiv                        text36       00563A
___awdiv@counter                cstackCOMRAM 00000B
___awdiv@dividend               cstackCOMRAM 000007
___awdiv@divisor                cstackCOMRAM 000009
___awdiv@quotient               cstackCOMRAM 00000D
___awdiv@sign                   cstackCOMRAM 00000C
___fladd                        text50       001CCC
___fladd@a                      cstackCOMRAM 000005
___fladd@aexp                   cstackCOMRAM 00000E
___fladd@b                      cstackCOMRAM 000001
___fladd@bexp                   cstackCOMRAM 00000F
___fladd@grs                    cstackCOMRAM 000010
___fladd@signs                  cstackCOMRAM 00000D
___fldiv                        text59       002D08
___fldiv@a                      cstackCOMRAM 000013
___fldiv@aexp                   cstackCOMRAM 000027
___fldiv@b                      cstackCOMRAM 00000F
___fldiv@bexp                   cstackCOMRAM 000026
___fldiv@grs                    cstackCOMRAM 000022
___fldiv@new_exp                cstackCOMRAM 000020
___fldiv@rem                    cstackCOMRAM 00001B
___fldiv@sign                   cstackCOMRAM 00001F
___flge                         text53       00505C
___flge@ff1                     cstackCOMRAM 000001
___flge@ff2                     cstackCOMRAM 000005
___flmul                        text52       00218C
___flmul@a                      cstackCOMRAM 00002C
___flmul@aexp                   cstackCOMRAM 000039
___flmul@b                      cstackCOMRAM 000028
___flmul@bexp                   cstackCOMRAM 00003A
___flmul@grs                    cstackCOMRAM 000035
___flmul@prod                   cstackCOMRAM 00003B
___flmul@sign                   cstackCOMRAM 000034
___flmul@temp                   cstackCOMRAM 00003F
___flneg                        text51       005D0C
___flneg@f1                     cstackCOMRAM 000001
___flsub                        text49       005B08
___flsub@a                      cstackCOMRAM 000015
___flsub@b                      cstackCOMRAM 000011
___fltol                        text54       004F54
___fltol@exp1                   cstackBANK0  000065
___fltol@f1                     cstackCOMRAM 00005B
___fltol@sign1                  cstackBANK0  000064
___heap_hi                      (abs)        000000
___heap_lo                      (abs)        000000
___inthi_sp                     stack        000000
___intlo_sp                     stack        000000
___param_bank                   (abs)        000000
___rparam_used                  (abs)        000001
___sp                           stack        000000
___wmul                         text35       005EC8
___wmul@multiplicand            cstackCOMRAM 000003
___wmul@multiplier              cstackCOMRAM 000001
___wmul@product                 cstackCOMRAM 000005
___xxtofl                       text58       0040BC
___xxtofl@arg                   cstackCOMRAM 00000B
___xxtofl@exp                   cstackCOMRAM 00000A
___xxtofl@sign                  cstackCOMRAM 000009
___xxtofl@val                   cstackCOMRAM 000001
__accesstop                     (abs)        000060
__activetblptr                  (abs)        000001
__end_of_HighISR                intcode      000030
__end_of_I2C_2_Master_Idle      text70       005EC8
__end_of_I2C_2_Master_Init      text71       005EA0
__end_of_I2C_2_Master_Read      text57       005C16
__end_of_I2C_2_Master_RepStart  text56       006024
__end_of_I2C_2_Master_Start     text69       006038
__end_of_I2C_2_Master_Stop      text68       00602E
__end_of_I2C_2_Master_Write     text67       00600E
__end_of_Interrupts_init        text73       00601A
__end_of_LED_B                  text44       005F6E
__end_of_LED_C                  text60       005F8E
__end_of_LED_G                  text43       005F4E
__end_of_LED_OFF                text42       005F2E
__end_of_LED_R                  text41       005F0E
__end_of_Timer0_init            text72       005FEA
__end_of___aodiv                text24       0048EE
__end_of___aomod                text23       004A52
__end_of___awdiv                text36       0056FE
__end_of___fladd                text50       00218C
__end_of___fldiv                text59       0030A2
__end_of___flge                 text53       005160
__end_of___flmul                text52       0025B6
__end_of___flneg                text51       005D44
__end_of___flsub                text49       005B4E
__end_of___fltol                text54       00505C
__end_of___wmul                 text35       005EEE
__end_of___xxtofl               text58       004270
__end_of__initialization        cinit        005D68
__end_of_abs                    text22       005C98
__end_of_amb_light_measure      text45       004F54
__end_of_calibrate_white        text37       003D34
__end_of_calibration_motor      text29       00524E
__end_of_color_click_init       text65       005E18
__end_of_color_data_collection  text9        004766
__end_of_color_display          text12       0058B6
__end_of_color_predict          text11       005E76
__end_of_color_read_Blue        text40       005AB8
__end_of_color_read_Clear       text55       005B08
__end_of_color_read_Green       text39       005A68
__end_of_color_read_Red         text38       005A18
__end_of_color_writetoaddr      text66       005FAE
__end_of_compare                text8        005CD2
__end_of_detect_color           text7        001CCC
__end_of_detect_wall            text6        0054B0
__end_of_dtoa                   text16       003674
__end_of_fputc                  text20       0053EA
__end_of_fputs                  text19       005B92
__end_of_fullSpeedAhead         text33       00563A
__end_of_fullSpeedBack          text4        004CFE
__end_of_goback                 text3        002D08
__end_of_initDCmotorsPWM        text64       005C58
__end_of_initDCmotors_parameter text63       005320
__end_of_initUSART4             text62       005FCC
__end_of_lroundf                text47       005D0C
__end_of_main                   text0        003B2A
__end_of_pad                    text17       005576
__end_of_pin_init               text61       005DE4
__end_of_putch                  text21       00603C
__end_of_read_color             text10       005976
__end_of_roundf                 text48       002964
__end_of_sendCharSerial4        text26       006002
__end_of_sendStringSerial4      text25       005E48
__end_of_setMotorPWM            text34       003F08
__end_of_setup                  text28       004BAA
__end_of_short_burst            text27       005BD4
__end_of_sprintf                text13       0059C8
__end_of_stop                   text32       0057BC
__end_of_strlen                 text18       005DB0
__end_of_test_action            text30       004E2C
__end_of_test_function          text5        004420
__end_of_toggle_light           text46       003920
__end_of_toint                  smallconst   000E05
__end_of_turn45                 text31       0045D0
__end_of_turning_action         text2        003392
__end_of_verify_color           text1        005846
__end_of_vfpfcnvrt              text15       0040BC
__end_of_vfprintf               text14       005918
__initialization                cinit        005D44
__mediumconst                   mediumconst  000000
__pbssBANK1                     bssBANK1     000100
__pcinit                        cinit        005D44
__pcstackBANK0                  cstackBANK0  000060
__pcstackBANK1                  cstackBANK1  00016A
__pcstackCOMRAM                 cstackCOMRAM 000001
__pdataBANK1                    dataBANK1    0001C2
__pidataBANK1                   idataBANK1   006038
__pintcode                      intcode      000008
__psmallconst                   smallconst   000E00
__ptext0                        text0        003920
__ptext1                        text1        0057BC
__ptext10                       text10       005918
__ptext11                       text11       005E48
__ptext12                       text12       005846
__ptext13                       text13       005976
__ptext14                       text14       0058B6
__ptext15                       text15       003F08
__ptext16                       text16       003392
__ptext17                       text17       0054B0
__ptext18                       text18       005D7A
__ptext19                       text19       005B4E
__ptext2                        text2        0030A2
__ptext20                       text20       005320
__ptext21                       text21       00603A
__ptext22                       text22       005C58
__ptext23                       text23       0048EE
__ptext24                       text24       004766
__ptext25                       text25       005E18
__ptext26                       text26       005FEA
__ptext27                       text27       005B92
__ptext28                       text28       004A52
__ptext29                       text29       005160
__ptext3                        text3        002964
__ptext30                       text30       004CFE
__ptext31                       text31       004420
__ptext32                       text32       0056FE
__ptext33                       text33       005576
__ptext34                       text34       003D34
__ptext35                       text35       005EC8
__ptext36                       text36       00563A
__ptext37                       text37       003B2A
__ptext38                       text38       0059C8
__ptext39                       text39       005A18
__ptext4                        text4        004BAA
__ptext40                       text40       005A68
__ptext41                       text41       005EEE
__ptext42                       text42       005F0E
__ptext43                       text43       005F2E
__ptext44                       text44       005F4E
__ptext45                       text45       004E2C
__ptext46                       text46       003674
__ptext47                       text47       005CD2
__ptext48                       text48       0025B6
__ptext49                       text49       005B08
__ptext5                        text5        004270
__ptext50                       text50       001CCC
__ptext51                       text51       005D0C
__ptext52                       text52       00218C
__ptext53                       text53       00505C
__ptext54                       text54       004F54
__ptext55                       text55       005AB8
__ptext56                       text56       00601A
__ptext57                       text57       005BD4
__ptext58                       text58       0040BC
__ptext59                       text59       002D08
__ptext6                        text6        0053EA
__ptext60                       text60       005F6E
__ptext61                       text61       005DB0
__ptext62                       text62       005FAE
__ptext63                       text63       00524E
__ptext64                       text64       005C16
__ptext65                       text65       005DE4
__ptext66                       text66       005F8E
__ptext67                       text67       006002
__ptext68                       text68       006024
__ptext69                       text69       00602E
__ptext7                        text7        000E14
__ptext70                       text70       005EA0
__ptext71                       text71       005E76
__ptext72                       text72       005FCC
__ptext73                       text73       00600E
__ptext8                        text8        005C98
__ptext9                        text9        0045D0
__ramtop                        ramtop       000E00
__smallconst                    smallconst   000E00
_abs                            text22       005C58
_amb_light_measure              text45       004E2C
_array_index                    bssBANK1     000149
_calibrate_white                text37       003B2A
_calibration_motor              text29       005160
_centisecond                    bssBANK1     000146
_color                          bssBANK1     000148
_color_click_init               text65       005DE4
_color_data_collection          text9        0045D0
_color_display                  text12       005846
_color_predict                  text11       005E48
_color_read_Blue                text40       005A68
_color_read_Clear               text55       005AB8
_color_read_Green               text39       005A18
_color_read_Red                 text38       0059C8
_color_writetoaddr              text66       005F8E
_compare                        text8        005C98
_dbuf                           bssBANK1     00014A
_detect_color                   text7        000E14
_detect_color$2948              cstackBANK0  0000FA
_detect_wall                    text6        0053EA
_detect_wall$2949               cstackBANK0  000074
_dtoa                           text16       003392
_dtoa$2620                      cstackCOMRAM 00002E
_flags                          bssBANK1     000144
_fputc                          text20       005320
_fputs                          text19       005B4E
_fullSpeedAhead                 text33       005576
_fullSpeedBack                  text4        004BAA
_goback                         text3        002964
_initDCmotorsPWM                text64       005C16
_initDCmotors_parameter         text63       00524E
_initUSART4                     text62       005FAE
_lroundf                        text47       005CD2
_main                           text0        003920
_memory                         bssBANK1     000100
_motorL                         bssBANK1     000131
_motorR                         bssBANK1     000128
_nout                           bssBANK1     00013E
_pad                            text17       0054B0
_pin_init                       text61       005DB0
_prec                           bssBANK1     000142
_putch                          text21       00603A
_read_color                     text10       005918
_roundf                         text48       0025B6
_roundf$2950                    cstackCOMRAM 00004F
_roundf$2951                    cstackCOMRAM 000049
_sendCharSerial4                text26       005FEA
_sendStringSerial4              text25       005E18
_setMotorPWM                    text34       003D34
_setup                          text28       004A52
_short_burst                    text27       005B92
_sprintf                        text13       005976
_stop                           text32       0056FE
_strlen                         text18       005D7A
_test_action                    text30       004CFE
_test_function                  text5        004270
_toggle_light                   text46       003674
_turn45                         text31       004420
_turning_action                 text2        0030A2
_verify_color                   text1        0057BC
_vfpfcnvrt                      text15       003F08
_vfprintf                       text14       0058B6
_width                          bssBANK1     000140
abs@a                           cstackCOMRAM 000013
amb_light_measure@CC_amb_1      cstackBANK0  000072
amb_light_measure@CC_amb_2      cstackBANK0  000074
amb_light_measure@CC_amb_3      cstackBANK0  000076
amb_light_measure@CC_amb_ave    cstackBANK0  000070
amb_light_measure@amb           cstackBANK0  00006A
amb_light_measure@upper_bound   cstackBANK0  00006E
btemp                           temp         00005F
calibrate_white@w               cstackCOMRAM 00000C
calibration_motor@mL            cstackCOMRAM 000033
calibration_motor@mR            cstackCOMRAM 000035
color_data_collection@i         cstackBANK0  0000DE
color_data_collection@j         cstackBANK0  0000E0
color_data_collection@k         cstackBANK0  0000E2
color_data_collection@m         cstackCOMRAM 00005A
color_data_collection@x         cstackBANK0  0000E4
color_display@buf               cstackBANK0  000079
color_display@m                 cstackCOMRAM 000058
color_predict@buf               cstackBANK0  000079
color_predict@color             cstackBANK0  0000DD
color_read_Blue@tmp             cstackCOMRAM 00000A
color_read_Clear@tmp            cstackCOMRAM 00000A
color_read_Green@tmp            cstackCOMRAM 00000A
color_read_Red@tmp              cstackCOMRAM 00000A
color_writetoaddr@address       cstackCOMRAM 000004
color_writetoaddr@value         cstackCOMRAM 000003
compare@lower                   cstackBANK0  00006A
compare@result                  cstackBANK0  000070
compare@upper                   cstackBANK0  00006E
compare@value2compare           cstackBANK0  00006C
detect_color@BB                 cstackBANK0  0000EF
detect_color@BC                 cstackBANK0  0000E5
detect_color@BG                 cstackBANK0  0000F6
detect_color@BR                 cstackBANK0  0000E9
detect_color@GB                 cstackBANK0  0000F1
detect_color@GG                 cstackBANK0  0000F3
detect_color@GR                 cstackBANK0  0000EB
detect_color@RB                 cstackBANK0  0000ED
detect_color@RG                 cstackBANK0  0000E7
detect_color@RR                 cstackBANK0  0000F8
detect_color@buf                cstackBANK0  000081
detect_color@color              cstackBANK0  0000F5
detect_color@m                  cstackBANK0  000079
detect_color@w                  cstackBANK0  00007B
detect_wall@CC_amb              cstackBANK0  000078
detect_wall@CG_amb              cstackBANK0  000072
detect_wall@amb_light           cstackBANK0  00006E
detect_wall@mL                  cstackBANK0  00006A
detect_wall@mR                  cstackBANK0  00006C
detect_wall@stop                cstackBANK0  00007C
detect_wall@threshold           cstackBANK0  00007A
dtoa@d                          cstackCOMRAM 00001E
dtoa@fp                         cstackCOMRAM 00001C
dtoa@i                          cstackCOMRAM 00003E
dtoa@n                          cstackCOMRAM 000036
dtoa@p                          cstackCOMRAM 000030
dtoa@s                          cstackCOMRAM 000034
dtoa@w                          cstackCOMRAM 000032
end_of_initialization           cinit        005D68
fputc@c                         cstackCOMRAM 000001
fputc@fp                        cstackCOMRAM 000003
fputs@c                         cstackCOMRAM 00000E
fputs@fp                        cstackCOMRAM 00000C
fputs@i                         cstackCOMRAM 00000F
fputs@s                         cstackCOMRAM 00000A
fullSpeedAhead@mL               cstackCOMRAM 00001A
fullSpeedAhead@mR               cstackCOMRAM 00001C
fullSpeedBack@instruction       cstackCOMRAM 000024
fullSpeedBack@mL                cstackCOMRAM 000020
fullSpeedBack@mR                cstackCOMRAM 000022
goback@i                        cstackCOMRAM 000033
goback@mL                       cstackCOMRAM 00002D
goback@mR                       cstackCOMRAM 00002F
initDCmotorsPWM@PWMperiod       cstackCOMRAM 000001
initDCmotors_parameter@motorL   cstackCOMRAM 000001
initDCmotors_parameter@motorR   cstackCOMRAM 000003
int$flags                       temp         00005F
intlevel0                       text         000000
intlevel1                       text         000000
intlevel2                       text         000000
intlevel3                       text         000000
isa$std                         (abs)        000001
isa$xinst                       (abs)        000000
lroundf@x                       cstackBANK0  000066
main@accident                   cstackBANK1  00018B
main@amb                        cstackBANK1  00017C
main@amb_light                  cstackBANK1  000184
main@motorL                     cstackBANK1  0001B0
main@motorR                     cstackBANK1  0001B9
main@rgb                        cstackBANK1  00018C
main@start_time                 cstackBANK1  000187
main@stop_signal                cstackBANK1  000186
main@stop_time                  cstackBANK1  000189
main@white                      cstackBANK1  000194
pad@buf                         cstackCOMRAM 000013
pad@fp                          cstackCOMRAM 000011
pad@i                           cstackCOMRAM 000018
pad@p                           cstackCOMRAM 000015
pad@w                           cstackCOMRAM 00001A
read_color@m                    cstackCOMRAM 00000C
roundf@F527                     bssBANK1     00013A
roundf@e                        cstackCOMRAM 00004D
roundf@u                        cstackCOMRAM 000053
roundf@x                        cstackCOMRAM 000041
roundf@y                        cstackCOMRAM 000057
sendCharSerial4@charToSend      cstackCOMRAM 000001
sendStringSerial4@string        cstackCOMRAM 000002
setMotorPWM@PWMduty             cstackCOMRAM 000018
setMotorPWM@m                   cstackCOMRAM 00000F
setup@amb                       cstackBANK0  00007A
setup@amb_light                 cstackBANK0  000082
setup@mL                        cstackBANK0  00007C
setup@mR                        cstackBANK0  00007E
setup@white                     cstackBANK0  000078
short_burst@mL                  cstackCOMRAM 000020
short_burst@mR                  cstackCOMRAM 000022
sprintf@ap                      cstackBANK0  00006C
sprintf@f                       cstackBANK0  00006E
sprintf@fmt                     cstackBANK0  000062
sprintf@s                       cstackBANK0  000060
stackhi                         (abs)        000000
stacklo                         (abs)        000000
start                           init         000030
start_initialization            cinit        005D44
stop@mL                         cstackCOMRAM 00001A
stop@mR                         cstackCOMRAM 00001C
strlen@a                        cstackCOMRAM 000003
strlen@s                        cstackCOMRAM 000001
test_action@mL                  cstackCOMRAM 00002D
test_action@mR                  cstackCOMRAM 00002F
test_function@amb_light         cstackBANK1  000172
test_function@color             cstackBANK1  000175
test_function@complete          cstackBANK1  000174
test_function@m                 cstackBANK1  00016A
test_function@mL                cstackBANK1  00016E
test_function@mR                cstackBANK1  000170
test_function@stop_signal       cstackBANK1  000176
test_function@test_code         cstackBANK1  000177
test_function@w                 cstackBANK1  00016C
toggle_light@i                  cstackCOMRAM 000004
toggle_light@lightnumber        cstackCOMRAM 000005
toggle_light@toggletime         cstackCOMRAM 000001
ttemp5                          temp         000060
ttemp6                          temp         000063
ttemp7                          temp         000067
turn45@direction                cstackCOMRAM 000025
turn45@i                        cstackCOMRAM 00002C
turn45@i_1335                   cstackCOMRAM 000028
turn45@i_1337                   cstackCOMRAM 00002A
turn45@mL                       cstackCOMRAM 000020
turn45@mR                       cstackCOMRAM 000022
turn45@turn_time                cstackCOMRAM 000024
turning_action@color            cstackCOMRAM 000039
turning_action@mL               cstackCOMRAM 000035
turning_action@mR               cstackCOMRAM 000037
verify_color@color              cstackBANK1  000170
verify_color@color2             cstackBANK1  00016E
verify_color@m                  cstackBANK1  00016A
verify_color@w                  cstackBANK1  00016C
vfpfcnvrt@ap                    cstackCOMRAM 000044
vfpfcnvrt@fmt                   cstackCOMRAM 000042
vfpfcnvrt@fp                    cstackCOMRAM 000040
vfpfcnvrt@ll                    cstackCOMRAM 000048
vfprintf@ap                     cstackCOMRAM 000054
vfprintf@cfmt                   cstackCOMRAM 000056
vfprintf@fmt                    cstackCOMRAM 000052
vfprintf@fp                     cstackCOMRAM 000050
wtemp8                          temp         000060


MODULE INFORMATION

Module		Function		Class		Link	Load	Size
C:\Program Files\Microchip\xc8\v2.35\pic\sources\c99\common\putch.c
		_putch         		CODE           	603A	0000	2

C:\Program Files\Microchip\xc8\v2.35\pic\sources\c99\common\putch.c estimated size: 2

serial.c
		_sendStringSerial4		CODE           	5E18	0000	48
		_sendCharSerial4		CODE           	5FEA	0000	24
		_initUSART4    		CODE           	5FAE	0000	30

serial.c estimated size: 102

timers.c
		_Timer0_init   		CODE           	5FCC	0000	30

timers.c estimated size: 30

color.c
		_read_color    		CODE           	5918	0000	94
		_verify_color  		CODE           	57BC	0000	138
		_color_writetoaddr		CODE           	5F8E	0000	32
		_color_predict 		CODE           	5E48	0000	46
		_compare       		CODE           	5C98	0000	58
		_calibrate_white		CODE           	3B2A	0000	522
		_LED_OFF       		CODE           	5F0E	0000	32
		_color_click_init		CODE           	5DE4	0000	52
		_detect_wall   		CODE           	53EA	0000	198
		_detect_color  		CODE           	0E14	0000	3768
		_color_read_Green		CODE           	5A18	0000	80
		_color_read_Clear		CODE           	5AB8	0000	80
		_LED_R         		CODE           	5EEE	0000	32
		_pin_init      		CODE           	5DB0	0000	52
		_LED_G         		CODE           	5F2E	0000	32
		_color_read_Red		CODE           	59C8	0000	80
		_amb_light_measure		CODE           	4E2C	0000	296
		_toggle_light  		CODE           	3674	0000	684
		_LED_B         		CODE           	5F4E	0000	32
		_color_display 		CODE           	5846	0000	112
		_color_read_Blue		CODE           	5A68	0000	80
		_LED_C         		CODE           	5F6E	0000	32

color.c estimated size: 6532

C:\Program Files\Microchip\xc8\v2.35\pic\sources\c99\common\aodiv.c
		___aodiv       		CODE           	4766	0000	392

C:\Program Files\Microchip\xc8\v2.35\pic\sources\c99\common\aodiv.c estimated size: 392

dc_motor.c
		_fullSpeedBack 		CODE           	4BAA	0000	340
		_fullSpeedAhead		CODE           	5576	0000	196
		_stop          		CODE           	56FE	0000	190
		_initDCmotorsPWM		CODE           	5C16	0000	66
		_initDCmotors_parameter		CODE           	524E	0000	210
		_turn45        		CODE           	4420	0000	432
		_setMotorPWM   		CODE           	3D34	0000	468

dc_motor.c estimated size: 1902

C:\Program Files\Microchip\xc8\v2.35\pic\sources\c99\common\sprcmul.c
		___flmul       		CODE           	218C	0000	1066

C:\Program Files\Microchip\xc8\v2.35\pic\sources\c99\common\sprcmul.c estimated size: 1066

interrupts.c
		_Interrupts_init		CODE           	600E	0000	12
		_HighISR       		CODE           	0008	0000	40

interrupts.c estimated size: 52

C:\Program Files\Microchip\xc8\v2.35\pic\sources\c99\common\nf_sprintf.c
		_sprintf       		CODE           	5976	0000	82

C:\Program Files\Microchip\xc8\v2.35\pic\sources\c99\common\nf_sprintf.c estimated size: 82

C:\Program Files\Microchip\xc8\v2.35\pic\sources\c99\common\sprcdiv.c
		___fldiv       		CODE           	2D08	0000	922

C:\Program Files\Microchip\xc8\v2.35\pic\sources\c99\common\sprcdiv.c estimated size: 922

i2c.c
		_I2C_2_Master_Start		CODE           	602E	0000	10
		_I2C_2_Master_Read		CODE           	5BD4	0000	66
		_I2C_2_Master_Idle		CODE           	5EA0	0000	40
		_I2C_2_Master_Init		CODE           	5E76	0000	42
		_I2C_2_Master_Stop		CODE           	6024	0000	10
		_I2C_2_Master_RepStart		CODE           	601A	0000	10
		_I2C_2_Master_Write		CODE           	6002	0000	12

i2c.c estimated size: 190

C:\Program Files\Microchip\xc8\v2.35\pic\sources\c99\common\nf_fputc.c
		_fputc         		CODE           	5320	0000	202

C:\Program Files\Microchip\xc8\v2.35\pic\sources\c99\common\nf_fputc.c estimated size: 202

C:\Program Files\Microchip\xc8\v2.35\pic\sources\c99\common\Umul16.c
		___wmul        		CODE           	5EC8	0000	38

C:\Program Files\Microchip\xc8\v2.35\pic\sources\c99\common\Umul16.c estimated size: 38

C:\Program Files\Microchip\xc8\v2.35\pic\sources\c99\common\awdiv.c
		___awdiv       		CODE           	563A	0000	196

C:\Program Files\Microchip\xc8\v2.35\pic\sources\c99\common\awdiv.c estimated size: 196

C:\Program Files\Microchip\xc8\v2.35\pic\sources\c99\common\fltol.c
		___fltol       		CODE           	4F54	0000	264

C:\Program Files\Microchip\xc8\v2.35\pic\sources\c99\common\fltol.c estimated size: 264

C:\Program Files\Microchip\xc8\v2.35\pic\sources\c99\common\abs.c
		_abs           		CODE           	5C58	0000	64

C:\Program Files\Microchip\xc8\v2.35\pic\sources\c99\common\abs.c estimated size: 64

C:\Program Files\Microchip\xc8\v2.35\pic\sources\c99\common\roundf.c
		_roundf        		CODE           	25B6	0000	942

C:\Program Files\Microchip\xc8\v2.35\pic\sources\c99\common\roundf.c estimated size: 942

C:\Program Files\Microchip\xc8\v2.35\pic\sources\c99\common\flge.c
		___flge        		CODE           	505C	0000	260

C:\Program Files\Microchip\xc8\v2.35\pic\sources\c99\common\flge.c estimated size: 260

C:\Program Files\Microchip\xc8\v2.35\pic\sources\c99\common\sprcadd.c
		___flsub       		CODE           	5B08	0000	70
		___fladd       		CODE           	1CCC	0000	1216

C:\Program Files\Microchip\xc8\v2.35\pic\sources\c99\common\sprcadd.c estimated size: 1286

shared
		__initialization		CODE           	5D44	0000	36
		_toint         		SMALLCONST     	0000	0000	0

shared estimated size: 36

C:\Program Files\Microchip\xc8\v2.35\pic\sources\c99\common\flneg.c
		___flneg       		CODE           	5D0C	0000	56

C:\Program Files\Microchip\xc8\v2.35\pic\sources\c99\common\flneg.c estimated size: 56

C:\Program Files\Microchip\xc8\v2.35\pic\sources\c99\common\xxtofl.c
		___xxtofl      		CODE           	40BC	0000	436

C:\Program Files\Microchip\xc8\v2.35\pic\sources\c99\common\xxtofl.c estimated size: 436

test_and_calibration.c
		_calibration_motor		CODE           	5160	0000	238
		_test_action   		CODE           	4CFE	0000	302
		_color_data_collection		CODE           	45D0	0000	406
		_test_function 		CODE           	4270	0000	432
		_setup         		CODE           	4A52	0000	344

test_and_calibration.c estimated size: 1722

C:\Program Files\Microchip\xc8\v2.35\pic\sources\c99\common\strlen.c
		_strlen        		CODE           	5D7A	0000	54

C:\Program Files\Microchip\xc8\v2.35\pic\sources\c99\common\strlen.c estimated size: 54

C:\Program Files\Microchip\xc8\v2.35\pic\sources\c99\common\lroundf.c
		_lroundf       		CODE           	5CD2	0000	58

C:\Program Files\Microchip\xc8\v2.35\pic\sources\c99\common\lroundf.c estimated size: 58

C:\Program Files\Microchip\xc8\v2.35\pic\sources\c99\common\aomod.c
		___aomod       		CODE           	48EE	0000	356

C:\Program Files\Microchip\xc8\v2.35\pic\sources\c99\common\aomod.c estimated size: 356

C:\Program Files\Microchip\xc8\v2.35\pic\sources\c99\common\nf_fputs.c
		_fputs         		CODE           	5B4E	0000	68

C:\Program Files\Microchip\xc8\v2.35\pic\sources\c99\common\nf_fputs.c estimated size: 68

main.c
		_main          		CODE           	3920	0000	522

main.c estimated size: 522

movement.c
		_short_burst   		CODE           	5B92	0000	66
		_turning_action		CODE           	30A2	0000	752
		_goback        		CODE           	2964	0000	932

movement.c estimated size: 1750

C:\Program Files\Microchip\xc8\v2.35\pic\sources\c99\common\doprnt.c
		_vfpfcnvrt     		CODE           	3F08	0000	436
		_pad           		CODE           	54B0	0000	198
		_dtoa          		CODE           	3392	0000	738
		_vfprintf      		CODE           	58B6	0000	98

C:\Program Files\Microchip\xc8\v2.35\pic\sources\c99\common\doprnt.c estimated size: 1470

