Microchip MPLAB XC8 Compiler V2.35

Linker command line:

-W-3 --edf=C:\Program Files\Microchip\xc8\v2.35\pic\dat\en_msgs.txt -cn \
  -h+dist/default/production\final-project-kangan-yuhai.X.production.sym \
  --cmf=dist/default/production\final-project-kangan-yuhai.X.production.cmf \
  -z -Q18F67K40 -oC:\Users\KANGAN~1\AppData\Local\Temp\xcAs33s.4 \
  --defsym=__MPLAB_BUILD=1 \
  -Mdist/default/production/final-project-kangan-yuhai.X.production.map \
  --md=C:\Users\KANGAN~1\AppData\Local\Temp\xcAs33s.dat -E1 \
  -ver=XC8 Compiler --acfsm=1493 -ACODE=00h-01FFFFh -ACONST=00h-01FFFFh \
  -ASMALLCONST=0E00h-0EFFhx498 -AMEDIUMCONST=0E00h-0FFFFh,010E00h-01FFFFh \
  -ACOMRAM=01h-05Fh -AABS1=00h-0DE9h -ABIGRAM=01h-0DE9h \
  -ARAM=060h-0FFh,0100h-01FFhx12,0D00h-0DE9h -ABANK0=060h-0FFh \
  -ABANK1=0100h-01FFh -ABANK2=0200h-02FFh -ABANK3=0300h-03FFh \
  -ABANK4=0400h-04FFh -ABANK5=0500h-05FFh -ABANK6=0600h-06FFh \
  -ABANK7=0700h-07FFh -ABANK8=0800h-08FFh -ABANK9=0900h-09FFh \
  -ABANK10=0A00h-0AFFh -ABANK11=0B00h-0BFFh -ABANK12=0C00h-0CFFh \
  -ABANK13=0D00h-0DE9h \
  -ASFR=0DEFh-0DFFh,0E00h-0EFFh,0F00h-0F5Fh,0F60h-0FFFh \
  -ABIGSFR=0DEFh-0FFFh -ACONFIG=0300000h-030000Bh -AIDLOC=0200000h-020000Fh \
  -AEEDATA=0310000h-03103FFh -peeprom_data=EEDATA \
  -preset_vec=00h,intcode,intcodelo,powerup,init -pramtop=0E00h \
  -psmallconst=SMALLCONST -pmediumconst=MEDIUMCONST -pconst=CONST \
  -AFARRAM=00h-00h \
  -prdata=COMRAM,nvrram=COMRAM,nvbit=COMRAM,rbss=COMRAM,rbit=COMRAM \
  -pfarbss=FARRAM,fardata=FARRAM,nvFARRAM=FARRAM \
  -pintsave_regs=BIGRAM,bigbss=BIGRAM,bigdata=BIGRAM -pbss=RAM \
  -pidata=CODE,irdata=CODE,ibigdata=CODE,ifardata=CODE -prparam=COMRAM \
  C:\Users\KANGAN~1\AppData\Local\Temp\xcAs33s.o \
  dist/default/production\final-project-kangan-yuhai.X.production.o 

Object code version is 3.11

Machine type is 18F67K40



                Name                               Link     Load   Length Selector   Space Scale
C:\Users\KANGAN~1\AppData\Local\Temp\xcAs33s.o
                idloc                            200000   200000       10        0       5
                config                           300000   300000        C        0       4
                init                                  0        0        4        0       0
dist/default/production\final-project-kangan-yuhai.X.production.o
                idloc                            200000   200000       10        0       5
                config                           300000   300000        C        0       4
                smallconst                          E00      E00       12      700       0
                text32                             1C54     1C54       2A      709       0
                text31                             1C7E     1C7E       28      709       0
                text30                             1D42     1D42        A      709       0
                text29                             1D38     1D38        A      709       0
                text28                             1D22     1D22        C      709       0
                text27                             1CCC     1CCC       20      709       0
                text26                             1BC4     1BC4       34      709       0
                text25                             1D0A     1D0A       18      709       0
                text24                             1BF8     1BF8       30      709       0
                text23                             12AA     12AA      188      709       0
                text22                             1432     1432      164      709       0
                text21                             1B4E     1B4E       40      709       0
                text20                             1D4C     1D4C        2      709       0
                text19                             1596     1596       CA      709       0
                text18                             1A86     1A86       44      709       0
                text17                             1B8E     1B8E       36      709       0
                text16                             1660     1660       C6      709       0
                text15                              E12      E12      2E4      709       0
                text14                             10F6     10F6      1B4      709       0
                text13                             1844     1844       62      709       0
                text12                             18A6     18A6       52      709       0
                text11                             17CC     17CC       78      709       0
                text10                             1B0C     1B0C       42      709       0
                text9                              1D2E     1D2E        A      709       0
                text8                              19E8     19E8       50      709       0
                text7                              1998     1998       50      709       0
                text6                              1948     1948       50      709       0
                text5                              18F8     18F8       50      709       0
                text4                              1A38     1A38       4E      709       0
                text3                              1C28     1C28       2C      709       0
                text2                              1ACA     1ACA       42      709       0
                text1                              1CEC     1CEC       1E      709       0
                text0                              1726     1726       A6      709       0
                cstackCOMRAM                          1        1       5F        1       1
                cstackBANK0                          60       60       93       60       1
                bssBANK1                            100      100       70      100       1
                bssBANK0                             F3       F3        C       60       1
                cinit                              1CA6     1CA6       26      709       0

TOTAL           Name                               Link     Load   Length     Space
        CLASS   CODE           
                init                                  0        0        4         0
                text32                             1C54     1C54       2A         0
                text31                             1C7E     1C7E       28         0
                text30                             1D42     1D42        A         0
                text29                             1D38     1D38        A         0
                text28                             1D22     1D22        C         0
                text27                             1CCC     1CCC       20         0
                text26                             1BC4     1BC4       34         0
                text25                             1D0A     1D0A       18         0
                text24                             1BF8     1BF8       30         0
                text23                             12AA     12AA      188         0
                text22                             1432     1432      164         0
                text21                             1B4E     1B4E       40         0
                text20                             1D4C     1D4C        2         0
                text19                             1596     1596       CA         0
                text18                             1A86     1A86       44         0
                text17                             1B8E     1B8E       36         0
                text16                             1660     1660       C6         0
                text15                              E12      E12      2E4         0
                text14                             10F6     10F6      1B4         0
                text13                             1844     1844       62         0
                text12                             18A6     18A6       52         0
                text11                             17CC     17CC       78         0
                text10                             1B0C     1B0C       42         0
                text9                              1D2E     1D2E        A         0
                text8                              19E8     19E8       50         0
                text7                              1998     1998       50         0
                text6                              1948     1948       50         0
                text5                              18F8     18F8       50         0
                text4                              1A38     1A38       4E         0
                text3                              1C28     1C28       2C         0
                text2                              1ACA     1ACA       42         0
                text1                              1CEC     1CEC       1E         0
                text0                              1726     1726       A6         0
                cinit                              1CA6     1CA6       26         0

        CLASS   CONST          

        CLASS   SMALLCONST     
                smallconst                          E00      E00       12         0

        CLASS   MEDIUMCONST    

        CLASS   COMRAM         
                cstackCOMRAM                          1        1       5F         1

        CLASS   ABS1           

        CLASS   BIGRAM         

        CLASS   RAM            

        CLASS   BANK0          
                cstackBANK0                          60       60       93         1
                bssBANK0                             F3       F3        C         1

        CLASS   BANK1          
                bssBANK1                            100      100       70         1

        CLASS   BANK2          

        CLASS   BANK3          

        CLASS   BANK4          

        CLASS   BANK5          

        CLASS   BANK6          

        CLASS   BANK7          

        CLASS   BANK8          

        CLASS   BANK9          

        CLASS   BANK10         

        CLASS   BANK11         

        CLASS   BANK12         

        CLASS   BANK13         

        CLASS   SFR            

        CLASS   BIGSFR         

        CLASS   CONFIG         
                config                           300000   300000        C         4

        CLASS   IDLOC          
                idloc                            200000   200000       10         5

        CLASS   EEDATA         

        CLASS   FARRAM         

        CLASS   HEAP           

        CLASS   STACK          



SEGMENTS        Name                           Load    Length   Top    Selector   Space  Class

                reset_vec                      000000  000004  000004         0       0  CODE    
                cstackCOMRAM                   000001  00005F  000060         1       1  COMRAM  
                cstackBANK0                    000060  00009F  0000FF        60       1  BANK0   
                bssBANK1                       000100  000070  000170       100       1  BANK1   
                smallconst                     000E00  000012  000E12       700       0  SMALLCON
                text15                         000E12  000F3C  001D4E       709       0  CODE    


UNUSED ADDRESS RANGES

        Name                Unused          Largest block    Delta
        BANK0            0000FF-0000FF                1
        BANK1            000170-0001FF               90
        BANK10           000A00-000AFF              100
        BANK11           000B00-000BFF              100
        BANK12           000C00-000CFF              100
        BANK13           000D00-000DE9               EA
        BANK2            000200-0002FF              100
        BANK3            000300-0003FF              100
        BANK4            000400-0004FF              100
        BANK5            000500-0005FF              100
        BANK6            000600-0006FF              100
        BANK7            000700-0007FF              100
        BANK8            000800-0008FF              100
        BANK9            000900-0009FF              100
        BIGRAM           0000FF-0000FF                1
                         000170-000DE9              C7A
        BIGSFR           000DEF-000FFF              211
        CODE             000004-000DFF              DFC
                         001D4E-01FFFF            1E2B2
        CONST            000004-000DFF              DFC
                         001D4E-01FFFF            1E2B2
        EEDATA           310000-3103FF              400
        MEDIUMCONST      001D4E-00FFFF             E2B2
                         010E00-01FFFF             F200
        RAM              0000FF-0000FF                1
                         000170-000DE9              100
        SFR              000DEF-000FFF              100
        SMALLCONST       001D4E-01FFFF              100

                                  Symbol Table

?___aodiv                      cstackCOMRAM 000001
?___aomod                      cstackCOMRAM 000001
?_abs                          cstackCOMRAM 000013
?_color_read_Blue              cstackCOMRAM 000005
?_color_read_Clear             cstackCOMRAM 000005
?_color_read_Green             cstackCOMRAM 000005
?_color_read_Red               cstackCOMRAM 000005
?_dtoa                         cstackCOMRAM 00001C
?_pad                          cstackCOMRAM 000011
?_sprintf                      cstackBANK0  000060
?_strlen                       cstackCOMRAM 000001
?_vfpfcnvrt                    cstackCOMRAM 000040
?_vfprintf                     cstackCOMRAM 000050
I2C_2_Master_Read@ack          cstackCOMRAM 000003
I2C_2_Master_Read@tmp          cstackCOMRAM 000004
I2C_2_Master_Write@data_byte   cstackCOMRAM 000002
_ANSELDbits                    (abs)        000EA7
_BAUD4CONbits                  (abs)        000EE9
_EUSART4RXbuf                  bssBANK1     00013C
_EUSART4TXbuf                  bssBANK1     000100
_I2C_2_Master_Idle             text31       001C7E
_I2C_2_Master_Init             text32       001C54
_I2C_2_Master_Read             text10       001B0C
_I2C_2_Master_RepStart         text9        001D2E
_I2C_2_Master_Start            text30       001D42
_I2C_2_Master_Stop             text29       001D38
_I2C_2_Master_Write            text28       001D22
_LATAbits                      (abs)        000F79
_LATCbits                      (abs)        000F7B
_LATE                          (abs)        000F7D
_LATEbits                      (abs)        000F7D
_LATFbits                      (abs)        000F7E
_LATG                          (abs)        000F7F
_LATGbits                      (abs)        000F7F
_PIE4bits                      (abs)        000E2D
_PIR4bits                      (abs)        000E37
_PWM6CONbits                   (abs)        000FA4
_PWM6DCH                       (abs)        000FA3
_PWM7CONbits                   (abs)        000FA1
_PWM7DCH                       (abs)        000FA0
_RC0PPS                        (abs)        000E62
_RC4REG                        (abs)        000EE3
_RC4STAbits                    (abs)        000EE7
_RC7PPS                        (abs)        000E69
_RD5PPS                        (abs)        000E6F
_RD6PPS                        (abs)        000E70
_RE2PPS                        (abs)        000E74
_RX4PPS                        (abs)        000E15
_RxBufReadCnt                  bssBANK0     0000FD
_RxBufWriteCnt                 bssBANK0     0000FE
_SP4BRGH                       (abs)        000EE6
_SP4BRGL                       (abs)        000EE5
_SSP2ADD                       (abs)        000ED6
_SSP2BUF                       (abs)        000ED5
_SSP2CLKPPS                    (abs)        000E1C
_SSP2CON1bits                  (abs)        000ED9
_SSP2CON2                      (abs)        000EDA
_SSP2CON2bits                  (abs)        000EDA
_SSP2DATPPS                    (abs)        000E1D
_SSP2STAT                      (abs)        000ED8
_T2CLKCONbits                  (abs)        000FBF
_T2CONbits                     (abs)        000FBD
_T2HLTbits                     (abs)        000FBE
_T2PR                          (abs)        000FBC
_TRISAbits                     (abs)        000F81
_TRISCbits                     (abs)        000F83
_TRISDbits                     (abs)        000F84
_TRISEbits                     (abs)        000F85
_TRISFbits                     (abs)        000F86
_TRISGbits                     (abs)        000F87
_TX4REG                        (abs)        000EE4
_TX4STAbits                    (abs)        000EE8
_TxBufReadCnt                  bssBANK0     0000FB
_TxBufWriteCnt                 bssBANK0     0000FC
__HRAM                         (abs)        000000
__Habs1                        abs1         000000
__Hbank0                       bank0        000000
__Hbank1                       bank1        000000
__Hbank10                      bank10       000000
__Hbank11                      bank11       000000
__Hbank12                      bank12       000000
__Hbank13                      bank13       000000
__Hbank2                       bank2        000000
__Hbank3                       bank3        000000
__Hbank4                       bank4        000000
__Hbank5                       bank5        000000
__Hbank6                       bank6        000000
__Hbank7                       bank7        000000
__Hbank8                       bank8        000000
__Hbank9                       bank9        000000
__Hbigbss                      bigbss       000000
__Hbigdata                     bigdata      000000
__Hbigram                      bigram       000000
__Hbigsfr                      bigsfr       000000
__Hbss                         bss          000000
__HbssBANK0                    bssBANK0     000000
__HbssBANK1                    bssBANK1     000000
__Hcinit                       cinit        000000
__Hclrtext                     clrtext      000000
__Hcomram                      comram       000000
__Hconfig                      config       30000C
__Hconst                       const        000000
__HcstackBANK0                 cstackBANK0  000000
__HcstackCOMRAM                cstackCOMRAM 000000
__Hdata                        data         000000
__Heeprom_data                 eeprom_data  000000
__Hfarbss                      farbss       000000
__Hfardata                     fardata      000000
__Hheap                        heap         000000
__Hibigdata                    ibigdata     000000
__Hidata                       idata        000000
__Hidloc                       idloc        200010
__Hifardata                    ifardata     000000
__Hinit                        init         000004
__Hintcode                     intcode      000000
__Hintcode_body                intcode_body 000000
__Hintcodelo                   intcodelo    000000
__Hintentry                    intentry     000000
__Hintret                      intret       000000
__Hintsave_regs                intsave_regs 000000
__Hirdata                      irdata       000000
__Hmediumconst                 mediumconst  000000
__HnvFARRAM                    nvFARRAM     000000
__Hnvbit                       nvbit        000000
__Hnvrram                      nvrram       000000
__Hparam                       rparam       000000
__Hpowerup                     powerup      000000
__Hram                         ram          000000
__Hramtop                      ramtop       000E00
__Hrbit                        rbit         000000
__Hrbss                        rbss         000000
__Hrdata                       rdata        000000
__Hreset_vec                   reset_vec    000000
__Hrparam                      rparam       000000
__Hsfr                         sfr          000000
__Hsmallconst                  smallconst   000E12
__Hspace_0                     (abs)        001D4E
__Hspace_1                     (abs)        000170
__Hspace_2                     (abs)        000000
__Hspace_4                     (abs)        60000C
__Hstack                       stack        000000
__Hstruct                      struct       000000
__Htemp                        temp         000000
__Htext                        text         000000
__Htext0                       text0        000000
__Htext1                       text1        000000
__Htext10                      text10       000000
__Htext11                      text11       000000
__Htext12                      text12       000000
__Htext13                      text13       000000
__Htext14                      text14       000000
__Htext15                      text15       000000
__Htext16                      text16       000000
__Htext17                      text17       000000
__Htext18                      text18       000000
__Htext19                      text19       000000
__Htext2                       text2        000000
__Htext20                      text20       000000
__Htext21                      text21       000000
__Htext22                      text22       000000
__Htext23                      text23       000000
__Htext24                      text24       000000
__Htext25                      text25       000000
__Htext26                      text26       000000
__Htext27                      text27       000000
__Htext28                      text28       000000
__Htext29                      text29       000000
__Htext3                       text3        000000
__Htext30                      text30       000000
__Htext31                      text31       000000
__Htext32                      text32       000000
__Htext4                       text4        000000
__Htext5                       text5        000000
__Htext6                       text6        000000
__Htext7                       text7        000000
__Htext8                       text8        000000
__Htext9                       text9        000000
__LRAM                         (abs)        000001
__Labs1                        abs1         000000
__Lbank0                       bank0        000000
__Lbank1                       bank1        000000
__Lbank10                      bank10       000000
__Lbank11                      bank11       000000
__Lbank12                      bank12       000000
__Lbank13                      bank13       000000
__Lbank2                       bank2        000000
__Lbank3                       bank3        000000
__Lbank4                       bank4        000000
__Lbank5                       bank5        000000
__Lbank6                       bank6        000000
__Lbank7                       bank7        000000
__Lbank8                       bank8        000000
__Lbank9                       bank9        000000
__Lbigbss                      bigbss       000000
__Lbigdata                     bigdata      000000
__Lbigram                      bigram       000000
__Lbigsfr                      bigsfr       000000
__Lbss                         bss          000000
__LbssBANK0                    bssBANK0     000000
__LbssBANK1                    bssBANK1     000000
__Lcinit                       cinit        000000
__Lclrtext                     clrtext      000000
__Lcomram                      comram       000000
__Lconfig                      config       000000
__Lconst                       const        000000
__LcstackBANK0                 cstackBANK0  000000
__LcstackCOMRAM                cstackCOMRAM 000000
__Ldata                        data         000000
__Leeprom_data                 eeprom_data  000000
__Lfarbss                      farbss       000000
__Lfardata                     fardata      000000
__Lheap                        heap         000000
__Libigdata                    ibigdata     000000
__Lidata                       idata        000000
__Lidloc                       idloc        000000
__Lifardata                    ifardata     000000
__Linit                        init         000000
__Lintcode                     intcode      000000
__Lintcode_body                intcode_body 000000
__Lintcodelo                   intcodelo    000000
__Lintentry                    intentry     000000
__Lintret                      intret       000000
__Lintsave_regs                intsave_regs 000000
__Lirdata                      irdata       000000
__Lmediumconst                 mediumconst  000000
__LnvFARRAM                    nvFARRAM     000000
__Lnvbit                       nvbit        000000
__Lnvrram                      nvrram       000000
__Lparam                       rparam       000000
__Lpowerup                     powerup      000000
__Lram                         ram          000000
__Lramtop                      ramtop       000E00
__Lrbit                        rbit         000000
__Lrbss                        rbss         000000
__Lrdata                       rdata        000000
__Lreset_vec                   reset_vec    000000
__Lrparam                      rparam       000000
__Lsfr                         sfr          000000
__Lsmallconst                  smallconst   000E00
__Lspace_0                     (abs)        000000
__Lspace_1                     (abs)        000000
__Lspace_2                     (abs)        000000
__Lspace_4                     (abs)        000000
__Lstack                       stack        000000
__Lstruct                      struct       000000
__Ltemp                        temp         000000
__Ltext                        text         000000
__Ltext0                       text0        000000
__Ltext1                       text1        000000
__Ltext10                      text10       000000
__Ltext11                      text11       000000
__Ltext12                      text12       000000
__Ltext13                      text13       000000
__Ltext14                      text14       000000
__Ltext15                      text15       000000
__Ltext16                      text16       000000
__Ltext17                      text17       000000
__Ltext18                      text18       000000
__Ltext19                      text19       000000
__Ltext2                       text2        000000
__Ltext20                      text20       000000
__Ltext21                      text21       000000
__Ltext22                      text22       000000
__Ltext23                      text23       000000
__Ltext24                      text24       000000
__Ltext25                      text25       000000
__Ltext26                      text26       000000
__Ltext27                      text27       000000
__Ltext28                      text28       000000
__Ltext29                      text29       000000
__Ltext3                       text3        000000
__Ltext30                      text30       000000
__Ltext31                      text31       000000
__Ltext32                      text32       000000
__Ltext4                       text4        000000
__Ltext5                       text5        000000
__Ltext6                       text6        000000
__Ltext7                       text7        000000
__Ltext8                       text8        000000
__Ltext9                       text9        000000
__S0                           (abs)        001D4E
__S1                           (abs)        000170
__S4                           (abs)        000000
__S5                           (abs)        000000
___aodiv                       text23       0012AA
___aodiv@counter               cstackCOMRAM 000011
___aodiv@dividend              cstackCOMRAM 000001
___aodiv@divisor               cstackCOMRAM 000009
___aodiv@quotient              cstackCOMRAM 000013
___aodiv@sign                  cstackCOMRAM 000012
___aomod                       text22       001432
___aomod@counter               cstackCOMRAM 000011
___aomod@dividend              cstackCOMRAM 000001
___aomod@divisor               cstackCOMRAM 000009
___aomod@sign                  cstackCOMRAM 000012
___heap_hi                     (abs)        000000
___heap_lo                     (abs)        000000
___inthi_sp                    stack        000000
___intlo_sp                    stack        000000
___param_bank                  (abs)        000000
___rparam_used                 (abs)        000001
___sp                          stack        000000
__accesstop                    (abs)        000060
__activetblptr                 (abs)        000001
__end_of_I2C_2_Master_Idle     text31       001CA6
__end_of_I2C_2_Master_Init     text32       001C7E
__end_of_I2C_2_Master_Read     text10       001B4E
__end_of_I2C_2_Master_RepStart text9        001D38
__end_of_I2C_2_Master_Start    text30       001D4C
__end_of_I2C_2_Master_Stop     text29       001D42
__end_of_I2C_2_Master_Write    text28       001D2E
__end_of___aodiv               text23       001432
__end_of___aomod               text22       001596
__end_of__initialization       cinit        001CBE
__end_of_abs                   text21       001B8E
__end_of_color_click_init      text26       001BF8
__end_of_color_display         text11       001844
__end_of_color_read_Blue       text8        001A38
__end_of_color_read_Clear      text7        0019E8
__end_of_color_read_Green      text6        001998
__end_of_color_read_Red        text5        001948
__end_of_color_writetoaddr     text27       001CEC
__end_of_detect_color_G        text3        001C54
__end_of_dtoa                  text15       0010F6
__end_of_fputc                 text19       001660
__end_of_fputs                 text18       001ACA
__end_of_get_color             text4        001A86
__end_of_initDCmotorsPWM       text2        001B0C
__end_of_initUSART4            text1        001D0A
__end_of_main                  text0        0017CC
__end_of_pad                   text16       001726
__end_of_putch                 text20       001D4E
__end_of_sendCharSerial4       text25       001D22
__end_of_sendStringSerial4     text24       001C28
__end_of_sprintf               text12       0018F8
__end_of_strlen                text17       001BC4
__end_of_vfpfcnvrt             text14       0012AA
__end_of_vfprintf              text13       0018A6
__initialization               cinit        001CA6
__mediumconst                  mediumconst  000000
__pbssBANK0                    bssBANK0     0000F3
__pbssBANK1                    bssBANK1     000100
__pcinit                       cinit        001CA6
__pcstackBANK0                 cstackBANK0  000060
__pcstackCOMRAM                cstackCOMRAM 000001
__psmallconst                  smallconst   000E00
__ptext0                       text0        001726
__ptext1                       text1        001CEC
__ptext10                      text10       001B0C
__ptext11                      text11       0017CC
__ptext12                      text12       0018A6
__ptext13                      text13       001844
__ptext14                      text14       0010F6
__ptext15                      text15       000E12
__ptext16                      text16       001660
__ptext17                      text17       001B8E
__ptext18                      text18       001A86
__ptext19                      text19       001596
__ptext2                       text2        001ACA
__ptext20                      text20       001D4C
__ptext21                      text21       001B4E
__ptext22                      text22       001432
__ptext23                      text23       0012AA
__ptext24                      text24       001BF8
__ptext25                      text25       001D0A
__ptext26                      text26       001BC4
__ptext27                      text27       001CCC
__ptext28                      text28       001D22
__ptext29                      text29       001D38
__ptext3                       text3        001C28
__ptext30                      text30       001D42
__ptext31                      text31       001C7E
__ptext32                      text32       001C54
__ptext4                       text4        001A38
__ptext5                       text5        0018F8
__ptext6                       text6        001948
__ptext7                       text7        001998
__ptext8                       text8        0019E8
__ptext9                       text9        001D2E
__ramtop                       ramtop       000E00
__smallconst                   smallconst   000E00
_abs                           text21       001B4E
_color_click_init              text26       001BC4
_color_display                 text11       0017CC
_color_read_Blue               text8        0019E8
_color_read_Clear              text7        001998
_color_read_Green              text6        001948
_color_read_Red                text5        0018F8
_color_writetoaddr             text27       001CCC
_dbuf                          bssBANK1     000150
_detect_color_G                text3        001C28
_dtoa                          text15       000E12
_dtoa$1865                     cstackCOMRAM 00002E
_flags                         bssBANK0     0000F9
_fputc                         text19       001596
_fputs                         text18       001A86
_get_color                     text4        001A38
_initDCmotorsPWM               text2        001ACA
_initUSART4                    text1        001CEC
_main                          text0        001726
_nout                          bssBANK0     0000F3
_pad                           text16       001660
_prec                          bssBANK0     0000F7
_putch                         text20       001D4C
_sendCharSerial4               text25       001D0A
_sendStringSerial4             text24       001BF8
_sprintf                       text12       0018A6
_strlen                        text17       001B8E
_vfpfcnvrt                     text14       0010F6
_vfprintf                      text13       001844
_width                         bssBANK0     0000F5
abs@a                          cstackCOMRAM 000013
color_display@buf              cstackBANK0  000079
color_display@m                cstackCOMRAM 000058
color_read_Blue@tmp            cstackCOMRAM 00000A
color_read_Clear@tmp           cstackCOMRAM 00000A
color_read_Green@tmp           cstackCOMRAM 00000A
color_read_Red@tmp             cstackCOMRAM 00000A
color_writetoaddr@address      cstackCOMRAM 000004
color_writetoaddr@value        cstackCOMRAM 000003
detect_color_G@m               cstackCOMRAM 00000E
dtoa@d                         cstackCOMRAM 00001E
dtoa@fp                        cstackCOMRAM 00001C
dtoa@i                         cstackCOMRAM 00003E
dtoa@n                         cstackCOMRAM 000036
dtoa@p                         cstackCOMRAM 000030
dtoa@s                         cstackCOMRAM 000034
dtoa@w                         cstackCOMRAM 000032
end_of_initialization          cinit        001CBE
fputc@c                        cstackCOMRAM 000001
fputc@fp                       cstackCOMRAM 000003
fputs@c                        cstackCOMRAM 00000E
fputs@fp                       cstackCOMRAM 00000C
fputs@i                        cstackCOMRAM 00000F
fputs@s                        cstackCOMRAM 00000A
get_color@m                    cstackCOMRAM 00000C
initDCmotorsPWM@PWMperiod      cstackCOMRAM 000001
intlevel0                      text         000000
intlevel1                      text         000000
intlevel2                      text         000000
intlevel3                      text         000000
isa$std                        (abs)        000001
isa$xinst                      (abs)        000000
main@motorL                    cstackBANK0  0000E1
main@motorR                    cstackBANK0  0000EA
main@rgb                       cstackBANK0  0000DD
pad@buf                        cstackCOMRAM 000013
pad@fp                         cstackCOMRAM 000011
pad@i                          cstackCOMRAM 000018
pad@p                          cstackCOMRAM 000015
pad@w                          cstackCOMRAM 00001A
sendCharSerial4@charToSend     cstackCOMRAM 000001
sendStringSerial4@string       cstackCOMRAM 000002
sprintf@ap                     cstackBANK0  00006C
sprintf@f                      cstackBANK0  00006E
sprintf@fmt                    cstackBANK0  000062
sprintf@s                      cstackBANK0  000060
stackhi                        (abs)        000000
stacklo                        (abs)        000000
start                          init         000000
start_initialization           cinit        001CA6
strlen@a                       cstackCOMRAM 000003
strlen@s                       cstackCOMRAM 000001
vfpfcnvrt@ap                   cstackCOMRAM 000044
vfpfcnvrt@fmt                  cstackCOMRAM 000042
vfpfcnvrt@fp                   cstackCOMRAM 000040
vfpfcnvrt@ll                   cstackCOMRAM 000048
vfprintf@ap                    cstackCOMRAM 000054
vfprintf@cfmt                  cstackCOMRAM 000056
vfprintf@fmt                   cstackCOMRAM 000052
vfprintf@fp                    cstackCOMRAM 000050


MODULE INFORMATION

Module		Function		Class		Link	Load	Size
C:\Program Files\Microchip\xc8\v2.35\pic\sources\c99\common\putch.c
		_putch         		CODE           	1D4C	0000	2

C:\Program Files\Microchip\xc8\v2.35\pic\sources\c99\common\putch.c estimated size: 2

serial.c
		_sendStringSerial4		CODE           	1BF8	0000	48
		_sendCharSerial4		CODE           	1D0A	0000	24
		_initUSART4    		CODE           	1CEC	0000	30

serial.c estimated size: 102

color.c
		_get_color     		CODE           	1A38	0000	78
		_color_writetoaddr		CODE           	1CCC	0000	32
		_color_click_init		CODE           	1BC4	0000	52
		_detect_color_G		CODE           	1C28	0000	44
		_color_read_Green		CODE           	1948	0000	80
		_color_read_Clear		CODE           	1998	0000	80
		_color_read_Red		CODE           	18F8	0000	80
		_color_display 		CODE           	17CC	0000	120
		_color_read_Blue		CODE           	19E8	0000	80

color.c estimated size: 646

C:\Program Files\Microchip\xc8\v2.35\pic\sources\c99\common\aodiv.c
		___aodiv       		CODE           	12AA	0000	392

C:\Program Files\Microchip\xc8\v2.35\pic\sources\c99\common\aodiv.c estimated size: 392

dc_motor.c
		_initDCmotorsPWM		CODE           	1ACA	0000	66

dc_motor.c estimated size: 66

C:\Program Files\Microchip\xc8\v2.35\pic\sources\c99\common\nf_sprintf.c
		_sprintf       		CODE           	18A6	0000	82

C:\Program Files\Microchip\xc8\v2.35\pic\sources\c99\common\nf_sprintf.c estimated size: 82

i2c.c
		_I2C_2_Master_Start		CODE           	1D42	0000	10
		_I2C_2_Master_Read		CODE           	1B0C	0000	66
		_I2C_2_Master_Idle		CODE           	1C7E	0000	40
		_I2C_2_Master_Init		CODE           	1C54	0000	42
		_I2C_2_Master_Stop		CODE           	1D38	0000	10
		_I2C_2_Master_RepStart		CODE           	1D2E	0000	10
		_I2C_2_Master_Write		CODE           	1D22	0000	12

i2c.c estimated size: 190

C:\Program Files\Microchip\xc8\v2.35\pic\sources\c99\common\nf_fputc.c
		_fputc         		CODE           	1596	0000	202

C:\Program Files\Microchip\xc8\v2.35\pic\sources\c99\common\nf_fputc.c estimated size: 202

C:\Program Files\Microchip\xc8\v2.35\pic\sources\c99\common\abs.c
		_abs           		CODE           	1B4E	0000	64

C:\Program Files\Microchip\xc8\v2.35\pic\sources\c99\common\abs.c estimated size: 64

shared
		__initialization		CODE           	1CA6	0000	24

shared estimated size: 24

C:\Program Files\Microchip\xc8\v2.35\pic\sources\c99\common\strlen.c
		_strlen        		CODE           	1B8E	0000	54

C:\Program Files\Microchip\xc8\v2.35\pic\sources\c99\common\strlen.c estimated size: 54

C:\Program Files\Microchip\xc8\v2.35\pic\sources\c99\common\aomod.c
		___aomod       		CODE           	1432	0000	356

C:\Program Files\Microchip\xc8\v2.35\pic\sources\c99\common\aomod.c estimated size: 356

C:\Program Files\Microchip\xc8\v2.35\pic\sources\c99\common\nf_fputs.c
		_fputs         		CODE           	1A86	0000	68

C:\Program Files\Microchip\xc8\v2.35\pic\sources\c99\common\nf_fputs.c estimated size: 68

main.c
		_main          		CODE           	1726	0000	166

main.c estimated size: 166

C:\Program Files\Microchip\xc8\v2.35\pic\sources\c99\common\doprnt.c
		_vfpfcnvrt     		CODE           	10F6	0000	436
		_pad           		CODE           	1660	0000	198
		_dtoa          		CODE           	0E12	0000	740
		_vfprintf      		CODE           	1844	0000	98

C:\Program Files\Microchip\xc8\v2.35\pic\sources\c99\common\doprnt.c estimated size: 1472

