Microchip MPLAB XC8 Compiler V2.35

Linker command line:

-W-3 --edf=C:\Program Files\Microchip\xc8\v2.35\pic\dat\en_msgs.txt -cn \
  -h+dist/default/production\final-project-kangan-yuhai.X.production.sym \
  --cmf=dist/default/production\final-project-kangan-yuhai.X.production.cmf \
  -z -Q18F67K40 -oC:\Users\KANGAN~1\AppData\Local\Temp\xcAs2vlg.4 \
  --defsym=__MPLAB_BUILD=1 \
  -Mdist/default/production/final-project-kangan-yuhai.X.production.map \
  --md=C:\Users\KANGAN~1\AppData\Local\Temp\xcAs2vlg.dat -E1 \
  -ver=XC8 Compiler --acfsm=1493 -ACODE=00h-01FFFFh -ACONST=00h-01FFFFh \
  -ASMALLCONST=0E00h-0EFFhx498 -AMEDIUMCONST=0E00h-0FFFFh,010E00h-01FFFFh \
  -ACOMRAM=01h-05Fh -AABS1=00h-0DE9h -ABIGRAM=01h-0DE9h \
  -ARAM=060h-0FFh,0100h-01FFhx12,0D00h-0DE9h -ABANK0=060h-0FFh \
  -ABANK1=0100h-01FFh -ABANK2=0200h-02FFh -ABANK3=0300h-03FFh \
  -ABANK4=0400h-04FFh -ABANK5=0500h-05FFh -ABANK6=0600h-06FFh \
  -ABANK7=0700h-07FFh -ABANK8=0800h-08FFh -ABANK9=0900h-09FFh \
  -ABANK10=0A00h-0AFFh -ABANK11=0B00h-0BFFh -ABANK12=0C00h-0CFFh \
  -ABANK13=0D00h-0DE9h \
  -ASFR=0DEFh-0DFFh,0E00h-0EFFh,0F00h-0F5Fh,0F60h-0FFFh \
  -ABIGSFR=0DEFh-0FFFh -ACONFIG=0300000h-030000Bh -AIDLOC=0200000h-020000Fh \
  -AEEDATA=0310000h-03103FFh -peeprom_data=EEDATA \
  -preset_vec=00h,intcode,intcodelo,powerup,init -pramtop=0E00h \
  -psmallconst=SMALLCONST -pmediumconst=MEDIUMCONST -pconst=CONST \
  -AFARRAM=00h-00h \
  -prdata=COMRAM,nvrram=COMRAM,nvbit=COMRAM,rbss=COMRAM,rbit=COMRAM \
  -pfarbss=FARRAM,fardata=FARRAM,nvFARRAM=FARRAM \
  -pintsave_regs=BIGRAM,bigbss=BIGRAM,bigdata=BIGRAM -pbss=RAM \
  -pidata=CODE,irdata=CODE,ibigdata=CODE,ifardata=CODE -prparam=COMRAM \
  C:\Users\KANGAN~1\AppData\Local\Temp\xcAs2vlg.o \
  dist/default/production\final-project-kangan-yuhai.X.production.o 

Object code version is 3.11

Machine type is 18F67K40



                Name                               Link     Load   Length Selector   Space Scale
C:\Users\KANGAN~1\AppData\Local\Temp\xcAs2vlg.o
                idloc                            200000   200000       10        0       5
                config                           300000   300000        C        0       4
                init                                  0        0        4        0       0
dist/default/production\final-project-kangan-yuhai.X.production.o
                idloc                            200000   200000       10        0       5
                config                           300000   300000        C        0       4
                smallconst                          E00      E00       12      700       0
                text43                             23DA     23DA       28      709       0
                text42                             21F0     21F0       42      709       0
                text41                             249E     249E        A      709       0
                text40                             2494     2494        A      709       0
                text39                             248A     248A        A      709       0
                text38                             247E     247E        C      709       0
                text37                             20D8     20D8       50      709       0
                text36                             2088     2088       50      709       0
                text35                             2038     2038       50      709       0
                text34                             1FE8     1FE8       50      709       0
                text33                             1F38     1F38       5E      709       0
                text32                             2384     2384       2C      709       0
                text31                             23B0     23B0       2A      709       0
                text30                             2428     2428       20      709       0
                text29                             2320     2320       34      709       0
                text28                             2466     2466       18      709       0
                text27                             2354     2354       30      709       0
                text26                             147E     147E      188      709       0
                text25                             1606     1606      164      709       0
                text24                             2272     2272       40      709       0
                text23                             24A8     24A8        2      709       0
                text22                             195E     195E       CA      709       0
                text21                             2128     2128       44      709       0
                text20                             22EA     22EA       36      709       0
                text19                             1A28     1A28       C6      709       0
                text18                              E12      E12      2E4      709       0
                text17                             12CA     12CA      1B4      709       0
                text16                             1ED6     1ED6       62      709       0
                text15                             1F96     1F96       52      709       0
                text14                             1E66     1E66       70      709       0
                text13                             1DF2     1DF2       74      709       0
                text12                             2402     2402       26      709       0
                text11                             22B2     22B2       38      709       0
                text10                             176A     176A      122      709       0
                text9                              1AEE     1AEE       C4      709       0
                text8                              10F6     10F6      1D4      709       0
                text7                              1BB2     1BB2       AC      709       0
                text6                              21AE     21AE       42      709       0
                text5                              188C     188C       D2      709       0
                text4                              2448     2448       1E      709       0
                text3                              1D02     1D02       7C      709       0
                text2                              2232     2232       40      709       0
                text1                              1C5E     1C5E       A4      709       0
                text0                              1D7E     1D7E       74      709       0
                cstackCOMRAM                          1        1       5B        1       1
                cstackBANK0                          60       60       99       60       1
                bssBANK1                            100      100       72      100       1
                dataBANK0                            FF       FF        1       60       1
                bssBANK0                             F9       F9        6       60       1
                bssCOMRAM                            5C       5C        4        1       1
                cinit                              216C     216C       42      709       0
                idataBANK0                         24AA     24AA        1      709       0

TOTAL           Name                               Link     Load   Length     Space
        CLASS   CODE           
                init                                  0        0        4         0
                text43                             23DA     23DA       28         0
                text42                             21F0     21F0       42         0
                text41                             249E     249E        A         0
                text40                             2494     2494        A         0
                text39                             248A     248A        A         0
                text38                             247E     247E        C         0
                text37                             20D8     20D8       50         0
                text36                             2088     2088       50         0
                text35                             2038     2038       50         0
                text34                             1FE8     1FE8       50         0
                text33                             1F38     1F38       5E         0
                text32                             2384     2384       2C         0
                text31                             23B0     23B0       2A         0
                text30                             2428     2428       20         0
                text29                             2320     2320       34         0
                text28                             2466     2466       18         0
                text27                             2354     2354       30         0
                text26                             147E     147E      188         0
                text25                             1606     1606      164         0
                text24                             2272     2272       40         0
                text23                             24A8     24A8        2         0
                text22                             195E     195E       CA         0
                text21                             2128     2128       44         0
                text20                             22EA     22EA       36         0
                text19                             1A28     1A28       C6         0
                text18                              E12      E12      2E4         0
                text17                             12CA     12CA      1B4         0
                text16                             1ED6     1ED6       62         0
                text15                             1F96     1F96       52         0
                text14                             1E66     1E66       70         0
                text13                             1DF2     1DF2       74         0
                text12                             2402     2402       26         0
                text11                             22B2     22B2       38         0
                text10                             176A     176A      122         0
                text9                              1AEE     1AEE       C4         0
                text8                              10F6     10F6      1D4         0
                text7                              1BB2     1BB2       AC         0
                text6                              21AE     21AE       42         0
                text5                              188C     188C       D2         0
                text4                              2448     2448       1E         0
                text3                              1D02     1D02       7C         0
                text2                              2232     2232       40         0
                text1                              1C5E     1C5E       A4         0
                text0                              1D7E     1D7E       74         0
                cinit                              216C     216C       42         0
                idataBANK0                         24AA     24AA        1         0

        CLASS   CONST          

        CLASS   SMALLCONST     
                smallconst                          E00      E00       12         0

        CLASS   MEDIUMCONST    

        CLASS   COMRAM         
                cstackCOMRAM                          1        1       5B         1
                bssCOMRAM                            5C       5C        4         1

        CLASS   ABS1           

        CLASS   BIGRAM         

        CLASS   RAM            

        CLASS   BANK0          
                cstackBANK0                          60       60       99         1
                dataBANK0                            FF       FF        1         1
                bssBANK0                             F9       F9        6         1

        CLASS   BANK1          
                bssBANK1                            100      100       72         1

        CLASS   BANK2          

        CLASS   BANK3          

        CLASS   BANK4          

        CLASS   BANK5          

        CLASS   BANK6          

        CLASS   BANK7          

        CLASS   BANK8          

        CLASS   BANK9          

        CLASS   BANK10         

        CLASS   BANK11         

        CLASS   BANK12         

        CLASS   BANK13         

        CLASS   SFR            

        CLASS   BIGSFR         

        CLASS   CONFIG         
                config                           300000   300000        C         4

        CLASS   IDLOC          
                idloc                            200000   200000       10         5

        CLASS   EEDATA         

        CLASS   FARRAM         

        CLASS   HEAP           

        CLASS   STACK          



SEGMENTS        Name                           Load    Length   Top    Selector   Space  Class

                reset_vec                      000000  000004  000004         0       0  CODE    
                cstackCOMRAM                   000001  00005F  000060         1       1  COMRAM  
                cstackBANK0                    000060  0000A0  000100        60       1  BANK0   
                bssBANK1                       000100  000072  000172       100       1  BANK1   
                smallconst                     000E00  000012  000E12       700       0  SMALLCON
                text18                         000E12  001699  0024AB       709       0  CODE    


UNUSED ADDRESS RANGES

        Name                Unused          Largest block    Delta
        BANK1            000172-0001FF               8E
        BANK10           000A00-000AFF              100
        BANK11           000B00-000BFF              100
        BANK12           000C00-000CFF              100
        BANK13           000D00-000DE9               EA
        BANK2            000200-0002FF              100
        BANK3            000300-0003FF              100
        BANK4            000400-0004FF              100
        BANK5            000500-0005FF              100
        BANK6            000600-0006FF              100
        BANK7            000700-0007FF              100
        BANK8            000800-0008FF              100
        BANK9            000900-0009FF              100
        BIGRAM           000172-000DE9              C78
        BIGSFR           000DEF-000FFF              211
        CODE             000004-000DFF              DFC
                         0024AB-01FFFF            1DB55
        CONST            000004-000DFF              DFC
                         0024AB-01FFFF            1DB55
        EEDATA           310000-3103FF              400
        MEDIUMCONST      0024AB-00FFFF             DB55
                         010E00-01FFFF             F200
        RAM              000172-000DE9              100
        SFR              000DEF-000FFF              100
        SMALLCONST       0024AB-01FFFF              100

                                  Symbol Table

?___aodiv                       cstackCOMRAM 000001
?___aomod                       cstackCOMRAM 000001
?___awdiv                       cstackCOMRAM 00000E
?___lwdiv                       cstackCOMRAM 000001
?___wmul                        cstackCOMRAM 000008
?_abs                           cstackCOMRAM 000013
?_color_read_Blue               cstackCOMRAM 000005
?_color_read_Clear              cstackCOMRAM 000005
?_color_read_Green              cstackCOMRAM 000005
?_color_read_Red                cstackCOMRAM 000005
?_dtoa                          cstackCOMRAM 00001C
?_pad                           cstackCOMRAM 000011
?_sprintf                       cstackBANK0  000060
?_strlen                        cstackCOMRAM 000001
?_vfpfcnvrt                     cstackCOMRAM 000040
?_vfprintf                      cstackCOMRAM 000050
I2C_2_Master_Read@ack           cstackCOMRAM 000003
I2C_2_Master_Read@tmp           cstackCOMRAM 000004
I2C_2_Master_Write@data_byte    cstackCOMRAM 000002
LED_G@m                         cstackCOMRAM 00000E
_ADCON0bits                     (abs)        000F60
_ADPCH                          (abs)        000F5F
_ADREFbits                      (abs)        000F58
_ADRESH                         (abs)        000F64
_ANSELDbits                     (abs)        000EA7
_ANSELFbits                     (abs)        000EB4
_BAUD4CONbits                   (abs)        000EE9
_EUSART4RXbuf                   bssBANK1     00013C
_EUSART4TXbuf                   bssBANK1     000100
_I2C_2_Master_Idle              text43       0023DA
_I2C_2_Master_Init              text31       0023B0
_I2C_2_Master_Read              text42       0021F0
_I2C_2_Master_RepStart          text41       00249E
_I2C_2_Master_Start             text40       002494
_I2C_2_Master_Stop              text39       00248A
_I2C_2_Master_Write             text38       00247E
_LATAbits                       (abs)        000F79
_LATCbits                       (abs)        000F7B
_LATE                           (abs)        000F7D
_LATEbits                       (abs)        000F7D
_LATFbits                       (abs)        000F7E
_LATG                           (abs)        000F7F
_LATGbits                       (abs)        000F7F
_LED_G                          text32       002384
_PIE4bits                       (abs)        000E2D
_PIR4bits                       (abs)        000E37
_PWM6CONbits                    (abs)        000FA4
_PWM6DCH                        (abs)        000FA3
_PWM7CONbits                    (abs)        000FA1
_PWM7DCH                        (abs)        000FA0
_RC0PPS                         (abs)        000E62
_RC4REG                         (abs)        000EE3
_RC4STAbits                     (abs)        000EE7
_RC7PPS                         (abs)        000E69
_RD5PPS                         (abs)        000E6F
_RD6PPS                         (abs)        000E70
_RE2PPS                         (abs)        000E74
_RX4PPS                         (abs)        000E15
_RxBufReadCnt                   bssCOMRAM    00005E
_RxBufWriteCnt                  bssCOMRAM    00005F
_SP4BRGH                        (abs)        000EE6
_SP4BRGL                        (abs)        000EE5
_SSP2ADD                        (abs)        000ED6
_SSP2BUF                        (abs)        000ED5
_SSP2CLKPPS                     (abs)        000E1C
_SSP2CON1bits                   (abs)        000ED9
_SSP2CON2                       (abs)        000EDA
_SSP2CON2bits                   (abs)        000EDA
_SSP2DATPPS                     (abs)        000E1D
_SSP2STAT                       (abs)        000ED8
_T2CLKCONbits                   (abs)        000FBF
_T2CONbits                      (abs)        000FBD
_T2HLTbits                      (abs)        000FBE
_T2PR                           (abs)        000FBC
_TRISAbits                      (abs)        000F81
_TRISCbits                      (abs)        000F83
_TRISDbits                      (abs)        000F84
_TRISEbits                      (abs)        000F85
_TRISFbits                      (abs)        000F86
_TRISGbits                      (abs)        000F87
_TX4REG                         (abs)        000EE4
_TX4STAbits                     (abs)        000EE8
_TxBufReadCnt                   bssCOMRAM    00005C
_TxBufWriteCnt                  bssCOMRAM    00005D
__HRAM                          (abs)        000000
__Habs1                         abs1         000000
__Hbank0                        bank0        000000
__Hbank1                        bank1        000000
__Hbank10                       bank10       000000
__Hbank11                       bank11       000000
__Hbank12                       bank12       000000
__Hbank13                       bank13       000000
__Hbank2                        bank2        000000
__Hbank3                        bank3        000000
__Hbank4                        bank4        000000
__Hbank5                        bank5        000000
__Hbank6                        bank6        000000
__Hbank7                        bank7        000000
__Hbank8                        bank8        000000
__Hbank9                        bank9        000000
__Hbigbss                       bigbss       000000
__Hbigdata                      bigdata      000000
__Hbigram                       bigram       000000
__Hbigsfr                       bigsfr       000000
__Hbss                          bss          000000
__HbssBANK0                     bssBANK0     000000
__HbssBANK1                     bssBANK1     000000
__HbssCOMRAM                    bssCOMRAM    000000
__Hcinit                        cinit        000000
__Hclrtext                      clrtext      000000
__Hcomram                       comram       000000
__Hconfig                       config       30000C
__Hconst                        const        000000
__HcstackBANK0                  cstackBANK0  000000
__HcstackCOMRAM                 cstackCOMRAM 000000
__Hdata                         data         000000
__HdataBANK0                    dataBANK0    000000
__Heeprom_data                  eeprom_data  000000
__Hfarbss                       farbss       000000
__Hfardata                      fardata      000000
__Hheap                         heap         000000
__Hibigdata                     ibigdata     000000
__Hidata                        idata        000000
__HidataBANK0                   idataBANK0   000000
__Hidloc                        idloc        200010
__Hifardata                     ifardata     000000
__Hinit                         init         000004
__Hintcode                      intcode      000000
__Hintcode_body                 intcode_body 000000
__Hintcodelo                    intcodelo    000000
__Hintentry                     intentry     000000
__Hintret                       intret       000000
__Hintsave_regs                 intsave_regs 000000
__Hirdata                       irdata       000000
__Hmediumconst                  mediumconst  000000
__HnvFARRAM                     nvFARRAM     000000
__Hnvbit                        nvbit        000000
__Hnvrram                       nvrram       000000
__Hparam                        rparam       000000
__Hpowerup                      powerup      000000
__Hram                          ram          000000
__Hramtop                       ramtop       000E00
__Hrbit                         rbit         000000
__Hrbss                         rbss         000000
__Hrdata                        rdata        000000
__Hreset_vec                    reset_vec    000000
__Hrparam                       rparam       000000
__Hsfr                          sfr          000000
__Hsmallconst                   smallconst   000E12
__Hspace_0                      (abs)        0024AB
__Hspace_1                      (abs)        000172
__Hspace_2                      (abs)        000000
__Hspace_4                      (abs)        60000C
__Hstack                        stack        000000
__Hstruct                       struct       000000
__Htemp                         temp         000000
__Htext                         text         000000
__Htext0                        text0        000000
__Htext1                        text1        000000
__Htext10                       text10       000000
__Htext11                       text11       000000
__Htext12                       text12       000000
__Htext13                       text13       000000
__Htext14                       text14       000000
__Htext15                       text15       000000
__Htext16                       text16       000000
__Htext17                       text17       000000
__Htext18                       text18       000000
__Htext19                       text19       000000
__Htext2                        text2        000000
__Htext20                       text20       000000
__Htext21                       text21       000000
__Htext22                       text22       000000
__Htext23                       text23       000000
__Htext24                       text24       000000
__Htext25                       text25       000000
__Htext26                       text26       000000
__Htext27                       text27       000000
__Htext28                       text28       000000
__Htext29                       text29       000000
__Htext3                        text3        000000
__Htext30                       text30       000000
__Htext31                       text31       000000
__Htext32                       text32       000000
__Htext33                       text33       000000
__Htext34                       text34       000000
__Htext35                       text35       000000
__Htext36                       text36       000000
__Htext37                       text37       000000
__Htext38                       text38       000000
__Htext39                       text39       000000
__Htext4                        text4        000000
__Htext40                       text40       000000
__Htext41                       text41       000000
__Htext42                       text42       000000
__Htext43                       text43       000000
__Htext5                        text5        000000
__Htext6                        text6        000000
__Htext7                        text7        000000
__Htext8                        text8        000000
__Htext9                        text9        000000
__LRAM                          (abs)        000001
__Labs1                         abs1         000000
__Lbank0                        bank0        000000
__Lbank1                        bank1        000000
__Lbank10                       bank10       000000
__Lbank11                       bank11       000000
__Lbank12                       bank12       000000
__Lbank13                       bank13       000000
__Lbank2                        bank2        000000
__Lbank3                        bank3        000000
__Lbank4                        bank4        000000
__Lbank5                        bank5        000000
__Lbank6                        bank6        000000
__Lbank7                        bank7        000000
__Lbank8                        bank8        000000
__Lbank9                        bank9        000000
__Lbigbss                       bigbss       000000
__Lbigdata                      bigdata      000000
__Lbigram                       bigram       000000
__Lbigsfr                       bigsfr       000000
__Lbss                          bss          000000
__LbssBANK0                     bssBANK0     000000
__LbssBANK1                     bssBANK1     000000
__LbssCOMRAM                    bssCOMRAM    000000
__Lcinit                        cinit        000000
__Lclrtext                      clrtext      000000
__Lcomram                       comram       000000
__Lconfig                       config       000000
__Lconst                        const        000000
__LcstackBANK0                  cstackBANK0  000000
__LcstackCOMRAM                 cstackCOMRAM 000000
__Ldata                         data         000000
__LdataBANK0                    dataBANK0    000000
__Leeprom_data                  eeprom_data  000000
__Lfarbss                       farbss       000000
__Lfardata                      fardata      000000
__Lheap                         heap         000000
__Libigdata                     ibigdata     000000
__Lidata                        idata        000000
__LidataBANK0                   idataBANK0   000000
__Lidloc                        idloc        000000
__Lifardata                     ifardata     000000
__Linit                         init         000000
__Lintcode                      intcode      000000
__Lintcode_body                 intcode_body 000000
__Lintcodelo                    intcodelo    000000
__Lintentry                     intentry     000000
__Lintret                       intret       000000
__Lintsave_regs                 intsave_regs 000000
__Lirdata                       irdata       000000
__Lmediumconst                  mediumconst  000000
__LnvFARRAM                     nvFARRAM     000000
__Lnvbit                        nvbit        000000
__Lnvrram                       nvrram       000000
__Lparam                        rparam       000000
__Lpowerup                      powerup      000000
__Lram                          ram          000000
__Lramtop                       ramtop       000E00
__Lrbit                         rbit         000000
__Lrbss                         rbss         000000
__Lrdata                        rdata        000000
__Lreset_vec                    reset_vec    000000
__Lrparam                       rparam       000000
__Lsfr                          sfr          000000
__Lsmallconst                   smallconst   000E00
__Lspace_0                      (abs)        000000
__Lspace_1                      (abs)        000000
__Lspace_2                      (abs)        000000
__Lspace_4                      (abs)        000000
__Lstack                        stack        000000
__Lstruct                       struct       000000
__Ltemp                         temp         000000
__Ltext                         text         000000
__Ltext0                        text0        000000
__Ltext1                        text1        000000
__Ltext10                       text10       000000
__Ltext11                       text11       000000
__Ltext12                       text12       000000
__Ltext13                       text13       000000
__Ltext14                       text14       000000
__Ltext15                       text15       000000
__Ltext16                       text16       000000
__Ltext17                       text17       000000
__Ltext18                       text18       000000
__Ltext19                       text19       000000
__Ltext2                        text2        000000
__Ltext20                       text20       000000
__Ltext21                       text21       000000
__Ltext22                       text22       000000
__Ltext23                       text23       000000
__Ltext24                       text24       000000
__Ltext25                       text25       000000
__Ltext26                       text26       000000
__Ltext27                       text27       000000
__Ltext28                       text28       000000
__Ltext29                       text29       000000
__Ltext3                        text3        000000
__Ltext30                       text30       000000
__Ltext31                       text31       000000
__Ltext32                       text32       000000
__Ltext33                       text33       000000
__Ltext34                       text34       000000
__Ltext35                       text35       000000
__Ltext36                       text36       000000
__Ltext37                       text37       000000
__Ltext38                       text38       000000
__Ltext39                       text39       000000
__Ltext4                        text4        000000
__Ltext40                       text40       000000
__Ltext41                       text41       000000
__Ltext42                       text42       000000
__Ltext43                       text43       000000
__Ltext5                        text5        000000
__Ltext6                        text6        000000
__Ltext7                        text7        000000
__Ltext8                        text8        000000
__Ltext9                        text9        000000
__S0                            (abs)        0024AB
__S1                            (abs)        000172
__S4                            (abs)        000000
__S5                            (abs)        000000
___aodiv                        text26       00147E
___aodiv@counter                cstackCOMRAM 000011
___aodiv@dividend               cstackCOMRAM 000001
___aodiv@divisor                cstackCOMRAM 000009
___aodiv@quotient               cstackCOMRAM 000013
___aodiv@sign                   cstackCOMRAM 000012
___aomod                        text25       001606
___aomod@counter                cstackCOMRAM 000011
___aomod@dividend               cstackCOMRAM 000001
___aomod@divisor                cstackCOMRAM 000009
___aomod@sign                   cstackCOMRAM 000012
___awdiv                        text9        001AEE
___awdiv@counter                cstackCOMRAM 000012
___awdiv@dividend               cstackCOMRAM 00000E
___awdiv@divisor                cstackCOMRAM 000010
___awdiv@quotient               cstackCOMRAM 000014
___awdiv@sign                   cstackCOMRAM 000013
___heap_hi                      (abs)        000000
___heap_lo                      (abs)        000000
___inthi_sp                     stack        000000
___intlo_sp                     stack        000000
___lwdiv                        text13       001DF2
___lwdiv@counter                cstackCOMRAM 000007
___lwdiv@dividend               cstackCOMRAM 000001
___lwdiv@divisor                cstackCOMRAM 000003
___lwdiv@quotient               cstackCOMRAM 000005
___param_bank                   (abs)        000000
___rparam_used                  (abs)        000001
___sp                           stack        000000
___wmul                         text12       002402
___wmul@multiplicand            cstackCOMRAM 00000A
___wmul@multiplier              cstackCOMRAM 000008
___wmul@product                 cstackCOMRAM 00000C
__accesstop                     (abs)        000060
__activetblptr                  (abs)        000001
__end_of_I2C_2_Master_Idle      text43       002402
__end_of_I2C_2_Master_Init      text31       0023DA
__end_of_I2C_2_Master_Read      text42       002232
__end_of_I2C_2_Master_RepStart  text41       0024A8
__end_of_I2C_2_Master_Start     text40       00249E
__end_of_I2C_2_Master_Stop      text39       002494
__end_of_I2C_2_Master_Write     text38       00248A
__end_of_LED_G                  text32       0023B0
__end_of___aodiv                text26       001606
__end_of___aomod                text25       00176A
__end_of___awdiv                text9        001BB2
__end_of___lwdiv                text13       001E66
__end_of___wmul                 text12       002428
__end_of__initialization        cinit        0021A0
__end_of_abs                    text24       0022B2
__end_of_color_click_init       text29       002354
__end_of_color_display          text14       001ED6
__end_of_color_read_Blue        text37       002128
__end_of_color_read_Clear       text36       0020D8
__end_of_color_read_Green       text35       002088
__end_of_color_read_Red         text34       002038
__end_of_color_writetoaddr      text30       002448
__end_of_compare                text11       0022EA
__end_of_detect_color_C         text10       00188C
__end_of_dtoa                   text18       0010F6
__end_of_fputc                  text22       001A28
__end_of_fputs                  text21       00216C
__end_of_fullSpeedAhead         text7        001C5E
__end_of_get_color              text33       001F96
__end_of_initDCmotorsPWM        text6        0021F0
__end_of_initDCmotors_parameter text5        00195E
__end_of_initUSART4             text4        002466
__end_of_main                   text0        001DF2
__end_of_movement               text2        002272
__end_of_pad                    text19       001AEE
__end_of_putch                  text23       0024AA
__end_of_sendCharSerial4        text28       00247E
__end_of_sendStringSerial4      text27       002384
__end_of_setMotorPWM            text8        0012CA
__end_of_sprintf                text15       001FE8
__end_of_stop                   text1        001D02
__end_of_strlen                 text20       002320
__end_of_turnRight              text3        001D7E
__end_of_vfpfcnvrt              text17       00147E
__end_of_vfprintf               text16       001F38
__initialization                cinit        00216C
__mediumconst                   mediumconst  000000
__pbssBANK0                     bssBANK0     0000F9
__pbssBANK1                     bssBANK1     000100
__pbssCOMRAM                    bssCOMRAM    00005C
__pcinit                        cinit        00216C
__pcstackBANK0                  cstackBANK0  000060
__pcstackCOMRAM                 cstackCOMRAM 000001
__pdataBANK0                    dataBANK0    0000FF
__pidataBANK0                   idataBANK0   0024AA
__psmallconst                   smallconst   000E00
__ptext0                        text0        001D7E
__ptext1                        text1        001C5E
__ptext10                       text10       00176A
__ptext11                       text11       0022B2
__ptext12                       text12       002402
__ptext13                       text13       001DF2
__ptext14                       text14       001E66
__ptext15                       text15       001F96
__ptext16                       text16       001ED6
__ptext17                       text17       0012CA
__ptext18                       text18       000E12
__ptext19                       text19       001A28
__ptext2                        text2        002232
__ptext20                       text20       0022EA
__ptext21                       text21       002128
__ptext22                       text22       00195E
__ptext23                       text23       0024A8
__ptext24                       text24       002272
__ptext25                       text25       001606
__ptext26                       text26       00147E
__ptext27                       text27       002354
__ptext28                       text28       002466
__ptext29                       text29       002320
__ptext3                        text3        001D02
__ptext30                       text30       002428
__ptext31                       text31       0023B0
__ptext32                       text32       002384
__ptext33                       text33       001F38
__ptext34                       text34       001FE8
__ptext35                       text35       002038
__ptext36                       text36       002088
__ptext37                       text37       0020D8
__ptext38                       text38       00247E
__ptext39                       text39       00248A
__ptext4                        text4        002448
__ptext40                       text40       002494
__ptext41                       text41       00249E
__ptext42                       text42       0021F0
__ptext43                       text43       0023DA
__ptext5                        text5        00188C
__ptext6                        text6        0021AE
__ptext7                        text7        001BB2
__ptext8                        text8        0010F6
__ptext9                        text9        001AEE
__ramtop                        ramtop       000E00
__smallconst                    smallconst   000E00
_abs                            text24       002272
_color                          dataBANK0    0000FF
_color_click_init               text29       002320
_color_display                  text14       001E66
_color_read_Blue                text37       0020D8
_color_read_Clear               text36       002088
_color_read_Green               text35       002038
_color_read_Red                 text34       001FE8
_color_writetoaddr              text30       002428
_compare                        text11       0022B2
_dbuf                           bssBANK1     000152
_detect_color_C                 text10       00176A
_dtoa                           text18       000E12
_dtoa$2122                      cstackCOMRAM 00002E
_flags                          bssBANK0     0000FD
_fputc                          text22       00195E
_fputs                          text21       002128
_fullSpeedAhead                 text7        001BB2
_get_color                      text33       001F38
_initDCmotorsPWM                text6        0021AE
_initDCmotors_parameter         text5        00188C
_initUSART4                     text4        002448
_main                           text0        001D7E
_movement                       text2        002232
_nout                           bssBANK1     000150
_pad                            text19       001A28
_prec                           bssBANK0     0000FB
_putch                          text23       0024A8
_sendCharSerial4                text28       002466
_sendStringSerial4              text27       002354
_setMotorPWM                    text8        0010F6
_sprintf                        text15       001F96
_stop                           text1        001C5E
_strlen                         text20       0022EA
_turnRight                      text3        001D02
_vfpfcnvrt                      text17       0012CA
_vfprintf                       text16       001ED6
_width                          bssBANK0     0000F9
abs@a                           cstackCOMRAM 000013
color_display@buf               cstackBANK0  000079
color_display@m                 cstackCOMRAM 000058
color_read_Blue@tmp             cstackCOMRAM 00000A
color_read_Clear@tmp            cstackCOMRAM 00000A
color_read_Green@tmp            cstackCOMRAM 00000A
color_read_Red@tmp              cstackCOMRAM 00000A
color_writetoaddr@address       cstackCOMRAM 000004
color_writetoaddr@value         cstackCOMRAM 000003
compare@lower                   cstackCOMRAM 000005
compare@result                  cstackCOMRAM 000007
compare@upper                   cstackCOMRAM 000003
compare@value2compare           cstackCOMRAM 000001
detect_color_C@RB_ratio         cstackCOMRAM 000012
detect_color_C@RG_ratio         cstackCOMRAM 000010
detect_color_C@m                cstackCOMRAM 00000E
dtoa@d                          cstackCOMRAM 00001E
dtoa@fp                         cstackCOMRAM 00001C
dtoa@i                          cstackCOMRAM 00003E
dtoa@n                          cstackCOMRAM 000036
dtoa@p                          cstackCOMRAM 000030
dtoa@s                          cstackCOMRAM 000034
dtoa@w                          cstackCOMRAM 000032
end_of_initialization           cinit        0021A0
fputc@c                         cstackCOMRAM 000001
fputc@fp                        cstackCOMRAM 000003
fputs@c                         cstackCOMRAM 00000E
fputs@fp                        cstackCOMRAM 00000C
fputs@i                         cstackCOMRAM 00000F
fputs@s                         cstackCOMRAM 00000A
fullSpeedAhead@mL               cstackCOMRAM 000021
fullSpeedAhead@mR               cstackCOMRAM 000023
get_color@m                     cstackCOMRAM 00000C
initDCmotorsPWM@PWMperiod       cstackCOMRAM 000001
initDCmotors_parameter@motorL   cstackCOMRAM 000001
initDCmotors_parameter@motorR   cstackCOMRAM 000003
intlevel0                       text         000000
intlevel1                       text         000000
intlevel2                       text         000000
intlevel3                       text         000000
isa$std                         (abs)        000001
isa$xinst                       (abs)        000000
main@motorL                     cstackBANK0  0000EF
main@motorR                     cstackBANK0  0000E5
main@rgb                        cstackBANK0  0000DD
movement@color                  cstackCOMRAM 00002C
movement@mL                     cstackCOMRAM 000026
movement@mR                     cstackCOMRAM 000028
pad@buf                         cstackCOMRAM 000013
pad@fp                          cstackCOMRAM 000011
pad@i                           cstackCOMRAM 000018
pad@p                           cstackCOMRAM 000015
pad@w                           cstackCOMRAM 00001A
sendCharSerial4@charToSend      cstackCOMRAM 000001
sendStringSerial4@string        cstackCOMRAM 000002
setMotorPWM@PWMduty             cstackCOMRAM 00001F
setMotorPWM@m                   cstackCOMRAM 000016
sprintf@ap                      cstackBANK0  00006C
sprintf@f                       cstackBANK0  00006E
sprintf@fmt                     cstackBANK0  000062
sprintf@s                       cstackBANK0  000060
stackhi                         (abs)        000000
stacklo                         (abs)        000000
start                           init         000000
start_initialization            cinit        00216C
stop@mL                         cstackCOMRAM 000021
stop@mR                         cstackCOMRAM 000023
strlen@a                        cstackCOMRAM 000003
strlen@s                        cstackCOMRAM 000001
turnRight@mL                    cstackCOMRAM 000021
turnRight@mR                    cstackCOMRAM 000023
vfpfcnvrt@ap                    cstackCOMRAM 000044
vfpfcnvrt@fmt                   cstackCOMRAM 000042
vfpfcnvrt@fp                    cstackCOMRAM 000040
vfpfcnvrt@ll                    cstackCOMRAM 000048
vfprintf@ap                     cstackCOMRAM 000054
vfprintf@cfmt                   cstackCOMRAM 000056
vfprintf@fmt                    cstackCOMRAM 000052
vfprintf@fp                     cstackCOMRAM 000050


MODULE INFORMATION

Module		Function		Class		Link	Load	Size
C:\Program Files\Microchip\xc8\v2.35\pic\sources\c99\common\putch.c
		_putch         		CODE           	24A8	0000	2

C:\Program Files\Microchip\xc8\v2.35\pic\sources\c99\common\putch.c estimated size: 2

serial.c
		_sendStringSerial4		CODE           	2354	0000	48
		_sendCharSerial4		CODE           	2466	0000	24
		_initUSART4    		CODE           	2448	0000	30

serial.c estimated size: 102

color.c
		_get_color     		CODE           	1F38	0000	94
		_color_writetoaddr		CODE           	2428	0000	32
		_compare       		CODE           	22B2	0000	56
		_color_click_init		CODE           	2320	0000	52
		_detect_color_C		CODE           	176A	0000	290
		_color_read_Green		CODE           	2038	0000	80
		_movement      		CODE           	2232	0000	64
		_color_read_Clear		CODE           	2088	0000	80
		_LED_G         		CODE           	2384	0000	44
		_color_read_Red		CODE           	1FE8	0000	80
		_color_display 		CODE           	1E66	0000	112
		_color_read_Blue		CODE           	20D8	0000	80

color.c estimated size: 1064

C:\Program Files\Microchip\xc8\v2.35\pic\sources\c99\common\aodiv.c
		___aodiv       		CODE           	147E	0000	392

C:\Program Files\Microchip\xc8\v2.35\pic\sources\c99\common\aodiv.c estimated size: 392

dc_motor.c
		_fullSpeedAhead		CODE           	1BB2	0000	172
		_stop          		CODE           	1C5E	0000	164
		_initDCmotorsPWM		CODE           	21AE	0000	66
		_initDCmotors_parameter		CODE           	188C	0000	210
		_turnRight     		CODE           	1D02	0000	124
		_setMotorPWM   		CODE           	10F6	0000	468

dc_motor.c estimated size: 1204

C:\Program Files\Microchip\xc8\v2.35\pic\sources\c99\common\nf_sprintf.c
		_sprintf       		CODE           	1F96	0000	82

C:\Program Files\Microchip\xc8\v2.35\pic\sources\c99\common\nf_sprintf.c estimated size: 82

i2c.c
		_I2C_2_Master_Start		CODE           	2494	0000	10
		_I2C_2_Master_Read		CODE           	21F0	0000	66
		_I2C_2_Master_Idle		CODE           	23DA	0000	40
		_I2C_2_Master_Init		CODE           	23B0	0000	42
		_I2C_2_Master_Stop		CODE           	248A	0000	10
		_I2C_2_Master_RepStart		CODE           	249E	0000	10
		_I2C_2_Master_Write		CODE           	247E	0000	12

i2c.c estimated size: 190

C:\Program Files\Microchip\xc8\v2.35\pic\sources\c99\common\nf_fputc.c
		_fputc         		CODE           	195E	0000	202

C:\Program Files\Microchip\xc8\v2.35\pic\sources\c99\common\nf_fputc.c estimated size: 202

C:\Program Files\Microchip\xc8\v2.35\pic\sources\c99\common\lwdiv.c
		___lwdiv       		CODE           	1DF2	0000	116

C:\Program Files\Microchip\xc8\v2.35\pic\sources\c99\common\lwdiv.c estimated size: 116

C:\Program Files\Microchip\xc8\v2.35\pic\sources\c99\common\awdiv.c
		___awdiv       		CODE           	1AEE	0000	196

C:\Program Files\Microchip\xc8\v2.35\pic\sources\c99\common\awdiv.c estimated size: 196

C:\Program Files\Microchip\xc8\v2.35\pic\sources\c99\common\Umul16.c
		___wmul        		CODE           	2402	0000	38

C:\Program Files\Microchip\xc8\v2.35\pic\sources\c99\common\Umul16.c estimated size: 38

C:\Program Files\Microchip\xc8\v2.35\pic\sources\c99\common\abs.c
		_abs           		CODE           	2272	0000	64

C:\Program Files\Microchip\xc8\v2.35\pic\sources\c99\common\abs.c estimated size: 64

shared
		__initialization		CODE           	216C	0000	52

shared estimated size: 52

C:\Program Files\Microchip\xc8\v2.35\pic\sources\c99\common\strlen.c
		_strlen        		CODE           	22EA	0000	54

C:\Program Files\Microchip\xc8\v2.35\pic\sources\c99\common\strlen.c estimated size: 54

C:\Program Files\Microchip\xc8\v2.35\pic\sources\c99\common\aomod.c
		___aomod       		CODE           	1606	0000	356

C:\Program Files\Microchip\xc8\v2.35\pic\sources\c99\common\aomod.c estimated size: 356

C:\Program Files\Microchip\xc8\v2.35\pic\sources\c99\common\nf_fputs.c
		_fputs         		CODE           	2128	0000	68

C:\Program Files\Microchip\xc8\v2.35\pic\sources\c99\common\nf_fputs.c estimated size: 68

main.c
		_main          		CODE           	1D7E	0000	116

main.c estimated size: 116

C:\Program Files\Microchip\xc8\v2.35\pic\sources\c99\common\doprnt.c
		_vfpfcnvrt     		CODE           	12CA	0000	436
		_pad           		CODE           	1A28	0000	198
		_dtoa          		CODE           	0E12	0000	740
		_vfprintf      		CODE           	1ED6	0000	98

C:\Program Files\Microchip\xc8\v2.35\pic\sources\c99\common\doprnt.c estimated size: 1472

