Microchip MPLAB XC8 Compiler V2.35

Linker command line:

-W-3 --edf=C:\Program Files\Microchip\xc8\v2.35\pic\dat\en_msgs.txt -cn \
  -h+dist/default/production\final-project-kangan-yuhai.X.production.sym \
  --cmf=dist/default/production\final-project-kangan-yuhai.X.production.cmf \
  -z -Q18F67K40 -oC:\Users\KANGAN~1\AppData\Local\Temp\xcAsk8.4 \
  --defsym=__MPLAB_BUILD=1 \
  -Mdist/default/production/final-project-kangan-yuhai.X.production.map \
  --md=C:\Users\KANGAN~1\AppData\Local\Temp\xcAsk8.dat -E1 \
  -ver=XC8 Compiler --acfsm=1493 -ACODE=00h-01FFFFh -ACONST=00h-01FFFFh \
  -ASMALLCONST=0E00h-0EFFhx498 -AMEDIUMCONST=0E00h-0FFFFh,010E00h-01FFFFh \
  -ACOMRAM=01h-05Fh -AABS1=00h-0DE9h -ABIGRAM=01h-0DE9h \
  -ARAM=060h-0FFh,0100h-01FFhx12,0D00h-0DE9h -ABANK0=060h-0FFh \
  -ABANK1=0100h-01FFh -ABANK2=0200h-02FFh -ABANK3=0300h-03FFh \
  -ABANK4=0400h-04FFh -ABANK5=0500h-05FFh -ABANK6=0600h-06FFh \
  -ABANK7=0700h-07FFh -ABANK8=0800h-08FFh -ABANK9=0900h-09FFh \
  -ABANK10=0A00h-0AFFh -ABANK11=0B00h-0BFFh -ABANK12=0C00h-0CFFh \
  -ABANK13=0D00h-0DE9h \
  -ASFR=0DEFh-0DFFh,0E00h-0EFFh,0F00h-0F5Fh,0F60h-0FFFh \
  -ABIGSFR=0DEFh-0FFFh -ACONFIG=0300000h-030000Bh -AIDLOC=0200000h-020000Fh \
  -AEEDATA=0310000h-03103FFh -peeprom_data=EEDATA \
  -preset_vec=00h,intcode,intcodelo,powerup,init -pramtop=0E00h \
  -psmallconst=SMALLCONST -pmediumconst=MEDIUMCONST -pconst=CONST \
  -AFARRAM=00h-00h \
  -prdata=COMRAM,nvrram=COMRAM,nvbit=COMRAM,rbss=COMRAM,rbit=COMRAM \
  -pfarbss=FARRAM,fardata=FARRAM,nvFARRAM=FARRAM \
  -pintsave_regs=BIGRAM,bigbss=BIGRAM,bigdata=BIGRAM -pbss=RAM \
  -pidata=CODE,irdata=CODE,ibigdata=CODE,ifardata=CODE -prparam=COMRAM \
  C:\Users\KANGAN~1\AppData\Local\Temp\xcAsk8.o \
  dist/default/production\final-project-kangan-yuhai.X.production.o 

Object code version is 3.11

Machine type is 18F67K40



                Name                               Link     Load   Length Selector   Space Scale
C:\Users\KANGAN~1\AppData\Local\Temp\xcAsk8.o
                idloc                            200000   200000       10        0       5
                config                           300000   300000        C        0       4
                init                                  0        0        4        0       0
dist/default/production\final-project-kangan-yuhai.X.production.o
                idloc                            200000   200000       10        0       5
                config                           300000   300000        C        0       4
                smallconst                          E00      E00       54      700       0
                text52                             42FA     42FA       20      72A       0
                text51                             42DA     42DA       20      72A       0
                text50                             42BA     42BA       20      72A       0
                text49                             4252     4252       28      72A       0
                text48                             4022     4022       42      72A       0
                text47                             438C     438C        A      72A       0
                text46                             4382     4382        A      72A       0
                text45                             4378     4378        A      72A       0
                text44                             436C     436C        C      72A       0
                text43                             3F06     3F06       50      72A       0
                text42                             3EB6     3EB6       50      72A       0
                text41                             3E66     3E66       50      72A       0
                text40                             35BA     35BA      12A      72A       0
                text39                             4228     4228       2A      72A       0
                text38                             429A     429A       20      72A       0
                text37                             41C4     41C4       34      72A       0
                text36                             427A     427A       20      72A       0
                text35                             4354     4354       18      72A       0
                text34                             41F8     41F8       30      72A       0
                text33                             32CE     32CE      188      72A       0
                text32                             3456     3456      164      72A       0
                text31                             4064     4064       40      72A       0
                text30                             4398     4398        2      72A       0
                text29                             3AA0     3AA0       CA      72A       0
                text28                             3F9C     3F9C       44      72A       0
                text27                             418E     418E       36      72A       0
                text26                             3B6A     3B6A       C6      72A       0
                text25                             2AEC     2AEC      2E4      72A       0
                text24                             2F84     2F84      1B4      72A       0
                text23                             3D04     3D04       62      72A       0
                text22                             3DC4     3DC4       52      72A       0
                text21                             3C30     3C30       70      72A       0
                text20                             38F0     38F0       DE      72A       0
                text19                             3E16     3E16       50      72A       0
                text18                             3D66     3D66       5E      72A       0
                text17                             3138     3138      196      72A       0
                text16                             2752     2752      39A      72A       0
                text15                             2DD0     2DD0      1B4      72A       0
                text14                             411C     411C       3A      72A       0
                text13                             36E4     36E4      108      72A       0
                text12                             37EC     37EC      104      72A       0
                text11                             1F7A     1F7A      42A      72A       0
                text10                             4156     4156       38      72A       0
                text9                              1ABA     1ABA      4C0      72A       0
                text8                              3F56     3F56       46      72A       0
                text7                              23A4     23A4      3AE      72A       0
                text6                              40E2     40E2       3A      72A       0
                text5                               E54      E54      C66      72A       0
                text4                              3FE0     3FE0       42      72A       0
                text3                              39CE     39CE       D2      72A       0
                text2                              431A     431A       1E      72A       0
                text1                              4338     4338       1C      72A       0
                text0                              3CA0     3CA0       64      72A       0
                cstackCOMRAM                          1        1       5F        1       1
                cstackBANK0                          60       60       86       60       1
                cstackBANK1                         185      185       2F      100       1
                bssBANK1                            100      100       85      100       1
                dataBANK0                            F6       F6        2       60       1
                bssBANK0                             E6       E6       10       60       1
                cinit                              40A4     40A4       3E      72A       0
                idataBANK0                         4396     4396        2      72A       0

TOTAL           Name                               Link     Load   Length     Space
        CLASS   CODE           
                init                                  0        0        4         0
                text52                             42FA     42FA       20         0
                text51                             42DA     42DA       20         0
                text50                             42BA     42BA       20         0
                text49                             4252     4252       28         0
                text48                             4022     4022       42         0
                text47                             438C     438C        A         0
                text46                             4382     4382        A         0
                text45                             4378     4378        A         0
                text44                             436C     436C        C         0
                text43                             3F06     3F06       50         0
                text42                             3EB6     3EB6       50         0
                text41                             3E66     3E66       50         0
                text40                             35BA     35BA      12A         0
                text39                             4228     4228       2A         0
                text38                             429A     429A       20         0
                text37                             41C4     41C4       34         0
                text36                             427A     427A       20         0
                text35                             4354     4354       18         0
                text34                             41F8     41F8       30         0
                text33                             32CE     32CE      188         0
                text32                             3456     3456      164         0
                text31                             4064     4064       40         0
                text30                             4398     4398        2         0
                text29                             3AA0     3AA0       CA         0
                text28                             3F9C     3F9C       44         0
                text27                             418E     418E       36         0
                text26                             3B6A     3B6A       C6         0
                text25                             2AEC     2AEC      2E4         0
                text24                             2F84     2F84      1B4         0
                text23                             3D04     3D04       62         0
                text22                             3DC4     3DC4       52         0
                text21                             3C30     3C30       70         0
                text20                             38F0     38F0       DE         0
                text19                             3E16     3E16       50         0
                text18                             3D66     3D66       5E         0
                text17                             3138     3138      196         0
                text16                             2752     2752      39A         0
                text15                             2DD0     2DD0      1B4         0
                text14                             411C     411C       3A         0
                text13                             36E4     36E4      108         0
                text12                             37EC     37EC      104         0
                text11                             1F7A     1F7A      42A         0
                text10                             4156     4156       38         0
                text9                              1ABA     1ABA      4C0         0
                text8                              3F56     3F56       46         0
                text7                              23A4     23A4      3AE         0
                text6                              40E2     40E2       3A         0
                text5                               E54      E54      C66         0
                text4                              3FE0     3FE0       42         0
                text3                              39CE     39CE       D2         0
                text2                              431A     431A       1E         0
                text1                              4338     4338       1C         0
                text0                              3CA0     3CA0       64         0
                cinit                              40A4     40A4       3E         0
                idataBANK0                         4396     4396        2         0

        CLASS   CONST          

        CLASS   SMALLCONST     
                smallconst                          E00      E00       54         0

        CLASS   MEDIUMCONST    

        CLASS   COMRAM         
                cstackCOMRAM                          1        1       5F         1

        CLASS   ABS1           

        CLASS   BIGRAM         

        CLASS   RAM            

        CLASS   BANK0          
                cstackBANK0                          60       60       86         1
                dataBANK0                            F6       F6        2         1
                bssBANK0                             E6       E6       10         1

        CLASS   BANK1          
                cstackBANK1                         185      185       2F         1
                bssBANK1                            100      100       85         1

        CLASS   BANK2          

        CLASS   BANK3          

        CLASS   BANK4          

        CLASS   BANK5          

        CLASS   BANK6          

        CLASS   BANK7          

        CLASS   BANK8          

        CLASS   BANK9          

        CLASS   BANK10         

        CLASS   BANK11         

        CLASS   BANK12         

        CLASS   BANK13         

        CLASS   SFR            

        CLASS   BIGSFR         

        CLASS   CONFIG         
                config                           300000   300000        C         4

        CLASS   IDLOC          
                idloc                            200000   200000       10         5

        CLASS   EEDATA         

        CLASS   FARRAM         

        CLASS   HEAP           

        CLASS   STACK          



SEGMENTS        Name                           Load    Length   Top    Selector   Space  Class

                reset_vec                      000000  000004  000004         0       0  CODE    
                cstackCOMRAM                   000001  00005F  000060         1       1  COMRAM  
                cstackBANK0                    000060  000098  0000F8        60       1  BANK0   
                bssBANK1                       000100  0000B4  0001B4       100       1  BANK1   
                smallconst                     000E00  000054  000E54       700       0  SMALLCON
                text5                          000E54  003546  00439A       72A       0  CODE    


UNUSED ADDRESS RANGES

        Name                Unused          Largest block    Delta
        BANK0            0000F8-0000FF                8
        BANK1            0001B4-0001FF               4C
        BANK10           000A00-000AFF              100
        BANK11           000B00-000BFF              100
        BANK12           000C00-000CFF              100
        BANK13           000D00-000DE9               EA
        BANK2            000200-0002FF              100
        BANK3            000300-0003FF              100
        BANK4            000400-0004FF              100
        BANK5            000500-0005FF              100
        BANK6            000600-0006FF              100
        BANK7            000700-0007FF              100
        BANK8            000800-0008FF              100
        BANK9            000900-0009FF              100
        BIGRAM           0000F8-0000FF                8
                         0001B4-000DE9              C36
        BIGSFR           000DEF-000FFF              211
        CODE             000004-000DFF              DFC
                         00439A-01FFFF            1BC66
        CONST            000004-000DFF              DFC
                         00439A-01FFFF            1BC66
        EEDATA           310000-3103FF              400
        MEDIUMCONST      00439A-00FFFF             BC66
                         010E00-01FFFF             F200
        RAM              0000F8-0000FF                8
                         0001B4-000DE9              100
        SFR              000DEF-000FFF              100
        SMALLCONST       00439A-01FFFF              100

                                  Symbol Table

?___aodiv                       cstackCOMRAM 000001
?___aomod                       cstackCOMRAM 000001
?___fladd                       cstackCOMRAM 000001
?___fldiv                       cstackCOMRAM 00000F
?___flmul                       cstackCOMRAM 000028
?___flneg                       cstackCOMRAM 000001
?___flsub                       cstackCOMRAM 000011
?___fltol                       cstackCOMRAM 00005B
?___xxtofl                      cstackCOMRAM 000001
?_abs                           cstackCOMRAM 000013
?_color_read_Blue               cstackCOMRAM 000005
?_color_read_Clear              cstackCOMRAM 000005
?_color_read_Green              cstackCOMRAM 000005
?_color_read_Red                cstackCOMRAM 000005
?_dtoa                          cstackCOMRAM 00001C
?_lroundf                       cstackBANK0  000066
?_pad                           cstackCOMRAM 000011
?_roundf                        cstackCOMRAM 000041
?_sprintf                       cstackBANK0  000060
?_strlen                        cstackCOMRAM 000001
?_vfpfcnvrt                     cstackCOMRAM 000040
?_vfprintf                      cstackCOMRAM 000050
I2C_2_Master_Read@ack           cstackCOMRAM 000003
I2C_2_Master_Read@tmp           cstackCOMRAM 000004
I2C_2_Master_Write@data_byte    cstackCOMRAM 000002
_ADCON0bits                     (abs)        000F60
_ADPCH                          (abs)        000F5F
_ADREFbits                      (abs)        000F58
_ADRESH                         (abs)        000F64
_ANSELDbits                     (abs)        000EA7
_ANSELFbits                     (abs)        000EB4
_BAUD4CONbits                   (abs)        000EE9
_CALIBRATION_180                dataBANK0    0000F6
_EUSART4RXbuf                   bssBANK1     00013C
_EUSART4TXbuf                   bssBANK1     000100
_I2C_2_Master_Idle              text49       004252
_I2C_2_Master_Init              text39       004228
_I2C_2_Master_Read              text48       004022
_I2C_2_Master_RepStart          text47       00438C
_I2C_2_Master_Start             text46       004382
_I2C_2_Master_Stop              text45       004378
_I2C_2_Master_Write             text44       00436C
_LATAbits                       (abs)        000F79
_LATCbits                       (abs)        000F7B
_LATE                           (abs)        000F7D
_LATEbits                       (abs)        000F7D
_LATFbits                       (abs)        000F7E
_LATG                           (abs)        000F7F
_LATGbits                       (abs)        000F7F
_LED_B                          text52       0042FA
_LED_C                          text36       00427A
_LED_G                          text51       0042DA
_LED_R                          text50       0042BA
_PIE4bits                       (abs)        000E2D
_PIR4bits                       (abs)        000E37
_PORTFbits                      (abs)        000F8E
_PWM6CONbits                    (abs)        000FA4
_PWM6DCH                        (abs)        000FA3
_PWM7CONbits                    (abs)        000FA1
_PWM7DCH                        (abs)        000FA0
_RC0PPS                         (abs)        000E62
_RC4REG                         (abs)        000EE3
_RC4STAbits                     (abs)        000EE7
_RC7PPS                         (abs)        000E69
_RD5PPS                         (abs)        000E6F
_RD6PPS                         (abs)        000E70
_RE2PPS                         (abs)        000E74
_RX4PPS                         (abs)        000E15
_RxBufReadCnt                   bssBANK0     0000F4
_RxBufWriteCnt                  bssBANK0     0000F5
_SENSITIVITY                    dataBANK0    0000F7
_SP4BRGH                        (abs)        000EE6
_SP4BRGL                        (abs)        000EE5
_SSP2ADD                        (abs)        000ED6
_SSP2BUF                        (abs)        000ED5
_SSP2CLKPPS                     (abs)        000E1C
_SSP2CON1bits                   (abs)        000ED9
_SSP2CON2                       (abs)        000EDA
_SSP2CON2bits                   (abs)        000EDA
_SSP2DATPPS                     (abs)        000E1D
_SSP2STAT                       (abs)        000ED8
_T2CLKCONbits                   (abs)        000FBF
_T2CONbits                      (abs)        000FBD
_T2HLTbits                      (abs)        000FBE
_T2PR                           (abs)        000FBC
_TRISAbits                      (abs)        000F81
_TRISCbits                      (abs)        000F83
_TRISDbits                      (abs)        000F84
_TRISEbits                      (abs)        000F85
_TRISFbits                      (abs)        000F86
_TRISGbits                      (abs)        000F87
_TX4REG                         (abs)        000EE4
_TX4STAbits                     (abs)        000EE8
_TxBufReadCnt                   bssBANK0     0000F2
_TxBufWriteCnt                  bssBANK0     0000F3
__HRAM                          (abs)        000000
__Habs1                         abs1         000000
__Hbank0                        bank0        000000
__Hbank1                        bank1        000000
__Hbank10                       bank10       000000
__Hbank11                       bank11       000000
__Hbank12                       bank12       000000
__Hbank13                       bank13       000000
__Hbank2                        bank2        000000
__Hbank3                        bank3        000000
__Hbank4                        bank4        000000
__Hbank5                        bank5        000000
__Hbank6                        bank6        000000
__Hbank7                        bank7        000000
__Hbank8                        bank8        000000
__Hbank9                        bank9        000000
__Hbigbss                       bigbss       000000
__Hbigdata                      bigdata      000000
__Hbigram                       bigram       000000
__Hbigsfr                       bigsfr       000000
__Hbss                          bss          000000
__HbssBANK0                     bssBANK0     000000
__HbssBANK1                     bssBANK1     000000
__Hcinit                        cinit        000000
__Hclrtext                      clrtext      000000
__Hcomram                       comram       000000
__Hconfig                       config       30000C
__Hconst                        const        000000
__HcstackBANK0                  cstackBANK0  000000
__HcstackBANK1                  cstackBANK1  000000
__HcstackCOMRAM                 cstackCOMRAM 000000
__Hdata                         data         000000
__HdataBANK0                    dataBANK0    000000
__Heeprom_data                  eeprom_data  000000
__Hfarbss                       farbss       000000
__Hfardata                      fardata      000000
__Hheap                         heap         000000
__Hibigdata                     ibigdata     000000
__Hidata                        idata        000000
__HidataBANK0                   idataBANK0   000000
__Hidloc                        idloc        200010
__Hifardata                     ifardata     000000
__Hinit                         init         000004
__Hintcode                      intcode      000000
__Hintcode_body                 intcode_body 000000
__Hintcodelo                    intcodelo    000000
__Hintentry                     intentry     000000
__Hintret                       intret       000000
__Hintsave_regs                 intsave_regs 000000
__Hirdata                       irdata       000000
__Hmediumconst                  mediumconst  000000
__HnvFARRAM                     nvFARRAM     000000
__Hnvbit                        nvbit        000000
__Hnvrram                       nvrram       000000
__Hparam                        rparam       000000
__Hpowerup                      powerup      000000
__Hram                          ram          000000
__Hramtop                       ramtop       000E00
__Hrbit                         rbit         000000
__Hrbss                         rbss         000000
__Hrdata                        rdata        000000
__Hreset_vec                    reset_vec    000000
__Hrparam                       rparam       000000
__Hsfr                          sfr          000000
__Hsmallconst                   smallconst   000E54
__Hspace_0                      (abs)        00439A
__Hspace_1                      (abs)        0001B4
__Hspace_2                      (abs)        000000
__Hspace_4                      (abs)        60000C
__Hstack                        stack        000000
__Hstruct                       struct       000000
__Htemp                         temp         000000
__Htext                         text         000000
__Htext0                        text0        000000
__Htext1                        text1        000000
__Htext10                       text10       000000
__Htext11                       text11       000000
__Htext12                       text12       000000
__Htext13                       text13       000000
__Htext14                       text14       000000
__Htext15                       text15       000000
__Htext16                       text16       000000
__Htext17                       text17       000000
__Htext18                       text18       000000
__Htext19                       text19       000000
__Htext2                        text2        000000
__Htext20                       text20       000000
__Htext21                       text21       000000
__Htext22                       text22       000000
__Htext23                       text23       000000
__Htext24                       text24       000000
__Htext25                       text25       000000
__Htext26                       text26       000000
__Htext27                       text27       000000
__Htext28                       text28       000000
__Htext29                       text29       000000
__Htext3                        text3        000000
__Htext30                       text30       000000
__Htext31                       text31       000000
__Htext32                       text32       000000
__Htext33                       text33       000000
__Htext34                       text34       000000
__Htext35                       text35       000000
__Htext36                       text36       000000
__Htext37                       text37       000000
__Htext38                       text38       000000
__Htext39                       text39       000000
__Htext4                        text4        000000
__Htext40                       text40       000000
__Htext41                       text41       000000
__Htext42                       text42       000000
__Htext43                       text43       000000
__Htext44                       text44       000000
__Htext45                       text45       000000
__Htext46                       text46       000000
__Htext47                       text47       000000
__Htext48                       text48       000000
__Htext49                       text49       000000
__Htext5                        text5        000000
__Htext50                       text50       000000
__Htext51                       text51       000000
__Htext52                       text52       000000
__Htext6                        text6        000000
__Htext7                        text7        000000
__Htext8                        text8        000000
__Htext9                        text9        000000
__LRAM                          (abs)        000001
__Labs1                         abs1         000000
__Lbank0                        bank0        000000
__Lbank1                        bank1        000000
__Lbank10                       bank10       000000
__Lbank11                       bank11       000000
__Lbank12                       bank12       000000
__Lbank13                       bank13       000000
__Lbank2                        bank2        000000
__Lbank3                        bank3        000000
__Lbank4                        bank4        000000
__Lbank5                        bank5        000000
__Lbank6                        bank6        000000
__Lbank7                        bank7        000000
__Lbank8                        bank8        000000
__Lbank9                        bank9        000000
__Lbigbss                       bigbss       000000
__Lbigdata                      bigdata      000000
__Lbigram                       bigram       000000
__Lbigsfr                       bigsfr       000000
__Lbss                          bss          000000
__LbssBANK0                     bssBANK0     000000
__LbssBANK1                     bssBANK1     000000
__Lcinit                        cinit        000000
__Lclrtext                      clrtext      000000
__Lcomram                       comram       000000
__Lconfig                       config       000000
__Lconst                        const        000000
__LcstackBANK0                  cstackBANK0  000000
__LcstackBANK1                  cstackBANK1  000000
__LcstackCOMRAM                 cstackCOMRAM 000000
__Ldata                         data         000000
__LdataBANK0                    dataBANK0    000000
__Leeprom_data                  eeprom_data  000000
__Lfarbss                       farbss       000000
__Lfardata                      fardata      000000
__Lheap                         heap         000000
__Libigdata                     ibigdata     000000
__Lidata                        idata        000000
__LidataBANK0                   idataBANK0   000000
__Lidloc                        idloc        000000
__Lifardata                     ifardata     000000
__Linit                         init         000000
__Lintcode                      intcode      000000
__Lintcode_body                 intcode_body 000000
__Lintcodelo                    intcodelo    000000
__Lintentry                     intentry     000000
__Lintret                       intret       000000
__Lintsave_regs                 intsave_regs 000000
__Lirdata                       irdata       000000
__Lmediumconst                  mediumconst  000000
__LnvFARRAM                     nvFARRAM     000000
__Lnvbit                        nvbit        000000
__Lnvrram                       nvrram       000000
__Lparam                        rparam       000000
__Lpowerup                      powerup      000000
__Lram                          ram          000000
__Lramtop                       ramtop       000E00
__Lrbit                         rbit         000000
__Lrbss                         rbss         000000
__Lrdata                        rdata        000000
__Lreset_vec                    reset_vec    000000
__Lrparam                       rparam       000000
__Lsfr                          sfr          000000
__Lsmallconst                   smallconst   000E00
__Lspace_0                      (abs)        000000
__Lspace_1                      (abs)        000000
__Lspace_2                      (abs)        000000
__Lspace_4                      (abs)        000000
__Lstack                        stack        000000
__Lstruct                       struct       000000
__Ltemp                         temp         000000
__Ltext                         text         000000
__Ltext0                        text0        000000
__Ltext1                        text1        000000
__Ltext10                       text10       000000
__Ltext11                       text11       000000
__Ltext12                       text12       000000
__Ltext13                       text13       000000
__Ltext14                       text14       000000
__Ltext15                       text15       000000
__Ltext16                       text16       000000
__Ltext17                       text17       000000
__Ltext18                       text18       000000
__Ltext19                       text19       000000
__Ltext2                        text2        000000
__Ltext20                       text20       000000
__Ltext21                       text21       000000
__Ltext22                       text22       000000
__Ltext23                       text23       000000
__Ltext24                       text24       000000
__Ltext25                       text25       000000
__Ltext26                       text26       000000
__Ltext27                       text27       000000
__Ltext28                       text28       000000
__Ltext29                       text29       000000
__Ltext3                        text3        000000
__Ltext30                       text30       000000
__Ltext31                       text31       000000
__Ltext32                       text32       000000
__Ltext33                       text33       000000
__Ltext34                       text34       000000
__Ltext35                       text35       000000
__Ltext36                       text36       000000
__Ltext37                       text37       000000
__Ltext38                       text38       000000
__Ltext39                       text39       000000
__Ltext4                        text4        000000
__Ltext40                       text40       000000
__Ltext41                       text41       000000
__Ltext42                       text42       000000
__Ltext43                       text43       000000
__Ltext44                       text44       000000
__Ltext45                       text45       000000
__Ltext46                       text46       000000
__Ltext47                       text47       000000
__Ltext48                       text48       000000
__Ltext49                       text49       000000
__Ltext5                        text5        000000
__Ltext50                       text50       000000
__Ltext51                       text51       000000
__Ltext52                       text52       000000
__Ltext6                        text6        000000
__Ltext7                        text7        000000
__Ltext8                        text8        000000
__Ltext9                        text9        000000
__S0                            (abs)        00439A
__S1                            (abs)        0001B4
__S4                            (abs)        000000
__S5                            (abs)        000000
___aodiv                        text33       0032CE
___aodiv@counter                cstackCOMRAM 000011
___aodiv@dividend               cstackCOMRAM 000001
___aodiv@divisor                cstackCOMRAM 000009
___aodiv@quotient               cstackCOMRAM 000013
___aodiv@sign                   cstackCOMRAM 000012
___aomod                        text32       003456
___aomod@counter                cstackCOMRAM 000011
___aomod@dividend               cstackCOMRAM 000001
___aomod@divisor                cstackCOMRAM 000009
___aomod@sign                   cstackCOMRAM 000012
___fladd                        text9        001ABA
___fladd@a                      cstackCOMRAM 000005
___fladd@aexp                   cstackCOMRAM 00000E
___fladd@b                      cstackCOMRAM 000001
___fladd@bexp                   cstackCOMRAM 00000F
___fladd@grs                    cstackCOMRAM 000010
___fladd@signs                  cstackCOMRAM 00000D
___fldiv                        text16       002752
___fldiv@a                      cstackCOMRAM 000013
___fldiv@aexp                   cstackCOMRAM 000027
___fldiv@b                      cstackCOMRAM 00000F
___fldiv@bexp                   cstackCOMRAM 000026
___fldiv@grs                    cstackCOMRAM 000022
___fldiv@new_exp                cstackCOMRAM 000020
___fldiv@rem                    cstackCOMRAM 00001B
___fldiv@sign                   cstackCOMRAM 00001F
___flge                         text12       0037EC
___flge@ff1                     cstackCOMRAM 000001
___flge@ff2                     cstackCOMRAM 000005
___flmul                        text11       001F7A
___flmul@a                      cstackCOMRAM 00002C
___flmul@aexp                   cstackCOMRAM 000039
___flmul@b                      cstackCOMRAM 000028
___flmul@bexp                   cstackCOMRAM 00003A
___flmul@grs                    cstackCOMRAM 000035
___flmul@prod                   cstackCOMRAM 00003B
___flmul@sign                   cstackCOMRAM 000034
___flmul@temp                   cstackCOMRAM 00003F
___flneg                        text10       004156
___flneg@f1                     cstackCOMRAM 000001
___flsub                        text8        003F56
___flsub@a                      cstackCOMRAM 000015
___flsub@b                      cstackCOMRAM 000011
___fltol                        text13       0036E4
___fltol@exp1                   cstackBANK0  000065
___fltol@f1                     cstackCOMRAM 00005B
___fltol@sign1                  cstackBANK0  000064
___heap_hi                      (abs)        000000
___heap_lo                      (abs)        000000
___inthi_sp                     stack        000000
___intlo_sp                     stack        000000
___param_bank                   (abs)        000000
___rparam_used                  (abs)        000001
___sp                           stack        000000
___xxtofl                       text15       002DD0
___xxtofl@arg                   cstackCOMRAM 00000B
___xxtofl@exp                   cstackCOMRAM 00000A
___xxtofl@sign                  cstackCOMRAM 000009
___xxtofl@val                   cstackCOMRAM 000001
__accesstop                     (abs)        000060
__activetblptr                  (abs)        000001
__end_of_I2C_2_Master_Idle      text49       00427A
__end_of_I2C_2_Master_Init      text39       004252
__end_of_I2C_2_Master_Read      text48       004064
__end_of_I2C_2_Master_RepStart  text47       004396
__end_of_I2C_2_Master_Start     text46       00438C
__end_of_I2C_2_Master_Stop      text45       004382
__end_of_I2C_2_Master_Write     text44       004378
__end_of_LED_B                  text52       00431A
__end_of_LED_C                  text36       00429A
__end_of_LED_G                  text51       0042FA
__end_of_LED_R                  text50       0042DA
__end_of___aodiv                text33       003456
__end_of___aomod                text32       0035BA
__end_of___fladd                text9        001F7A
__end_of___fldiv                text16       002AEC
__end_of___flge                 text12       0038F0
__end_of___flmul                text11       0023A4
__end_of___flneg                text10       00418E
__end_of___flsub                text8        003F9C
__end_of___fltol                text13       0037EC
__end_of___xxtofl               text15       002F84
__end_of__initialization        cinit        0040D4
__end_of_abs                    text31       0040A4
__end_of_calibrate_white        text40       0036E4
__end_of_color_click_init       text37       0041F8
__end_of_color_data_collection  text17       0032CE
__end_of_color_display          text21       003CA0
__end_of_color_predict          text20       0039CE
__end_of_color_read_Blue        text43       003F56
__end_of_color_read_Clear       text19       003E66
__end_of_color_read_Green       text42       003F06
__end_of_color_read_Red         text41       003EB6
__end_of_color_writetoaddr      text38       0042BA
__end_of_compare                text14       004156
__end_of_detect_color           text5        001ABA
__end_of_dtoa                   text25       002DD0
__end_of_fputc                  text29       003B6A
__end_of_fputs                  text28       003FE0
__end_of_initDCmotorsPWM        text4        004022
__end_of_initDCmotors_parameter text3        003AA0
__end_of_initUSART4             text2        004338
__end_of_lroundf                text6        00411C
__end_of_main                   text0        003D04
__end_of_pad                    text26       003C30
__end_of_pin_init               text1        004354
__end_of_putch                  text30       00439A
__end_of_read_color             text18       003DC4
__end_of_roundf                 text7        002752
__end_of_sendCharSerial4        text35       00436C
__end_of_sendStringSerial4      text34       004228
__end_of_sprintf                text22       003E16
__end_of_strlen                 text27       0041C4
__end_of_toint                  smallconst   000E05
__end_of_vfpfcnvrt              text24       003138
__end_of_vfprintf               text23       003D66
__initialization                cinit        0040A4
__mediumconst                   mediumconst  000000
__pbssBANK0                     bssBANK0     0000E6
__pbssBANK1                     bssBANK1     000100
__pcinit                        cinit        0040A4
__pcstackBANK0                  cstackBANK0  000060
__pcstackBANK1                  cstackBANK1  000185
__pcstackCOMRAM                 cstackCOMRAM 000001
__pdataBANK0                    dataBANK0    0000F6
__pidataBANK0                   idataBANK0   004396
__psmallconst                   smallconst   000E00
__ptext0                        text0        003CA0
__ptext1                        text1        004338
__ptext10                       text10       004156
__ptext11                       text11       001F7A
__ptext12                       text12       0037EC
__ptext13                       text13       0036E4
__ptext14                       text14       00411C
__ptext15                       text15       002DD0
__ptext16                       text16       002752
__ptext17                       text17       003138
__ptext18                       text18       003D66
__ptext19                       text19       003E16
__ptext2                        text2        00431A
__ptext20                       text20       0038F0
__ptext21                       text21       003C30
__ptext22                       text22       003DC4
__ptext23                       text23       003D04
__ptext24                       text24       002F84
__ptext25                       text25       002AEC
__ptext26                       text26       003B6A
__ptext27                       text27       00418E
__ptext28                       text28       003F9C
__ptext29                       text29       003AA0
__ptext3                        text3        0039CE
__ptext30                       text30       004398
__ptext31                       text31       004064
__ptext32                       text32       003456
__ptext33                       text33       0032CE
__ptext34                       text34       0041F8
__ptext35                       text35       004354
__ptext36                       text36       00427A
__ptext37                       text37       0041C4
__ptext38                       text38       00429A
__ptext39                       text39       004228
__ptext4                        text4        003FE0
__ptext40                       text40       0035BA
__ptext41                       text41       003E66
__ptext42                       text42       003EB6
__ptext43                       text43       003F06
__ptext44                       text44       00436C
__ptext45                       text45       004378
__ptext46                       text46       004382
__ptext47                       text47       00438C
__ptext48                       text48       004022
__ptext49                       text49       004252
__ptext5                        text5        000E54
__ptext50                       text50       0042BA
__ptext51                       text51       0042DA
__ptext52                       text52       0042FA
__ptext6                        text6        0040E2
__ptext7                        text7        0023A4
__ptext8                        text8        003F56
__ptext9                        text9        001ABA
__ramtop                        ramtop       000E00
__smallconst                    smallconst   000E00
_abs                            text31       004064
_calibrate_white                text40       0035BA
_color                          bssBANK1     000164
_color_click_init               text37       0041C4
_color_data_collection          text17       003138
_color_display                  text21       003C30
_color_predict                  text20       0038F0
_color_read_Blue                text43       003F06
_color_read_Clear               text19       003E16
_color_read_Green               text42       003EB6
_color_read_Red                 text41       003E66
_color_writetoaddr              text38       00429A
_compare                        text14       00411C
_dbuf                           bssBANK1     000165
_detect_color                   text5        000E54
_detect_color$2736              cstackBANK0  000091
_dtoa                           text25       002AEC
_dtoa$2375                      cstackCOMRAM 00002E
_flags                          bssBANK0     0000F0
_fputc                          text29       003AA0
_fputs                          text28       003F9C
_initDCmotorsPWM                text4        003FE0
_initDCmotors_parameter         text3        0039CE
_initUSART4                     text2        00431A
_lroundf                        text6        0040E2
_main                           text0        003CA0
_motorL                         bssBANK1     00015A
_motorR                         bssBANK1     000150
_nout                           bssBANK0     0000EA
_pad                            text26       003B6A
_pin_init                       text1        004338
_prec                           bssBANK0     0000EE
_putch                          text30       004398
_read_color                     text18       003D66
_roundf                         text7        0023A4
_roundf$2737                    cstackCOMRAM 00004F
_roundf$2738                    cstackCOMRAM 000049
_sendCharSerial4                text35       004354
_sendStringSerial4              text34       0041F8
_sprintf                        text22       003DC4
_strlen                         text27       00418E
_vfpfcnvrt                      text24       002F84
_vfprintf                       text23       003D04
_width                          bssBANK0     0000EC
abs@a                           cstackCOMRAM 000013
calibrate_white@w               cstackCOMRAM 00000C
color_data_collection@i         cstackBANK0  0000DE
color_data_collection@j         cstackBANK0  0000E0
color_data_collection@k         cstackBANK0  0000E2
color_data_collection@m         cstackCOMRAM 00005A
color_data_collection@x         cstackBANK0  0000E4
color_display@buf               cstackBANK0  000079
color_display@m                 cstackCOMRAM 000058
color_predict@buf               cstackBANK0  000079
color_predict@color             cstackBANK0  0000DD
color_read_Blue@tmp             cstackCOMRAM 00000A
color_read_Clear@tmp            cstackCOMRAM 00000A
color_read_Green@tmp            cstackCOMRAM 00000A
color_read_Red@tmp              cstackCOMRAM 00000A
color_writetoaddr@address       cstackCOMRAM 000004
color_writetoaddr@value         cstackCOMRAM 000003
compare@lower                   cstackBANK0  00006A
compare@result                  cstackCOMRAM 00005F
compare@upper                   cstackBANK0  00006E
compare@value2compare           cstackBANK0  00006C
detect_color@BB                 cstackBANK0  000086
detect_color@BC                 cstackBANK0  000078
detect_color@BG                 cstackBANK0  00008E
detect_color@BR                 cstackBANK0  00008C
detect_color@GB                 cstackBANK0  00007E
detect_color@GC_REAL            cstackBANK0  00008A
detect_color@GG                 cstackBANK0  000082
detect_color@GR                 cstackBANK0  000080
detect_color@GR_REAL            cstackBANK0  000088
detect_color@RB                 cstackBANK0  00007C
detect_color@RG                 cstackBANK0  00007A
detect_color@RR                 cstackBANK0  000084
detect_color@color              cstackBANK0  000090
detect_color@m                  cstackBANK0  000070
detect_color@w                  cstackBANK0  000072
dtoa@d                          cstackCOMRAM 00001E
dtoa@fp                         cstackCOMRAM 00001C
dtoa@i                          cstackCOMRAM 00003E
dtoa@n                          cstackCOMRAM 000036
dtoa@p                          cstackCOMRAM 000030
dtoa@s                          cstackCOMRAM 000034
dtoa@w                          cstackCOMRAM 000032
end_of_initialization           cinit        0040D4
fputc@c                         cstackCOMRAM 000001
fputc@fp                        cstackCOMRAM 000003
fputs@c                         cstackCOMRAM 00000E
fputs@fp                        cstackCOMRAM 00000C
fputs@i                         cstackCOMRAM 00000F
fputs@s                         cstackCOMRAM 00000A
initDCmotorsPWM@PWMperiod       cstackCOMRAM 000001
initDCmotors_parameter@motorL   cstackCOMRAM 000001
initDCmotors_parameter@motorR   cstackCOMRAM 000003
intlevel0                       text         000000
intlevel1                       text         000000
intlevel2                       text         000000
intlevel3                       text         000000
isa$std                         (abs)        000001
isa$xinst                       (abs)        000000
lroundf@x                       cstackBANK0  000066
main@complete                   cstackBANK1  000185
main@motorL                     cstackBANK1  000186
main@motorR                     cstackBANK1  000190
main@rgb                        cstackBANK1  00019A
main@white                      cstackBANK1  0001A2
pad@buf                         cstackCOMRAM 000013
pad@fp                          cstackCOMRAM 000011
pad@i                           cstackCOMRAM 000018
pad@p                           cstackCOMRAM 000015
pad@w                           cstackCOMRAM 00001A
read_color@m                    cstackCOMRAM 00000C
roundf@F527                     bssBANK0     0000E6
roundf@e                        cstackCOMRAM 00004D
roundf@u                        cstackCOMRAM 000053
roundf@x                        cstackCOMRAM 000041
roundf@y                        cstackCOMRAM 000057
sendCharSerial4@charToSend      cstackCOMRAM 000001
sendStringSerial4@string        cstackCOMRAM 000002
sprintf@ap                      cstackBANK0  00006C
sprintf@f                       cstackBANK0  00006E
sprintf@fmt                     cstackBANK0  000062
sprintf@s                       cstackBANK0  000060
stackhi                         (abs)        000000
stacklo                         (abs)        000000
start                           init         000000
start_initialization            cinit        0040A4
strlen@a                        cstackCOMRAM 000003
strlen@s                        cstackCOMRAM 000001
vfpfcnvrt@ap                    cstackCOMRAM 000044
vfpfcnvrt@fmt                   cstackCOMRAM 000042
vfpfcnvrt@fp                    cstackCOMRAM 000040
vfpfcnvrt@ll                    cstackCOMRAM 000048
vfprintf@ap                     cstackCOMRAM 000054
vfprintf@cfmt                   cstackCOMRAM 000056
vfprintf@fmt                    cstackCOMRAM 000052
vfprintf@fp                     cstackCOMRAM 000050


MODULE INFORMATION

Module		Function		Class		Link	Load	Size
C:\Program Files\Microchip\xc8\v2.35\pic\sources\c99\common\putch.c
		_putch         		CODE           	4398	0000	2

C:\Program Files\Microchip\xc8\v2.35\pic\sources\c99\common\putch.c estimated size: 2

serial.c
		_sendStringSerial4		CODE           	41F8	0000	48
		_sendCharSerial4		CODE           	4354	0000	24
		_initUSART4    		CODE           	431A	0000	30

serial.c estimated size: 102

color.c
		_read_color    		CODE           	3D66	0000	94
		_color_writetoaddr		CODE           	429A	0000	32
		_color_predict 		CODE           	38F0	0000	222
		_compare       		CODE           	411C	0000	58
		_calibrate_white		CODE           	35BA	0000	298
		_color_click_init		CODE           	41C4	0000	52
		_detect_color  		CODE           	0E54	0000	3174
		_color_data_collection		CODE           	3138	0000	406
		_color_read_Green		CODE           	3EB6	0000	80
		_color_read_Clear		CODE           	3E16	0000	80
		_LED_R         		CODE           	42BA	0000	32
		_LED_G         		CODE           	42DA	0000	32
		_color_read_Red		CODE           	3E66	0000	80
		_LED_B         		CODE           	42FA	0000	32
		_color_display 		CODE           	3C30	0000	112
		_color_read_Blue		CODE           	3F06	0000	80
		_LED_C         		CODE           	427A	0000	32

color.c estimated size: 4896

C:\Program Files\Microchip\xc8\v2.35\pic\sources\c99\common\aodiv.c
		___aodiv       		CODE           	32CE	0000	392

C:\Program Files\Microchip\xc8\v2.35\pic\sources\c99\common\aodiv.c estimated size: 392

dc_motor.c
		_initDCmotorsPWM		CODE           	3FE0	0000	66
		_initDCmotors_parameter		CODE           	39CE	0000	210

dc_motor.c estimated size: 276

C:\Program Files\Microchip\xc8\v2.35\pic\sources\c99\common\sprcmul.c
		___flmul       		CODE           	1F7A	0000	1066

C:\Program Files\Microchip\xc8\v2.35\pic\sources\c99\common\sprcmul.c estimated size: 1066

C:\Program Files\Microchip\xc8\v2.35\pic\sources\c99\common\nf_sprintf.c
		_sprintf       		CODE           	3DC4	0000	82

C:\Program Files\Microchip\xc8\v2.35\pic\sources\c99\common\nf_sprintf.c estimated size: 82

C:\Program Files\Microchip\xc8\v2.35\pic\sources\c99\common\sprcdiv.c
		___fldiv       		CODE           	2752	0000	922

C:\Program Files\Microchip\xc8\v2.35\pic\sources\c99\common\sprcdiv.c estimated size: 922

i2c.c
		_I2C_2_Master_Start		CODE           	4382	0000	10
		_I2C_2_Master_Read		CODE           	4022	0000	66
		_I2C_2_Master_Idle		CODE           	4252	0000	40
		_I2C_2_Master_Init		CODE           	4228	0000	42
		_I2C_2_Master_Stop		CODE           	4378	0000	10
		_I2C_2_Master_RepStart		CODE           	438C	0000	10
		_I2C_2_Master_Write		CODE           	436C	0000	12

i2c.c estimated size: 190

C:\Program Files\Microchip\xc8\v2.35\pic\sources\c99\common\nf_fputc.c
		_fputc         		CODE           	3AA0	0000	202

C:\Program Files\Microchip\xc8\v2.35\pic\sources\c99\common\nf_fputc.c estimated size: 202

C:\Program Files\Microchip\xc8\v2.35\pic\sources\c99\common\fltol.c
		___fltol       		CODE           	36E4	0000	264

C:\Program Files\Microchip\xc8\v2.35\pic\sources\c99\common\fltol.c estimated size: 264

C:\Program Files\Microchip\xc8\v2.35\pic\sources\c99\common\abs.c
		_abs           		CODE           	4064	0000	64

C:\Program Files\Microchip\xc8\v2.35\pic\sources\c99\common\abs.c estimated size: 64

C:\Program Files\Microchip\xc8\v2.35\pic\sources\c99\common\roundf.c
		_roundf        		CODE           	23A4	0000	942

C:\Program Files\Microchip\xc8\v2.35\pic\sources\c99\common\roundf.c estimated size: 942

C:\Program Files\Microchip\xc8\v2.35\pic\sources\c99\common\flge.c
		___flge        		CODE           	37EC	0000	260

C:\Program Files\Microchip\xc8\v2.35\pic\sources\c99\common\flge.c estimated size: 260

C:\Program Files\Microchip\xc8\v2.35\pic\sources\c99\common\sprcadd.c
		___flsub       		CODE           	3F56	0000	70
		___fladd       		CODE           	1ABA	0000	1216

C:\Program Files\Microchip\xc8\v2.35\pic\sources\c99\common\sprcadd.c estimated size: 1286

shared
		__initialization		CODE           	40A4	0000	48
		_toint         		SMALLCONST     	0000	0000	0

shared estimated size: 48

C:\Program Files\Microchip\xc8\v2.35\pic\sources\c99\common\flneg.c
		___flneg       		CODE           	4156	0000	56

C:\Program Files\Microchip\xc8\v2.35\pic\sources\c99\common\flneg.c estimated size: 56

C:\Program Files\Microchip\xc8\v2.35\pic\sources\c99\common\xxtofl.c
		___xxtofl      		CODE           	2DD0	0000	436

C:\Program Files\Microchip\xc8\v2.35\pic\sources\c99\common\xxtofl.c estimated size: 436

C:\Program Files\Microchip\xc8\v2.35\pic\sources\c99\common\strlen.c
		_strlen        		CODE           	418E	0000	54

C:\Program Files\Microchip\xc8\v2.35\pic\sources\c99\common\strlen.c estimated size: 54

C:\Program Files\Microchip\xc8\v2.35\pic\sources\c99\common\lroundf.c
		_lroundf       		CODE           	40E2	0000	58

C:\Program Files\Microchip\xc8\v2.35\pic\sources\c99\common\lroundf.c estimated size: 58

C:\Program Files\Microchip\xc8\v2.35\pic\sources\c99\common\aomod.c
		___aomod       		CODE           	3456	0000	356

C:\Program Files\Microchip\xc8\v2.35\pic\sources\c99\common\aomod.c estimated size: 356

C:\Program Files\Microchip\xc8\v2.35\pic\sources\c99\common\nf_fputs.c
		_fputs         		CODE           	3F9C	0000	68

C:\Program Files\Microchip\xc8\v2.35\pic\sources\c99\common\nf_fputs.c estimated size: 68

main.c
		_main          		CODE           	3CA0	0000	100

main.c estimated size: 100

movement.c
		_pin_init      		CODE           	4338	0000	28

movement.c estimated size: 28

C:\Program Files\Microchip\xc8\v2.35\pic\sources\c99\common\doprnt.c
		_vfpfcnvrt     		CODE           	2F84	0000	436
		_pad           		CODE           	3B6A	0000	198
		_dtoa          		CODE           	2AEC	0000	740
		_vfprintf      		CODE           	3D04	0000	98

C:\Program Files\Microchip\xc8\v2.35\pic\sources\c99\common\doprnt.c estimated size: 1472

