Microchip MPLAB XC8 Compiler V2.35

Linker command line:

-W-3 --edf=C:\Program Files\Microchip\xc8\v2.35\pic\dat\en_msgs.txt -cn \
  -h+dist/default/production\final-project-kangan-yuhai.X.production.sym \
  --cmf=dist/default/production\final-project-kangan-yuhai.X.production.cmf \
  -z -Q18F67K40 -oC:\Users\jinyu\AppData\Local\Temp\xcAs90s.4 \
  --defsym=__MPLAB_BUILD=1 \
  -Mdist/default/production/final-project-kangan-yuhai.X.production.map \
  --md=C:\Users\jinyu\AppData\Local\Temp\xcAs90s.dat -E1 -ver=XC8 Compiler \
  --acfsm=1493 -ACODE=00h-01FFFFh -ACONST=00h-01FFFFh \
  -ASMALLCONST=0E00h-0EFFhx498 -AMEDIUMCONST=0E00h-0FFFFh,010E00h-01FFFFh \
  -ACOMRAM=01h-05Fh -AABS1=00h-0DE9h -ABIGRAM=01h-0DE9h \
  -ARAM=060h-0FFh,0100h-01FFhx12,0D00h-0DE9h -ABANK0=060h-0FFh \
  -ABANK1=0100h-01FFh -ABANK2=0200h-02FFh -ABANK3=0300h-03FFh \
  -ABANK4=0400h-04FFh -ABANK5=0500h-05FFh -ABANK6=0600h-06FFh \
  -ABANK7=0700h-07FFh -ABANK8=0800h-08FFh -ABANK9=0900h-09FFh \
  -ABANK10=0A00h-0AFFh -ABANK11=0B00h-0BFFh -ABANK12=0C00h-0CFFh \
  -ABANK13=0D00h-0DE9h \
  -ASFR=0DEFh-0DFFh,0E00h-0EFFh,0F00h-0F5Fh,0F60h-0FFFh \
  -ABIGSFR=0DEFh-0FFFh -ACONFIG=0300000h-030000Bh -AIDLOC=0200000h-020000Fh \
  -AEEDATA=0310000h-03103FFh -peeprom_data=EEDATA \
  -preset_vec=00h,intcode=08h,intcodelo=018h,powerup,init -pramtop=0E00h \
  -psmallconst=SMALLCONST -pmediumconst=MEDIUMCONST -pconst=CONST \
  -AFARRAM=00h-00h \
  -prdata=COMRAM,nvrram=COMRAM,nvbit=COMRAM,rbss=COMRAM,rbit=COMRAM \
  -pfarbss=FARRAM,fardata=FARRAM,nvFARRAM=FARRAM \
  -pintsave_regs=BIGRAM,bigbss=BIGRAM,bigdata=BIGRAM -pbss=RAM \
  -pidata=CODE,irdata=CODE,ibigdata=CODE,ifardata=CODE -prparam=COMRAM \
  C:\Users\jinyu\AppData\Local\Temp\xcAs90s.o \
  dist/default/production\final-project-kangan-yuhai.X.production.o 

Object code version is 3.11

Machine type is 18F67K40



                Name                               Link     Load   Length Selector   Space Scale
C:\Users\jinyu\AppData\Local\Temp\xcAs90s.o
                idloc                            200000   200000       10        0       5
                config                           300000   300000        C        0       4
                init                                 48       48        4        C       0
                reset_vec                             0        0        4        0       0
dist/default/production\final-project-kangan-yuhai.X.production.o
                intcodelo                            18       18       30        C       0
                intcode                               8        8        6        4       0
                idloc                            200000   200000       10        0       5
                config                           300000   300000        C        0       4
                temp                                 5C       5C        1        1       1
                smallconst                          E00      E00       14      700       0
                intcode_body                       588E     588E        4      70A       0
                text73                             5864     5864        C      70A       0
                text72                             580C     580C       1E      70A       0
                text71                             4CAA     4CAA       C4      70A       0
                text70                             56E8     56E8       26      70A       0
                text69                             3698     3698      1D4      70A       0
                text68                             4F9A     4F9A       94      70A       0
                text67                             4E2E     4E2E       BC      70A       0
                text66                             4D6E     4D6E       C0      70A       0
                text65                             54A0     54A0       42      70A       0
                text64                             4224     4224      180      70A       0
                text63                             40A4     40A4      180      70A       0
                text62                             3214     3214      292      70A       0
                text61                             545E     545E       42      70A       0
                text60                             298C     298C      2FA      70A       0
                text59                             5842     5842       16      70A       0
                text58                             5696     5696       2A      70A       0
                text57                             56C0     56C0       28      70A       0
                text56                             5884     5884        A      70A       0
                text55                             587A     587A        A      70A       0
                text54                             5858     5858        C      70A       0
                text53                             57CE     57CE       20      70A       0
                text52                             5604     5604       34      70A       0
                text51                             541C     541C       42      70A       0
                text50                             4984     4984       D2      70A       0
                text49                             57EE     57EE       1E      70A       0
                text48                             57AE     57AE       20      70A       0
                text47                             578E     578E       20      70A       0
                text46                             25F2     25F2      39A      70A       0
                text45                             3BDE     3BDE      1B4      70A       0
                text44                             53DA     53DA       42      70A       0
                text43                             5870     5870        A      70A       0
                text42                             5300     5300       50      70A       0
                text41                             4778     4778      108      70A       0
                text40                             4880     4880      104      70A       0
                text39                             1E16     1E16      42A      70A       0
                text38                             5596     5596       38      70A       0
                text37                             1956     1956      4C0      70A       0
                text36                             5350     5350       46      70A       0
                text35                             2240     2240      3B2      70A       0
                text34                             555C     555C       3A      70A       0
                text33                             2F68     2F68      2AC      70A       0
                text32                             4650     4650      128      70A       0
                text31                             576E     576E       20      70A       0
                text30                             574E     574E       20      70A       0
                text29                             572E     572E       20      70A       0
                text28                             570E     570E       20      70A       0
                text27                             52B0     52B0       50      70A       0
                text26                             5260     5260       50      70A       0
                text25                             5210     5210       50      70A       0
                text24                             34A6     34A6      1F2      70A       0
                text23                             582A     582A       18      70A       0
                text22                             5638     5638       30      70A       0
                text21                             3F1C     3F1C      188      70A       0
                text20                             43A4     43A4      164      70A       0
                text19                             54E2     54E2       40      70A       0
                text18                             5894     5894        2      70A       0
                text17                             4A56     4A56       CA      70A       0
                text16                             5396     5396       44      70A       0
                text15                             55CE     55CE       36      70A       0
                text14                             4B20     4B20       C6      70A       0
                text13                             2C86     2C86      2E2      70A       0
                text12                             3A2A     3A2A      1B4      70A       0
                text11                             509E     509E       62      70A       0
                text10                             51BE     51BE       52      70A       0
                text9                              502E     502E       70      70A       0
                text8                              5668     5668       2E      70A       0
                text7                              5160     5160       5E      70A       0
                text6                              386C     386C      1BE      70A       0
                text5                              5522     5522       3A      70A       0
                text4                               E14      E14      B42      70A       0
                text3                              4BE6     4BE6       C4      70A       0
                text2                              3D92     3D92      18A      70A       0
                text1                              4EEA     4EEA       B0      70A       0
                text0                              4508     4508      148      70A       0
                cstackCOMRAM                          1        1       59        1       1
                cstackBANK0                          60       60       9B       60       1
                cstackBANK1                         183      183       43      100       1
                bssBANK2                            200      200       3C      200       1
                dataBANK1                           1C6      1C6        2      100       1
                bssBANK1                            100      100       83      100       1
                dataBANK0                            FE       FE        1       60       1
                bssBANK0                             FB       FB        3       60       1
                bssCOMRAM                            5A       5A        2        1       1
                cinit                              5100     5100       60      70A       0
                idataBANK1                         5892     5892        2      70A       0
                idataBANK0                         5896     5896        1      70A       0

TOTAL           Name                               Link     Load   Length     Space
        CLASS   CODE           
                intcodelo                            18       18       30         0
                intcode                               8        8        6         0
                init                                 48       48        4         0
                reset_vec                             0        0        4         0
                intcode_body                       588E     588E        4         0
                text73                             5864     5864        C         0
                text72                             580C     580C       1E         0
                text71                             4CAA     4CAA       C4         0
                text70                             56E8     56E8       26         0
                text69                             3698     3698      1D4         0
                text68                             4F9A     4F9A       94         0
                text67                             4E2E     4E2E       BC         0
                text66                             4D6E     4D6E       C0         0
                text65                             54A0     54A0       42         0
                text64                             4224     4224      180         0
                text63                             40A4     40A4      180         0
                text62                             3214     3214      292         0
                text61                             545E     545E       42         0
                text60                             298C     298C      2FA         0
                text59                             5842     5842       16         0
                text58                             5696     5696       2A         0
                text57                             56C0     56C0       28         0
                text56                             5884     5884        A         0
                text55                             587A     587A        A         0
                text54                             5858     5858        C         0
                text53                             57CE     57CE       20         0
                text52                             5604     5604       34         0
                text51                             541C     541C       42         0
                text50                             4984     4984       D2         0
                text49                             57EE     57EE       1E         0
                text48                             57AE     57AE       20         0
                text47                             578E     578E       20         0
                text46                             25F2     25F2      39A         0
                text45                             3BDE     3BDE      1B4         0
                text44                             53DA     53DA       42         0
                text43                             5870     5870        A         0
                text42                             5300     5300       50         0
                text41                             4778     4778      108         0
                text40                             4880     4880      104         0
                text39                             1E16     1E16      42A         0
                text38                             5596     5596       38         0
                text37                             1956     1956      4C0         0
                text36                             5350     5350       46         0
                text35                             2240     2240      3B2         0
                text34                             555C     555C       3A         0
                text33                             2F68     2F68      2AC         0
                text32                             4650     4650      128         0
                text31                             576E     576E       20         0
                text30                             574E     574E       20         0
                text29                             572E     572E       20         0
                text28                             570E     570E       20         0
                text27                             52B0     52B0       50         0
                text26                             5260     5260       50         0
                text25                             5210     5210       50         0
                text24                             34A6     34A6      1F2         0
                text23                             582A     582A       18         0
                text22                             5638     5638       30         0
                text21                             3F1C     3F1C      188         0
                text20                             43A4     43A4      164         0
                text19                             54E2     54E2       40         0
                text18                             5894     5894        2         0
                text17                             4A56     4A56       CA         0
                text16                             5396     5396       44         0
                text15                             55CE     55CE       36         0
                text14                             4B20     4B20       C6         0
                text13                             2C86     2C86      2E2         0
                text12                             3A2A     3A2A      1B4         0
                text11                             509E     509E       62         0
                text10                             51BE     51BE       52         0
                text9                              502E     502E       70         0
                text8                              5668     5668       2E         0
                text7                              5160     5160       5E         0
                text6                              386C     386C      1BE         0
                text5                              5522     5522       3A         0
                text4                               E14      E14      B42         0
                text3                              4BE6     4BE6       C4         0
                text2                              3D92     3D92      18A         0
                text1                              4EEA     4EEA       B0         0
                text0                              4508     4508      148         0
                cinit                              5100     5100       60         0
                idataBANK1                         5892     5892        2         0
                idataBANK0                         5896     5896        1         0

        CLASS   CONST          

        CLASS   SMALLCONST     
                smallconst                          E00      E00       14         0

        CLASS   MEDIUMCONST    

        CLASS   COMRAM         
                temp                                 5C       5C        1         1
                cstackCOMRAM                          1        1       59         1
                bssCOMRAM                            5A       5A        2         1

        CLASS   ABS1           

        CLASS   BIGRAM         

        CLASS   RAM            

        CLASS   BANK0          
                cstackBANK0                          60       60       9B         1
                dataBANK0                            FE       FE        1         1
                bssBANK0                             FB       FB        3         1

        CLASS   BANK1          
                cstackBANK1                         183      183       43         1
                dataBANK1                           1C6      1C6        2         1
                bssBANK1                            100      100       83         1

        CLASS   BANK2          
                bssBANK2                            200      200       3C         1

        CLASS   BANK3          

        CLASS   BANK4          

        CLASS   BANK5          

        CLASS   BANK6          

        CLASS   BANK7          

        CLASS   BANK8          

        CLASS   BANK9          

        CLASS   BANK10         

        CLASS   BANK11         

        CLASS   BANK12         

        CLASS   BANK13         

        CLASS   SFR            

        CLASS   BIGSFR         

        CLASS   CONFIG         
                config                           300000   300000        C         4

        CLASS   IDLOC          
                idloc                            200000   200000       10         5

        CLASS   EEDATA         

        CLASS   FARRAM         

        CLASS   HEAP           

        CLASS   STACK          



SEGMENTS        Name                           Load    Length   Top    Selector   Space  Class

                reset_vec                      000000  000004  000004         0       0  CODE    
                cstackCOMRAM                   000001  00005C  00005D         1       1  COMRAM  
                intcode                        000008  000006  00000E         4       0  CODE    
                intcodelo                      000018  000034  00004C         C       0  CODE    
                cstackBANK0                    000060  00009F  0000FF        60       1  BANK0   
                bssBANK1                       000100  0000C8  0001C8       100       1  BANK1   
                bssBANK2                       000200  00003C  00023C       200       1  BANK2   
                smallconst                     000E00  000014  000E14       700       0  SMALLCON
                text4                          000E14  004A83  005897       70A       0  CODE    


UNUSED ADDRESS RANGES

        Name                Unused          Largest block    Delta
        BANK0            0000FF-0000FF                1
        BANK1            0001C8-0001FF               38
        BANK10           000A00-000AFF              100
        BANK11           000B00-000BFF              100
        BANK12           000C00-000CFF              100
        BANK13           000D00-000DE9               EA
        BANK2            00023C-0002FF               C4
        BANK3            000300-0003FF              100
        BANK4            000400-0004FF              100
        BANK5            000500-0005FF              100
        BANK6            000600-0006FF              100
        BANK7            000700-0007FF              100
        BANK8            000800-0008FF              100
        BANK9            000900-0009FF              100
        BIGRAM           00005D-00005F                3
                         0000FF-0000FF                1
                         0001C8-0001FF               38
                         00023C-000DE9              BAE
        BIGSFR           000DEF-000FFF              211
        CODE             000004-000007                4
                         00000E-000017                A
                         00004C-000DFF              DB4
                         005897-01FFFF            1A769
        COMRAM           00005D-00005F                3
        CONST            000004-000007                4
                         00000E-000017                A
                         00004C-000DFF              DB4
                         005897-01FFFF            1A769
        EEDATA           310000-3103FF              400
        MEDIUMCONST      005897-00FFFF             A769
                         010E00-01FFFF             F200
        RAM              0000FF-0000FF                1
                         0001C8-0001FF               38
                         00023C-000DE9              100
        SFR              000DEF-000FFF              100
        SMALLCONST       005897-01FFFF              100

                                  Symbol Table

?___aodiv                       cstackCOMRAM 000003
?___aomod                       cstackCOMRAM 000003
?___awdiv                       cstackCOMRAM 000009
?___fladd                       cstackCOMRAM 000003
?___fldiv                       cstackCOMRAM 000011
?___flmul                       cstackCOMRAM 00002A
?___flneg                       cstackCOMRAM 000003
?___flsub                       cstackCOMRAM 000013
?___fltol                       cstackBANK0  000072
?___wmul                        cstackCOMRAM 000003
?___xxtofl                      cstackCOMRAM 000003
?_abs                           cstackCOMRAM 000015
?_amb_light_measure             cstackBANK0  00007A
?_color_read_Blue               cstackCOMRAM 000007
?_color_read_Clear              cstackCOMRAM 000007
?_color_read_Green              cstackCOMRAM 000007
?_color_read_Red                cstackCOMRAM 000007
?_dtoa                          cstackCOMRAM 00001E
?_lroundf                       cstackBANK0  000076
?_pad                           cstackCOMRAM 000013
?_roundf                        cstackCOMRAM 000043
?_sprintf                       cstackBANK0  000060
?_strlen                        cstackCOMRAM 000003
?_vfpfcnvrt                     cstackCOMRAM 000042
?_vfprintf                      cstackCOMRAM 000052
I2C_2_Master_Read@ack           cstackCOMRAM 000005
I2C_2_Master_Read@tmp           cstackCOMRAM 000006
I2C_2_Master_Write@data_byte    cstackCOMRAM 000004
_ANSELDbits                     (abs)        000EA7
_ANSELFbits                     (abs)        000EB4
_BAUD4CONbits                   (abs)        000EE9
_CALIBRATION_135                dataBANK1    0001C7
_CALIBRATION_180                dataBANK1    0001C6
_EUSART4RXbuf                   bssBANK1     000128
_EUSART4TXbuf                   bssBANK2     000200
_HighISR                        intcode      000008
_I2C_2_Master_Idle              text57       0056C0
_I2C_2_Master_Init              text58       005696
_I2C_2_Master_Read              text44       0053DA
_I2C_2_Master_RepStart          text43       005870
_I2C_2_Master_Start             text56       005884
_I2C_2_Master_Stop              text55       00587A
_I2C_2_Master_Write             text54       005858
_INTCONbits                     (abs)        000FF2
_Interrupts_init                text73       005864
_LATAbits                       (abs)        000F79
_LATCbits                       (abs)        000F7B
_LATDbits                       (abs)        000F7C
_LATE                           (abs)        000F7D
_LATEbits                       (abs)        000F7D
_LATFbits                       (abs)        000F7E
_LATG                           (abs)        000F7F
_LATGbits                       (abs)        000F7F
_LATHbits                       (abs)        000F80
_LED_B                          text31       00576E
_LED_C                          text47       00578E
_LED_G                          text30       00574E
_LED_OFF                        text29       00572E
_LED_R                          text28       00570E
_LowISR                         intcodelo    000018
_PIE0bits                       (abs)        000E29
_PIE4bits                       (abs)        000E2D
_PIR0bits                       (abs)        000E33
_PIR4bits                       (abs)        000E37
_PORTFbits                      (abs)        000F8E
_PWM6CONbits                    (abs)        000FA4
_PWM6DCH                        (abs)        000FA3
_PWM7CONbits                    (abs)        000FA1
_PWM7DCH                        (abs)        000FA0
_RC0PPS                         (abs)        000E62
_RC4REG                         (abs)        000EE3
_RC4STAbits                     (abs)        000EE7
_RC7PPS                         (abs)        000E69
_RD5PPS                         (abs)        000E6F
_RD6PPS                         (abs)        000E70
_RE2PPS                         (abs)        000E74
_RX4PPS                         (abs)        000E15
_RxBufReadCnt                   bssBANK0     0000FC
_RxBufWriteCnt                  bssBANK0     0000FD
_SENSITIVITY                    dataBANK0    0000FE
_SP4BRGH                        (abs)        000EE6
_SP4BRGL                        (abs)        000EE5
_SSP2ADD                        (abs)        000ED6
_SSP2BUF                        (abs)        000ED5
_SSP2CLKPPS                     (abs)        000E1C
_SSP2CON1bits                   (abs)        000ED9
_SSP2CON2                       (abs)        000EDA
_SSP2CON2bits                   (abs)        000EDA
_SSP2DATPPS                     (abs)        000E1D
_SSP2STAT                       (abs)        000ED8
_T0CON0bits                     (abs)        000FD5
_T0CON1bits                     (abs)        000FD6
_T2CLKCONbits                   (abs)        000FBF
_T2CONbits                      (abs)        000FBD
_T2HLTbits                      (abs)        000FBE
_T2PR                           (abs)        000FBC
_TMR0H                          (abs)        000FD4
_TMR0L                          (abs)        000FD3
_TRISAbits                      (abs)        000F81
_TRISCbits                      (abs)        000F83
_TRISDbits                      (abs)        000F84
_TRISEbits                      (abs)        000F85
_TRISFbits                      (abs)        000F86
_TRISGbits                      (abs)        000F87
_TRISHbits                      (abs)        000F88
_TX4REG                         (abs)        000EE4
_TX4STAbits                     (abs)        000EE8
_Timer0_init                    text72       00580C
_TxBufReadCnt                   bssBANK0     0000FB
_TxBufWriteCnt                  bssCOMRAM    00005B
__HRAM                          (abs)        000000
__Habs1                         abs1         000000
__Hbank0                        bank0        000000
__Hbank1                        bank1        000000
__Hbank10                       bank10       000000
__Hbank11                       bank11       000000
__Hbank12                       bank12       000000
__Hbank13                       bank13       000000
__Hbank2                        bank2        000000
__Hbank3                        bank3        000000
__Hbank4                        bank4        000000
__Hbank5                        bank5        000000
__Hbank6                        bank6        000000
__Hbank7                        bank7        000000
__Hbank8                        bank8        000000
__Hbank9                        bank9        000000
__Hbigbss                       bigbss       000000
__Hbigdata                      bigdata      000000
__Hbigram                       bigram       000000
__Hbigsfr                       bigsfr       000000
__Hbss                          bss          000000
__HbssBANK0                     bssBANK0     000000
__HbssBANK1                     bssBANK1     000000
__HbssBANK2                     bssBANK2     000000
__HbssCOMRAM                    bssCOMRAM    000000
__Hcinit                        cinit        000000
__Hclrtext                      clrtext      000000
__Hcomram                       comram       000000
__Hconfig                       config       30000C
__Hconst                        const        000000
__HcstackBANK0                  cstackBANK0  000000
__HcstackBANK1                  cstackBANK1  000000
__HcstackCOMRAM                 cstackCOMRAM 000000
__Hdata                         data         000000
__HdataBANK0                    dataBANK0    000000
__HdataBANK1                    dataBANK1    000000
__Heeprom_data                  eeprom_data  000000
__Hfarbss                       farbss       000000
__Hfardata                      fardata      000000
__Hheap                         heap         000000
__Hibigdata                     ibigdata     000000
__Hidata                        idata        000000
__HidataBANK0                   idataBANK0   000000
__HidataBANK1                   idataBANK1   000000
__Hidloc                        idloc        200010
__Hifardata                     ifardata     000000
__Hinit                         init         00004C
__Hintcode                      intcode      00000E
__Hintcode_body                 intcode_body 000000
__Hintcodelo                    intcodelo    000048
__Hintentry                     intentry     000000
__Hintret                       intret       000000
__Hintsave_regs                 intsave_regs 000000
__Hirdata                       irdata       000000
__Hmediumconst                  mediumconst  000000
__HnvFARRAM                     nvFARRAM     000000
__Hnvbit                        nvbit        000000
__Hnvrram                       nvrram       000000
__Hparam                        rparam       000000
__Hpowerup                      powerup      000048
__Hram                          ram          000000
__Hramtop                       ramtop       000E00
__Hrbit                         rbit         000000
__Hrbss                         rbss         000000
__Hrdata                        rdata        000000
__Hreset_vec                    reset_vec    000004
__Hrparam                       rparam       000000
__Hsfr                          sfr          000000
__Hsmallconst                   smallconst   000E14
__Hspace_0                      (abs)        005897
__Hspace_1                      (abs)        00023C
__Hspace_2                      (abs)        000000
__Hspace_4                      (abs)        60000C
__Hstack                        stack        000000
__Hstruct                       struct       000000
__Htemp                         temp         00005D
__Htext                         text         000000
__Htext0                        text0        000000
__Htext1                        text1        000000
__Htext10                       text10       000000
__Htext11                       text11       000000
__Htext12                       text12       000000
__Htext13                       text13       000000
__Htext14                       text14       000000
__Htext15                       text15       000000
__Htext16                       text16       000000
__Htext17                       text17       000000
__Htext18                       text18       000000
__Htext19                       text19       000000
__Htext2                        text2        000000
__Htext20                       text20       000000
__Htext21                       text21       000000
__Htext22                       text22       000000
__Htext23                       text23       000000
__Htext24                       text24       000000
__Htext25                       text25       000000
__Htext26                       text26       000000
__Htext27                       text27       000000
__Htext28                       text28       000000
__Htext29                       text29       000000
__Htext3                        text3        000000
__Htext30                       text30       000000
__Htext31                       text31       000000
__Htext32                       text32       000000
__Htext33                       text33       000000
__Htext34                       text34       000000
__Htext35                       text35       000000
__Htext36                       text36       000000
__Htext37                       text37       000000
__Htext38                       text38       000000
__Htext39                       text39       000000
__Htext4                        text4        000000
__Htext40                       text40       000000
__Htext41                       text41       000000
__Htext42                       text42       000000
__Htext43                       text43       000000
__Htext44                       text44       000000
__Htext45                       text45       000000
__Htext46                       text46       000000
__Htext47                       text47       000000
__Htext48                       text48       000000
__Htext49                       text49       000000
__Htext5                        text5        000000
__Htext50                       text50       000000
__Htext51                       text51       000000
__Htext52                       text52       000000
__Htext53                       text53       000000
__Htext54                       text54       000000
__Htext55                       text55       000000
__Htext56                       text56       000000
__Htext57                       text57       000000
__Htext58                       text58       000000
__Htext59                       text59       000000
__Htext6                        text6        000000
__Htext60                       text60       000000
__Htext61                       text61       000000
__Htext62                       text62       000000
__Htext63                       text63       000000
__Htext64                       text64       000000
__Htext65                       text65       000000
__Htext66                       text66       000000
__Htext67                       text67       000000
__Htext68                       text68       000000
__Htext69                       text69       000000
__Htext7                        text7        000000
__Htext70                       text70       000000
__Htext71                       text71       000000
__Htext72                       text72       000000
__Htext73                       text73       000000
__Htext8                        text8        000000
__Htext9                        text9        000000
__LRAM                          (abs)        000001
__Labs1                         abs1         000000
__Lbank0                        bank0        000000
__Lbank1                        bank1        000000
__Lbank10                       bank10       000000
__Lbank11                       bank11       000000
__Lbank12                       bank12       000000
__Lbank13                       bank13       000000
__Lbank2                        bank2        000000
__Lbank3                        bank3        000000
__Lbank4                        bank4        000000
__Lbank5                        bank5        000000
__Lbank6                        bank6        000000
__Lbank7                        bank7        000000
__Lbank8                        bank8        000000
__Lbank9                        bank9        000000
__Lbigbss                       bigbss       000000
__Lbigdata                      bigdata      000000
__Lbigram                       bigram       000000
__Lbigsfr                       bigsfr       000000
__Lbss                          bss          000000
__LbssBANK0                     bssBANK0     000000
__LbssBANK1                     bssBANK1     000000
__LbssBANK2                     bssBANK2     000000
__LbssCOMRAM                    bssCOMRAM    000000
__Lcinit                        cinit        000000
__Lclrtext                      clrtext      000000
__Lcomram                       comram       000000
__Lconfig                       config       000000
__Lconst                        const        000000
__LcstackBANK0                  cstackBANK0  000000
__LcstackBANK1                  cstackBANK1  000000
__LcstackCOMRAM                 cstackCOMRAM 000000
__Ldata                         data         000000
__LdataBANK0                    dataBANK0    000000
__LdataBANK1                    dataBANK1    000000
__Leeprom_data                  eeprom_data  000000
__Lfarbss                       farbss       000000
__Lfardata                      fardata      000000
__Lheap                         heap         000000
__Libigdata                     ibigdata     000000
__Lidata                        idata        000000
__LidataBANK0                   idataBANK0   000000
__LidataBANK1                   idataBANK1   000000
__Lidloc                        idloc        000000
__Lifardata                     ifardata     000000
__Linit                         init         000048
__Lintcode                      intcode      000008
__Lintcode_body                 intcode_body 000000
__Lintcodelo                    intcodelo    000018
__Lintentry                     intentry     000000
__Lintret                       intret       000000
__Lintsave_regs                 intsave_regs 000000
__Lirdata                       irdata       000000
__Lmediumconst                  mediumconst  000000
__LnvFARRAM                     nvFARRAM     000000
__Lnvbit                        nvbit        000000
__Lnvrram                       nvrram       000000
__Lparam                        rparam       000000
__Lpowerup                      powerup      000048
__Lram                          ram          000000
__Lramtop                       ramtop       000E00
__Lrbit                         rbit         000000
__Lrbss                         rbss         000000
__Lrdata                        rdata        000000
__Lreset_vec                    reset_vec    000000
__Lrparam                       rparam       000000
__Lsfr                          sfr          000000
__Lsmallconst                   smallconst   000E00
__Lspace_0                      (abs)        000000
__Lspace_1                      (abs)        000000
__Lspace_2                      (abs)        000000
__Lspace_4                      (abs)        000000
__Lstack                        stack        000000
__Lstruct                       struct       000000
__Ltemp                         temp         00005C
__Ltext                         text         000000
__Ltext0                        text0        000000
__Ltext1                        text1        000000
__Ltext10                       text10       000000
__Ltext11                       text11       000000
__Ltext12                       text12       000000
__Ltext13                       text13       000000
__Ltext14                       text14       000000
__Ltext15                       text15       000000
__Ltext16                       text16       000000
__Ltext17                       text17       000000
__Ltext18                       text18       000000
__Ltext19                       text19       000000
__Ltext2                        text2        000000
__Ltext20                       text20       000000
__Ltext21                       text21       000000
__Ltext22                       text22       000000
__Ltext23                       text23       000000
__Ltext24                       text24       000000
__Ltext25                       text25       000000
__Ltext26                       text26       000000
__Ltext27                       text27       000000
__Ltext28                       text28       000000
__Ltext29                       text29       000000
__Ltext3                        text3        000000
__Ltext30                       text30       000000
__Ltext31                       text31       000000
__Ltext32                       text32       000000
__Ltext33                       text33       000000
__Ltext34                       text34       000000
__Ltext35                       text35       000000
__Ltext36                       text36       000000
__Ltext37                       text37       000000
__Ltext38                       text38       000000
__Ltext39                       text39       000000
__Ltext4                        text4        000000
__Ltext40                       text40       000000
__Ltext41                       text41       000000
__Ltext42                       text42       000000
__Ltext43                       text43       000000
__Ltext44                       text44       000000
__Ltext45                       text45       000000
__Ltext46                       text46       000000
__Ltext47                       text47       000000
__Ltext48                       text48       000000
__Ltext49                       text49       000000
__Ltext5                        text5        000000
__Ltext50                       text50       000000
__Ltext51                       text51       000000
__Ltext52                       text52       000000
__Ltext53                       text53       000000
__Ltext54                       text54       000000
__Ltext55                       text55       000000
__Ltext56                       text56       000000
__Ltext57                       text57       000000
__Ltext58                       text58       000000
__Ltext59                       text59       000000
__Ltext6                        text6        000000
__Ltext60                       text60       000000
__Ltext61                       text61       000000
__Ltext62                       text62       000000
__Ltext63                       text63       000000
__Ltext64                       text64       000000
__Ltext65                       text65       000000
__Ltext66                       text66       000000
__Ltext67                       text67       000000
__Ltext68                       text68       000000
__Ltext69                       text69       000000
__Ltext7                        text7        000000
__Ltext70                       text70       000000
__Ltext71                       text71       000000
__Ltext72                       text72       000000
__Ltext73                       text73       000000
__Ltext8                        text8        000000
__Ltext9                        text9        000000
__S0                            (abs)        005897
__S1                            (abs)        00023C
__S4                            (abs)        000000
__S5                            (abs)        000000
___aodiv                        text21       003F1C
___aodiv@counter                cstackCOMRAM 000013
___aodiv@dividend               cstackCOMRAM 000003
___aodiv@divisor                cstackCOMRAM 00000B
___aodiv@quotient               cstackCOMRAM 000015
___aodiv@sign                   cstackCOMRAM 000014
___aomod                        text20       0043A4
___aomod@counter                cstackCOMRAM 000013
___aomod@dividend               cstackCOMRAM 000003
___aomod@divisor                cstackCOMRAM 00000B
___aomod@sign                   cstackCOMRAM 000014
___awdiv                        text71       004CAA
___awdiv@counter                cstackCOMRAM 00000D
___awdiv@dividend               cstackCOMRAM 000009
___awdiv@divisor                cstackCOMRAM 00000B
___awdiv@quotient               cstackCOMRAM 00000F
___awdiv@sign                   cstackCOMRAM 00000E
___fladd                        text37       001956
___fladd@a                      cstackCOMRAM 000007
___fladd@aexp                   cstackCOMRAM 000010
___fladd@b                      cstackCOMRAM 000003
___fladd@bexp                   cstackCOMRAM 000011
___fladd@grs                    cstackCOMRAM 000012
___fladd@signs                  cstackCOMRAM 00000F
___fldiv                        text46       0025F2
___fldiv@a                      cstackCOMRAM 000015
___fldiv@aexp                   cstackCOMRAM 000029
___fldiv@b                      cstackCOMRAM 000011
___fldiv@bexp                   cstackCOMRAM 000028
___fldiv@grs                    cstackCOMRAM 000024
___fldiv@new_exp                cstackCOMRAM 000022
___fldiv@rem                    cstackCOMRAM 00001D
___fldiv@sign                   cstackCOMRAM 000021
___flge                         text40       004880
___flge@ff1                     cstackCOMRAM 000003
___flge@ff2                     cstackCOMRAM 000007
___flmul                        text39       001E16
___flmul@a                      cstackCOMRAM 00002E
___flmul@aexp                   cstackCOMRAM 000037
___flmul@b                      cstackCOMRAM 00002A
___flmul@bexp                   cstackCOMRAM 00003C
___flmul@grs                    cstackCOMRAM 000038
___flmul@prod                   cstackCOMRAM 00003D
___flmul@sign                   cstackCOMRAM 000036
___flmul@temp                   cstackCOMRAM 000041
___flneg                        text38       005596
___flneg@f1                     cstackCOMRAM 000003
___flsub                        text36       005350
___flsub@a                      cstackCOMRAM 000017
___flsub@b                      cstackCOMRAM 000013
___fltol                        text41       004778
___fltol@exp1                   cstackCOMRAM 000050
___fltol@f1                     cstackBANK0  000072
___fltol@sign1                  cstackCOMRAM 00004F
___heap_hi                      (abs)        000000
___heap_lo                      (abs)        000000
___inthi_sp                     stack        000000
___intlo_sp                     stack        000000
___param_bank                   (abs)        000000
___rparam_used                  (abs)        000001
___sp                           stack        000000
___wmul                         text70       0056E8
___wmul@multiplicand            cstackCOMRAM 000005
___wmul@multiplier              cstackCOMRAM 000003
___wmul@product                 cstackCOMRAM 000007
___xxtofl                       text45       003BDE
___xxtofl@arg                   cstackCOMRAM 00000D
___xxtofl@exp                   cstackCOMRAM 00000C
___xxtofl@sign                  cstackCOMRAM 00000B
___xxtofl@val                   cstackCOMRAM 000003
__accesstop                     (abs)        000060
__activetblptr                  (abs)        000001
__end_of_HighISR                intcode_body 005892
__end_of_I2C_2_Master_Idle      text57       0056E8
__end_of_I2C_2_Master_Init      text58       0056C0
__end_of_I2C_2_Master_Read      text44       00541C
__end_of_I2C_2_Master_RepStart  text43       00587A
__end_of_I2C_2_Master_Start     text56       00588E
__end_of_I2C_2_Master_Stop      text55       005884
__end_of_I2C_2_Master_Write     text54       005864
__end_of_Interrupts_init        text73       005870
__end_of_LED_B                  text31       00578E
__end_of_LED_C                  text47       0057AE
__end_of_LED_G                  text30       00576E
__end_of_LED_OFF                text29       00574E
__end_of_LED_R                  text28       00572E
__end_of_LowISR                 intcodelo    000048
__end_of_Timer0_init            text72       00582A
__end_of___aodiv                text21       0040A4
__end_of___aomod                text20       004508
__end_of___awdiv                text71       004D6E
__end_of___fladd                text37       001E16
__end_of___fldiv                text46       00298C
__end_of___flge                 text40       004984
__end_of___flmul                text39       002240
__end_of___flneg                text38       0055CE
__end_of___flsub                text36       005396
__end_of___fltol                text41       004880
__end_of___wmul                 text70       00570E
__end_of___xxtofl               text45       003D92
__end_of__initialization        cinit        00514E
__end_of_abs                    text19       005522
__end_of_action                 text60       002C86
__end_of_amb_light_measure      text32       004778
__end_of_buggylight_init        text59       005858
__end_of_calibrate_white        text24       003698
__end_of_color_click_init       text52       005638
__end_of_color_data_collection  text6        003A2A
__end_of_color_display          text9        00509E
__end_of_color_predict          text8        005696
__end_of_color_read_Blue        text27       005300
__end_of_color_read_Clear       text42       005350
__end_of_color_read_Green       text26       0052B0
__end_of_color_read_Red         text25       005260
__end_of_color_writetoaddr      text53       0057EE
__end_of_compare                text5        00555C
__end_of_detect_color           text4        001956
__end_of_distance_measure       text3        004CAA
__end_of_dtoa                   text13       002F68
__end_of_fputc                  text17       004B20
__end_of_fputs                  text16       0053DA
__end_of_fullSpeedAhead         text68       00502E
__end_of_fullSpeedBack          text66       004E2E
__end_of_goback                 text62       0034A6
__end_of_initDCmotorsPWM        text51       00545E
__end_of_initDCmotors_parameter text50       004A56
__end_of_initUSART4             text49       00580C
__end_of_lroundf                text34       005596
__end_of_main                   text0        004650
__end_of_pad                    text14       004BE6
__end_of_pin_init               text48       0057CE
__end_of_putch                  text18       005896
__end_of_read_color             text7        0051BE
__end_of_reverse_square         text65       0054E2
__end_of_roundf                 text35       0025F2
__end_of_sendCharSerial4        text23       005842
__end_of_sendStringSerial4      text22       005668
__end_of_setMotorPWM            text69       00386C
__end_of_short_reverse          text61       0054A0
__end_of_sprintf                text10       005210
__end_of_stop                   text67       004EEA
__end_of_strlen                 text15       005604
__end_of_test_function          text2        003F1C
__end_of_toggle_light           text33       003214
__end_of_toint                  smallconst   000E05
__end_of_turnLeft               text64       0043A4
__end_of_turnRight              text63       004224
__end_of_verify_color           text1        004F9A
__end_of_vfpfcnvrt              text12       003BDE
__end_of_vfprintf               text11       005100
__initialization                cinit        005100
__mediumconst                   mediumconst  000000
__pbssBANK0                     bssBANK0     0000FB
__pbssBANK1                     bssBANK1     000100
__pbssBANK2                     bssBANK2     000200
__pbssCOMRAM                    bssCOMRAM    00005A
__pcinit                        cinit        005100
__pcstackBANK0                  cstackBANK0  000060
__pcstackBANK1                  cstackBANK1  000183
__pcstackCOMRAM                 cstackCOMRAM 000001
__pdataBANK0                    dataBANK0    0000FE
__pdataBANK1                    dataBANK1    0001C6
__pidataBANK0                   idataBANK0   005896
__pidataBANK1                   idataBANK1   005892
__pintcode                      intcode      000008
__pintcode_body                 intcode_body 00588E
__pintcodelo                    intcodelo    000018
__psmallconst                   smallconst   000E00
__ptext0                        text0        004508
__ptext1                        text1        004EEA
__ptext10                       text10       0051BE
__ptext11                       text11       00509E
__ptext12                       text12       003A2A
__ptext13                       text13       002C86
__ptext14                       text14       004B20
__ptext15                       text15       0055CE
__ptext16                       text16       005396
__ptext17                       text17       004A56
__ptext18                       text18       005894
__ptext19                       text19       0054E2
__ptext2                        text2        003D92
__ptext20                       text20       0043A4
__ptext21                       text21       003F1C
__ptext22                       text22       005638
__ptext23                       text23       00582A
__ptext24                       text24       0034A6
__ptext25                       text25       005210
__ptext26                       text26       005260
__ptext27                       text27       0052B0
__ptext28                       text28       00570E
__ptext29                       text29       00572E
__ptext3                        text3        004BE6
__ptext30                       text30       00574E
__ptext31                       text31       00576E
__ptext32                       text32       004650
__ptext33                       text33       002F68
__ptext34                       text34       00555C
__ptext35                       text35       002240
__ptext36                       text36       005350
__ptext37                       text37       001956
__ptext38                       text38       005596
__ptext39                       text39       001E16
__ptext4                        text4        000E14
__ptext40                       text40       004880
__ptext41                       text41       004778
__ptext42                       text42       005300
__ptext43                       text43       005870
__ptext44                       text44       0053DA
__ptext45                       text45       003BDE
__ptext46                       text46       0025F2
__ptext47                       text47       00578E
__ptext48                       text48       0057AE
__ptext49                       text49       0057EE
__ptext5                        text5        005522
__ptext50                       text50       004984
__ptext51                       text51       00541C
__ptext52                       text52       005604
__ptext53                       text53       0057CE
__ptext54                       text54       005858
__ptext55                       text55       00587A
__ptext56                       text56       005884
__ptext57                       text57       0056C0
__ptext58                       text58       005696
__ptext59                       text59       005842
__ptext6                        text6        00386C
__ptext60                       text60       00298C
__ptext61                       text61       00545E
__ptext62                       text62       003214
__ptext63                       text63       0040A4
__ptext64                       text64       004224
__ptext65                       text65       0054A0
__ptext66                       text66       004D6E
__ptext67                       text67       004E2E
__ptext68                       text68       004F9A
__ptext69                       text69       003698
__ptext7                        text7        005160
__ptext70                       text70       0056E8
__ptext71                       text71       004CAA
__ptext72                       text72       00580C
__ptext73                       text73       005864
__ptext8                        text8        005668
__ptext9                        text9        00502E
__ramtop                        ramtop       000E00
__smallconst                    smallconst   000E00
_abs                            text19       0054E2
_action                         text60       00298C
_amb_light_measure              text32       004650
_array_index                    bssCOMRAM    00005A
_buggylight_init                text59       005842
_calibrate_white                text24       0034A6
_color                          bssBANK1     000162
_color_click_init               text52       005604
_color_data_collection          text6        00386C
_color_display                  text9        00502E
_color_predict                  text8        005668
_color_read_Blue                text27       0052B0
_color_read_Clear               text42       005300
_color_read_Green               text26       005260
_color_read_Red                 text25       005210
_color_writetoaddr              text53       0057CE
_compare                        text5        005522
_dbuf                           bssBANK1     000163
_detect_color                   text4        000E14
_detect_color$3265              cstackBANK0  000097
_distance_measure               text3        004BE6
_distance_measure$3266          cstackBANK0  000082
_dtoa                           text13       002C86
_dtoa$2897                      cstackCOMRAM 000030
_flags                          bssBANK1     00015A
_fputc                          text17       004A56
_fputs                          text16       005396
_fullSpeedAhead                 text68       004F9A
_fullSpeedBack                  text66       004D6E
_goback                         text62       003214
_initDCmotorsPWM                text51       00541C
_initDCmotors_parameter         text50       004984
_initUSART4                     text49       0057EE
_lroundf                        text34       00555C
_main                           text0        004508
_memory                         bssBANK1     000100
_motorL                         bssBANK1     000146
_motorR                         bssBANK1     00013C
_nout                           bssBANK1     000154
_pad                            text14       004B20
_pin_init                       text48       0057AE
_prec                           bssBANK1     000158
_putch                          text18       005894
_read_color                     text7        005160
_reverse_square                 text65       0054A0
_roundf                         text35       002240
_roundf$3267                    cstackBANK0  000066
_roundf$3268                    cstackBANK0  000060
_second                         bssBANK1     000160
_sendCharSerial4                text23       00582A
_sendStringSerial4              text22       005638
_setMotorPWM                    text69       003698
_short_reverse                  text61       00545E
_sprintf                        text10       0051BE
_start_move                     bssBANK1     00015E
_stop                           text67       004E2E
_stop_move                      bssBANK1     00015C
_strlen                         text15       0055CE
_test_function                  text2        003D92
_toggle_light                   text33       002F68
_turnLeft                       text64       004224
_turnRight                      text63       0040A4
_verify_color                   text1        004EEA
_vfpfcnvrt                      text12       003A2A
_vfprintf                       text11       00509E
_width                          bssBANK1     000156
abs@a                           cstackCOMRAM 000015
action@color                    cstackCOMRAM 000042
action@mL                       cstackCOMRAM 00003C
action@mR                       cstackCOMRAM 00003E
amb_light_measure@CC_amb_1      cstackBANK0  000080
amb_light_measure@CC_amb_2      cstackBANK0  000082
amb_light_measure@CC_amb_3      cstackBANK0  000084
amb_light_measure@CC_amb_ave    cstackBANK0  00007E
amb_light_measure@amb           cstackBANK0  00007A
amb_light_measure@upper_bound   cstackBANK0  00007C
btemp                           temp         00005C
calibrate_white@w               cstackCOMRAM 00000E
color_data_collection@i         cstackBANK0  0000E3
color_data_collection@j         cstackBANK0  0000E5
color_data_collection@k         cstackBANK0  0000E7
color_data_collection@m         cstackBANK0  0000DF
color_data_collection@x         cstackBANK0  0000E9
color_display@buf               cstackBANK0  00007B
color_display@m                 cstackBANK0  000079
color_predict@buf               cstackBANK0  000079
color_predict@color             cstackBANK0  0000DD
color_read_Blue@tmp             cstackCOMRAM 00000C
color_read_Clear@tmp            cstackCOMRAM 00000C
color_read_Green@tmp            cstackCOMRAM 00000C
color_read_Red@tmp              cstackCOMRAM 00000C
color_writetoaddr@address       cstackCOMRAM 000006
color_writetoaddr@value         cstackCOMRAM 000005
compare@lower                   cstackBANK0  00007A
compare@result                  cstackCOMRAM 000051
compare@upper                   cstackBANK0  00007E
compare@value2compare           cstackBANK0  00007C
detect_color@BB                 cstackBANK0  000092
detect_color@BG                 cstackBANK0  000095
detect_color@BR                 cstackBANK0  000090
detect_color@GB                 cstackBANK0  000086
detect_color@GG                 cstackBANK0  00008C
detect_color@GR                 cstackBANK0  00008A
detect_color@RB                 cstackBANK0  000084
detect_color@RG                 cstackBANK0  000088
detect_color@RR                 cstackBANK0  00008E
detect_color@color              cstackBANK0  000094
detect_color@m                  cstackBANK0  000080
detect_color@w                  cstackBANK0  000082
distance_measure@CC_amb         cstackBANK0  000086
distance_measure@CG_amb         cstackBANK0  000080
distance_measure@amb_light      cstackBANK0  00007E
distance_measure@mL             cstackBANK0  00007A
distance_measure@mR             cstackBANK0  00007C
distance_measure@stop           cstackBANK0  00008A
distance_measure@threshold      cstackBANK0  000088
dtoa@d                          cstackCOMRAM 000020
dtoa@fp                         cstackCOMRAM 00001E
dtoa@i                          cstackCOMRAM 000040
dtoa@n                          cstackCOMRAM 000038
dtoa@p                          cstackCOMRAM 000032
dtoa@s                          cstackCOMRAM 000036
dtoa@w                          cstackCOMRAM 000034
end_of_initialization           cinit        00514E
fputc@c                         cstackCOMRAM 000003
fputc@fp                        cstackCOMRAM 000005
fputs@c                         cstackCOMRAM 000010
fputs@fp                        cstackCOMRAM 00000E
fputs@i                         cstackCOMRAM 000011
fputs@s                         cstackCOMRAM 00000C
fullSpeedAhead@mL               cstackCOMRAM 00001C
fullSpeedAhead@mR               cstackCOMRAM 00001E
fullSpeedBack@mL                cstackCOMRAM 000022
fullSpeedBack@mR                cstackCOMRAM 000024
goback@i                        cstackCOMRAM 00003A
goback@mL                       cstackCOMRAM 000034
goback@mR                       cstackCOMRAM 000036
initDCmotorsPWM@PWMperiod       cstackCOMRAM 000003
initDCmotors_parameter@motorL   cstackCOMRAM 000003
initDCmotors_parameter@motorR   cstackCOMRAM 000005
int$flags                       temp         00005C
int_func                        intcode_body 00588E
intlevel0                       text         000000
intlevel1                       text         000000
intlevel2                       text         000000
intlevel3                       text         000000
isa$std                         (abs)        000001
isa$xinst                       (abs)        000000
lroundf@x                       cstackBANK0  000076
main@amb                        cstackBANK1  000185
main@amb_light                  cstackBANK1  00018D
main@motorL                     cstackBANK1  0001B2
main@motorR                     cstackBANK1  0001BC
main@rgb                        cstackBANK1  000190
main@stop_signal                cstackBANK1  00018F
main@white                      cstackBANK1  000198
pad@buf                         cstackCOMRAM 000015
pad@fp                          cstackCOMRAM 000013
pad@i                           cstackCOMRAM 00001A
pad@p                           cstackCOMRAM 000017
pad@w                           cstackCOMRAM 00001C
read_color@m                    cstackCOMRAM 00000E
reverse_square@mL               cstackCOMRAM 000028
reverse_square@mR               cstackCOMRAM 00002A
roundf@F527                     bssBANK1     000150
roundf@e                        cstackBANK0  000064
roundf@u                        cstackBANK0  00006A
roundf@x                        cstackCOMRAM 000043
roundf@y                        cstackBANK0  00006E
sendCharSerial4@charToSend      cstackCOMRAM 000003
sendStringSerial4@string        cstackCOMRAM 000004
setMotorPWM@PWMduty             cstackCOMRAM 00001A
setMotorPWM@m                   cstackCOMRAM 000011
short_reverse@mL                cstackCOMRAM 000028
short_reverse@mR                cstackCOMRAM 00002A
sprintf@ap                      cstackBANK0  00006C
sprintf@f                       cstackBANK0  00006E
sprintf@fmt                     cstackBANK0  000062
sprintf@s                       cstackBANK0  000060
stackhi                         (abs)        000000
stacklo                         (abs)        000000
start                           init         000048
start_initialization            cinit        005100
stop@mL                         cstackCOMRAM 00001C
stop@mR                         cstackCOMRAM 00001E
strlen@a                        cstackCOMRAM 000005
strlen@s                        cstackCOMRAM 000003
test_function@amb_light         cstackBANK0  0000F5
test_function@color             cstackBANK0  0000F8
test_function@complete          cstackBANK0  0000F7
test_function@m                 cstackBANK0  0000EB
test_function@mL                cstackBANK0  0000EF
test_function@mR                cstackBANK0  0000F1
test_function@stop_signal       cstackBANK0  0000F9
test_function@test_code         cstackBANK0  0000FA
test_function@w                 cstackBANK0  0000ED
toggle_light@i                  cstackCOMRAM 000006
toggle_light@lightnumber        cstackCOMRAM 000007
toggle_light@toggletime         cstackCOMRAM 000003
ttemp5                          temp         00005D
ttemp6                          temp         000060
ttemp7                          temp         000064
turnLeft@angle_left             cstackCOMRAM 000026
turnLeft@delay                  cstackCOMRAM 000032
turnLeft@delay_135              cstackCOMRAM 000028
turnLeft@delay_180              cstackCOMRAM 00002A
turnLeft@i                      cstackCOMRAM 00002C
turnLeft@i_1332                 cstackCOMRAM 00002E
turnLeft@i_1333                 cstackCOMRAM 000030
turnLeft@mL                     cstackCOMRAM 000022
turnLeft@mR                     cstackCOMRAM 000024
turnRight@angle_right           cstackCOMRAM 000026
turnRight@delay                 cstackCOMRAM 000032
turnRight@delay_135             cstackCOMRAM 000028
turnRight@delay_180             cstackCOMRAM 00002A
turnRight@i                     cstackCOMRAM 00002C
turnRight@i_1357                cstackCOMRAM 00002E
turnRight@i_1358                cstackCOMRAM 000030
turnRight@mL                    cstackCOMRAM 000022
turnRight@mR                    cstackCOMRAM 000024
verify_color@color              cstackBANK0  0000A3
verify_color@color2             cstackBANK0  0000A1
verify_color@color3             cstackBANK0  00009F
verify_color@m                  cstackBANK0  00009B
verify_color@w                  cstackBANK0  00009D
vfpfcnvrt@ap                    cstackCOMRAM 000046
vfpfcnvrt@fmt                   cstackCOMRAM 000044
vfpfcnvrt@fp                    cstackCOMRAM 000042
vfpfcnvrt@ll                    cstackCOMRAM 00004A
vfprintf@ap                     cstackCOMRAM 000056
vfprintf@cfmt                   cstackCOMRAM 000058
vfprintf@fmt                    cstackCOMRAM 000054
vfprintf@fp                     cstackCOMRAM 000052
wtemp8                          temp         00005D


MODULE INFORMATION

Module		Function		Class		Link	Load	Size
C:\Program Files\Microchip\xc8\v2.35\pic\sources\c99\common\putch.c
		_putch         		CODE           	5894	0000	2

C:\Program Files\Microchip\xc8\v2.35\pic\sources\c99\common\putch.c estimated size: 2

serial.c
		_sendStringSerial4		CODE           	5638	0000	48
		_sendCharSerial4		CODE           	582A	0000	24
		_initUSART4    		CODE           	57EE	0000	30

serial.c estimated size: 102

timers.c
		_Timer0_init   		CODE           	580C	0000	30

timers.c estimated size: 30

color.c
		_read_color    		CODE           	5160	0000	94
		_verify_color  		CODE           	4EEA	0000	176
		_distance_measure		CODE           	4BE6	0000	196
		_color_writetoaddr		CODE           	57CE	0000	32
		_color_predict 		CODE           	5668	0000	46
		_compare       		CODE           	5522	0000	58
		_calibrate_white		CODE           	34A6	0000	498
		_LED_OFF       		CODE           	572E	0000	32
		_color_click_init		CODE           	5604	0000	52
		_detect_color  		CODE           	0E14	0000	2882
		_color_data_collection		CODE           	386C	0000	446
		_color_read_Green		CODE           	5260	0000	80
		_color_read_Clear		CODE           	5300	0000	80
		_LED_R         		CODE           	570E	0000	32
		_LED_G         		CODE           	574E	0000	32
		_color_read_Red		CODE           	5210	0000	80
		_amb_light_measure		CODE           	4650	0000	296
		_buggylight_init		CODE           	5842	0000	22
		_toggle_light  		CODE           	2F68	0000	684
		_LED_B         		CODE           	576E	0000	32
		_color_display 		CODE           	502E	0000	112
		_color_read_Blue		CODE           	52B0	0000	80
		_LED_C         		CODE           	578E	0000	32

color.c estimated size: 6074

C:\Program Files\Microchip\xc8\v2.35\pic\sources\c99\common\aodiv.c
		___aodiv       		CODE           	3F1C	0000	392

C:\Program Files\Microchip\xc8\v2.35\pic\sources\c99\common\aodiv.c estimated size: 392

C:\Program Files\Microchip\xc8\v2.35\pic\sources\c99\common\sprcmul.c
		___flmul       		CODE           	1E16	0000	1066

C:\Program Files\Microchip\xc8\v2.35\pic\sources\c99\common\sprcmul.c estimated size: 1066

dc_motor.c
		_fullSpeedBack 		CODE           	4D6E	0000	192
		_reverse_square		CODE           	54A0	0000	66
		_fullSpeedAhead		CODE           	4F9A	0000	148
		_turnLeft      		CODE           	4224	0000	384
		_stop          		CODE           	4E2E	0000	188
		_initDCmotorsPWM		CODE           	541C	0000	66
		_initDCmotors_parameter		CODE           	4984	0000	210
		_turnRight     		CODE           	40A4	0000	384
		_short_reverse 		CODE           	545E	0000	66
		_setMotorPWM   		CODE           	3698	0000	468

dc_motor.c estimated size: 2172

interrupts.c
		_LowISR        		CODE           	0018	0000	48
		_Interrupts_init		CODE           	5864	0000	12
		_HighISR       		CODE           	0008	0000	10

interrupts.c estimated size: 70

C:\Program Files\Microchip\xc8\v2.35\pic\sources\c99\common\nf_sprintf.c
		_sprintf       		CODE           	51BE	0000	82

C:\Program Files\Microchip\xc8\v2.35\pic\sources\c99\common\nf_sprintf.c estimated size: 82

C:\Program Files\Microchip\xc8\v2.35\pic\sources\c99\common\sprcdiv.c
		___fldiv       		CODE           	25F2	0000	922

C:\Program Files\Microchip\xc8\v2.35\pic\sources\c99\common\sprcdiv.c estimated size: 922

i2c.c
		_I2C_2_Master_Start		CODE           	5884	0000	10
		_I2C_2_Master_Read		CODE           	53DA	0000	66
		_I2C_2_Master_Idle		CODE           	56C0	0000	40
		_I2C_2_Master_Init		CODE           	5696	0000	42
		_I2C_2_Master_Stop		CODE           	587A	0000	10
		_I2C_2_Master_RepStart		CODE           	5870	0000	10
		_I2C_2_Master_Write		CODE           	5858	0000	12

i2c.c estimated size: 190

C:\Program Files\Microchip\xc8\v2.35\pic\sources\c99\common\nf_fputc.c
		_fputc         		CODE           	4A56	0000	202

C:\Program Files\Microchip\xc8\v2.35\pic\sources\c99\common\nf_fputc.c estimated size: 202

C:\Program Files\Microchip\xc8\v2.35\pic\sources\c99\common\Umul16.c
		___wmul        		CODE           	56E8	0000	38

C:\Program Files\Microchip\xc8\v2.35\pic\sources\c99\common\Umul16.c estimated size: 38

C:\Program Files\Microchip\xc8\v2.35\pic\sources\c99\common\awdiv.c
		___awdiv       		CODE           	4CAA	0000	196

C:\Program Files\Microchip\xc8\v2.35\pic\sources\c99\common\awdiv.c estimated size: 196

C:\Program Files\Microchip\xc8\v2.35\pic\sources\c99\common\fltol.c
		___fltol       		CODE           	4778	0000	264

C:\Program Files\Microchip\xc8\v2.35\pic\sources\c99\common\fltol.c estimated size: 264

C:\Program Files\Microchip\xc8\v2.35\pic\sources\c99\common\abs.c
		_abs           		CODE           	54E2	0000	64

C:\Program Files\Microchip\xc8\v2.35\pic\sources\c99\common\abs.c estimated size: 64

C:\Program Files\Microchip\xc8\v2.35\pic\sources\c99\common\roundf.c
		_roundf        		CODE           	2240	0000	946

C:\Program Files\Microchip\xc8\v2.35\pic\sources\c99\common\roundf.c estimated size: 946

C:\Program Files\Microchip\xc8\v2.35\pic\sources\c99\common\flge.c
		___flge        		CODE           	4880	0000	260

C:\Program Files\Microchip\xc8\v2.35\pic\sources\c99\common\flge.c estimated size: 260

C:\Program Files\Microchip\xc8\v2.35\pic\sources\c99\common\sprcadd.c
		___flsub       		CODE           	5350	0000	70
		___fladd       		CODE           	1956	0000	1216

C:\Program Files\Microchip\xc8\v2.35\pic\sources\c99\common\sprcadd.c estimated size: 1286

shared
		__initialization		CODE           	5100	0000	78
		_toint         		SMALLCONST     	0000	0000	0

shared estimated size: 78

C:\Program Files\Microchip\xc8\v2.35\pic\sources\c99\common\flneg.c
		___flneg       		CODE           	5596	0000	56

C:\Program Files\Microchip\xc8\v2.35\pic\sources\c99\common\flneg.c estimated size: 56

C:\Program Files\Microchip\xc8\v2.35\pic\sources\c99\common\xxtofl.c
		___xxtofl      		CODE           	3BDE	0000	436

C:\Program Files\Microchip\xc8\v2.35\pic\sources\c99\common\xxtofl.c estimated size: 436

test_and_calibration.c
		_test_function 		CODE           	3D92	0000	394

test_and_calibration.c estimated size: 394

C:\Program Files\Microchip\xc8\v2.35\pic\sources\c99\common\strlen.c
		_strlen        		CODE           	55CE	0000	54

C:\Program Files\Microchip\xc8\v2.35\pic\sources\c99\common\strlen.c estimated size: 54

C:\Program Files\Microchip\xc8\v2.35\pic\sources\c99\common\lroundf.c
		_lroundf       		CODE           	555C	0000	58

C:\Program Files\Microchip\xc8\v2.35\pic\sources\c99\common\lroundf.c estimated size: 58

C:\Program Files\Microchip\xc8\v2.35\pic\sources\c99\common\aomod.c
		___aomod       		CODE           	43A4	0000	356

C:\Program Files\Microchip\xc8\v2.35\pic\sources\c99\common\aomod.c estimated size: 356

C:\Program Files\Microchip\xc8\v2.35\pic\sources\c99\common\nf_fputs.c
		_fputs         		CODE           	5396	0000	68

C:\Program Files\Microchip\xc8\v2.35\pic\sources\c99\common\nf_fputs.c estimated size: 68

main.c
		_main          		CODE           	4508	0000	328

main.c estimated size: 328

movement.c
		_action        		CODE           	298C	0000	762
		_pin_init      		CODE           	57AE	0000	32
		_goback        		CODE           	3214	0000	658

movement.c estimated size: 1452

C:\Program Files\Microchip\xc8\v2.35\pic\sources\c99\common\doprnt.c
		_vfpfcnvrt     		CODE           	3A2A	0000	436
		_pad           		CODE           	4B20	0000	198
		_dtoa          		CODE           	2C86	0000	738
		_vfprintf      		CODE           	509E	0000	98

C:\Program Files\Microchip\xc8\v2.35\pic\sources\c99\common\doprnt.c estimated size: 1470

