Microchip MPLAB XC8 Compiler V2.35

Linker command line:

-W-3 --edf=C:\Program Files\Microchip\xc8\v2.35\pic\dat\en_msgs.txt -cn \
  -h+dist/default/production\final-project-kangan-yuhai.X.production.sym \
  --cmf=dist/default/production\final-project-kangan-yuhai.X.production.cmf \
  -z -Q18F67K40 -oC:\Users\KANGAN~1\AppData\Local\Temp\xcAs15jc.4 \
  --defsym=__MPLAB_BUILD=1 \
  -Mdist/default/production/final-project-kangan-yuhai.X.production.map \
  --md=C:\Users\KANGAN~1\AppData\Local\Temp\xcAs15jc.dat -E1 \
  -ver=XC8 Compiler --acfsm=1493 -ACODE=00h-01FFFFh -ACONST=00h-01FFFFh \
  -ASMALLCONST=0E00h-0EFFhx498 -AMEDIUMCONST=0E00h-0FFFFh,010E00h-01FFFFh \
  -ACOMRAM=01h-05Fh -AABS1=00h-0DE9h -ABIGRAM=01h-0DE9h \
  -ARAM=060h-0FFh,0100h-01FFhx12,0D00h-0DE9h -ABANK0=060h-0FFh \
  -ABANK1=0100h-01FFh -ABANK2=0200h-02FFh -ABANK3=0300h-03FFh \
  -ABANK4=0400h-04FFh -ABANK5=0500h-05FFh -ABANK6=0600h-06FFh \
  -ABANK7=0700h-07FFh -ABANK8=0800h-08FFh -ABANK9=0900h-09FFh \
  -ABANK10=0A00h-0AFFh -ABANK11=0B00h-0BFFh -ABANK12=0C00h-0CFFh \
  -ABANK13=0D00h-0DE9h \
  -ASFR=0DEFh-0DFFh,0E00h-0EFFh,0F00h-0F5Fh,0F60h-0FFFh \
  -ABIGSFR=0DEFh-0FFFh -ACONFIG=0300000h-030000Bh -AIDLOC=0200000h-020000Fh \
  -AEEDATA=0310000h-03103FFh -peeprom_data=EEDATA \
  -preset_vec=00h,intcode,intcodelo,powerup,init -pramtop=0E00h \
  -psmallconst=SMALLCONST -pmediumconst=MEDIUMCONST -pconst=CONST \
  -AFARRAM=00h-00h \
  -prdata=COMRAM,nvrram=COMRAM,nvbit=COMRAM,rbss=COMRAM,rbit=COMRAM \
  -pfarbss=FARRAM,fardata=FARRAM,nvFARRAM=FARRAM \
  -pintsave_regs=BIGRAM,bigbss=BIGRAM,bigdata=BIGRAM -pbss=RAM \
  -pidata=CODE,irdata=CODE,ibigdata=CODE,ifardata=CODE -prparam=COMRAM \
  C:\Users\KANGAN~1\AppData\Local\Temp\xcAs15jc.o \
  dist/default/production\final-project-kangan-yuhai.X.production.o 

Object code version is 3.11

Machine type is 18F67K40



                Name                               Link     Load   Length Selector   Space Scale
C:\Users\KANGAN~1\AppData\Local\Temp\xcAs15jc.o
                idloc                            200000   200000       10        0       5
                config                           300000   300000        C        0       4
                init                                  0        0        4        0       0
dist/default/production\final-project-kangan-yuhai.X.production.o
                idloc                            200000   200000       10        0       5
                config                           300000   300000        C        0       4
                smallconst                          E00      E00       54      700       0
                text64                             4376     4376       C4      72A       0
                text63                             4CB4     4CB4       26      72A       0
                text62                             3026     3026      1D4      72A       0
                text61                             45B6     45B6       94      72A       0
                text60                             44FA     44FA       BC      72A       0
                text59                             3B10     3B10      12C      72A       0
                text58                             4DB4     4DB4       1A      72A       0
                text57                             443A     443A       C0      72A       0
                text56                             4A5C     4A5C       42      72A       0
                text55                             4A1A     4A1A       42      72A       0
                text54                             39E4     39E4      12C      72A       0
                text53                             2E00     2E00      226      72A       0
                text52                             4D5A     4D5A       20      72A       0
                text51                             4D3A     4D3A       20      72A       0
                text50                             4D1A     4D1A       20      72A       0
                text49                             4C8C     4C8C       28      72A       0
                text48                             49D8     49D8       42      72A       0
                text47                             4E06     4E06        A      72A       0
                text46                             4DFC     4DFC        A      72A       0
                text45                             4DF2     4DF2        A      72A       0
                text44                             4DE6     4DE6        C      72A       0
                text43                             48BC     48BC       50      72A       0
                text42                             486C     486C       50      72A       0
                text41                             481C     481C       50      72A       0
                text40                             3C3C     3C3C      12A      72A       0
                text39                             4C62     4C62       2A      72A       0
                text38                             4CFA     4CFA       20      72A       0
                text37                             4BFE     4BFE       34      72A       0
                text36                             4CDA     4CDA       20      72A       0
                text35                             4DCE     4DCE       18      72A       0
                text34                             4C32     4C32       30      72A       0
                text33                             36F8     36F8      188      72A       0
                text32                             3880     3880      164      72A       0
                text31                             4A9E     4A9E       40      72A       0
                text30                             4E12     4E12        2      72A       0
                text29                             4122     4122       CA      72A       0
                text28                             4952     4952       44      72A       0
                text27                             4BC8     4BC8       36      72A       0
                text26                             41EC     41EC       C6      72A       0
                text25                             2B1C     2B1C      2E4      72A       0
                text24                             33AE     33AE      1B4      72A       0
                text23                             46BA     46BA       62      72A       0
                text22                             477A     477A       52      72A       0
                text21                             464A     464A       70      72A       0
                text20                             3F72     3F72       DE      72A       0
                text19                             47CC     47CC       50      72A       0
                text18                             471C     471C       5E      72A       0
                text17                             3562     3562      196      72A       0
                text16                             2782     2782      39A      72A       0
                text15                             31FA     31FA      1B4      72A       0
                text14                             4B56     4B56       3A      72A       0
                text13                             3D66     3D66      108      72A       0
                text12                             3E6E     3E6E      104      72A       0
                text11                             1FAA     1FAA      42A      72A       0
                text10                             4B90     4B90       38      72A       0
                text9                              1AEA     1AEA      4C0      72A       0
                text8                              490C     490C       46      72A       0
                text7                              23D4     23D4      3AE      72A       0
                text6                              4B1C     4B1C       3A      72A       0
                text5                               E54      E54      C96      72A       0
                text4                              4996     4996       42      72A       0
                text3                              4050     4050       D2      72A       0
                text2                              4D7A     4D7A       1E      72A       0
                text1                              4D98     4D98       1C      72A       0
                text0                              42B2     42B2       C4      72A       0
                cstackCOMRAM                          1        1       5F        1       1
                cstackBANK0                          60       60       88       60       1
                cstackBANK1                         185      185       2E      100       1
                bssBANK1                            100      100       85      100       1
                dataBANK0                            F8       F8        2       60       1
                bssBANK0                             E8       E8       10       60       1
                cinit                              4ADE     4ADE       3E      72A       0
                idataBANK0                         4E10     4E10        2      72A       0

TOTAL           Name                               Link     Load   Length     Space
        CLASS   CODE           
                init                                  0        0        4         0
                text64                             4376     4376       C4         0
                text63                             4CB4     4CB4       26         0
                text62                             3026     3026      1D4         0
                text61                             45B6     45B6       94         0
                text60                             44FA     44FA       BC         0
                text59                             3B10     3B10      12C         0
                text58                             4DB4     4DB4       1A         0
                text57                             443A     443A       C0         0
                text56                             4A5C     4A5C       42         0
                text55                             4A1A     4A1A       42         0
                text54                             39E4     39E4      12C         0
                text53                             2E00     2E00      226         0
                text52                             4D5A     4D5A       20         0
                text51                             4D3A     4D3A       20         0
                text50                             4D1A     4D1A       20         0
                text49                             4C8C     4C8C       28         0
                text48                             49D8     49D8       42         0
                text47                             4E06     4E06        A         0
                text46                             4DFC     4DFC        A         0
                text45                             4DF2     4DF2        A         0
                text44                             4DE6     4DE6        C         0
                text43                             48BC     48BC       50         0
                text42                             486C     486C       50         0
                text41                             481C     481C       50         0
                text40                             3C3C     3C3C      12A         0
                text39                             4C62     4C62       2A         0
                text38                             4CFA     4CFA       20         0
                text37                             4BFE     4BFE       34         0
                text36                             4CDA     4CDA       20         0
                text35                             4DCE     4DCE       18         0
                text34                             4C32     4C32       30         0
                text33                             36F8     36F8      188         0
                text32                             3880     3880      164         0
                text31                             4A9E     4A9E       40         0
                text30                             4E12     4E12        2         0
                text29                             4122     4122       CA         0
                text28                             4952     4952       44         0
                text27                             4BC8     4BC8       36         0
                text26                             41EC     41EC       C6         0
                text25                             2B1C     2B1C      2E4         0
                text24                             33AE     33AE      1B4         0
                text23                             46BA     46BA       62         0
                text22                             477A     477A       52         0
                text21                             464A     464A       70         0
                text20                             3F72     3F72       DE         0
                text19                             47CC     47CC       50         0
                text18                             471C     471C       5E         0
                text17                             3562     3562      196         0
                text16                             2782     2782      39A         0
                text15                             31FA     31FA      1B4         0
                text14                             4B56     4B56       3A         0
                text13                             3D66     3D66      108         0
                text12                             3E6E     3E6E      104         0
                text11                             1FAA     1FAA      42A         0
                text10                             4B90     4B90       38         0
                text9                              1AEA     1AEA      4C0         0
                text8                              490C     490C       46         0
                text7                              23D4     23D4      3AE         0
                text6                              4B1C     4B1C       3A         0
                text5                               E54      E54      C96         0
                text4                              4996     4996       42         0
                text3                              4050     4050       D2         0
                text2                              4D7A     4D7A       1E         0
                text1                              4D98     4D98       1C         0
                text0                              42B2     42B2       C4         0
                cinit                              4ADE     4ADE       3E         0
                idataBANK0                         4E10     4E10        2         0

        CLASS   CONST          

        CLASS   SMALLCONST     
                smallconst                          E00      E00       54         0

        CLASS   MEDIUMCONST    

        CLASS   COMRAM         
                cstackCOMRAM                          1        1       5F         1

        CLASS   ABS1           

        CLASS   BIGRAM         

        CLASS   RAM            

        CLASS   BANK0          
                cstackBANK0                          60       60       88         1
                dataBANK0                            F8       F8        2         1
                bssBANK0                             E8       E8       10         1

        CLASS   BANK1          
                cstackBANK1                         185      185       2E         1
                bssBANK1                            100      100       85         1

        CLASS   BANK2          

        CLASS   BANK3          

        CLASS   BANK4          

        CLASS   BANK5          

        CLASS   BANK6          

        CLASS   BANK7          

        CLASS   BANK8          

        CLASS   BANK9          

        CLASS   BANK10         

        CLASS   BANK11         

        CLASS   BANK12         

        CLASS   BANK13         

        CLASS   SFR            

        CLASS   BIGSFR         

        CLASS   CONFIG         
                config                           300000   300000        C         4

        CLASS   IDLOC          
                idloc                            200000   200000       10         5

        CLASS   EEDATA         

        CLASS   FARRAM         

        CLASS   HEAP           

        CLASS   STACK          



SEGMENTS        Name                           Load    Length   Top    Selector   Space  Class

                reset_vec                      000000  000004  000004         0       0  CODE    
                cstackCOMRAM                   000001  00005F  000060         1       1  COMRAM  
                cstackBANK0                    000060  00009A  0000FA        60       1  BANK0   
                bssBANK1                       000100  0000B3  0001B3       100       1  BANK1   
                smallconst                     000E00  000054  000E54       700       0  SMALLCON
                text5                          000E54  003FC0  004E14       72A       0  CODE    


UNUSED ADDRESS RANGES

        Name                Unused          Largest block    Delta
        BANK0            0000FA-0000FF                6
        BANK1            0001B3-0001FF               4D
        BANK10           000A00-000AFF              100
        BANK11           000B00-000BFF              100
        BANK12           000C00-000CFF              100
        BANK13           000D00-000DE9               EA
        BANK2            000200-0002FF              100
        BANK3            000300-0003FF              100
        BANK4            000400-0004FF              100
        BANK5            000500-0005FF              100
        BANK6            000600-0006FF              100
        BANK7            000700-0007FF              100
        BANK8            000800-0008FF              100
        BANK9            000900-0009FF              100
        BIGRAM           0000FA-0000FF                6
                         0001B3-000DE9              C37
        BIGSFR           000DEF-000FFF              211
        CODE             000004-000DFF              DFC
                         004E14-01FFFF            1B1EC
        CONST            000004-000DFF              DFC
                         004E14-01FFFF            1B1EC
        EEDATA           310000-3103FF              400
        MEDIUMCONST      004E14-00FFFF             B1EC
                         010E00-01FFFF             F200
        RAM              0000FA-0000FF                6
                         0001B3-000DE9              100
        SFR              000DEF-000FFF              100
        SMALLCONST       004E14-01FFFF              100

                                  Symbol Table

?___aodiv                       cstackCOMRAM 000001
?___aomod                       cstackCOMRAM 000001
?___awdiv                       cstackCOMRAM 000007
?___fladd                       cstackCOMRAM 000001
?___fldiv                       cstackCOMRAM 00000F
?___flmul                       cstackCOMRAM 000028
?___flneg                       cstackCOMRAM 000001
?___flsub                       cstackCOMRAM 000011
?___fltol                       cstackCOMRAM 00005B
?___wmul                        cstackCOMRAM 000001
?___xxtofl                      cstackCOMRAM 000001
?_abs                           cstackCOMRAM 000013
?_color_read_Blue               cstackCOMRAM 000005
?_color_read_Clear              cstackCOMRAM 000005
?_color_read_Green              cstackCOMRAM 000005
?_color_read_Red                cstackCOMRAM 000005
?_dtoa                          cstackCOMRAM 00001C
?_lroundf                       cstackBANK0  000066
?_pad                           cstackCOMRAM 000011
?_roundf                        cstackCOMRAM 000041
?_sprintf                       cstackBANK0  000060
?_strlen                        cstackCOMRAM 000001
?_vfpfcnvrt                     cstackCOMRAM 000040
?_vfprintf                      cstackCOMRAM 000050
I2C_2_Master_Read@ack           cstackCOMRAM 000003
I2C_2_Master_Read@tmp           cstackCOMRAM 000004
I2C_2_Master_Write@data_byte    cstackCOMRAM 000002
_ADCON0bits                     (abs)        000F60
_ADPCH                          (abs)        000F5F
_ADREFbits                      (abs)        000F58
_ADRESH                         (abs)        000F64
_ANSELDbits                     (abs)        000EA7
_ANSELFbits                     (abs)        000EB4
_BAUD4CONbits                   (abs)        000EE9
_CALIBRATION_180                dataBANK0    0000F8
_EUSART4RXbuf                   bssBANK1     00013C
_EUSART4TXbuf                   bssBANK1     000100
_I2C_2_Master_Idle              text49       004C8C
_I2C_2_Master_Init              text39       004C62
_I2C_2_Master_Read              text48       0049D8
_I2C_2_Master_RepStart          text47       004E06
_I2C_2_Master_Start             text46       004DFC
_I2C_2_Master_Stop              text45       004DF2
_I2C_2_Master_Write             text44       004DE6
_LATAbits                       (abs)        000F79
_LATCbits                       (abs)        000F7B
_LATE                           (abs)        000F7D
_LATEbits                       (abs)        000F7D
_LATFbits                       (abs)        000F7E
_LATG                           (abs)        000F7F
_LATGbits                       (abs)        000F7F
_LED_B                          text52       004D5A
_LED_C                          text36       004CDA
_LED_G                          text51       004D3A
_LED_R                          text50       004D1A
_PIE4bits                       (abs)        000E2D
_PIR4bits                       (abs)        000E37
_PORTFbits                      (abs)        000F8E
_PWM6CONbits                    (abs)        000FA4
_PWM6DCH                        (abs)        000FA3
_PWM7CONbits                    (abs)        000FA1
_PWM7DCH                        (abs)        000FA0
_RC0PPS                         (abs)        000E62
_RC4REG                         (abs)        000EE3
_RC4STAbits                     (abs)        000EE7
_RC7PPS                         (abs)        000E69
_RD5PPS                         (abs)        000E6F
_RD6PPS                         (abs)        000E70
_RE2PPS                         (abs)        000E74
_RX4PPS                         (abs)        000E15
_RxBufReadCnt                   bssBANK0     0000F6
_RxBufWriteCnt                  bssBANK0     0000F7
_SENSITIVITY                    dataBANK0    0000F9
_SP4BRGH                        (abs)        000EE6
_SP4BRGL                        (abs)        000EE5
_SSP2ADD                        (abs)        000ED6
_SSP2BUF                        (abs)        000ED5
_SSP2CLKPPS                     (abs)        000E1C
_SSP2CON1bits                   (abs)        000ED9
_SSP2CON2                       (abs)        000EDA
_SSP2CON2bits                   (abs)        000EDA
_SSP2DATPPS                     (abs)        000E1D
_SSP2STAT                       (abs)        000ED8
_T2CLKCONbits                   (abs)        000FBF
_T2CONbits                      (abs)        000FBD
_T2HLTbits                      (abs)        000FBE
_T2PR                           (abs)        000FBC
_TRISAbits                      (abs)        000F81
_TRISCbits                      (abs)        000F83
_TRISDbits                      (abs)        000F84
_TRISEbits                      (abs)        000F85
_TRISFbits                      (abs)        000F86
_TRISGbits                      (abs)        000F87
_TX4REG                         (abs)        000EE4
_TX4STAbits                     (abs)        000EE8
_TxBufReadCnt                   bssBANK0     0000F4
_TxBufWriteCnt                  bssBANK0     0000F5
__HRAM                          (abs)        000000
__Habs1                         abs1         000000
__Hbank0                        bank0        000000
__Hbank1                        bank1        000000
__Hbank10                       bank10       000000
__Hbank11                       bank11       000000
__Hbank12                       bank12       000000
__Hbank13                       bank13       000000
__Hbank2                        bank2        000000
__Hbank3                        bank3        000000
__Hbank4                        bank4        000000
__Hbank5                        bank5        000000
__Hbank6                        bank6        000000
__Hbank7                        bank7        000000
__Hbank8                        bank8        000000
__Hbank9                        bank9        000000
__Hbigbss                       bigbss       000000
__Hbigdata                      bigdata      000000
__Hbigram                       bigram       000000
__Hbigsfr                       bigsfr       000000
__Hbss                          bss          000000
__HbssBANK0                     bssBANK0     000000
__HbssBANK1                     bssBANK1     000000
__Hcinit                        cinit        000000
__Hclrtext                      clrtext      000000
__Hcomram                       comram       000000
__Hconfig                       config       30000C
__Hconst                        const        000000
__HcstackBANK0                  cstackBANK0  000000
__HcstackBANK1                  cstackBANK1  000000
__HcstackCOMRAM                 cstackCOMRAM 000000
__Hdata                         data         000000
__HdataBANK0                    dataBANK0    000000
__Heeprom_data                  eeprom_data  000000
__Hfarbss                       farbss       000000
__Hfardata                      fardata      000000
__Hheap                         heap         000000
__Hibigdata                     ibigdata     000000
__Hidata                        idata        000000
__HidataBANK0                   idataBANK0   000000
__Hidloc                        idloc        200010
__Hifardata                     ifardata     000000
__Hinit                         init         000004
__Hintcode                      intcode      000000
__Hintcode_body                 intcode_body 000000
__Hintcodelo                    intcodelo    000000
__Hintentry                     intentry     000000
__Hintret                       intret       000000
__Hintsave_regs                 intsave_regs 000000
__Hirdata                       irdata       000000
__Hmediumconst                  mediumconst  000000
__HnvFARRAM                     nvFARRAM     000000
__Hnvbit                        nvbit        000000
__Hnvrram                       nvrram       000000
__Hparam                        rparam       000000
__Hpowerup                      powerup      000000
__Hram                          ram          000000
__Hramtop                       ramtop       000E00
__Hrbit                         rbit         000000
__Hrbss                         rbss         000000
__Hrdata                        rdata        000000
__Hreset_vec                    reset_vec    000000
__Hrparam                       rparam       000000
__Hsfr                          sfr          000000
__Hsmallconst                   smallconst   000E54
__Hspace_0                      (abs)        004E14
__Hspace_1                      (abs)        0001B3
__Hspace_2                      (abs)        000000
__Hspace_4                      (abs)        60000C
__Hstack                        stack        000000
__Hstruct                       struct       000000
__Htemp                         temp         000000
__Htext                         text         000000
__Htext0                        text0        000000
__Htext1                        text1        000000
__Htext10                       text10       000000
__Htext11                       text11       000000
__Htext12                       text12       000000
__Htext13                       text13       000000
__Htext14                       text14       000000
__Htext15                       text15       000000
__Htext16                       text16       000000
__Htext17                       text17       000000
__Htext18                       text18       000000
__Htext19                       text19       000000
__Htext2                        text2        000000
__Htext20                       text20       000000
__Htext21                       text21       000000
__Htext22                       text22       000000
__Htext23                       text23       000000
__Htext24                       text24       000000
__Htext25                       text25       000000
__Htext26                       text26       000000
__Htext27                       text27       000000
__Htext28                       text28       000000
__Htext29                       text29       000000
__Htext3                        text3        000000
__Htext30                       text30       000000
__Htext31                       text31       000000
__Htext32                       text32       000000
__Htext33                       text33       000000
__Htext34                       text34       000000
__Htext35                       text35       000000
__Htext36                       text36       000000
__Htext37                       text37       000000
__Htext38                       text38       000000
__Htext39                       text39       000000
__Htext4                        text4        000000
__Htext40                       text40       000000
__Htext41                       text41       000000
__Htext42                       text42       000000
__Htext43                       text43       000000
__Htext44                       text44       000000
__Htext45                       text45       000000
__Htext46                       text46       000000
__Htext47                       text47       000000
__Htext48                       text48       000000
__Htext49                       text49       000000
__Htext5                        text5        000000
__Htext50                       text50       000000
__Htext51                       text51       000000
__Htext52                       text52       000000
__Htext53                       text53       000000
__Htext54                       text54       000000
__Htext55                       text55       000000
__Htext56                       text56       000000
__Htext57                       text57       000000
__Htext58                       text58       000000
__Htext59                       text59       000000
__Htext6                        text6        000000
__Htext60                       text60       000000
__Htext61                       text61       000000
__Htext62                       text62       000000
__Htext63                       text63       000000
__Htext64                       text64       000000
__Htext7                        text7        000000
__Htext8                        text8        000000
__Htext9                        text9        000000
__LRAM                          (abs)        000001
__Labs1                         abs1         000000
__Lbank0                        bank0        000000
__Lbank1                        bank1        000000
__Lbank10                       bank10       000000
__Lbank11                       bank11       000000
__Lbank12                       bank12       000000
__Lbank13                       bank13       000000
__Lbank2                        bank2        000000
__Lbank3                        bank3        000000
__Lbank4                        bank4        000000
__Lbank5                        bank5        000000
__Lbank6                        bank6        000000
__Lbank7                        bank7        000000
__Lbank8                        bank8        000000
__Lbank9                        bank9        000000
__Lbigbss                       bigbss       000000
__Lbigdata                      bigdata      000000
__Lbigram                       bigram       000000
__Lbigsfr                       bigsfr       000000
__Lbss                          bss          000000
__LbssBANK0                     bssBANK0     000000
__LbssBANK1                     bssBANK1     000000
__Lcinit                        cinit        000000
__Lclrtext                      clrtext      000000
__Lcomram                       comram       000000
__Lconfig                       config       000000
__Lconst                        const        000000
__LcstackBANK0                  cstackBANK0  000000
__LcstackBANK1                  cstackBANK1  000000
__LcstackCOMRAM                 cstackCOMRAM 000000
__Ldata                         data         000000
__LdataBANK0                    dataBANK0    000000
__Leeprom_data                  eeprom_data  000000
__Lfarbss                       farbss       000000
__Lfardata                      fardata      000000
__Lheap                         heap         000000
__Libigdata                     ibigdata     000000
__Lidata                        idata        000000
__LidataBANK0                   idataBANK0   000000
__Lidloc                        idloc        000000
__Lifardata                     ifardata     000000
__Linit                         init         000000
__Lintcode                      intcode      000000
__Lintcode_body                 intcode_body 000000
__Lintcodelo                    intcodelo    000000
__Lintentry                     intentry     000000
__Lintret                       intret       000000
__Lintsave_regs                 intsave_regs 000000
__Lirdata                       irdata       000000
__Lmediumconst                  mediumconst  000000
__LnvFARRAM                     nvFARRAM     000000
__Lnvbit                        nvbit        000000
__Lnvrram                       nvrram       000000
__Lparam                        rparam       000000
__Lpowerup                      powerup      000000
__Lram                          ram          000000
__Lramtop                       ramtop       000E00
__Lrbit                         rbit         000000
__Lrbss                         rbss         000000
__Lrdata                        rdata        000000
__Lreset_vec                    reset_vec    000000
__Lrparam                       rparam       000000
__Lsfr                          sfr          000000
__Lsmallconst                   smallconst   000E00
__Lspace_0                      (abs)        000000
__Lspace_1                      (abs)        000000
__Lspace_2                      (abs)        000000
__Lspace_4                      (abs)        000000
__Lstack                        stack        000000
__Lstruct                       struct       000000
__Ltemp                         temp         000000
__Ltext                         text         000000
__Ltext0                        text0        000000
__Ltext1                        text1        000000
__Ltext10                       text10       000000
__Ltext11                       text11       000000
__Ltext12                       text12       000000
__Ltext13                       text13       000000
__Ltext14                       text14       000000
__Ltext15                       text15       000000
__Ltext16                       text16       000000
__Ltext17                       text17       000000
__Ltext18                       text18       000000
__Ltext19                       text19       000000
__Ltext2                        text2        000000
__Ltext20                       text20       000000
__Ltext21                       text21       000000
__Ltext22                       text22       000000
__Ltext23                       text23       000000
__Ltext24                       text24       000000
__Ltext25                       text25       000000
__Ltext26                       text26       000000
__Ltext27                       text27       000000
__Ltext28                       text28       000000
__Ltext29                       text29       000000
__Ltext3                        text3        000000
__Ltext30                       text30       000000
__Ltext31                       text31       000000
__Ltext32                       text32       000000
__Ltext33                       text33       000000
__Ltext34                       text34       000000
__Ltext35                       text35       000000
__Ltext36                       text36       000000
__Ltext37                       text37       000000
__Ltext38                       text38       000000
__Ltext39                       text39       000000
__Ltext4                        text4        000000
__Ltext40                       text40       000000
__Ltext41                       text41       000000
__Ltext42                       text42       000000
__Ltext43                       text43       000000
__Ltext44                       text44       000000
__Ltext45                       text45       000000
__Ltext46                       text46       000000
__Ltext47                       text47       000000
__Ltext48                       text48       000000
__Ltext49                       text49       000000
__Ltext5                        text5        000000
__Ltext50                       text50       000000
__Ltext51                       text51       000000
__Ltext52                       text52       000000
__Ltext53                       text53       000000
__Ltext54                       text54       000000
__Ltext55                       text55       000000
__Ltext56                       text56       000000
__Ltext57                       text57       000000
__Ltext58                       text58       000000
__Ltext59                       text59       000000
__Ltext6                        text6        000000
__Ltext60                       text60       000000
__Ltext61                       text61       000000
__Ltext62                       text62       000000
__Ltext63                       text63       000000
__Ltext64                       text64       000000
__Ltext7                        text7        000000
__Ltext8                        text8        000000
__Ltext9                        text9        000000
__S0                            (abs)        004E14
__S1                            (abs)        0001B3
__S4                            (abs)        000000
__S5                            (abs)        000000
___aodiv                        text33       0036F8
___aodiv@counter                cstackCOMRAM 000011
___aodiv@dividend               cstackCOMRAM 000001
___aodiv@divisor                cstackCOMRAM 000009
___aodiv@quotient               cstackCOMRAM 000013
___aodiv@sign                   cstackCOMRAM 000012
___aomod                        text32       003880
___aomod@counter                cstackCOMRAM 000011
___aomod@dividend               cstackCOMRAM 000001
___aomod@divisor                cstackCOMRAM 000009
___aomod@sign                   cstackCOMRAM 000012
___awdiv                        text64       004376
___awdiv@counter                cstackCOMRAM 00000B
___awdiv@dividend               cstackCOMRAM 000007
___awdiv@divisor                cstackCOMRAM 000009
___awdiv@quotient               cstackCOMRAM 00000D
___awdiv@sign                   cstackCOMRAM 00000C
___fladd                        text9        001AEA
___fladd@a                      cstackCOMRAM 000005
___fladd@aexp                   cstackCOMRAM 00000E
___fladd@b                      cstackCOMRAM 000001
___fladd@bexp                   cstackCOMRAM 00000F
___fladd@grs                    cstackCOMRAM 000010
___fladd@signs                  cstackCOMRAM 00000D
___fldiv                        text16       002782
___fldiv@a                      cstackCOMRAM 000013
___fldiv@aexp                   cstackCOMRAM 000027
___fldiv@b                      cstackCOMRAM 00000F
___fldiv@bexp                   cstackCOMRAM 000026
___fldiv@grs                    cstackCOMRAM 000022
___fldiv@new_exp                cstackCOMRAM 000020
___fldiv@rem                    cstackCOMRAM 00001B
___fldiv@sign                   cstackCOMRAM 00001F
___flge                         text12       003E6E
___flge@ff1                     cstackCOMRAM 000001
___flge@ff2                     cstackCOMRAM 000005
___flmul                        text11       001FAA
___flmul@a                      cstackCOMRAM 00002C
___flmul@aexp                   cstackCOMRAM 000039
___flmul@b                      cstackCOMRAM 000028
___flmul@bexp                   cstackCOMRAM 00003A
___flmul@grs                    cstackCOMRAM 000035
___flmul@prod                   cstackCOMRAM 00003B
___flmul@sign                   cstackCOMRAM 000034
___flmul@temp                   cstackCOMRAM 00003F
___flneg                        text10       004B90
___flneg@f1                     cstackCOMRAM 000001
___flsub                        text8        00490C
___flsub@a                      cstackCOMRAM 000015
___flsub@b                      cstackCOMRAM 000011
___fltol                        text13       003D66
___fltol@exp1                   cstackBANK0  000065
___fltol@f1                     cstackCOMRAM 00005B
___fltol@sign1                  cstackBANK0  000064
___heap_hi                      (abs)        000000
___heap_lo                      (abs)        000000
___inthi_sp                     stack        000000
___intlo_sp                     stack        000000
___param_bank                   (abs)        000000
___rparam_used                  (abs)        000001
___sp                           stack        000000
___wmul                         text63       004CB4
___wmul@multiplicand            cstackCOMRAM 000003
___wmul@multiplier              cstackCOMRAM 000001
___wmul@product                 cstackCOMRAM 000005
___xxtofl                       text15       0031FA
___xxtofl@arg                   cstackCOMRAM 00000B
___xxtofl@exp                   cstackCOMRAM 00000A
___xxtofl@sign                  cstackCOMRAM 000009
___xxtofl@val                   cstackCOMRAM 000001
__accesstop                     (abs)        000060
__activetblptr                  (abs)        000001
__end_of_I2C_2_Master_Idle      text49       004CB4
__end_of_I2C_2_Master_Init      text39       004C8C
__end_of_I2C_2_Master_Read      text48       004A1A
__end_of_I2C_2_Master_RepStart  text47       004E10
__end_of_I2C_2_Master_Start     text46       004E06
__end_of_I2C_2_Master_Stop      text45       004DFC
__end_of_I2C_2_Master_Write     text44       004DF2
__end_of_LED_B                  text52       004D7A
__end_of_LED_C                  text36       004CFA
__end_of_LED_G                  text51       004D5A
__end_of_LED_R                  text50       004D3A
__end_of___aodiv                text33       003880
__end_of___aomod                text32       0039E4
__end_of___awdiv                text64       00443A
__end_of___fladd                text9        001FAA
__end_of___fldiv                text16       002B1C
__end_of___flge                 text12       003F72
__end_of___flmul                text11       0023D4
__end_of___flneg                text10       004BC8
__end_of___flsub                text8        004952
__end_of___fltol                text13       003E6E
__end_of___wmul                 text63       004CDA
__end_of___xxtofl               text15       0033AE
__end_of__initialization        cinit        004B0E
__end_of_abs                    text31       004ADE
__end_of_action                 text53       003026
__end_of_calibrate_white        text40       003D66
__end_of_color_click_init       text37       004C32
__end_of_color_data_collection  text17       0036F8
__end_of_color_display          text21       0046BA
__end_of_color_predict          text20       004050
__end_of_color_read_Blue        text43       00490C
__end_of_color_read_Clear       text19       00481C
__end_of_color_read_Green       text42       0048BC
__end_of_color_read_Red         text41       00486C
__end_of_color_writetoaddr      text38       004D1A
__end_of_compare                text14       004B90
__end_of_detect_color           text5        001AEA
__end_of_dtoa                   text25       002E00
__end_of_fputc                  text29       0041EC
__end_of_fputs                  text28       004996
__end_of_fullSpeedAhead         text61       00464A
__end_of_fullSpeedBack          text57       0044FA
__end_of_goback                 text58       004DCE
__end_of_initDCmotorsPWM        text4        0049D8
__end_of_initDCmotors_parameter text3        004122
__end_of_initUSART4             text2        004D98
__end_of_lroundf                text6        004B56
__end_of_main                   text0        004376
__end_of_pad                    text26       0042B2
__end_of_pin_init               text1        004DB4
__end_of_putch                  text30       004E14
__end_of_read_color             text18       00477A
__end_of_reverse_square         text56       004A9E
__end_of_roundf                 text7        002782
__end_of_sendCharSerial4        text35       004DE6
__end_of_sendStringSerial4      text34       004C62
__end_of_setMotorPWM            text62       0031FA
__end_of_short_reverse          text55       004A5C
__end_of_sprintf                text22       0047CC
__end_of_stop                   text60       0045B6
__end_of_strlen                 text27       004BFE
__end_of_toint                  smallconst   000E05
__end_of_turnLeft               text59       003C3C
__end_of_turnRight              text54       003B10
__end_of_vfpfcnvrt              text24       003562
__end_of_vfprintf               text23       00471C
__initialization                cinit        004ADE
__mediumconst                   mediumconst  000000
__pbssBANK0                     bssBANK0     0000E8
__pbssBANK1                     bssBANK1     000100
__pcinit                        cinit        004ADE
__pcstackBANK0                  cstackBANK0  000060
__pcstackBANK1                  cstackBANK1  000185
__pcstackCOMRAM                 cstackCOMRAM 000001
__pdataBANK0                    dataBANK0    0000F8
__pidataBANK0                   idataBANK0   004E10
__psmallconst                   smallconst   000E00
__ptext0                        text0        0042B2
__ptext1                        text1        004D98
__ptext10                       text10       004B90
__ptext11                       text11       001FAA
__ptext12                       text12       003E6E
__ptext13                       text13       003D66
__ptext14                       text14       004B56
__ptext15                       text15       0031FA
__ptext16                       text16       002782
__ptext17                       text17       003562
__ptext18                       text18       00471C
__ptext19                       text19       0047CC
__ptext2                        text2        004D7A
__ptext20                       text20       003F72
__ptext21                       text21       00464A
__ptext22                       text22       00477A
__ptext23                       text23       0046BA
__ptext24                       text24       0033AE
__ptext25                       text25       002B1C
__ptext26                       text26       0041EC
__ptext27                       text27       004BC8
__ptext28                       text28       004952
__ptext29                       text29       004122
__ptext3                        text3        004050
__ptext30                       text30       004E12
__ptext31                       text31       004A9E
__ptext32                       text32       003880
__ptext33                       text33       0036F8
__ptext34                       text34       004C32
__ptext35                       text35       004DCE
__ptext36                       text36       004CDA
__ptext37                       text37       004BFE
__ptext38                       text38       004CFA
__ptext39                       text39       004C62
__ptext4                        text4        004996
__ptext40                       text40       003C3C
__ptext41                       text41       00481C
__ptext42                       text42       00486C
__ptext43                       text43       0048BC
__ptext44                       text44       004DE6
__ptext45                       text45       004DF2
__ptext46                       text46       004DFC
__ptext47                       text47       004E06
__ptext48                       text48       0049D8
__ptext49                       text49       004C8C
__ptext5                        text5        000E54
__ptext50                       text50       004D1A
__ptext51                       text51       004D3A
__ptext52                       text52       004D5A
__ptext53                       text53       002E00
__ptext54                       text54       0039E4
__ptext55                       text55       004A1A
__ptext56                       text56       004A5C
__ptext57                       text57       00443A
__ptext58                       text58       004DB4
__ptext59                       text59       003B10
__ptext6                        text6        004B1C
__ptext60                       text60       0044FA
__ptext61                       text61       0045B6
__ptext62                       text62       003026
__ptext63                       text63       004CB4
__ptext64                       text64       004376
__ptext7                        text7        0023D4
__ptext8                        text8        00490C
__ptext9                        text9        001AEA
__ramtop                        ramtop       000E00
__smallconst                    smallconst   000E00
_abs                            text31       004A9E
_action                         text53       002E00
_calibrate_white                text40       003C3C
_color                          bssBANK1     000164
_color_click_init               text37       004BFE
_color_data_collection          text17       003562
_color_display                  text21       00464A
_color_predict                  text20       003F72
_color_read_Blue                text43       0048BC
_color_read_Clear               text19       0047CC
_color_read_Green               text42       00486C
_color_read_Red                 text41       00481C
_color_writetoaddr              text38       004CFA
_compare                        text14       004B56
_dbuf                           bssBANK1     000165
_detect_color                   text5        000E54
_detect_color$2740              cstackBANK0  000091
_dtoa                           text25       002B1C
_dtoa$2382                      cstackCOMRAM 00002E
_flags                          bssBANK0     0000F2
_fputc                          text29       004122
_fputs                          text28       004952
_fullSpeedAhead                 text61       0045B6
_fullSpeedBack                  text57       00443A
_goback                         text58       004DB4
_initDCmotorsPWM                text4        004996
_initDCmotors_parameter         text3        004050
_initUSART4                     text2        004D7A
_lroundf                        text6        004B1C
_main                           text0        0042B2
_motorL                         bssBANK1     00015A
_motorR                         bssBANK1     000150
_nout                           bssBANK0     0000EC
_pad                            text26       0041EC
_pin_init                       text1        004D98
_prec                           bssBANK0     0000F0
_putch                          text30       004E12
_read_color                     text18       00471C
_reverse_square                 text56       004A5C
_roundf                         text7        0023D4
_roundf$2741                    cstackCOMRAM 00004F
_roundf$2742                    cstackCOMRAM 000049
_sendCharSerial4                text35       004DCE
_sendStringSerial4              text34       004C32
_setMotorPWM                    text62       003026
_short_reverse                  text55       004A1A
_sprintf                        text22       00477A
_stop                           text60       0044FA
_strlen                         text27       004BC8
_turnLeft                       text59       003B10
_turnRight                      text54       0039E4
_vfpfcnvrt                      text24       0033AE
_vfprintf                       text23       0046BA
_width                          bssBANK0     0000EE
abs@a                           cstackCOMRAM 000013
action@color                    cstackCOMRAM 000036
action@mL                       cstackCOMRAM 000032
action@mR                       cstackCOMRAM 000034
calibrate_white@w               cstackCOMRAM 00000C
color_data_collection@i         cstackBANK0  0000DE
color_data_collection@j         cstackBANK0  0000E0
color_data_collection@k         cstackBANK0  0000E2
color_data_collection@m         cstackCOMRAM 00005A
color_data_collection@x         cstackBANK0  0000E4
color_display@buf               cstackBANK0  000079
color_display@m                 cstackCOMRAM 000058
color_predict@buf               cstackBANK0  000079
color_predict@color             cstackBANK0  0000DD
color_read_Blue@tmp             cstackCOMRAM 00000A
color_read_Clear@tmp            cstackCOMRAM 00000A
color_read_Green@tmp            cstackCOMRAM 00000A
color_read_Red@tmp              cstackCOMRAM 00000A
color_writetoaddr@address       cstackCOMRAM 000004
color_writetoaddr@value         cstackCOMRAM 000003
compare@lower                   cstackBANK0  00006A
compare@result                  cstackCOMRAM 00005F
compare@upper                   cstackBANK0  00006E
compare@value2compare           cstackBANK0  00006C
detect_color@BB                 cstackBANK0  000086
detect_color@BC                 cstackBANK0  000078
detect_color@BG                 cstackBANK0  00008E
detect_color@BR                 cstackBANK0  000088
detect_color@GB                 cstackBANK0  00007E
detect_color@GC_REAL            cstackBANK0  00008C
detect_color@GG                 cstackBANK0  000082
detect_color@GR                 cstackBANK0  000080
detect_color@GR_REAL            cstackBANK0  00008A
detect_color@RB                 cstackBANK0  00007C
detect_color@RG                 cstackBANK0  00007A
detect_color@RR                 cstackBANK0  000084
detect_color@color              cstackBANK0  000090
detect_color@m                  cstackBANK0  000070
detect_color@w                  cstackBANK0  000072
dtoa@d                          cstackCOMRAM 00001E
dtoa@fp                         cstackCOMRAM 00001C
dtoa@i                          cstackCOMRAM 00003E
dtoa@n                          cstackCOMRAM 000036
dtoa@p                          cstackCOMRAM 000030
dtoa@s                          cstackCOMRAM 000034
dtoa@w                          cstackCOMRAM 000032
end_of_initialization           cinit        004B0E
fputc@c                         cstackCOMRAM 000001
fputc@fp                        cstackCOMRAM 000003
fputs@c                         cstackCOMRAM 00000E
fputs@fp                        cstackCOMRAM 00000C
fputs@i                         cstackCOMRAM 00000F
fputs@s                         cstackCOMRAM 00000A
fullSpeedAhead@mL               cstackCOMRAM 00001A
fullSpeedAhead@mR               cstackCOMRAM 00001C
fullSpeedBack@mL                cstackCOMRAM 000020
fullSpeedBack@mR                cstackCOMRAM 000022
goback@mL                       cstackCOMRAM 00002E
goback@mR                       cstackCOMRAM 000030
initDCmotorsPWM@PWMperiod       cstackCOMRAM 000001
initDCmotors_parameter@motorL   cstackCOMRAM 000001
initDCmotors_parameter@motorR   cstackCOMRAM 000003
intlevel0                       text         000000
intlevel1                       text         000000
intlevel2                       text         000000
intlevel3                       text         000000
isa$std                         (abs)        000001
isa$xinst                       (abs)        000000
lroundf@x                       cstackBANK0  000066
main@motorL                     cstackBANK1  00019F
main@motorR                     cstackBANK1  0001A9
main@rgb                        cstackBANK1  000185
main@white                      cstackBANK1  00018D
pad@buf                         cstackCOMRAM 000013
pad@fp                          cstackCOMRAM 000011
pad@i                           cstackCOMRAM 000018
pad@p                           cstackCOMRAM 000015
pad@w                           cstackCOMRAM 00001A
read_color@m                    cstackCOMRAM 00000C
reverse_square@mL               cstackCOMRAM 000026
reverse_square@mR               cstackCOMRAM 000028
roundf@F527                     bssBANK0     0000E8
roundf@e                        cstackCOMRAM 00004D
roundf@u                        cstackCOMRAM 000053
roundf@x                        cstackCOMRAM 000041
roundf@y                        cstackCOMRAM 000057
sendCharSerial4@charToSend      cstackCOMRAM 000001
sendStringSerial4@string        cstackCOMRAM 000002
setMotorPWM@PWMduty             cstackCOMRAM 000018
setMotorPWM@m                   cstackCOMRAM 00000F
short_reverse@mL                cstackCOMRAM 000026
short_reverse@mR                cstackCOMRAM 000028
sprintf@ap                      cstackBANK0  00006C
sprintf@f                       cstackBANK0  00006E
sprintf@fmt                     cstackBANK0  000062
sprintf@s                       cstackBANK0  000060
stackhi                         (abs)        000000
stacklo                         (abs)        000000
start                           init         000000
start_initialization            cinit        004ADE
stop@mL                         cstackCOMRAM 00001A
stop@mR                         cstackCOMRAM 00001C
strlen@a                        cstackCOMRAM 000003
strlen@s                        cstackCOMRAM 000001
turnLeft@angle_left             cstackCOMRAM 000024
turnLeft@delay                  cstackCOMRAM 00002C
turnLeft@delay_180              cstackCOMRAM 000026
turnLeft@i                      cstackCOMRAM 000028
turnLeft@i_1179                 cstackCOMRAM 00002A
turnLeft@mL                     cstackCOMRAM 000020
turnLeft@mR                     cstackCOMRAM 000022
turnRight@angle_right           cstackCOMRAM 000024
turnRight@delay                 cstackCOMRAM 00002C
turnRight@delay_180             cstackCOMRAM 000026
turnRight@i                     cstackCOMRAM 000028
turnRight@i_1202                cstackCOMRAM 00002A
turnRight@mL                    cstackCOMRAM 000020
turnRight@mR                    cstackCOMRAM 000022
vfpfcnvrt@ap                    cstackCOMRAM 000044
vfpfcnvrt@fmt                   cstackCOMRAM 000042
vfpfcnvrt@fp                    cstackCOMRAM 000040
vfpfcnvrt@ll                    cstackCOMRAM 000048
vfprintf@ap                     cstackCOMRAM 000054
vfprintf@cfmt                   cstackCOMRAM 000056
vfprintf@fmt                    cstackCOMRAM 000052
vfprintf@fp                     cstackCOMRAM 000050


MODULE INFORMATION

Module		Function		Class		Link	Load	Size
C:\Program Files\Microchip\xc8\v2.35\pic\sources\c99\common\putch.c
		_putch         		CODE           	4E12	0000	2

C:\Program Files\Microchip\xc8\v2.35\pic\sources\c99\common\putch.c estimated size: 2

serial.c
		_sendStringSerial4		CODE           	4C32	0000	48
		_sendCharSerial4		CODE           	4DCE	0000	24
		_initUSART4    		CODE           	4D7A	0000	30

serial.c estimated size: 102

color.c
		_read_color    		CODE           	471C	0000	94
		_color_writetoaddr		CODE           	4CFA	0000	32
		_color_predict 		CODE           	3F72	0000	222
		_compare       		CODE           	4B56	0000	58
		_calibrate_white		CODE           	3C3C	0000	298
		_color_click_init		CODE           	4BFE	0000	52
		_detect_color  		CODE           	0E54	0000	3222
		_color_data_collection		CODE           	3562	0000	406
		_color_read_Green		CODE           	486C	0000	80
		_color_read_Clear		CODE           	47CC	0000	80
		_LED_R         		CODE           	4D1A	0000	32
		_LED_G         		CODE           	4D3A	0000	32
		_color_read_Red		CODE           	481C	0000	80
		_LED_B         		CODE           	4D5A	0000	32
		_color_display 		CODE           	464A	0000	112
		_color_read_Blue		CODE           	48BC	0000	80
		_LED_C         		CODE           	4CDA	0000	32

color.c estimated size: 4944

C:\Program Files\Microchip\xc8\v2.35\pic\sources\c99\common\aodiv.c
		___aodiv       		CODE           	36F8	0000	392

C:\Program Files\Microchip\xc8\v2.35\pic\sources\c99\common\aodiv.c estimated size: 392

dc_motor.c
		_fullSpeedBack 		CODE           	443A	0000	192
		_reverse_square		CODE           	4A5C	0000	66
		_fullSpeedAhead		CODE           	45B6	0000	148
		_turnLeft      		CODE           	3B10	0000	300
		_stop          		CODE           	44FA	0000	188
		_initDCmotorsPWM		CODE           	4996	0000	66
		_initDCmotors_parameter		CODE           	4050	0000	210
		_turnRight     		CODE           	39E4	0000	300
		_short_reverse 		CODE           	4A1A	0000	66
		_setMotorPWM   		CODE           	3026	0000	468

dc_motor.c estimated size: 2004

C:\Program Files\Microchip\xc8\v2.35\pic\sources\c99\common\sprcmul.c
		___flmul       		CODE           	1FAA	0000	1066

C:\Program Files\Microchip\xc8\v2.35\pic\sources\c99\common\sprcmul.c estimated size: 1066

C:\Program Files\Microchip\xc8\v2.35\pic\sources\c99\common\nf_sprintf.c
		_sprintf       		CODE           	477A	0000	82

C:\Program Files\Microchip\xc8\v2.35\pic\sources\c99\common\nf_sprintf.c estimated size: 82

C:\Program Files\Microchip\xc8\v2.35\pic\sources\c99\common\sprcdiv.c
		___fldiv       		CODE           	2782	0000	922

C:\Program Files\Microchip\xc8\v2.35\pic\sources\c99\common\sprcdiv.c estimated size: 922

i2c.c
		_I2C_2_Master_Start		CODE           	4DFC	0000	10
		_I2C_2_Master_Read		CODE           	49D8	0000	66
		_I2C_2_Master_Idle		CODE           	4C8C	0000	40
		_I2C_2_Master_Init		CODE           	4C62	0000	42
		_I2C_2_Master_Stop		CODE           	4DF2	0000	10
		_I2C_2_Master_RepStart		CODE           	4E06	0000	10
		_I2C_2_Master_Write		CODE           	4DE6	0000	12

i2c.c estimated size: 190

C:\Program Files\Microchip\xc8\v2.35\pic\sources\c99\common\nf_fputc.c
		_fputc         		CODE           	4122	0000	202

C:\Program Files\Microchip\xc8\v2.35\pic\sources\c99\common\nf_fputc.c estimated size: 202

C:\Program Files\Microchip\xc8\v2.35\pic\sources\c99\common\Umul16.c
		___wmul        		CODE           	4CB4	0000	38

C:\Program Files\Microchip\xc8\v2.35\pic\sources\c99\common\Umul16.c estimated size: 38

C:\Program Files\Microchip\xc8\v2.35\pic\sources\c99\common\awdiv.c
		___awdiv       		CODE           	4376	0000	196

C:\Program Files\Microchip\xc8\v2.35\pic\sources\c99\common\awdiv.c estimated size: 196

C:\Program Files\Microchip\xc8\v2.35\pic\sources\c99\common\fltol.c
		___fltol       		CODE           	3D66	0000	264

C:\Program Files\Microchip\xc8\v2.35\pic\sources\c99\common\fltol.c estimated size: 264

C:\Program Files\Microchip\xc8\v2.35\pic\sources\c99\common\abs.c
		_abs           		CODE           	4A9E	0000	64

C:\Program Files\Microchip\xc8\v2.35\pic\sources\c99\common\abs.c estimated size: 64

C:\Program Files\Microchip\xc8\v2.35\pic\sources\c99\common\roundf.c
		_roundf        		CODE           	23D4	0000	942

C:\Program Files\Microchip\xc8\v2.35\pic\sources\c99\common\roundf.c estimated size: 942

C:\Program Files\Microchip\xc8\v2.35\pic\sources\c99\common\flge.c
		___flge        		CODE           	3E6E	0000	260

C:\Program Files\Microchip\xc8\v2.35\pic\sources\c99\common\flge.c estimated size: 260

C:\Program Files\Microchip\xc8\v2.35\pic\sources\c99\common\sprcadd.c
		___flsub       		CODE           	490C	0000	70
		___fladd       		CODE           	1AEA	0000	1216

C:\Program Files\Microchip\xc8\v2.35\pic\sources\c99\common\sprcadd.c estimated size: 1286

shared
		__initialization		CODE           	4ADE	0000	48
		_toint         		SMALLCONST     	0000	0000	0

shared estimated size: 48

C:\Program Files\Microchip\xc8\v2.35\pic\sources\c99\common\flneg.c
		___flneg       		CODE           	4B90	0000	56

C:\Program Files\Microchip\xc8\v2.35\pic\sources\c99\common\flneg.c estimated size: 56

C:\Program Files\Microchip\xc8\v2.35\pic\sources\c99\common\xxtofl.c
		___xxtofl      		CODE           	31FA	0000	436

C:\Program Files\Microchip\xc8\v2.35\pic\sources\c99\common\xxtofl.c estimated size: 436

C:\Program Files\Microchip\xc8\v2.35\pic\sources\c99\common\strlen.c
		_strlen        		CODE           	4BC8	0000	54

C:\Program Files\Microchip\xc8\v2.35\pic\sources\c99\common\strlen.c estimated size: 54

C:\Program Files\Microchip\xc8\v2.35\pic\sources\c99\common\lroundf.c
		_lroundf       		CODE           	4B1C	0000	58

C:\Program Files\Microchip\xc8\v2.35\pic\sources\c99\common\lroundf.c estimated size: 58

C:\Program Files\Microchip\xc8\v2.35\pic\sources\c99\common\aomod.c
		___aomod       		CODE           	3880	0000	356

C:\Program Files\Microchip\xc8\v2.35\pic\sources\c99\common\aomod.c estimated size: 356

C:\Program Files\Microchip\xc8\v2.35\pic\sources\c99\common\nf_fputs.c
		_fputs         		CODE           	4952	0000	68

C:\Program Files\Microchip\xc8\v2.35\pic\sources\c99\common\nf_fputs.c estimated size: 68

main.c
		_main          		CODE           	42B2	0000	196

main.c estimated size: 196

movement.c
		_action        		CODE           	2E00	0000	550
		_pin_init      		CODE           	4D98	0000	28
		_goback        		CODE           	4DB4	0000	26

movement.c estimated size: 604

C:\Program Files\Microchip\xc8\v2.35\pic\sources\c99\common\doprnt.c
		_vfpfcnvrt     		CODE           	33AE	0000	436
		_pad           		CODE           	41EC	0000	198
		_dtoa          		CODE           	2B1C	0000	740
		_vfprintf      		CODE           	46BA	0000	98

C:\Program Files\Microchip\xc8\v2.35\pic\sources\c99\common\doprnt.c estimated size: 1472

