Microchip MPLAB XC8 Compiler V2.35

Linker command line:

-W-3 --edf=C:\Program Files\Microchip\xc8\v2.35\pic\dat\en_msgs.txt -cn \
  -h+dist/default/production\final-project-kangan-yuhai.X.production.sym \
  --cmf=dist/default/production\final-project-kangan-yuhai.X.production.cmf \
  -z -Q18F67K40 -oC:\Users\KANGAN~1\AppData\Local\Temp\xcAs69gg.4 \
  --defsym=__MPLAB_BUILD=1 \
  -Mdist/default/production/final-project-kangan-yuhai.X.production.map \
  --md=C:\Users\KANGAN~1\AppData\Local\Temp\xcAs69gg.dat -E1 \
  -ver=XC8 Compiler --acfsm=1493 -ACODE=00h-01FFFFh -ACONST=00h-01FFFFh \
  -ASMALLCONST=0E00h-0EFFhx498 -AMEDIUMCONST=0E00h-0FFFFh,010E00h-01FFFFh \
  -ACOMRAM=01h-05Fh -AABS1=00h-0DE9h -ABIGRAM=01h-0DE9h \
  -ARAM=060h-0FFh,0100h-01FFhx12,0D00h-0DE9h -ABANK0=060h-0FFh \
  -ABANK1=0100h-01FFh -ABANK2=0200h-02FFh -ABANK3=0300h-03FFh \
  -ABANK4=0400h-04FFh -ABANK5=0500h-05FFh -ABANK6=0600h-06FFh \
  -ABANK7=0700h-07FFh -ABANK8=0800h-08FFh -ABANK9=0900h-09FFh \
  -ABANK10=0A00h-0AFFh -ABANK11=0B00h-0BFFh -ABANK12=0C00h-0CFFh \
  -ABANK13=0D00h-0DE9h \
  -ASFR=0DEFh-0DFFh,0E00h-0EFFh,0F00h-0F5Fh,0F60h-0FFFh \
  -ABIGSFR=0DEFh-0FFFh -ACONFIG=0300000h-030000Bh -AIDLOC=0200000h-020000Fh \
  -AEEDATA=0310000h-03103FFh -peeprom_data=EEDATA \
  -preset_vec=00h,intcode=08h,intcodelo,powerup,init -pramtop=0E00h \
  -psmallconst=SMALLCONST -pmediumconst=MEDIUMCONST -pconst=CONST \
  -AFARRAM=00h-00h \
  -prdata=COMRAM,nvrram=COMRAM,nvbit=COMRAM,rbss=COMRAM,rbit=COMRAM \
  -pfarbss=FARRAM,fardata=FARRAM,nvFARRAM=FARRAM \
  -pintsave_regs=BIGRAM,bigbss=BIGRAM,bigdata=BIGRAM -pbss=RAM \
  -pidata=CODE,irdata=CODE,ibigdata=CODE,ifardata=CODE -prparam=COMRAM \
  C:\Users\KANGAN~1\AppData\Local\Temp\xcAs69gg.o \
  dist/default/production\final-project-kangan-yuhai.X.production.o 

Object code version is 3.11

Machine type is 18F67K40



                Name                               Link     Load   Length Selector   Space Scale
C:\Users\KANGAN~1\AppData\Local\Temp\xcAs69gg.o
                idloc                            200000   200000       10        0       5
                config                           300000   300000        C        0       4
                init                                 28       28        4        4       0
                reset_vec                             0        0        4        0       0
dist/default/production\final-project-kangan-yuhai.X.production.o
                intcode                               8        8       20        4       0
                idloc                            200000   200000       10        0       5
                config                           300000   300000        C        0       4
                temp                                 5F       5F        1        1       1
                smallconst                          E00      E00       46      700       0
                text75                             5AAC     5AAC        C      723       0
                text74                             5A54     5A54       1E      723       0
                text73                             5A72     5A72       18      723       0
                text72                             5880     5880       30      723       0
                text71                             4460     4460      188      723       0
                text70                             45E8     45E8      164      723       0
                text69                             572A     572A       40      723       0
                text68                             5AD8     5AD8        2      723       0
                text67                             4B52     4B52       CA      723       0
                text66                             55E2     55E2       44      723       0
                text65                             5816     5816       36      723       0
                text64                             4CE2     4CE2       C6      723       0
                text63                             3148     3148      2EA      723       0
                text62                             3C70     3C70      1B4      723       0
                text61                             5294     5294       62      723       0
                text60                             540A     540A       52      723       0
                text59                             58B0     58B0       2E      723       0
                text58                             4DA8     4DA8       C4      723       0
                text57                             5930     5930       26      723       0
                text56                             38E8     38E8      1D4      723       0
                text55                             50A8     50A8       94      723       0
                text54                             4FEC     4FEC       BC      723       0
                text53                             4F2C     4F2C       C0      723       0
                text52                             56EA     56EA       40      723       0
                text51                             4148     4148      18E      723       0
                text50                             3FBA     3FBA      18E      723       0
                text49                             2ADC     2ADC      364      723       0
                text48                             56AA     56AA       40      723       0
                text47                             3432     3432      2AC      723       0
                text46                             2E40     2E40      308      723       0
                text45                             5A8A     5A8A       16      723       0
                text44                             58DE     58DE       2A      723       0
                text43                             5908     5908       28      723       0
                text42                             5ACC     5ACC        A      723       0
                text41                             5AC2     5AC2        A      723       0
                text40                             5AA0     5AA0        C      723       0
                text39                             5A16     5A16       20      723       0
                text38                             584C     584C       34      723       0
                text37                             5668     5668       42      723       0
                text36                             4A80     4A80       D2      723       0
                text35                             5A36     5A36       1E      723       0
                text34                             59F6     59F6       20      723       0
                text33                             4E6C     4E6C       C0      723       0
                text32                             53B4     53B4       56      723       0
                text31                             59D6     59D6       20      723       0
                text30                             2742     2742      39A      723       0
                text29                             3ABC     3ABC      1B4      723       0
                text28                             5626     5626       42      723       0
                text27                             5AB8     5AB8        A      723       0
                text26                             554C     554C       50      723       0
                text25                             4874     4874      108      723       0
                text24                             497C     497C      104      723       0
                text23                             1F6A     1F6A      42A      723       0
                text22                             57DE     57DE       38      723       0
                text21                             1AAA     1AAA      4C0      723       0
                text20                             559C     559C       46      723       0
                text19                             2394     2394      3AE      723       0
                text18                             57A4     57A4       3A      723       0
                text17                             474C     474C      128      723       0
                text16                             59B6     59B6       20      723       0
                text15                             5996     5996       20      723       0
                text14                             5976     5976       20      723       0
                text13                             5956     5956       20      723       0
                text12                             54FC     54FC       50      723       0
                text11                             54AC     54AC       50      723       0
                text10                             545C     545C       50      723       0
                text9                              36DE     36DE      20A      723       0
                text8                              51B8     51B8       70      723       0
                text7                              5356     5356       5E      723       0
                text6                              3E24     3E24      196      723       0
                text5                              576A     576A       3A      723       0
                text4                               E46      E46      C64      723       0
                text3                              4C1C     4C1C       C6      723       0
                text2                              42D6     42D6      18A      723       0
                text1                              513C     513C       7C      723       0
                text0                              5228     5228       6C      723       0
                cstackCOMRAM                          1        1       5E        1       1
                cstackBANK0                          60       60       96       60       1
                cstackBANK1                         100      100      100      100       1
                cstackBANK2                         200      200       C9      200       1
                bssBANK3                            300      300       98      300       1
                dataBANK2                           2ED      2ED        1      200       1
                bssBANK2                            2C9      2C9       24      200       1
                dataBANK0                            FE       FE        2       60       1
                bssBANK0                             F6       F6        8       60       1
                cinit                              52F6     52F6       60      723       0
                idataBANK2                         5ADA     5ADA        1      723       0
                idataBANK0                         5AD6     5AD6        2      723       0

TOTAL           Name                               Link     Load   Length     Space
        CLASS   CODE           
                intcode                               8        8       20         0
                init                                 28       28        4         0
                reset_vec                             0        0        4         0
                text75                             5AAC     5AAC        C         0
                text74                             5A54     5A54       1E         0
                text73                             5A72     5A72       18         0
                text72                             5880     5880       30         0
                text71                             4460     4460      188         0
                text70                             45E8     45E8      164         0
                text69                             572A     572A       40         0
                text68                             5AD8     5AD8        2         0
                text67                             4B52     4B52       CA         0
                text66                             55E2     55E2       44         0
                text65                             5816     5816       36         0
                text64                             4CE2     4CE2       C6         0
                text63                             3148     3148      2EA         0
                text62                             3C70     3C70      1B4         0
                text61                             5294     5294       62         0
                text60                             540A     540A       52         0
                text59                             58B0     58B0       2E         0
                text58                             4DA8     4DA8       C4         0
                text57                             5930     5930       26         0
                text56                             38E8     38E8      1D4         0
                text55                             50A8     50A8       94         0
                text54                             4FEC     4FEC       BC         0
                text53                             4F2C     4F2C       C0         0
                text52                             56EA     56EA       40         0
                text51                             4148     4148      18E         0
                text50                             3FBA     3FBA      18E         0
                text49                             2ADC     2ADC      364         0
                text48                             56AA     56AA       40         0
                text47                             3432     3432      2AC         0
                text46                             2E40     2E40      308         0
                text45                             5A8A     5A8A       16         0
                text44                             58DE     58DE       2A         0
                text43                             5908     5908       28         0
                text42                             5ACC     5ACC        A         0
                text41                             5AC2     5AC2        A         0
                text40                             5AA0     5AA0        C         0
                text39                             5A16     5A16       20         0
                text38                             584C     584C       34         0
                text37                             5668     5668       42         0
                text36                             4A80     4A80       D2         0
                text35                             5A36     5A36       1E         0
                text34                             59F6     59F6       20         0
                text33                             4E6C     4E6C       C0         0
                text32                             53B4     53B4       56         0
                text31                             59D6     59D6       20         0
                text30                             2742     2742      39A         0
                text29                             3ABC     3ABC      1B4         0
                text28                             5626     5626       42         0
                text27                             5AB8     5AB8        A         0
                text26                             554C     554C       50         0
                text25                             4874     4874      108         0
                text24                             497C     497C      104         0
                text23                             1F6A     1F6A      42A         0
                text22                             57DE     57DE       38         0
                text21                             1AAA     1AAA      4C0         0
                text20                             559C     559C       46         0
                text19                             2394     2394      3AE         0
                text18                             57A4     57A4       3A         0
                text17                             474C     474C      128         0
                text16                             59B6     59B6       20         0
                text15                             5996     5996       20         0
                text14                             5976     5976       20         0
                text13                             5956     5956       20         0
                text12                             54FC     54FC       50         0
                text11                             54AC     54AC       50         0
                text10                             545C     545C       50         0
                text9                              36DE     36DE      20A         0
                text8                              51B8     51B8       70         0
                text7                              5356     5356       5E         0
                text6                              3E24     3E24      196         0
                text5                              576A     576A       3A         0
                text4                               E46      E46      C64         0
                text3                              4C1C     4C1C       C6         0
                text2                              42D6     42D6      18A         0
                text1                              513C     513C       7C         0
                text0                              5228     5228       6C         0
                cinit                              52F6     52F6       60         0
                idataBANK2                         5ADA     5ADA        1         0
                idataBANK0                         5AD6     5AD6        2         0

        CLASS   CONST          

        CLASS   SMALLCONST     
                smallconst                          E00      E00       46         0

        CLASS   MEDIUMCONST    

        CLASS   COMRAM         
                temp                                 5F       5F        1         1
                cstackCOMRAM                          1        1       5E         1

        CLASS   ABS1           

        CLASS   BIGRAM         

        CLASS   RAM            

        CLASS   BANK0          
                cstackBANK0                          60       60       96         1
                dataBANK0                            FE       FE        2         1
                bssBANK0                             F6       F6        8         1

        CLASS   BANK1          
                cstackBANK1                         100      100      100         1

        CLASS   BANK2          
                cstackBANK2                         200      200       C9         1
                dataBANK2                           2ED      2ED        1         1
                bssBANK2                            2C9      2C9       24         1

        CLASS   BANK3          
                bssBANK3                            300      300       98         1

        CLASS   BANK4          

        CLASS   BANK5          

        CLASS   BANK6          

        CLASS   BANK7          

        CLASS   BANK8          

        CLASS   BANK9          

        CLASS   BANK10         

        CLASS   BANK11         

        CLASS   BANK12         

        CLASS   BANK13         

        CLASS   SFR            

        CLASS   BIGSFR         

        CLASS   CONFIG         
                config                           300000   300000        C         4

        CLASS   IDLOC          
                idloc                            200000   200000       10         5

        CLASS   EEDATA         

        CLASS   FARRAM         

        CLASS   HEAP           

        CLASS   STACK          



SEGMENTS        Name                           Load    Length   Top    Selector   Space  Class

                reset_vec                      000000  000004  000004         0       0  CODE    
                cstackCOMRAM                   000001  00005F  000060         1       1  COMRAM  
                intcode                        000008  000024  00002C         4       0  CODE    
                cstackBANK0                    000060  0000A0  000100        60       1  BANK0   
                cstackBANK1                    000100  000100  000200       100       1  BANK1   
                cstackBANK2                    000200  0000EE  0002EE       200       1  BANK2   
                bssBANK3                       000300  000098  000398       300       1  BANK3   
                smallconst                     000E00  000046  000E46       700       0  SMALLCON
                text4                          000E46  004C95  005ADB       723       0  CODE    


UNUSED ADDRESS RANGES

        Name                Unused          Largest block    Delta
        BANK10           000A00-000AFF              100
        BANK11           000B00-000BFF              100
        BANK12           000C00-000CFF              100
        BANK13           000D00-000DE9               EA
        BANK2            0002EE-0002FF               12
        BANK3            000398-0003FF               68
        BANK4            000400-0004FF              100
        BANK5            000500-0005FF              100
        BANK6            000600-0006FF              100
        BANK7            000700-0007FF              100
        BANK8            000800-0008FF              100
        BANK9            000900-0009FF              100
        BIGRAM           0002EE-0002FF               12
                         000398-000DE9              A52
        BIGSFR           000DEF-000FFF              211
        CODE             000004-000007                4
                         00002C-000DFF              DD4
                         005ADB-01FFFF            1A525
        CONST            000004-000007                4
                         00002C-000DFF              DD4
                         005ADB-01FFFF            1A525
        EEDATA           310000-3103FF              400
        MEDIUMCONST      005ADB-00FFFF             A525
                         010E00-01FFFF             F200
        RAM              0002EE-0002FF               12
                         000398-000DE9              100
        SFR              000DEF-000FFF              100
        SMALLCONST       005ADB-01FFFF              100

                                  Symbol Table

?___aodiv                       cstackCOMRAM 000001
?___aomod                       cstackCOMRAM 000001
?___awdiv                       cstackCOMRAM 000007
?___fladd                       cstackCOMRAM 000001
?___fldiv                       cstackCOMRAM 00000F
?___flmul                       cstackCOMRAM 000028
?___flneg                       cstackCOMRAM 000001
?___flsub                       cstackCOMRAM 000011
?___fltol                       cstackCOMRAM 00005B
?___wmul                        cstackCOMRAM 000001
?___xxtofl                      cstackCOMRAM 000001
?_abs                           cstackCOMRAM 000013
?_amb_light_measure             cstackBANK0  00006A
?_color_read_Blue               cstackCOMRAM 000005
?_color_read_Clear              cstackCOMRAM 000005
?_color_read_Green              cstackCOMRAM 000005
?_color_read_Red                cstackCOMRAM 000005
?_dtoa                          cstackCOMRAM 00001C
?_lroundf                       cstackBANK0  000066
?_pad                           cstackCOMRAM 000011
?_roundf                        cstackCOMRAM 000041
?_sprintf                       cstackBANK0  000060
?_strlen                        cstackCOMRAM 000001
?_vfpfcnvrt                     cstackCOMRAM 000040
?_vfprintf                      cstackCOMRAM 000050
I2C_2_Master_Read@ack           cstackCOMRAM 000003
I2C_2_Master_Read@tmp           cstackCOMRAM 000004
I2C_2_Master_Write@data_byte    cstackCOMRAM 000002
_ANSELDbits                     (abs)        000EA7
_ANSELFbits                     (abs)        000EB4
_BAUD4CONbits                   (abs)        000EE9
_CALIBRATION_135                dataBANK0    0000FF
_CALIBRATION_180                dataBANK2    0002ED
_EUSART4RXbuf                   bssBANK3     000364
_EUSART4TXbuf                   bssBANK3     000300
_HighISR                        intcode      000008
_I2C_2_Master_Idle              text43       005908
_I2C_2_Master_Init              text44       0058DE
_I2C_2_Master_Read              text28       005626
_I2C_2_Master_RepStart          text27       005AB8
_I2C_2_Master_Start             text42       005ACC
_I2C_2_Master_Stop              text41       005AC2
_I2C_2_Master_Write             text40       005AA0
_INTCONbits                     (abs)        000FF2
_Interrupts_init                text75       005AAC
_LATAbits                       (abs)        000F79
_LATCbits                       (abs)        000F7B
_LATDbits                       (abs)        000F7C
_LATE                           (abs)        000F7D
_LATEbits                       (abs)        000F7D
_LATFbits                       (abs)        000F7E
_LATG                           (abs)        000F7F
_LATGbits                       (abs)        000F7F
_LATHbits                       (abs)        000F80
_LED_B                          text16       0059B6
_LED_C                          text31       0059D6
_LED_G                          text15       005996
_LED_OFF                        text14       005976
_LED_R                          text13       005956
_PIE0bits                       (abs)        000E29
_PIE4bits                       (abs)        000E2D
_PIR0bits                       (abs)        000E33
_PIR4bits                       (abs)        000E37
_PORTFbits                      (abs)        000F8E
_PWM6CONbits                    (abs)        000FA4
_PWM6DCH                        (abs)        000FA3
_PWM7CONbits                    (abs)        000FA1
_PWM7DCH                        (abs)        000FA0
_RC0PPS                         (abs)        000E62
_RC4REG                         (abs)        000EE3
_RC4STAbits                     (abs)        000EE7
_RC7PPS                         (abs)        000E69
_RD5PPS                         (abs)        000E6F
_RD6PPS                         (abs)        000E70
_RE2PPS                         (abs)        000E74
_RX4PPS                         (abs)        000E15
_RxBufReadCnt                   bssBANK0     0000FC
_RxBufWriteCnt                  bssBANK0     0000FD
_SENSITIVITY                    dataBANK0    0000FE
_SP4BRGH                        (abs)        000EE6
_SP4BRGL                        (abs)        000EE5
_SSP2ADD                        (abs)        000ED6
_SSP2BUF                        (abs)        000ED5
_SSP2CLKPPS                     (abs)        000E1C
_SSP2CON1bits                   (abs)        000ED9
_SSP2CON2                       (abs)        000EDA
_SSP2CON2bits                   (abs)        000EDA
_SSP2DATPPS                     (abs)        000E1D
_SSP2STAT                       (abs)        000ED8
_T0CON0bits                     (abs)        000FD5
_T0CON1bits                     (abs)        000FD6
_T2CLKCONbits                   (abs)        000FBF
_T2CONbits                      (abs)        000FBD
_T2HLTbits                      (abs)        000FBE
_T2PR                           (abs)        000FBC
_TMR0H                          (abs)        000FD4
_TMR0L                          (abs)        000FD3
_TRISAbits                      (abs)        000F81
_TRISCbits                      (abs)        000F83
_TRISDbits                      (abs)        000F84
_TRISEbits                      (abs)        000F85
_TRISFbits                      (abs)        000F86
_TRISGbits                      (abs)        000F87
_TRISHbits                      (abs)        000F88
_TX4REG                         (abs)        000EE4
_TX4STAbits                     (abs)        000EE8
_Timer0_init                    text74       005A54
_TxBufReadCnt                   bssBANK0     0000FA
_TxBufWriteCnt                  bssBANK0     0000FB
__HRAM                          (abs)        000000
__Habs1                         abs1         000000
__Hbank0                        bank0        000000
__Hbank1                        bank1        000000
__Hbank10                       bank10       000000
__Hbank11                       bank11       000000
__Hbank12                       bank12       000000
__Hbank13                       bank13       000000
__Hbank2                        bank2        000000
__Hbank3                        bank3        000000
__Hbank4                        bank4        000000
__Hbank5                        bank5        000000
__Hbank6                        bank6        000000
__Hbank7                        bank7        000000
__Hbank8                        bank8        000000
__Hbank9                        bank9        000000
__Hbigbss                       bigbss       000000
__Hbigdata                      bigdata      000000
__Hbigram                       bigram       000000
__Hbigsfr                       bigsfr       000000
__Hbss                          bss          000000
__HbssBANK0                     bssBANK0     000000
__HbssBANK2                     bssBANK2     000000
__HbssBANK3                     bssBANK3     000000
__Hcinit                        cinit        000000
__Hclrtext                      clrtext      000000
__Hcomram                       comram       000000
__Hconfig                       config       30000C
__Hconst                        const        000000
__HcstackBANK0                  cstackBANK0  000000
__HcstackBANK1                  cstackBANK1  000000
__HcstackBANK2                  cstackBANK2  000000
__HcstackCOMRAM                 cstackCOMRAM 000000
__Hdata                         data         000000
__HdataBANK0                    dataBANK0    000000
__HdataBANK2                    dataBANK2    000000
__Heeprom_data                  eeprom_data  000000
__Hfarbss                       farbss       000000
__Hfardata                      fardata      000000
__Hheap                         heap         000000
__Hibigdata                     ibigdata     000000
__Hidata                        idata        000000
__HidataBANK0                   idataBANK0   000000
__HidataBANK2                   idataBANK2   000000
__Hidloc                        idloc        200010
__Hifardata                     ifardata     000000
__Hinit                         init         00002C
__Hintcode                      intcode      000028
__Hintcode_body                 intcode_body 000000
__Hintcodelo                    intcodelo    000028
__Hintentry                     intentry     000000
__Hintret                       intret       000000
__Hintsave_regs                 intsave_regs 000000
__Hirdata                       irdata       000000
__Hmediumconst                  mediumconst  000000
__HnvFARRAM                     nvFARRAM     000000
__Hnvbit                        nvbit        000000
__Hnvrram                       nvrram       000000
__Hparam                        rparam       000000
__Hpowerup                      powerup      000028
__Hram                          ram          000000
__Hramtop                       ramtop       000E00
__Hrbit                         rbit         000000
__Hrbss                         rbss         000000
__Hrdata                        rdata        000000
__Hreset_vec                    reset_vec    000004
__Hrparam                       rparam       000000
__Hsfr                          sfr          000000
__Hsmallconst                   smallconst   000E46
__Hspace_0                      (abs)        005ADB
__Hspace_1                      (abs)        000398
__Hspace_2                      (abs)        000000
__Hspace_4                      (abs)        60000C
__Hstack                        stack        000000
__Hstruct                       struct       000000
__Htemp                         temp         000060
__Htext                         text         000000
__Htext0                        text0        000000
__Htext1                        text1        000000
__Htext10                       text10       000000
__Htext11                       text11       000000
__Htext12                       text12       000000
__Htext13                       text13       000000
__Htext14                       text14       000000
__Htext15                       text15       000000
__Htext16                       text16       000000
__Htext17                       text17       000000
__Htext18                       text18       000000
__Htext19                       text19       000000
__Htext2                        text2        000000
__Htext20                       text20       000000
__Htext21                       text21       000000
__Htext22                       text22       000000
__Htext23                       text23       000000
__Htext24                       text24       000000
__Htext25                       text25       000000
__Htext26                       text26       000000
__Htext27                       text27       000000
__Htext28                       text28       000000
__Htext29                       text29       000000
__Htext3                        text3        000000
__Htext30                       text30       000000
__Htext31                       text31       000000
__Htext32                       text32       000000
__Htext33                       text33       000000
__Htext34                       text34       000000
__Htext35                       text35       000000
__Htext36                       text36       000000
__Htext37                       text37       000000
__Htext38                       text38       000000
__Htext39                       text39       000000
__Htext4                        text4        000000
__Htext40                       text40       000000
__Htext41                       text41       000000
__Htext42                       text42       000000
__Htext43                       text43       000000
__Htext44                       text44       000000
__Htext45                       text45       000000
__Htext46                       text46       000000
__Htext47                       text47       000000
__Htext48                       text48       000000
__Htext49                       text49       000000
__Htext5                        text5        000000
__Htext50                       text50       000000
__Htext51                       text51       000000
__Htext52                       text52       000000
__Htext53                       text53       000000
__Htext54                       text54       000000
__Htext55                       text55       000000
__Htext56                       text56       000000
__Htext57                       text57       000000
__Htext58                       text58       000000
__Htext59                       text59       000000
__Htext6                        text6        000000
__Htext60                       text60       000000
__Htext61                       text61       000000
__Htext62                       text62       000000
__Htext63                       text63       000000
__Htext64                       text64       000000
__Htext65                       text65       000000
__Htext66                       text66       000000
__Htext67                       text67       000000
__Htext68                       text68       000000
__Htext69                       text69       000000
__Htext7                        text7        000000
__Htext70                       text70       000000
__Htext71                       text71       000000
__Htext72                       text72       000000
__Htext73                       text73       000000
__Htext74                       text74       000000
__Htext75                       text75       000000
__Htext8                        text8        000000
__Htext9                        text9        000000
__LRAM                          (abs)        000001
__Labs1                         abs1         000000
__Lbank0                        bank0        000000
__Lbank1                        bank1        000000
__Lbank10                       bank10       000000
__Lbank11                       bank11       000000
__Lbank12                       bank12       000000
__Lbank13                       bank13       000000
__Lbank2                        bank2        000000
__Lbank3                        bank3        000000
__Lbank4                        bank4        000000
__Lbank5                        bank5        000000
__Lbank6                        bank6        000000
__Lbank7                        bank7        000000
__Lbank8                        bank8        000000
__Lbank9                        bank9        000000
__Lbigbss                       bigbss       000000
__Lbigdata                      bigdata      000000
__Lbigram                       bigram       000000
__Lbigsfr                       bigsfr       000000
__Lbss                          bss          000000
__LbssBANK0                     bssBANK0     000000
__LbssBANK2                     bssBANK2     000000
__LbssBANK3                     bssBANK3     000000
__Lcinit                        cinit        000000
__Lclrtext                      clrtext      000000
__Lcomram                       comram       000000
__Lconfig                       config       000000
__Lconst                        const        000000
__LcstackBANK0                  cstackBANK0  000000
__LcstackBANK1                  cstackBANK1  000000
__LcstackBANK2                  cstackBANK2  000000
__LcstackCOMRAM                 cstackCOMRAM 000000
__Ldata                         data         000000
__LdataBANK0                    dataBANK0    000000
__LdataBANK2                    dataBANK2    000000
__Leeprom_data                  eeprom_data  000000
__Lfarbss                       farbss       000000
__Lfardata                      fardata      000000
__Lheap                         heap         000000
__Libigdata                     ibigdata     000000
__Lidata                        idata        000000
__LidataBANK0                   idataBANK0   000000
__LidataBANK2                   idataBANK2   000000
__Lidloc                        idloc        000000
__Lifardata                     ifardata     000000
__Linit                         init         000028
__Lintcode                      intcode      000008
__Lintcode_body                 intcode_body 000000
__Lintcodelo                    intcodelo    000028
__Lintentry                     intentry     000000
__Lintret                       intret       000000
__Lintsave_regs                 intsave_regs 000000
__Lirdata                       irdata       000000
__Lmediumconst                  mediumconst  000000
__LnvFARRAM                     nvFARRAM     000000
__Lnvbit                        nvbit        000000
__Lnvrram                       nvrram       000000
__Lparam                        rparam       000000
__Lpowerup                      powerup      000028
__Lram                          ram          000000
__Lramtop                       ramtop       000E00
__Lrbit                         rbit         000000
__Lrbss                         rbss         000000
__Lrdata                        rdata        000000
__Lreset_vec                    reset_vec    000000
__Lrparam                       rparam       000000
__Lsfr                          sfr          000000
__Lsmallconst                   smallconst   000E00
__Lspace_0                      (abs)        000000
__Lspace_1                      (abs)        000000
__Lspace_2                      (abs)        000000
__Lspace_4                      (abs)        000000
__Lstack                        stack        000000
__Lstruct                       struct       000000
__Ltemp                         temp         00005F
__Ltext                         text         000000
__Ltext0                        text0        000000
__Ltext1                        text1        000000
__Ltext10                       text10       000000
__Ltext11                       text11       000000
__Ltext12                       text12       000000
__Ltext13                       text13       000000
__Ltext14                       text14       000000
__Ltext15                       text15       000000
__Ltext16                       text16       000000
__Ltext17                       text17       000000
__Ltext18                       text18       000000
__Ltext19                       text19       000000
__Ltext2                        text2        000000
__Ltext20                       text20       000000
__Ltext21                       text21       000000
__Ltext22                       text22       000000
__Ltext23                       text23       000000
__Ltext24                       text24       000000
__Ltext25                       text25       000000
__Ltext26                       text26       000000
__Ltext27                       text27       000000
__Ltext28                       text28       000000
__Ltext29                       text29       000000
__Ltext3                        text3        000000
__Ltext30                       text30       000000
__Ltext31                       text31       000000
__Ltext32                       text32       000000
__Ltext33                       text33       000000
__Ltext34                       text34       000000
__Ltext35                       text35       000000
__Ltext36                       text36       000000
__Ltext37                       text37       000000
__Ltext38                       text38       000000
__Ltext39                       text39       000000
__Ltext4                        text4        000000
__Ltext40                       text40       000000
__Ltext41                       text41       000000
__Ltext42                       text42       000000
__Ltext43                       text43       000000
__Ltext44                       text44       000000
__Ltext45                       text45       000000
__Ltext46                       text46       000000
__Ltext47                       text47       000000
__Ltext48                       text48       000000
__Ltext49                       text49       000000
__Ltext5                        text5        000000
__Ltext50                       text50       000000
__Ltext51                       text51       000000
__Ltext52                       text52       000000
__Ltext53                       text53       000000
__Ltext54                       text54       000000
__Ltext55                       text55       000000
__Ltext56                       text56       000000
__Ltext57                       text57       000000
__Ltext58                       text58       000000
__Ltext59                       text59       000000
__Ltext6                        text6        000000
__Ltext60                       text60       000000
__Ltext61                       text61       000000
__Ltext62                       text62       000000
__Ltext63                       text63       000000
__Ltext64                       text64       000000
__Ltext65                       text65       000000
__Ltext66                       text66       000000
__Ltext67                       text67       000000
__Ltext68                       text68       000000
__Ltext69                       text69       000000
__Ltext7                        text7        000000
__Ltext70                       text70       000000
__Ltext71                       text71       000000
__Ltext72                       text72       000000
__Ltext73                       text73       000000
__Ltext74                       text74       000000
__Ltext75                       text75       000000
__Ltext8                        text8        000000
__Ltext9                        text9        000000
__S0                            (abs)        005ADB
__S1                            (abs)        000398
__S4                            (abs)        000000
__S5                            (abs)        000000
___aodiv                        text71       004460
___aodiv@counter                cstackCOMRAM 000011
___aodiv@dividend               cstackCOMRAM 000001
___aodiv@divisor                cstackCOMRAM 000009
___aodiv@quotient               cstackCOMRAM 000013
___aodiv@sign                   cstackCOMRAM 000012
___aomod                        text70       0045E8
___aomod@counter                cstackCOMRAM 000011
___aomod@dividend               cstackCOMRAM 000001
___aomod@divisor                cstackCOMRAM 000009
___aomod@sign                   cstackCOMRAM 000012
___awdiv                        text58       004DA8
___awdiv@counter                cstackCOMRAM 00000B
___awdiv@dividend               cstackCOMRAM 000007
___awdiv@divisor                cstackCOMRAM 000009
___awdiv@quotient               cstackCOMRAM 00000D
___awdiv@sign                   cstackCOMRAM 00000C
___fladd                        text21       001AAA
___fladd@a                      cstackCOMRAM 000005
___fladd@aexp                   cstackCOMRAM 00000E
___fladd@b                      cstackCOMRAM 000001
___fladd@bexp                   cstackCOMRAM 00000F
___fladd@grs                    cstackCOMRAM 000010
___fladd@signs                  cstackCOMRAM 00000D
___fldiv                        text30       002742
___fldiv@a                      cstackCOMRAM 000013
___fldiv@aexp                   cstackCOMRAM 000027
___fldiv@b                      cstackCOMRAM 00000F
___fldiv@bexp                   cstackCOMRAM 000026
___fldiv@grs                    cstackCOMRAM 000022
___fldiv@new_exp                cstackCOMRAM 000020
___fldiv@rem                    cstackCOMRAM 00001B
___fldiv@sign                   cstackCOMRAM 00001F
___flge                         text24       00497C
___flge@ff1                     cstackCOMRAM 000001
___flge@ff2                     cstackCOMRAM 000005
___flmul                        text23       001F6A
___flmul@a                      cstackCOMRAM 00002C
___flmul@aexp                   cstackCOMRAM 000039
___flmul@b                      cstackCOMRAM 000028
___flmul@bexp                   cstackCOMRAM 00003A
___flmul@grs                    cstackCOMRAM 000035
___flmul@prod                   cstackCOMRAM 00003B
___flmul@sign                   cstackCOMRAM 000034
___flmul@temp                   cstackCOMRAM 00003F
___flneg                        text22       0057DE
___flneg@f1                     cstackCOMRAM 000001
___flsub                        text20       00559C
___flsub@a                      cstackCOMRAM 000015
___flsub@b                      cstackCOMRAM 000011
___fltol                        text25       004874
___fltol@exp1                   cstackBANK0  000065
___fltol@f1                     cstackCOMRAM 00005B
___fltol@sign1                  cstackBANK0  000064
___heap_hi                      (abs)        000000
___heap_lo                      (abs)        000000
___inthi_sp                     stack        000000
___intlo_sp                     stack        000000
___param_bank                   (abs)        000000
___rparam_used                  (abs)        000001
___sp                           stack        000000
___wmul                         text57       005930
___wmul@multiplicand            cstackCOMRAM 000003
___wmul@multiplier              cstackCOMRAM 000001
___wmul@product                 cstackCOMRAM 000005
___xxtofl                       text29       003ABC
___xxtofl@arg                   cstackCOMRAM 00000B
___xxtofl@exp                   cstackCOMRAM 00000A
___xxtofl@sign                  cstackCOMRAM 000009
___xxtofl@val                   cstackCOMRAM 000001
__accesstop                     (abs)        000060
__activetblptr                  (abs)        000001
__end_of_HighISR                intcode      000028
__end_of_I2C_2_Master_Idle      text43       005930
__end_of_I2C_2_Master_Init      text44       005908
__end_of_I2C_2_Master_Read      text28       005668
__end_of_I2C_2_Master_RepStart  text27       005AC2
__end_of_I2C_2_Master_Start     text42       005AD6
__end_of_I2C_2_Master_Stop      text41       005ACC
__end_of_I2C_2_Master_Write     text40       005AAC
__end_of_Interrupts_init        text75       005AB8
__end_of_LED_B                  text16       0059D6
__end_of_LED_C                  text31       0059F6
__end_of_LED_G                  text15       0059B6
__end_of_LED_OFF                text14       005996
__end_of_LED_R                  text13       005976
__end_of_Timer0_init            text74       005A72
__end_of___aodiv                text71       0045E8
__end_of___aomod                text70       00474C
__end_of___awdiv                text58       004E6C
__end_of___fladd                text21       001F6A
__end_of___fldiv                text30       002ADC
__end_of___flge                 text24       004A80
__end_of___flmul                text23       002394
__end_of___flneg                text22       005816
__end_of___flsub                text20       0055E2
__end_of___fltol                text25       00497C
__end_of___wmul                 text57       005956
__end_of___xxtofl               text29       003C70
__end_of__initialization        cinit        005344
__end_of_abs                    text69       00576A
__end_of_action                 text46       003148
__end_of_amb_light_measure      text17       004874
__end_of_buggylight_init        text45       005AA0
__end_of_calibrate_white        text9        0038E8
__end_of_color_click_init       text38       005880
__end_of_color_data_collection  text6        003FBA
__end_of_color_display          text8        005228
__end_of_color_predict          text59       0058DE
__end_of_color_read_Blue        text12       00554C
__end_of_color_read_Clear       text26       00559C
__end_of_color_read_Green       text11       0054FC
__end_of_color_read_Red         text10       0054AC
__end_of_color_writetoaddr      text39       005A36
__end_of_compare                text5        0057A4
__end_of_detect_color           text4        001AAA
__end_of_distance_measure       text3        004CE2
__end_of_dtoa                   text63       003432
__end_of_fputc                  text67       004C1C
__end_of_fputs                  text66       005626
__end_of_fullSpeedAhead         text55       00513C
__end_of_fullSpeedBack          text53       004FEC
__end_of_goback                 text49       002E40
__end_of_halfSpeedBack          text33       004F2C
__end_of_initDCmotorsPWM        text37       0056AA
__end_of_initDCmotors_parameter text36       004B52
__end_of_initUSART4             text35       005A54
__end_of_lroundf                text18       0057DE
__end_of_main                   text0        005294
__end_of_pad                    text64       004DA8
__end_of_pin_init               text34       005A16
__end_of_putch                  text68       005ADA
__end_of_read_color             text7        0053B4
__end_of_reverse_square         text52       00572A
__end_of_roundf                 text19       002742
__end_of_sendCharSerial4        text73       005A8A
__end_of_sendStringSerial4      text72       0058B0
__end_of_setMotorPWM            text56       003ABC
__end_of_short_burst_back       text32       00540A
__end_of_short_reverse          text48       0056EA
__end_of_sprintf                text60       00545C
__end_of_stop                   text54       0050A8
__end_of_strlen                 text65       00584C
__end_of_test_function          text2        004460
__end_of_toggle_light           text47       0036DE
__end_of_toint                  smallconst   000E05
__end_of_turnLeft               text51       0042D6
__end_of_turnRight              text50       004148
__end_of_verify_color           text1        0051B8
__end_of_vfpfcnvrt              text62       003E24
__end_of_vfprintf               text61       0052F6
__initialization                cinit        0052F6
__mediumconst                   mediumconst  000000
__pbssBANK0                     bssBANK0     0000F6
__pbssBANK2                     bssBANK2     0002C9
__pbssBANK3                     bssBANK3     000300
__pcinit                        cinit        0052F6
__pcstackBANK0                  cstackBANK0  000060
__pcstackBANK1                  cstackBANK1  000100
__pcstackBANK2                  cstackBANK2  000200
__pcstackCOMRAM                 cstackCOMRAM 000001
__pdataBANK0                    dataBANK0    0000FE
__pdataBANK2                    dataBANK2    0002ED
__pidataBANK0                   idataBANK0   005AD6
__pidataBANK2                   idataBANK2   005ADA
__pintcode                      intcode      000008
__psmallconst                   smallconst   000E00
__ptext0                        text0        005228
__ptext1                        text1        00513C
__ptext10                       text10       00545C
__ptext11                       text11       0054AC
__ptext12                       text12       0054FC
__ptext13                       text13       005956
__ptext14                       text14       005976
__ptext15                       text15       005996
__ptext16                       text16       0059B6
__ptext17                       text17       00474C
__ptext18                       text18       0057A4
__ptext19                       text19       002394
__ptext2                        text2        0042D6
__ptext20                       text20       00559C
__ptext21                       text21       001AAA
__ptext22                       text22       0057DE
__ptext23                       text23       001F6A
__ptext24                       text24       00497C
__ptext25                       text25       004874
__ptext26                       text26       00554C
__ptext27                       text27       005AB8
__ptext28                       text28       005626
__ptext29                       text29       003ABC
__ptext3                        text3        004C1C
__ptext30                       text30       002742
__ptext31                       text31       0059D6
__ptext32                       text32       0053B4
__ptext33                       text33       004E6C
__ptext34                       text34       0059F6
__ptext35                       text35       005A36
__ptext36                       text36       004A80
__ptext37                       text37       005668
__ptext38                       text38       00584C
__ptext39                       text39       005A16
__ptext4                        text4        000E46
__ptext40                       text40       005AA0
__ptext41                       text41       005AC2
__ptext42                       text42       005ACC
__ptext43                       text43       005908
__ptext44                       text44       0058DE
__ptext45                       text45       005A8A
__ptext46                       text46       002E40
__ptext47                       text47       003432
__ptext48                       text48       0056AA
__ptext49                       text49       002ADC
__ptext5                        text5        00576A
__ptext50                       text50       003FBA
__ptext51                       text51       004148
__ptext52                       text52       0056EA
__ptext53                       text53       004F2C
__ptext54                       text54       004FEC
__ptext55                       text55       0050A8
__ptext56                       text56       0038E8
__ptext57                       text57       005930
__ptext58                       text58       004DA8
__ptext59                       text59       0058B0
__ptext6                        text6        003E24
__ptext60                       text60       00540A
__ptext61                       text61       005294
__ptext62                       text62       003C70
__ptext63                       text63       003148
__ptext64                       text64       004CE2
__ptext65                       text65       005816
__ptext66                       text66       0055E2
__ptext67                       text67       004B52
__ptext68                       text68       005AD8
__ptext69                       text69       00572A
__ptext7                        text7        005356
__ptext70                       text70       0045E8
__ptext71                       text71       004460
__ptext72                       text72       005880
__ptext73                       text73       005A72
__ptext74                       text74       005A54
__ptext75                       text75       005AAC
__ptext8                        text8        0051B8
__ptext9                        text9        0036DE
__ramtop                        ramtop       000E00
__smallconst                    smallconst   000E00
_abs                            text69       00572A
_action                         text46       002E40
_amb_light_measure              text17       00474C
_array_index                    bssBANK0     0000F9
_buggylight_init                text45       005A8A
_calibrate_white                text9        0036DE
_color                          bssBANK0     0000F8
_color_click_init               text38       00584C
_color_data_collection          text6        003E24
_color_display                  text8        0051B8
_color_predict                  text59       0058B0
_color_read_Blue                text12       0054FC
_color_read_Clear               text26       00554C
_color_read_Green               text11       0054AC
_color_read_Red                 text10       00545C
_color_writetoaddr              text39       005A16
_compare                        text5        00576A
_dbuf                           bssBANK3     000378
_detect_color                   text4        000E46
_detect_color$3276              cstackBANK0  00008E
_distance_measure               text3        004C1C
_distance_measure$3277          cstackBANK0  000074
_dtoa                           text63       003148
_dtoa$2912                      cstackCOMRAM 00002E
_flags                          bssBANK0     0000F6
_fputc                          text67       004B52
_fputs                          text66       0055E2
_fullSpeedAhead                 text55       0050A8
_fullSpeedBack                  text53       004F2C
_goback                         text49       002ADC
_halfSpeedBack                  text33       004E6C
_initDCmotorsPWM                text37       005668
_initDCmotors_parameter         text36       004A80
_initUSART4                     text35       005A36
_lroundf                        text18       0057A4
_main                           text0        005228
_memory                         bssBANK3     00033C
_motorL                         bssBANK2     0002D3
_motorR                         bssBANK2     0002C9
_nout                           bssBANK2     0002E1
_pad                            text64       004CE2
_pin_init                       text34       0059F6
_prec                           bssBANK2     0002E5
_putch                          text68       005AD8
_read_color                     text7        005356
_reverse_square                 text52       0056EA
_roundf                         text19       002394
_roundf$3278                    cstackCOMRAM 00004F
_roundf$3279                    cstackCOMRAM 000049
_second                         bssBANK2     0002EB
_sendCharSerial4                text73       005A72
_sendStringSerial4              text72       005880
_setMotorPWM                    text56       0038E8
_short_burst_back               text32       0053B4
_short_reverse                  text48       0056AA
_sprintf                        text60       00540A
_start_move                     bssBANK2     0002E9
_stop                           text54       004FEC
_stop_move                      bssBANK2     0002E7
_strlen                         text65       005816
_test_function                  text2        0042D6
_toggle_light                   text47       003432
_turnLeft                       text51       004148
_turnRight                      text50       003FBA
_verify_color                   text1        00513C
_vfpfcnvrt                      text62       003C70
_vfprintf                       text61       005294
_width                          bssBANK2     0002E3
abs@a                           cstackCOMRAM 000013
action@buf                      cstackBANK2  000264
action@color                    cstackBANK2  0002C8
action@mL                       cstackBANK0  0000E0
action@mR                       cstackBANK0  0000E2
amb_light_measure@CC_amb_1      cstackBANK0  000072
amb_light_measure@CC_amb_2      cstackBANK0  000074
amb_light_measure@CC_amb_3      cstackBANK0  000076
amb_light_measure@CC_amb_ave    cstackBANK0  000070
amb_light_measure@amb           cstackBANK0  00006A
amb_light_measure@upper_bound   cstackBANK0  00006E
btemp                           temp         00005F
calibrate_white@w               cstackCOMRAM 00000C
color_data_collection@i         cstackBANK0  0000DE
color_data_collection@j         cstackBANK0  0000E0
color_data_collection@k         cstackBANK0  0000E2
color_data_collection@m         cstackCOMRAM 00005A
color_data_collection@x         cstackBANK0  0000E4
color_display@buf               cstackBANK0  000079
color_display@m                 cstackCOMRAM 000058
color_predict@buf               cstackBANK0  000079
color_predict@color             cstackBANK0  0000DD
color_read_Blue@tmp             cstackCOMRAM 00000A
color_read_Clear@tmp            cstackCOMRAM 00000A
color_read_Green@tmp            cstackCOMRAM 00000A
color_read_Red@tmp              cstackCOMRAM 00000A
color_writetoaddr@address       cstackCOMRAM 000004
color_writetoaddr@value         cstackCOMRAM 000003
compare@lower                   cstackBANK0  00006A
compare@result                  cstackBANK0  000070
compare@upper                   cstackBANK0  00006E
compare@value2compare           cstackBANK0  00006C
detect_color@BB                 cstackBANK0  000085
detect_color@BC                 cstackBANK0  00007F
detect_color@BG                 cstackBANK0  000089
detect_color@BR                 cstackBANK0  00008C
detect_color@GB                 cstackBANK0  00007D
detect_color@GG                 cstackBANK0  000087
detect_color@GR                 cstackBANK0  000081
detect_color@RB                 cstackBANK0  00007B
detect_color@RG                 cstackBANK0  000079
detect_color@RR                 cstackBANK0  000083
detect_color@color              cstackBANK0  00008B
detect_color@m                  cstackBANK0  000071
detect_color@w                  cstackBANK0  000073
distance_measure@CC_amb         cstackBANK0  000078
distance_measure@CG_amb         cstackBANK0  000072
distance_measure@amb_light      cstackBANK0  00006E
distance_measure@mL             cstackBANK0  00006A
distance_measure@mR             cstackBANK0  00006C
distance_measure@stop           cstackBANK0  00007C
distance_measure@threshold      cstackBANK0  00007A
dtoa@d                          cstackCOMRAM 00001E
dtoa@fp                         cstackCOMRAM 00001C
dtoa@i                          cstackCOMRAM 00003E
dtoa@n                          cstackCOMRAM 000036
dtoa@p                          cstackCOMRAM 000030
dtoa@s                          cstackCOMRAM 000034
dtoa@w                          cstackCOMRAM 000032
end_of_initialization           cinit        005344
fputc@c                         cstackCOMRAM 000001
fputc@fp                        cstackCOMRAM 000003
fputs@c                         cstackCOMRAM 00000E
fputs@fp                        cstackCOMRAM 00000C
fputs@i                         cstackCOMRAM 00000F
fputs@s                         cstackCOMRAM 00000A
fullSpeedAhead@mL               cstackCOMRAM 00001A
fullSpeedAhead@mR               cstackCOMRAM 00001C
fullSpeedBack@mL                cstackCOMRAM 000020
fullSpeedBack@mR                cstackCOMRAM 000022
goback@buf                      cstackBANK1  000100
goback@buf2                     cstackBANK2  000200
goback@buf3                     cstackBANK1  000164
goback@i                        cstackBANK0  0000DE
goback@mL                       cstackCOMRAM 000058
goback@mR                       cstackCOMRAM 00005A
halfSpeedBack@mL                cstackCOMRAM 000020
halfSpeedBack@mR                cstackCOMRAM 000022
initDCmotorsPWM@PWMperiod       cstackCOMRAM 000001
initDCmotors_parameter@motorL   cstackCOMRAM 000001
initDCmotors_parameter@motorR   cstackCOMRAM 000003
int$flags                       temp         00005F
intlevel0                       text         000000
intlevel1                       text         000000
intlevel2                       text         000000
intlevel3                       text         000000
isa$std                         (abs)        000001
isa$xinst                       (abs)        000000
lroundf@x                       cstackBANK0  000066
main@motorL                     cstackBANK1  0001EC
main@motorR                     cstackBANK1  0001F6
main@rgb                        cstackBANK1  0001C8
main@white                      cstackBANK1  0001D0
pad@buf                         cstackCOMRAM 000013
pad@fp                          cstackCOMRAM 000011
pad@i                           cstackCOMRAM 000018
pad@p                           cstackCOMRAM 000015
pad@w                           cstackCOMRAM 00001A
read_color@m                    cstackCOMRAM 00000C
reverse_square@mL               cstackCOMRAM 000026
reverse_square@mR               cstackCOMRAM 000028
roundf@F527                     bssBANK2     0002DD
roundf@e                        cstackCOMRAM 00004D
roundf@u                        cstackCOMRAM 000053
roundf@x                        cstackCOMRAM 000041
roundf@y                        cstackCOMRAM 000057
sendCharSerial4@charToSend      cstackCOMRAM 000001
sendStringSerial4@string        cstackCOMRAM 000002
setMotorPWM@PWMduty             cstackCOMRAM 000018
setMotorPWM@m                   cstackCOMRAM 00000F
short_burst_back@mL             cstackCOMRAM 000026
short_burst_back@mR             cstackCOMRAM 000028
short_reverse@mL                cstackCOMRAM 000026
short_reverse@mR                cstackCOMRAM 000028
sprintf@ap                      cstackBANK0  00006C
sprintf@f                       cstackBANK0  00006E
sprintf@fmt                     cstackBANK0  000062
sprintf@s                       cstackBANK0  000060
stackhi                         (abs)        000000
stacklo                         (abs)        000000
start                           init         000028
start_initialization            cinit        0052F6
stop@mL                         cstackCOMRAM 00001A
stop@mR                         cstackCOMRAM 00001C
strlen@a                        cstackCOMRAM 000003
strlen@s                        cstackCOMRAM 000001
test_function@amb_light         cstackBANK0  0000F0
test_function@color             cstackBANK0  0000F3
test_function@complete          cstackBANK0  0000F2
test_function@m                 cstackBANK0  0000E6
test_function@mL                cstackBANK0  0000EA
test_function@mR                cstackBANK0  0000EC
test_function@stop_signal       cstackBANK0  0000F4
test_function@test_code         cstackBANK0  0000F5
test_function@w                 cstackBANK0  0000E8
toggle_light@i                  cstackCOMRAM 000004
toggle_light@lightnumber        cstackCOMRAM 000005
toggle_light@toggletime         cstackCOMRAM 000001
ttemp5                          temp         000060
ttemp6                          temp         000063
ttemp7                          temp         000067
turnLeft@angle_left             cstackCOMRAM 000024
turnLeft@delay                  cstackCOMRAM 000030
turnLeft@delay_135              cstackCOMRAM 000026
turnLeft@delay_180              cstackCOMRAM 000028
turnLeft@i                      cstackCOMRAM 00002A
turnLeft@i_1332                 cstackCOMRAM 00002C
turnLeft@i_1333                 cstackCOMRAM 00002E
turnLeft@mL                     cstackCOMRAM 000020
turnLeft@mR                     cstackCOMRAM 000022
turnRight@angle_right           cstackCOMRAM 000024
turnRight@delay                 cstackCOMRAM 000030
turnRight@delay_135             cstackCOMRAM 000026
turnRight@delay_180             cstackCOMRAM 000028
turnRight@i                     cstackCOMRAM 00002A
turnRight@i_1357                cstackCOMRAM 00002C
turnRight@i_1358                cstackCOMRAM 00002E
turnRight@mL                    cstackCOMRAM 000020
turnRight@mR                    cstackCOMRAM 000022
verify_color@color              cstackBANK0  00009A
verify_color@color2             cstackBANK0  000098
verify_color@m                  cstackBANK0  000092
verify_color@w                  cstackBANK0  000094
vfpfcnvrt@ap                    cstackCOMRAM 000044
vfpfcnvrt@fmt                   cstackCOMRAM 000042
vfpfcnvrt@fp                    cstackCOMRAM 000040
vfpfcnvrt@ll                    cstackCOMRAM 000048
vfprintf@ap                     cstackCOMRAM 000054
vfprintf@cfmt                   cstackCOMRAM 000056
vfprintf@fmt                    cstackCOMRAM 000052
vfprintf@fp                     cstackCOMRAM 000050
wtemp8                          temp         000060


MODULE INFORMATION

Module		Function		Class		Link	Load	Size
C:\Program Files\Microchip\xc8\v2.35\pic\sources\c99\common\putch.c
		_putch         		CODE           	5AD8	0000	2

C:\Program Files\Microchip\xc8\v2.35\pic\sources\c99\common\putch.c estimated size: 2

serial.c
		_sendStringSerial4		CODE           	5880	0000	48
		_sendCharSerial4		CODE           	5A72	0000	24
		_initUSART4    		CODE           	5A36	0000	30

serial.c estimated size: 102

timers.c
		_Timer0_init   		CODE           	5A54	0000	30

timers.c estimated size: 30

color.c
		_read_color    		CODE           	5356	0000	94
		_verify_color  		CODE           	513C	0000	124
		_distance_measure		CODE           	4C1C	0000	198
		_color_writetoaddr		CODE           	5A16	0000	32
		_color_predict 		CODE           	58B0	0000	46
		_compare       		CODE           	576A	0000	58
		_calibrate_white		CODE           	36DE	0000	522
		_LED_OFF       		CODE           	5976	0000	32
		_color_click_init		CODE           	584C	0000	52
		_detect_color  		CODE           	0E46	0000	3172
		_color_data_collection		CODE           	3E24	0000	406
		_color_read_Green		CODE           	54AC	0000	80
		_color_read_Clear		CODE           	554C	0000	80
		_LED_R         		CODE           	5956	0000	32
		_LED_G         		CODE           	5996	0000	32
		_color_read_Red		CODE           	545C	0000	80
		_amb_light_measure		CODE           	474C	0000	296
		_buggylight_init		CODE           	5A8A	0000	22
		_toggle_light  		CODE           	3432	0000	684
		_LED_B         		CODE           	59B6	0000	32
		_color_display 		CODE           	51B8	0000	112
		_color_read_Blue		CODE           	54FC	0000	80
		_LED_C         		CODE           	59D6	0000	32

color.c estimated size: 6298

C:\Program Files\Microchip\xc8\v2.35\pic\sources\c99\common\aodiv.c
		___aodiv       		CODE           	4460	0000	392

C:\Program Files\Microchip\xc8\v2.35\pic\sources\c99\common\aodiv.c estimated size: 392

C:\Program Files\Microchip\xc8\v2.35\pic\sources\c99\common\sprcmul.c
		___flmul       		CODE           	1F6A	0000	1066

C:\Program Files\Microchip\xc8\v2.35\pic\sources\c99\common\sprcmul.c estimated size: 1066

dc_motor.c
		_fullSpeedBack 		CODE           	4F2C	0000	192
		_halfSpeedBack 		CODE           	4E6C	0000	192
		_reverse_square		CODE           	56EA	0000	64
		_fullSpeedAhead		CODE           	50A8	0000	148
		_turnLeft      		CODE           	4148	0000	398
		_stop          		CODE           	4FEC	0000	188
		_initDCmotorsPWM		CODE           	5668	0000	66
		_initDCmotors_parameter		CODE           	4A80	0000	210
		_turnRight     		CODE           	3FBA	0000	398
		_short_reverse 		CODE           	56AA	0000	64
		_setMotorPWM   		CODE           	38E8	0000	468

dc_motor.c estimated size: 2388

interrupts.c
		_Interrupts_init		CODE           	5AAC	0000	12
		_HighISR       		CODE           	0008	0000	32

interrupts.c estimated size: 44

C:\Program Files\Microchip\xc8\v2.35\pic\sources\c99\common\nf_sprintf.c
		_sprintf       		CODE           	540A	0000	82

C:\Program Files\Microchip\xc8\v2.35\pic\sources\c99\common\nf_sprintf.c estimated size: 82

C:\Program Files\Microchip\xc8\v2.35\pic\sources\c99\common\sprcdiv.c
		___fldiv       		CODE           	2742	0000	922

C:\Program Files\Microchip\xc8\v2.35\pic\sources\c99\common\sprcdiv.c estimated size: 922

i2c.c
		_I2C_2_Master_Start		CODE           	5ACC	0000	10
		_I2C_2_Master_Read		CODE           	5626	0000	66
		_I2C_2_Master_Idle		CODE           	5908	0000	40
		_I2C_2_Master_Init		CODE           	58DE	0000	42
		_I2C_2_Master_Stop		CODE           	5AC2	0000	10
		_I2C_2_Master_RepStart		CODE           	5AB8	0000	10
		_I2C_2_Master_Write		CODE           	5AA0	0000	12

i2c.c estimated size: 190

C:\Program Files\Microchip\xc8\v2.35\pic\sources\c99\common\nf_fputc.c
		_fputc         		CODE           	4B52	0000	202

C:\Program Files\Microchip\xc8\v2.35\pic\sources\c99\common\nf_fputc.c estimated size: 202

C:\Program Files\Microchip\xc8\v2.35\pic\sources\c99\common\Umul16.c
		___wmul        		CODE           	5930	0000	38

C:\Program Files\Microchip\xc8\v2.35\pic\sources\c99\common\Umul16.c estimated size: 38

C:\Program Files\Microchip\xc8\v2.35\pic\sources\c99\common\awdiv.c
		___awdiv       		CODE           	4DA8	0000	196

C:\Program Files\Microchip\xc8\v2.35\pic\sources\c99\common\awdiv.c estimated size: 196

C:\Program Files\Microchip\xc8\v2.35\pic\sources\c99\common\fltol.c
		___fltol       		CODE           	4874	0000	264

C:\Program Files\Microchip\xc8\v2.35\pic\sources\c99\common\fltol.c estimated size: 264

C:\Program Files\Microchip\xc8\v2.35\pic\sources\c99\common\abs.c
		_abs           		CODE           	572A	0000	64

C:\Program Files\Microchip\xc8\v2.35\pic\sources\c99\common\abs.c estimated size: 64

C:\Program Files\Microchip\xc8\v2.35\pic\sources\c99\common\roundf.c
		_roundf        		CODE           	2394	0000	942

C:\Program Files\Microchip\xc8\v2.35\pic\sources\c99\common\roundf.c estimated size: 942

C:\Program Files\Microchip\xc8\v2.35\pic\sources\c99\common\flge.c
		___flge        		CODE           	497C	0000	260

C:\Program Files\Microchip\xc8\v2.35\pic\sources\c99\common\flge.c estimated size: 260

C:\Program Files\Microchip\xc8\v2.35\pic\sources\c99\common\sprcadd.c
		___flsub       		CODE           	559C	0000	70
		___fladd       		CODE           	1AAA	0000	1216

C:\Program Files\Microchip\xc8\v2.35\pic\sources\c99\common\sprcadd.c estimated size: 1286

shared
		__initialization		CODE           	52F6	0000	78
		_toint         		SMALLCONST     	0000	0000	0

shared estimated size: 78

C:\Program Files\Microchip\xc8\v2.35\pic\sources\c99\common\flneg.c
		___flneg       		CODE           	57DE	0000	56

C:\Program Files\Microchip\xc8\v2.35\pic\sources\c99\common\flneg.c estimated size: 56

C:\Program Files\Microchip\xc8\v2.35\pic\sources\c99\common\xxtofl.c
		___xxtofl      		CODE           	3ABC	0000	436

C:\Program Files\Microchip\xc8\v2.35\pic\sources\c99\common\xxtofl.c estimated size: 436

test_and_calibration.c
		_test_function 		CODE           	42D6	0000	394

test_and_calibration.c estimated size: 394

C:\Program Files\Microchip\xc8\v2.35\pic\sources\c99\common\strlen.c
		_strlen        		CODE           	5816	0000	54

C:\Program Files\Microchip\xc8\v2.35\pic\sources\c99\common\strlen.c estimated size: 54

C:\Program Files\Microchip\xc8\v2.35\pic\sources\c99\common\lroundf.c
		_lroundf       		CODE           	57A4	0000	58

C:\Program Files\Microchip\xc8\v2.35\pic\sources\c99\common\lroundf.c estimated size: 58

C:\Program Files\Microchip\xc8\v2.35\pic\sources\c99\common\aomod.c
		___aomod       		CODE           	45E8	0000	356

C:\Program Files\Microchip\xc8\v2.35\pic\sources\c99\common\aomod.c estimated size: 356

C:\Program Files\Microchip\xc8\v2.35\pic\sources\c99\common\nf_fputs.c
		_fputs         		CODE           	55E2	0000	68

C:\Program Files\Microchip\xc8\v2.35\pic\sources\c99\common\nf_fputs.c estimated size: 68

main.c
		_main          		CODE           	5228	0000	108

main.c estimated size: 108

movement.c
		_action        		CODE           	2E40	0000	776
		_short_burst_back		CODE           	53B4	0000	86
		_pin_init      		CODE           	59F6	0000	32
		_goback        		CODE           	2ADC	0000	868

movement.c estimated size: 1762

C:\Program Files\Microchip\xc8\v2.35\pic\sources\c99\common\doprnt.c
		_vfpfcnvrt     		CODE           	3C70	0000	436
		_pad           		CODE           	4CE2	0000	198
		_dtoa          		CODE           	3148	0000	746
		_vfprintf      		CODE           	5294	0000	98

C:\Program Files\Microchip\xc8\v2.35\pic\sources\c99\common\doprnt.c estimated size: 1478

