Microchip MPLAB XC8 Compiler V2.35

Linker command line:

-W-3 --edf=C:\Program Files\Microchip\xc8\v2.35\pic\dat\en_msgs.txt -cn \
  -h+dist/default/production\final-project-kangan-yuhai.X.production.sym \
  --cmf=dist/default/production\final-project-kangan-yuhai.X.production.cmf \
  -z -Q18F67K40 -oC:\Users\KANGAN~1\AppData\Local\Temp\xcAs56e8.4 \
  --defsym=__MPLAB_BUILD=1 \
  -Mdist/default/production/final-project-kangan-yuhai.X.production.map \
  --md=C:\Users\KANGAN~1\AppData\Local\Temp\xcAs56e8.dat -E1 \
  -ver=XC8 Compiler --acfsm=1493 -ACODE=00h-01FFFFh -ACONST=00h-01FFFFh \
  -ASMALLCONST=0E00h-0EFFhx498 -AMEDIUMCONST=0E00h-0FFFFh,010E00h-01FFFFh \
  -ACOMRAM=01h-05Fh -AABS1=00h-0DE9h -ABIGRAM=01h-0DE9h \
  -ARAM=060h-0FFh,0100h-01FFhx12,0D00h-0DE9h -ABANK0=060h-0FFh \
  -ABANK1=0100h-01FFh -ABANK2=0200h-02FFh -ABANK3=0300h-03FFh \
  -ABANK4=0400h-04FFh -ABANK5=0500h-05FFh -ABANK6=0600h-06FFh \
  -ABANK7=0700h-07FFh -ABANK8=0800h-08FFh -ABANK9=0900h-09FFh \
  -ABANK10=0A00h-0AFFh -ABANK11=0B00h-0BFFh -ABANK12=0C00h-0CFFh \
  -ABANK13=0D00h-0DE9h \
  -ASFR=0DEFh-0DFFh,0E00h-0EFFh,0F00h-0F5Fh,0F60h-0FFFh \
  -ABIGSFR=0DEFh-0FFFh -ACONFIG=0300000h-030000Bh -AIDLOC=0200000h-020000Fh \
  -AEEDATA=0310000h-03103FFh -peeprom_data=EEDATA \
  -preset_vec=00h,intcode=08h,intcodelo,powerup,init -pramtop=0E00h \
  -psmallconst=SMALLCONST -pmediumconst=MEDIUMCONST -pconst=CONST \
  -AFARRAM=00h-00h \
  -prdata=COMRAM,nvrram=COMRAM,nvbit=COMRAM,rbss=COMRAM,rbit=COMRAM \
  -pfarbss=FARRAM,fardata=FARRAM,nvFARRAM=FARRAM \
  -pintsave_regs=BIGRAM,bigbss=BIGRAM,bigdata=BIGRAM -pbss=RAM \
  -pidata=CODE,irdata=CODE,ibigdata=CODE,ifardata=CODE -prparam=COMRAM \
  C:\Users\KANGAN~1\AppData\Local\Temp\xcAs56e8.o \
  dist/default/production\final-project-kangan-yuhai.X.production.o 

Object code version is 3.11

Machine type is 18F67K40



                Name                               Link     Load   Length Selector   Space Scale
C:\Users\KANGAN~1\AppData\Local\Temp\xcAs56e8.o
                idloc                            200000   200000       10        0       5
                config                           300000   300000        C        0       4
                init                                 28       28        4        4       0
                reset_vec                             0        0        4        0       0
dist/default/production\final-project-kangan-yuhai.X.production.o
                intcode                               8        8       20        4       0
                idloc                            200000   200000       10        0       5
                config                           300000   300000        C        0       4
                temp                                 5F       5F        1        1       1
                smallconst                          E00      E00       14      700       0
                text73                             5A76     5A76        C      70A       0
                text72                             5A1E     5A1E       1E      70A       0
                text71                             5A3C     5A3C       18      70A       0
                text70                             584A     584A       30      70A       0
                text69                             4128     4128      188      70A       0
                text68                             4730     4730      164      70A       0
                text67                             56F4     56F4       40      70A       0
                text66                             5AA2     5AA2        2      70A       0
                text65                             4C9A     4C9A       CA      70A       0
                text64                             55A8     55A8       44      70A       0
                text63                             57E0     57E0       36      70A       0
                text62                             4E2A     4E2A       C6      70A       0
                text61                             2B66     2B66      2E4      70A       0
                text60                             3C24     3C24      1B6      70A       0
                text59                             52B0     52B0       62      70A       0
                text58                             53D0     53D0       52      70A       0
                text57                             587A     587A       2E      70A       0
                text56                             4EF0     4EF0       C4      70A       0
                text55                             58FA     58FA       26      70A       0
                text54                             389A     389A      1D4      70A       0
                text53                             5130     5130       94      70A       0
                text52                             5074     5074       BC      70A       0
                text51                             4FB4     4FB4       C0      70A       0
                text50                             56B2     56B2       42      70A       0
                text49                             45B0     45B0      180      70A       0
                text48                             4430     4430      180      70A       0
                text47                             2E4A     2E4A      2CE      70A       0
                text46                             5670     5670       42      70A       0
                text45                             33E4     33E4      2AC      70A       0
                text44                             3118     3118      2CC      70A       0
                text43                             5A54     5A54       16      70A       0
                text42                             58A8     58A8       2A      70A       0
                text41                             58D2     58D2       28      70A       0
                text40                             5A96     5A96        A      70A       0
                text39                             5A8C     5A8C        A      70A       0
                text38                             5A6A     5A6A        C      70A       0
                text37                             59E0     59E0       20      70A       0
                text36                             5816     5816       34      70A       0
                text35                             562E     562E       42      70A       0
                text34                             4BC8     4BC8       D2      70A       0
                text33                             5A00     5A00       1E      70A       0
                text32                             59C0     59C0       20      70A       0
                text31                             59A0     59A0       20      70A       0
                text30                             27CC     27CC      39A      70A       0
                text29                             3DDA     3DDA      1B4      70A       0
                text28                             55EC     55EC       42      70A       0
                text27                             5A82     5A82        A      70A       0
                text26                             5512     5512       50      70A       0
                text25                             49BC     49BC      108      70A       0
                text24                             4AC4     4AC4      104      70A       0
                text23                             1FF4     1FF4      42A      70A       0
                text22                             57A8     57A8       38      70A       0
                text21                             1B34     1B34      4C0      70A       0
                text20                             5562     5562       46      70A       0
                text19                             241E     241E      3AE      70A       0
                text18                             576E     576E       3A      70A       0
                text17                             4894     4894      128      70A       0
                text16                             5980     5980       20      70A       0
                text15                             5960     5960       20      70A       0
                text14                             5940     5940       20      70A       0
                text13                             5920     5920       20      70A       0
                text12                             54C2     54C2       50      70A       0
                text11                             5472     5472       50      70A       0
                text10                             5422     5422       50      70A       0
                text9                              3690     3690      20A      70A       0
                text8                              5240     5240       70      70A       0
                text7                              5372     5372       5E      70A       0
                text6                              3A6E     3A6E      1B6      70A       0
                text5                              5734     5734       3A      70A       0
                text4                               E14      E14      D20      70A       0
                text3                              4D64     4D64       C6      70A       0
                text2                              42B0     42B0      180      70A       0
                text1                              51C4     51C4       7C      70A       0
                text0                              3F8E     3F8E      19A      70A       0
                cstackCOMRAM                          1        1       5E        1       1
                cstackBANK0                          60       60       97       60       1
                cstackBANK1                         180      180       43      100       1
                bssBANK2                            200      200       3C      200       1
                dataBANK1                           1C3      1C3        2      100       1
                bssBANK1                            100      100       80      100       1
                dataBANK0                            FF       FF        1       60       1
                bssBANK0                             F7       F7        8       60       1
                cinit                              5312     5312       60      70A       0
                idataBANK1                         5AA0     5AA0        2      70A       0
                idataBANK0                         5AA4     5AA4        1      70A       0

TOTAL           Name                               Link     Load   Length     Space
        CLASS   CODE           
                intcode                               8        8       20         0
                init                                 28       28        4         0
                reset_vec                             0        0        4         0
                text73                             5A76     5A76        C         0
                text72                             5A1E     5A1E       1E         0
                text71                             5A3C     5A3C       18         0
                text70                             584A     584A       30         0
                text69                             4128     4128      188         0
                text68                             4730     4730      164         0
                text67                             56F4     56F4       40         0
                text66                             5AA2     5AA2        2         0
                text65                             4C9A     4C9A       CA         0
                text64                             55A8     55A8       44         0
                text63                             57E0     57E0       36         0
                text62                             4E2A     4E2A       C6         0
                text61                             2B66     2B66      2E4         0
                text60                             3C24     3C24      1B6         0
                text59                             52B0     52B0       62         0
                text58                             53D0     53D0       52         0
                text57                             587A     587A       2E         0
                text56                             4EF0     4EF0       C4         0
                text55                             58FA     58FA       26         0
                text54                             389A     389A      1D4         0
                text53                             5130     5130       94         0
                text52                             5074     5074       BC         0
                text51                             4FB4     4FB4       C0         0
                text50                             56B2     56B2       42         0
                text49                             45B0     45B0      180         0
                text48                             4430     4430      180         0
                text47                             2E4A     2E4A      2CE         0
                text46                             5670     5670       42         0
                text45                             33E4     33E4      2AC         0
                text44                             3118     3118      2CC         0
                text43                             5A54     5A54       16         0
                text42                             58A8     58A8       2A         0
                text41                             58D2     58D2       28         0
                text40                             5A96     5A96        A         0
                text39                             5A8C     5A8C        A         0
                text38                             5A6A     5A6A        C         0
                text37                             59E0     59E0       20         0
                text36                             5816     5816       34         0
                text35                             562E     562E       42         0
                text34                             4BC8     4BC8       D2         0
                text33                             5A00     5A00       1E         0
                text32                             59C0     59C0       20         0
                text31                             59A0     59A0       20         0
                text30                             27CC     27CC      39A         0
                text29                             3DDA     3DDA      1B4         0
                text28                             55EC     55EC       42         0
                text27                             5A82     5A82        A         0
                text26                             5512     5512       50         0
                text25                             49BC     49BC      108         0
                text24                             4AC4     4AC4      104         0
                text23                             1FF4     1FF4      42A         0
                text22                             57A8     57A8       38         0
                text21                             1B34     1B34      4C0         0
                text20                             5562     5562       46         0
                text19                             241E     241E      3AE         0
                text18                             576E     576E       3A         0
                text17                             4894     4894      128         0
                text16                             5980     5980       20         0
                text15                             5960     5960       20         0
                text14                             5940     5940       20         0
                text13                             5920     5920       20         0
                text12                             54C2     54C2       50         0
                text11                             5472     5472       50         0
                text10                             5422     5422       50         0
                text9                              3690     3690      20A         0
                text8                              5240     5240       70         0
                text7                              5372     5372       5E         0
                text6                              3A6E     3A6E      1B6         0
                text5                              5734     5734       3A         0
                text4                               E14      E14      D20         0
                text3                              4D64     4D64       C6         0
                text2                              42B0     42B0      180         0
                text1                              51C4     51C4       7C         0
                text0                              3F8E     3F8E      19A         0
                cinit                              5312     5312       60         0
                idataBANK1                         5AA0     5AA0        2         0
                idataBANK0                         5AA4     5AA4        1         0

        CLASS   CONST          

        CLASS   SMALLCONST     
                smallconst                          E00      E00       14         0

        CLASS   MEDIUMCONST    

        CLASS   COMRAM         
                temp                                 5F       5F        1         1
                cstackCOMRAM                          1        1       5E         1

        CLASS   ABS1           

        CLASS   BIGRAM         

        CLASS   RAM            

        CLASS   BANK0          
                cstackBANK0                          60       60       97         1
                dataBANK0                            FF       FF        1         1
                bssBANK0                             F7       F7        8         1

        CLASS   BANK1          
                cstackBANK1                         180      180       43         1
                dataBANK1                           1C3      1C3        2         1
                bssBANK1                            100      100       80         1

        CLASS   BANK2          
                bssBANK2                            200      200       3C         1

        CLASS   BANK3          

        CLASS   BANK4          

        CLASS   BANK5          

        CLASS   BANK6          

        CLASS   BANK7          

        CLASS   BANK8          

        CLASS   BANK9          

        CLASS   BANK10         

        CLASS   BANK11         

        CLASS   BANK12         

        CLASS   BANK13         

        CLASS   SFR            

        CLASS   BIGSFR         

        CLASS   CONFIG         
                config                           300000   300000        C         4

        CLASS   IDLOC          
                idloc                            200000   200000       10         5

        CLASS   EEDATA         

        CLASS   FARRAM         

        CLASS   HEAP           

        CLASS   STACK          



SEGMENTS        Name                           Load    Length   Top    Selector   Space  Class

                reset_vec                      000000  000004  000004         0       0  CODE    
                cstackCOMRAM                   000001  00005F  000060         1       1  COMRAM  
                intcode                        000008  000024  00002C         4       0  CODE    
                cstackBANK0                    000060  0000A0  000100        60       1  BANK0   
                bssBANK1                       000100  0000C5  0001C5       100       1  BANK1   
                bssBANK2                       000200  00003C  00023C       200       1  BANK2   
                smallconst                     000E00  000014  000E14       700       0  SMALLCON
                text4                          000E14  004C91  005AA5       70A       0  CODE    


UNUSED ADDRESS RANGES

        Name                Unused          Largest block    Delta
        BANK1            0001C5-0001FF               3B
        BANK10           000A00-000AFF              100
        BANK11           000B00-000BFF              100
        BANK12           000C00-000CFF              100
        BANK13           000D00-000DE9               EA
        BANK2            00023C-0002FF               C4
        BANK3            000300-0003FF              100
        BANK4            000400-0004FF              100
        BANK5            000500-0005FF              100
        BANK6            000600-0006FF              100
        BANK7            000700-0007FF              100
        BANK8            000800-0008FF              100
        BANK9            000900-0009FF              100
        BIGRAM           0001C5-0001FF               3B
                         00023C-000DE9              BAE
        BIGSFR           000DEF-000FFF              211
        CODE             000004-000007                4
                         00002C-000DFF              DD4
                         005AA5-01FFFF            1A55B
        CONST            000004-000007                4
                         00002C-000DFF              DD4
                         005AA5-01FFFF            1A55B
        EEDATA           310000-3103FF              400
        MEDIUMCONST      005AA5-00FFFF             A55B
                         010E00-01FFFF             F200
        RAM              0001C5-0001FF               3B
                         00023C-000DE9              100
        SFR              000DEF-000FFF              100
        SMALLCONST       005AA5-01FFFF              100

                                  Symbol Table

?___aodiv                       cstackCOMRAM 000001
?___aomod                       cstackCOMRAM 000001
?___awdiv                       cstackCOMRAM 000007
?___fladd                       cstackCOMRAM 000001
?___fldiv                       cstackCOMRAM 00000F
?___flmul                       cstackCOMRAM 000028
?___flneg                       cstackCOMRAM 000001
?___flsub                       cstackCOMRAM 000011
?___fltol                       cstackCOMRAM 00005B
?___wmul                        cstackCOMRAM 000001
?___xxtofl                      cstackCOMRAM 000001
?_abs                           cstackCOMRAM 000013
?_amb_light_measure             cstackBANK0  00006A
?_color_read_Blue               cstackCOMRAM 000005
?_color_read_Clear              cstackCOMRAM 000005
?_color_read_Green              cstackCOMRAM 000005
?_color_read_Red                cstackCOMRAM 000005
?_dtoa                          cstackCOMRAM 00001C
?_lroundf                       cstackBANK0  000066
?_pad                           cstackCOMRAM 000011
?_roundf                        cstackCOMRAM 000041
?_sprintf                       cstackBANK0  000060
?_strlen                        cstackCOMRAM 000001
?_vfpfcnvrt                     cstackCOMRAM 000040
?_vfprintf                      cstackCOMRAM 000050
I2C_2_Master_Read@ack           cstackCOMRAM 000003
I2C_2_Master_Read@tmp           cstackCOMRAM 000004
I2C_2_Master_Write@data_byte    cstackCOMRAM 000002
_ANSELDbits                     (abs)        000EA7
_ANSELFbits                     (abs)        000EB4
_BAUD4CONbits                   (abs)        000EE9
_CALIBRATION_135                dataBANK1    0001C4
_CALIBRATION_180                dataBANK1    0001C3
_EUSART4RXbuf                   bssBANK1     000128
_EUSART4TXbuf                   bssBANK2     000200
_HighISR                        intcode      000008
_I2C_2_Master_Idle              text41       0058D2
_I2C_2_Master_Init              text42       0058A8
_I2C_2_Master_Read              text28       0055EC
_I2C_2_Master_RepStart          text27       005A82
_I2C_2_Master_Start             text40       005A96
_I2C_2_Master_Stop              text39       005A8C
_I2C_2_Master_Write             text38       005A6A
_INTCONbits                     (abs)        000FF2
_Interrupts_init                text73       005A76
_LATAbits                       (abs)        000F79
_LATCbits                       (abs)        000F7B
_LATDbits                       (abs)        000F7C
_LATE                           (abs)        000F7D
_LATEbits                       (abs)        000F7D
_LATFbits                       (abs)        000F7E
_LATG                           (abs)        000F7F
_LATGbits                       (abs)        000F7F
_LATHbits                       (abs)        000F80
_LED_B                          text16       005980
_LED_C                          text31       0059A0
_LED_G                          text15       005960
_LED_OFF                        text14       005940
_LED_R                          text13       005920
_PIE0bits                       (abs)        000E29
_PIE4bits                       (abs)        000E2D
_PIR0bits                       (abs)        000E33
_PIR4bits                       (abs)        000E37
_PORTFbits                      (abs)        000F8E
_PWM6CONbits                    (abs)        000FA4
_PWM6DCH                        (abs)        000FA3
_PWM7CONbits                    (abs)        000FA1
_PWM7DCH                        (abs)        000FA0
_RC0PPS                         (abs)        000E62
_RC4REG                         (abs)        000EE3
_RC4STAbits                     (abs)        000EE7
_RC7PPS                         (abs)        000E69
_RD5PPS                         (abs)        000E6F
_RD6PPS                         (abs)        000E70
_RE2PPS                         (abs)        000E74
_RX4PPS                         (abs)        000E15
_RxBufReadCnt                   bssBANK0     0000FD
_RxBufWriteCnt                  bssBANK0     0000FE
_SENSITIVITY                    dataBANK0    0000FF
_SP4BRGH                        (abs)        000EE6
_SP4BRGL                        (abs)        000EE5
_SSP2ADD                        (abs)        000ED6
_SSP2BUF                        (abs)        000ED5
_SSP2CLKPPS                     (abs)        000E1C
_SSP2CON1bits                   (abs)        000ED9
_SSP2CON2                       (abs)        000EDA
_SSP2CON2bits                   (abs)        000EDA
_SSP2DATPPS                     (abs)        000E1D
_SSP2STAT                       (abs)        000ED8
_T0CON0bits                     (abs)        000FD5
_T0CON1bits                     (abs)        000FD6
_T2CLKCONbits                   (abs)        000FBF
_T2CONbits                      (abs)        000FBD
_T2HLTbits                      (abs)        000FBE
_T2PR                           (abs)        000FBC
_TMR0H                          (abs)        000FD4
_TMR0L                          (abs)        000FD3
_TRISAbits                      (abs)        000F81
_TRISCbits                      (abs)        000F83
_TRISDbits                      (abs)        000F84
_TRISEbits                      (abs)        000F85
_TRISFbits                      (abs)        000F86
_TRISGbits                      (abs)        000F87
_TRISHbits                      (abs)        000F88
_TX4REG                         (abs)        000EE4
_TX4STAbits                     (abs)        000EE8
_Timer0_init                    text72       005A1E
_TxBufReadCnt                   bssBANK0     0000FB
_TxBufWriteCnt                  bssBANK0     0000FC
__HRAM                          (abs)        000000
__Habs1                         abs1         000000
__Hbank0                        bank0        000000
__Hbank1                        bank1        000000
__Hbank10                       bank10       000000
__Hbank11                       bank11       000000
__Hbank12                       bank12       000000
__Hbank13                       bank13       000000
__Hbank2                        bank2        000000
__Hbank3                        bank3        000000
__Hbank4                        bank4        000000
__Hbank5                        bank5        000000
__Hbank6                        bank6        000000
__Hbank7                        bank7        000000
__Hbank8                        bank8        000000
__Hbank9                        bank9        000000
__Hbigbss                       bigbss       000000
__Hbigdata                      bigdata      000000
__Hbigram                       bigram       000000
__Hbigsfr                       bigsfr       000000
__Hbss                          bss          000000
__HbssBANK0                     bssBANK0     000000
__HbssBANK1                     bssBANK1     000000
__HbssBANK2                     bssBANK2     000000
__Hcinit                        cinit        000000
__Hclrtext                      clrtext      000000
__Hcomram                       comram       000000
__Hconfig                       config       30000C
__Hconst                        const        000000
__HcstackBANK0                  cstackBANK0  000000
__HcstackBANK1                  cstackBANK1  000000
__HcstackCOMRAM                 cstackCOMRAM 000000
__Hdata                         data         000000
__HdataBANK0                    dataBANK0    000000
__HdataBANK1                    dataBANK1    000000
__Heeprom_data                  eeprom_data  000000
__Hfarbss                       farbss       000000
__Hfardata                      fardata      000000
__Hheap                         heap         000000
__Hibigdata                     ibigdata     000000
__Hidata                        idata        000000
__HidataBANK0                   idataBANK0   000000
__HidataBANK1                   idataBANK1   000000
__Hidloc                        idloc        200010
__Hifardata                     ifardata     000000
__Hinit                         init         00002C
__Hintcode                      intcode      000028
__Hintcode_body                 intcode_body 000000
__Hintcodelo                    intcodelo    000028
__Hintentry                     intentry     000000
__Hintret                       intret       000000
__Hintsave_regs                 intsave_regs 000000
__Hirdata                       irdata       000000
__Hmediumconst                  mediumconst  000000
__HnvFARRAM                     nvFARRAM     000000
__Hnvbit                        nvbit        000000
__Hnvrram                       nvrram       000000
__Hparam                        rparam       000000
__Hpowerup                      powerup      000028
__Hram                          ram          000000
__Hramtop                       ramtop       000E00
__Hrbit                         rbit         000000
__Hrbss                         rbss         000000
__Hrdata                        rdata        000000
__Hreset_vec                    reset_vec    000004
__Hrparam                       rparam       000000
__Hsfr                          sfr          000000
__Hsmallconst                   smallconst   000E14
__Hspace_0                      (abs)        005AA5
__Hspace_1                      (abs)        00023C
__Hspace_2                      (abs)        000000
__Hspace_4                      (abs)        60000C
__Hstack                        stack        000000
__Hstruct                       struct       000000
__Htemp                         temp         000060
__Htext                         text         000000
__Htext0                        text0        000000
__Htext1                        text1        000000
__Htext10                       text10       000000
__Htext11                       text11       000000
__Htext12                       text12       000000
__Htext13                       text13       000000
__Htext14                       text14       000000
__Htext15                       text15       000000
__Htext16                       text16       000000
__Htext17                       text17       000000
__Htext18                       text18       000000
__Htext19                       text19       000000
__Htext2                        text2        000000
__Htext20                       text20       000000
__Htext21                       text21       000000
__Htext22                       text22       000000
__Htext23                       text23       000000
__Htext24                       text24       000000
__Htext25                       text25       000000
__Htext26                       text26       000000
__Htext27                       text27       000000
__Htext28                       text28       000000
__Htext29                       text29       000000
__Htext3                        text3        000000
__Htext30                       text30       000000
__Htext31                       text31       000000
__Htext32                       text32       000000
__Htext33                       text33       000000
__Htext34                       text34       000000
__Htext35                       text35       000000
__Htext36                       text36       000000
__Htext37                       text37       000000
__Htext38                       text38       000000
__Htext39                       text39       000000
__Htext4                        text4        000000
__Htext40                       text40       000000
__Htext41                       text41       000000
__Htext42                       text42       000000
__Htext43                       text43       000000
__Htext44                       text44       000000
__Htext45                       text45       000000
__Htext46                       text46       000000
__Htext47                       text47       000000
__Htext48                       text48       000000
__Htext49                       text49       000000
__Htext5                        text5        000000
__Htext50                       text50       000000
__Htext51                       text51       000000
__Htext52                       text52       000000
__Htext53                       text53       000000
__Htext54                       text54       000000
__Htext55                       text55       000000
__Htext56                       text56       000000
__Htext57                       text57       000000
__Htext58                       text58       000000
__Htext59                       text59       000000
__Htext6                        text6        000000
__Htext60                       text60       000000
__Htext61                       text61       000000
__Htext62                       text62       000000
__Htext63                       text63       000000
__Htext64                       text64       000000
__Htext65                       text65       000000
__Htext66                       text66       000000
__Htext67                       text67       000000
__Htext68                       text68       000000
__Htext69                       text69       000000
__Htext7                        text7        000000
__Htext70                       text70       000000
__Htext71                       text71       000000
__Htext72                       text72       000000
__Htext73                       text73       000000
__Htext8                        text8        000000
__Htext9                        text9        000000
__LRAM                          (abs)        000001
__Labs1                         abs1         000000
__Lbank0                        bank0        000000
__Lbank1                        bank1        000000
__Lbank10                       bank10       000000
__Lbank11                       bank11       000000
__Lbank12                       bank12       000000
__Lbank13                       bank13       000000
__Lbank2                        bank2        000000
__Lbank3                        bank3        000000
__Lbank4                        bank4        000000
__Lbank5                        bank5        000000
__Lbank6                        bank6        000000
__Lbank7                        bank7        000000
__Lbank8                        bank8        000000
__Lbank9                        bank9        000000
__Lbigbss                       bigbss       000000
__Lbigdata                      bigdata      000000
__Lbigram                       bigram       000000
__Lbigsfr                       bigsfr       000000
__Lbss                          bss          000000
__LbssBANK0                     bssBANK0     000000
__LbssBANK1                     bssBANK1     000000
__LbssBANK2                     bssBANK2     000000
__Lcinit                        cinit        000000
__Lclrtext                      clrtext      000000
__Lcomram                       comram       000000
__Lconfig                       config       000000
__Lconst                        const        000000
__LcstackBANK0                  cstackBANK0  000000
__LcstackBANK1                  cstackBANK1  000000
__LcstackCOMRAM                 cstackCOMRAM 000000
__Ldata                         data         000000
__LdataBANK0                    dataBANK0    000000
__LdataBANK1                    dataBANK1    000000
__Leeprom_data                  eeprom_data  000000
__Lfarbss                       farbss       000000
__Lfardata                      fardata      000000
__Lheap                         heap         000000
__Libigdata                     ibigdata     000000
__Lidata                        idata        000000
__LidataBANK0                   idataBANK0   000000
__LidataBANK1                   idataBANK1   000000
__Lidloc                        idloc        000000
__Lifardata                     ifardata     000000
__Linit                         init         000028
__Lintcode                      intcode      000008
__Lintcode_body                 intcode_body 000000
__Lintcodelo                    intcodelo    000028
__Lintentry                     intentry     000000
__Lintret                       intret       000000
__Lintsave_regs                 intsave_regs 000000
__Lirdata                       irdata       000000
__Lmediumconst                  mediumconst  000000
__LnvFARRAM                     nvFARRAM     000000
__Lnvbit                        nvbit        000000
__Lnvrram                       nvrram       000000
__Lparam                        rparam       000000
__Lpowerup                      powerup      000028
__Lram                          ram          000000
__Lramtop                       ramtop       000E00
__Lrbit                         rbit         000000
__Lrbss                         rbss         000000
__Lrdata                        rdata        000000
__Lreset_vec                    reset_vec    000000
__Lrparam                       rparam       000000
__Lsfr                          sfr          000000
__Lsmallconst                   smallconst   000E00
__Lspace_0                      (abs)        000000
__Lspace_1                      (abs)        000000
__Lspace_2                      (abs)        000000
__Lspace_4                      (abs)        000000
__Lstack                        stack        000000
__Lstruct                       struct       000000
__Ltemp                         temp         00005F
__Ltext                         text         000000
__Ltext0                        text0        000000
__Ltext1                        text1        000000
__Ltext10                       text10       000000
__Ltext11                       text11       000000
__Ltext12                       text12       000000
__Ltext13                       text13       000000
__Ltext14                       text14       000000
__Ltext15                       text15       000000
__Ltext16                       text16       000000
__Ltext17                       text17       000000
__Ltext18                       text18       000000
__Ltext19                       text19       000000
__Ltext2                        text2        000000
__Ltext20                       text20       000000
__Ltext21                       text21       000000
__Ltext22                       text22       000000
__Ltext23                       text23       000000
__Ltext24                       text24       000000
__Ltext25                       text25       000000
__Ltext26                       text26       000000
__Ltext27                       text27       000000
__Ltext28                       text28       000000
__Ltext29                       text29       000000
__Ltext3                        text3        000000
__Ltext30                       text30       000000
__Ltext31                       text31       000000
__Ltext32                       text32       000000
__Ltext33                       text33       000000
__Ltext34                       text34       000000
__Ltext35                       text35       000000
__Ltext36                       text36       000000
__Ltext37                       text37       000000
__Ltext38                       text38       000000
__Ltext39                       text39       000000
__Ltext4                        text4        000000
__Ltext40                       text40       000000
__Ltext41                       text41       000000
__Ltext42                       text42       000000
__Ltext43                       text43       000000
__Ltext44                       text44       000000
__Ltext45                       text45       000000
__Ltext46                       text46       000000
__Ltext47                       text47       000000
__Ltext48                       text48       000000
__Ltext49                       text49       000000
__Ltext5                        text5        000000
__Ltext50                       text50       000000
__Ltext51                       text51       000000
__Ltext52                       text52       000000
__Ltext53                       text53       000000
__Ltext54                       text54       000000
__Ltext55                       text55       000000
__Ltext56                       text56       000000
__Ltext57                       text57       000000
__Ltext58                       text58       000000
__Ltext59                       text59       000000
__Ltext6                        text6        000000
__Ltext60                       text60       000000
__Ltext61                       text61       000000
__Ltext62                       text62       000000
__Ltext63                       text63       000000
__Ltext64                       text64       000000
__Ltext65                       text65       000000
__Ltext66                       text66       000000
__Ltext67                       text67       000000
__Ltext68                       text68       000000
__Ltext69                       text69       000000
__Ltext7                        text7        000000
__Ltext70                       text70       000000
__Ltext71                       text71       000000
__Ltext72                       text72       000000
__Ltext73                       text73       000000
__Ltext8                        text8        000000
__Ltext9                        text9        000000
__S0                            (abs)        005AA5
__S1                            (abs)        00023C
__S4                            (abs)        000000
__S5                            (abs)        000000
___aodiv                        text69       004128
___aodiv@counter                cstackCOMRAM 000011
___aodiv@dividend               cstackCOMRAM 000001
___aodiv@divisor                cstackCOMRAM 000009
___aodiv@quotient               cstackCOMRAM 000013
___aodiv@sign                   cstackCOMRAM 000012
___aomod                        text68       004730
___aomod@counter                cstackCOMRAM 000011
___aomod@dividend               cstackCOMRAM 000001
___aomod@divisor                cstackCOMRAM 000009
___aomod@sign                   cstackCOMRAM 000012
___awdiv                        text56       004EF0
___awdiv@counter                cstackCOMRAM 00000B
___awdiv@dividend               cstackCOMRAM 000007
___awdiv@divisor                cstackCOMRAM 000009
___awdiv@quotient               cstackCOMRAM 00000D
___awdiv@sign                   cstackCOMRAM 00000C
___fladd                        text21       001B34
___fladd@a                      cstackCOMRAM 000005
___fladd@aexp                   cstackCOMRAM 00000E
___fladd@b                      cstackCOMRAM 000001
___fladd@bexp                   cstackCOMRAM 00000F
___fladd@grs                    cstackCOMRAM 000010
___fladd@signs                  cstackCOMRAM 00000D
___fldiv                        text30       0027CC
___fldiv@a                      cstackCOMRAM 000013
___fldiv@aexp                   cstackCOMRAM 000027
___fldiv@b                      cstackCOMRAM 00000F
___fldiv@bexp                   cstackCOMRAM 000026
___fldiv@grs                    cstackCOMRAM 000022
___fldiv@new_exp                cstackCOMRAM 000020
___fldiv@rem                    cstackCOMRAM 00001B
___fldiv@sign                   cstackCOMRAM 00001F
___flge                         text24       004AC4
___flge@ff1                     cstackCOMRAM 000001
___flge@ff2                     cstackCOMRAM 000005
___flmul                        text23       001FF4
___flmul@a                      cstackCOMRAM 00002C
___flmul@aexp                   cstackCOMRAM 000039
___flmul@b                      cstackCOMRAM 000028
___flmul@bexp                   cstackCOMRAM 00003A
___flmul@grs                    cstackCOMRAM 000035
___flmul@prod                   cstackCOMRAM 00003B
___flmul@sign                   cstackCOMRAM 000034
___flmul@temp                   cstackCOMRAM 00003F
___flneg                        text22       0057A8
___flneg@f1                     cstackCOMRAM 000001
___flsub                        text20       005562
___flsub@a                      cstackCOMRAM 000015
___flsub@b                      cstackCOMRAM 000011
___fltol                        text25       0049BC
___fltol@exp1                   cstackBANK0  000065
___fltol@f1                     cstackCOMRAM 00005B
___fltol@sign1                  cstackBANK0  000064
___heap_hi                      (abs)        000000
___heap_lo                      (abs)        000000
___inthi_sp                     stack        000000
___intlo_sp                     stack        000000
___param_bank                   (abs)        000000
___rparam_used                  (abs)        000001
___sp                           stack        000000
___wmul                         text55       0058FA
___wmul@multiplicand            cstackCOMRAM 000003
___wmul@multiplier              cstackCOMRAM 000001
___wmul@product                 cstackCOMRAM 000005
___xxtofl                       text29       003DDA
___xxtofl@arg                   cstackCOMRAM 00000B
___xxtofl@exp                   cstackCOMRAM 00000A
___xxtofl@sign                  cstackCOMRAM 000009
___xxtofl@val                   cstackCOMRAM 000001
__accesstop                     (abs)        000060
__activetblptr                  (abs)        000001
__end_of_HighISR                intcode      000028
__end_of_I2C_2_Master_Idle      text41       0058FA
__end_of_I2C_2_Master_Init      text42       0058D2
__end_of_I2C_2_Master_Read      text28       00562E
__end_of_I2C_2_Master_RepStart  text27       005A8C
__end_of_I2C_2_Master_Start     text40       005AA0
__end_of_I2C_2_Master_Stop      text39       005A96
__end_of_I2C_2_Master_Write     text38       005A76
__end_of_Interrupts_init        text73       005A82
__end_of_LED_B                  text16       0059A0
__end_of_LED_C                  text31       0059C0
__end_of_LED_G                  text15       005980
__end_of_LED_OFF                text14       005960
__end_of_LED_R                  text13       005940
__end_of_Timer0_init            text72       005A3C
__end_of___aodiv                text69       0042B0
__end_of___aomod                text68       004894
__end_of___awdiv                text56       004FB4
__end_of___fladd                text21       001FF4
__end_of___fldiv                text30       002B66
__end_of___flge                 text24       004BC8
__end_of___flmul                text23       00241E
__end_of___flneg                text22       0057E0
__end_of___flsub                text20       0055A8
__end_of___fltol                text25       004AC4
__end_of___wmul                 text55       005920
__end_of___xxtofl               text29       003F8E
__end_of__initialization        cinit        005360
__end_of_abs                    text67       005734
__end_of_action                 text44       0033E4
__end_of_amb_light_measure      text17       0049BC
__end_of_buggylight_init        text43       005A6A
__end_of_calibrate_white        text9        00389A
__end_of_color_click_init       text36       00584A
__end_of_color_data_collection  text6        003C24
__end_of_color_display          text8        0052B0
__end_of_color_predict          text57       0058A8
__end_of_color_read_Blue        text12       005512
__end_of_color_read_Clear       text26       005562
__end_of_color_read_Green       text11       0054C2
__end_of_color_read_Red         text10       005472
__end_of_color_writetoaddr      text37       005A00
__end_of_compare                text5        00576E
__end_of_detect_color           text4        001B34
__end_of_distance_measure       text3        004E2A
__end_of_dtoa                   text61       002E4A
__end_of_fputc                  text65       004D64
__end_of_fputs                  text64       0055EC
__end_of_fullSpeedAhead         text53       0051C4
__end_of_fullSpeedBack          text51       005074
__end_of_goback                 text47       003118
__end_of_initDCmotorsPWM        text35       005670
__end_of_initDCmotors_parameter text34       004C9A
__end_of_initUSART4             text33       005A1E
__end_of_lroundf                text18       0057A8
__end_of_main                   text0        004128
__end_of_pad                    text62       004EF0
__end_of_pin_init               text32       0059E0
__end_of_putch                  text66       005AA4
__end_of_read_color             text7        0053D0
__end_of_reverse_square         text50       0056F4
__end_of_roundf                 text19       0027CC
__end_of_sendCharSerial4        text71       005A54
__end_of_sendStringSerial4      text70       00587A
__end_of_setMotorPWM            text54       003A6E
__end_of_short_reverse          text46       0056B2
__end_of_sprintf                text58       005422
__end_of_stop                   text52       005130
__end_of_strlen                 text63       005816
__end_of_test_function          text2        004430
__end_of_toggle_light           text45       003690
__end_of_toint                  smallconst   000E05
__end_of_turnLeft               text49       004730
__end_of_turnRight              text48       0045B0
__end_of_verify_color           text1        005240
__end_of_vfpfcnvrt              text60       003DDA
__end_of_vfprintf               text59       005312
__initialization                cinit        005312
__mediumconst                   mediumconst  000000
__pbssBANK0                     bssBANK0     0000F7
__pbssBANK1                     bssBANK1     000100
__pbssBANK2                     bssBANK2     000200
__pcinit                        cinit        005312
__pcstackBANK0                  cstackBANK0  000060
__pcstackBANK1                  cstackBANK1  000180
__pcstackCOMRAM                 cstackCOMRAM 000001
__pdataBANK0                    dataBANK0    0000FF
__pdataBANK1                    dataBANK1    0001C3
__pidataBANK0                   idataBANK0   005AA4
__pidataBANK1                   idataBANK1   005AA0
__pintcode                      intcode      000008
__psmallconst                   smallconst   000E00
__ptext0                        text0        003F8E
__ptext1                        text1        0051C4
__ptext10                       text10       005422
__ptext11                       text11       005472
__ptext12                       text12       0054C2
__ptext13                       text13       005920
__ptext14                       text14       005940
__ptext15                       text15       005960
__ptext16                       text16       005980
__ptext17                       text17       004894
__ptext18                       text18       00576E
__ptext19                       text19       00241E
__ptext2                        text2        0042B0
__ptext20                       text20       005562
__ptext21                       text21       001B34
__ptext22                       text22       0057A8
__ptext23                       text23       001FF4
__ptext24                       text24       004AC4
__ptext25                       text25       0049BC
__ptext26                       text26       005512
__ptext27                       text27       005A82
__ptext28                       text28       0055EC
__ptext29                       text29       003DDA
__ptext3                        text3        004D64
__ptext30                       text30       0027CC
__ptext31                       text31       0059A0
__ptext32                       text32       0059C0
__ptext33                       text33       005A00
__ptext34                       text34       004BC8
__ptext35                       text35       00562E
__ptext36                       text36       005816
__ptext37                       text37       0059E0
__ptext38                       text38       005A6A
__ptext39                       text39       005A8C
__ptext4                        text4        000E14
__ptext40                       text40       005A96
__ptext41                       text41       0058D2
__ptext42                       text42       0058A8
__ptext43                       text43       005A54
__ptext44                       text44       003118
__ptext45                       text45       0033E4
__ptext46                       text46       005670
__ptext47                       text47       002E4A
__ptext48                       text48       004430
__ptext49                       text49       0045B0
__ptext5                        text5        005734
__ptext50                       text50       0056B2
__ptext51                       text51       004FB4
__ptext52                       text52       005074
__ptext53                       text53       005130
__ptext54                       text54       00389A
__ptext55                       text55       0058FA
__ptext56                       text56       004EF0
__ptext57                       text57       00587A
__ptext58                       text58       0053D0
__ptext59                       text59       0052B0
__ptext6                        text6        003A6E
__ptext60                       text60       003C24
__ptext61                       text61       002B66
__ptext62                       text62       004E2A
__ptext63                       text63       0057E0
__ptext64                       text64       0055A8
__ptext65                       text65       004C9A
__ptext66                       text66       005AA2
__ptext67                       text67       0056F4
__ptext68                       text68       004730
__ptext69                       text69       004128
__ptext7                        text7        005372
__ptext70                       text70       00584A
__ptext71                       text71       005A3C
__ptext72                       text72       005A1E
__ptext73                       text73       005A76
__ptext8                        text8        005240
__ptext9                        text9        003690
__ramtop                        ramtop       000E00
__smallconst                    smallconst   000E00
_abs                            text67       0056F4
_action                         text44       003118
_amb_light_measure              text17       004894
_array_index                    bssBANK1     00015F
_buggylight_init                text43       005A54
_calibrate_white                text9        003690
_color                          bssBANK1     00015E
_color_click_init               text36       005816
_color_data_collection          text6        003A6E
_color_display                  text8        005240
_color_predict                  text57       00587A
_color_read_Blue                text12       0054C2
_color_read_Clear               text26       005512
_color_read_Green               text11       005472
_color_read_Red                 text10       005422
_color_writetoaddr              text37       0059E0
_compare                        text5        005734
_dbuf                           bssBANK1     000160
_detect_color                   text4        000E14
_detect_color$3242              cstackBANK0  00008E
_distance_measure               text3        004D64
_distance_measure$3243          cstackBANK0  000074
_dtoa                           text61       002B66
_dtoa$2877                      cstackCOMRAM 00002E
_flags                          bssBANK0     0000F9
_fputc                          text65       004C9A
_fputs                          text64       0055A8
_fullSpeedAhead                 text53       005130
_fullSpeedBack                  text51       004FB4
_goback                         text47       002E4A
_initDCmotorsPWM                text35       00562E
_initDCmotors_parameter         text34       004BC8
_initUSART4                     text33       005A00
_lroundf                        text18       00576E
_main                           text0        003F8E
_memory                         bssBANK1     000100
_motorL                         bssBANK1     000146
_motorR                         bssBANK1     00013C
_nout                           bssBANK1     000154
_pad                            text62       004E2A
_pin_init                       text32       0059C0
_prec                           bssBANK0     0000F7
_putch                          text66       005AA2
_read_color                     text7        005372
_reverse_square                 text50       0056B2
_roundf                         text19       00241E
_roundf$3244                    cstackCOMRAM 00004F
_roundf$3245                    cstackCOMRAM 000049
_second                         bssBANK1     00015C
_sendCharSerial4                text71       005A3C
_sendStringSerial4              text70       00584A
_setMotorPWM                    text54       00389A
_short_reverse                  text46       005670
_sprintf                        text58       0053D0
_start_move                     bssBANK1     00015A
_stop                           text52       005074
_stop_move                      bssBANK1     000158
_strlen                         text63       0057E0
_test_function                  text2        0042B0
_toggle_light                   text45       0033E4
_turnLeft                       text49       0045B0
_turnRight                      text48       004430
_verify_color                   text1        0051C4
_vfpfcnvrt                      text60       003C24
_vfprintf                       text59       0052B0
_width                          bssBANK1     000156
abs@a                           cstackCOMRAM 000013
action@color                    cstackCOMRAM 00005E
action@mL                       cstackBANK0  0000E0
action@mR                       cstackBANK0  0000E2
amb_light_measure@CC_amb_1      cstackBANK0  000072
amb_light_measure@CC_amb_2      cstackBANK0  000074
amb_light_measure@CC_amb_3      cstackBANK0  000076
amb_light_measure@CC_amb_ave    cstackBANK0  000070
amb_light_measure@amb           cstackBANK0  00006A
amb_light_measure@upper_bound   cstackBANK0  00006E
btemp                           temp         00005F
calibrate_white@w               cstackCOMRAM 00000C
color_data_collection@i         cstackBANK0  0000DE
color_data_collection@j         cstackBANK0  0000E0
color_data_collection@k         cstackBANK0  0000E2
color_data_collection@m         cstackCOMRAM 00005A
color_data_collection@x         cstackBANK0  0000E4
color_display@buf               cstackBANK0  000079
color_display@m                 cstackCOMRAM 000058
color_predict@buf               cstackBANK0  000079
color_predict@color             cstackBANK0  0000DD
color_read_Blue@tmp             cstackCOMRAM 00000A
color_read_Clear@tmp            cstackCOMRAM 00000A
color_read_Green@tmp            cstackCOMRAM 00000A
color_read_Red@tmp              cstackCOMRAM 00000A
color_writetoaddr@address       cstackCOMRAM 000004
color_writetoaddr@value         cstackCOMRAM 000003
compare@lower                   cstackBANK0  00006A
compare@result                  cstackBANK0  000070
compare@upper                   cstackBANK0  00006E
compare@value2compare           cstackBANK0  00006C
detect_color@BB                 cstackBANK0  000089
detect_color@BC                 cstackBANK0  000083
detect_color@BG                 cstackBANK0  00008C
detect_color@BR                 cstackBANK0  000087
detect_color@GB                 cstackBANK0  00007B
detect_color@GG                 cstackBANK0  000081
detect_color@GR                 cstackBANK0  00007F
detect_color@RB                 cstackBANK0  000079
detect_color@RG                 cstackBANK0  00007D
detect_color@RR                 cstackBANK0  000085
detect_color@color              cstackBANK0  00008B
detect_color@m                  cstackBANK0  000071
detect_color@w                  cstackBANK0  000073
distance_measure@CC_amb         cstackBANK0  000078
distance_measure@CG_amb         cstackBANK0  000072
distance_measure@amb_light      cstackBANK0  00006E
distance_measure@mL             cstackBANK0  00006A
distance_measure@mR             cstackBANK0  00006C
distance_measure@stop           cstackBANK0  00007C
distance_measure@threshold      cstackBANK0  00007A
dtoa@d                          cstackCOMRAM 00001E
dtoa@fp                         cstackCOMRAM 00001C
dtoa@i                          cstackCOMRAM 00003E
dtoa@n                          cstackCOMRAM 000036
dtoa@p                          cstackCOMRAM 000030
dtoa@s                          cstackCOMRAM 000034
dtoa@w                          cstackCOMRAM 000032
end_of_initialization           cinit        005360
fputc@c                         cstackCOMRAM 000001
fputc@fp                        cstackCOMRAM 000003
fputs@c                         cstackCOMRAM 00000E
fputs@fp                        cstackCOMRAM 00000C
fputs@i                         cstackCOMRAM 00000F
fputs@s                         cstackCOMRAM 00000A
fullSpeedAhead@mL               cstackCOMRAM 00001A
fullSpeedAhead@mR               cstackCOMRAM 00001C
fullSpeedBack@mL                cstackCOMRAM 000020
fullSpeedBack@mR                cstackCOMRAM 000022
goback@i                        cstackBANK0  0000DE
goback@mL                       cstackCOMRAM 000058
goback@mR                       cstackCOMRAM 00005A
initDCmotorsPWM@PWMperiod       cstackCOMRAM 000001
initDCmotors_parameter@motorL   cstackCOMRAM 000001
initDCmotors_parameter@motorR   cstackCOMRAM 000003
int$flags                       temp         00005F
intlevel0                       text         000000
intlevel1                       text         000000
intlevel2                       text         000000
intlevel3                       text         000000
isa$std                         (abs)        000001
isa$xinst                       (abs)        000000
lroundf@x                       cstackBANK0  000066
main@amb                        cstackBANK1  000180
main@amb_light                  cstackBANK1  000188
main@motorL                     cstackBANK1  0001AF
main@motorR                     cstackBANK1  0001B9
main@rgb                        cstackBANK1  00018B
main@stop_signal                cstackBANK1  00018A
main@white                      cstackBANK1  000193
pad@buf                         cstackCOMRAM 000013
pad@fp                          cstackCOMRAM 000011
pad@i                           cstackCOMRAM 000018
pad@p                           cstackCOMRAM 000015
pad@w                           cstackCOMRAM 00001A
read_color@m                    cstackCOMRAM 00000C
reverse_square@mL               cstackCOMRAM 000026
reverse_square@mR               cstackCOMRAM 000028
roundf@F527                     bssBANK1     000150
roundf@e                        cstackCOMRAM 00004D
roundf@u                        cstackCOMRAM 000053
roundf@x                        cstackCOMRAM 000041
roundf@y                        cstackCOMRAM 000057
sendCharSerial4@charToSend      cstackCOMRAM 000001
sendStringSerial4@string        cstackCOMRAM 000002
setMotorPWM@PWMduty             cstackCOMRAM 000018
setMotorPWM@m                   cstackCOMRAM 00000F
short_reverse@mL                cstackCOMRAM 000026
short_reverse@mR                cstackCOMRAM 000028
sprintf@ap                      cstackBANK0  00006C
sprintf@f                       cstackBANK0  00006E
sprintf@fmt                     cstackBANK0  000062
sprintf@s                       cstackBANK0  000060
stackhi                         (abs)        000000
stacklo                         (abs)        000000
start                           init         000028
start_initialization            cinit        005312
stop@mL                         cstackCOMRAM 00001A
stop@mR                         cstackCOMRAM 00001C
strlen@a                        cstackCOMRAM 000003
strlen@s                        cstackCOMRAM 000001
test_function@amb_light         cstackBANK0  0000F0
test_function@complete          cstackBANK0  0000F2
test_function@m                 cstackBANK0  0000E6
test_function@mL                cstackBANK0  0000EA
test_function@mR                cstackBANK0  0000EC
test_function@stop_signal       cstackBANK0  0000F3
test_function@test_code         cstackBANK0  0000F4
test_function@w                 cstackBANK0  0000E8
toggle_light@i                  cstackCOMRAM 000004
toggle_light@lightnumber        cstackCOMRAM 000005
toggle_light@toggletime         cstackCOMRAM 000001
ttemp5                          temp         000060
ttemp6                          temp         000063
ttemp7                          temp         000067
turnLeft@angle_left             cstackCOMRAM 000024
turnLeft@delay                  cstackCOMRAM 000030
turnLeft@delay_135              cstackCOMRAM 000026
turnLeft@delay_180              cstackCOMRAM 000028
turnLeft@i                      cstackCOMRAM 00002A
turnLeft@i_1333                 cstackCOMRAM 00002C
turnLeft@i_1334                 cstackCOMRAM 00002E
turnLeft@mL                     cstackCOMRAM 000020
turnLeft@mR                     cstackCOMRAM 000022
turnRight@angle_right           cstackCOMRAM 000024
turnRight@delay                 cstackCOMRAM 000030
turnRight@delay_135             cstackCOMRAM 000026
turnRight@delay_180             cstackCOMRAM 000028
turnRight@i                     cstackCOMRAM 00002A
turnRight@i_1358                cstackCOMRAM 00002C
turnRight@i_1359                cstackCOMRAM 00002E
turnRight@mL                    cstackCOMRAM 000020
turnRight@mR                    cstackCOMRAM 000022
verify_color@color              cstackBANK0  00009A
verify_color@color2             cstackBANK0  000098
verify_color@m                  cstackBANK0  000092
verify_color@w                  cstackBANK0  000094
vfpfcnvrt@ap                    cstackCOMRAM 000044
vfpfcnvrt@fmt                   cstackCOMRAM 000042
vfpfcnvrt@fp                    cstackCOMRAM 000040
vfpfcnvrt@ll                    cstackCOMRAM 000048
vfprintf@ap                     cstackCOMRAM 000054
vfprintf@cfmt                   cstackCOMRAM 000056
vfprintf@fmt                    cstackCOMRAM 000052
vfprintf@fp                     cstackCOMRAM 000050
wtemp8                          temp         000060


MODULE INFORMATION

Module		Function		Class		Link	Load	Size
C:\Program Files\Microchip\xc8\v2.35\pic\sources\c99\common\putch.c
		_putch         		CODE           	5AA2	0000	2

C:\Program Files\Microchip\xc8\v2.35\pic\sources\c99\common\putch.c estimated size: 2

serial.c
		_sendStringSerial4		CODE           	584A	0000	48
		_sendCharSerial4		CODE           	5A3C	0000	24
		_initUSART4    		CODE           	5A00	0000	30

serial.c estimated size: 102

timers.c
		_Timer0_init   		CODE           	5A1E	0000	30

timers.c estimated size: 30

color.c
		_read_color    		CODE           	5372	0000	94
		_verify_color  		CODE           	51C4	0000	124
		_distance_measure		CODE           	4D64	0000	198
		_color_writetoaddr		CODE           	59E0	0000	32
		_color_predict 		CODE           	587A	0000	46
		_compare       		CODE           	5734	0000	58
		_calibrate_white		CODE           	3690	0000	522
		_LED_OFF       		CODE           	5940	0000	32
		_color_click_init		CODE           	5816	0000	52
		_detect_color  		CODE           	0E14	0000	3360
		_color_data_collection		CODE           	3A6E	0000	438
		_color_read_Green		CODE           	5472	0000	80
		_color_read_Clear		CODE           	5512	0000	80
		_LED_R         		CODE           	5920	0000	32
		_LED_G         		CODE           	5960	0000	32
		_color_read_Red		CODE           	5422	0000	80
		_amb_light_measure		CODE           	4894	0000	296
		_buggylight_init		CODE           	5A54	0000	22
		_toggle_light  		CODE           	33E4	0000	684
		_LED_B         		CODE           	5980	0000	32
		_color_display 		CODE           	5240	0000	112
		_color_read_Blue		CODE           	54C2	0000	80
		_LED_C         		CODE           	59A0	0000	32

color.c estimated size: 6518

C:\Program Files\Microchip\xc8\v2.35\pic\sources\c99\common\aodiv.c
		___aodiv       		CODE           	4128	0000	392

C:\Program Files\Microchip\xc8\v2.35\pic\sources\c99\common\aodiv.c estimated size: 392

C:\Program Files\Microchip\xc8\v2.35\pic\sources\c99\common\sprcmul.c
		___flmul       		CODE           	1FF4	0000	1066

C:\Program Files\Microchip\xc8\v2.35\pic\sources\c99\common\sprcmul.c estimated size: 1066

dc_motor.c
		_fullSpeedBack 		CODE           	4FB4	0000	192
		_reverse_square		CODE           	56B2	0000	66
		_fullSpeedAhead		CODE           	5130	0000	148
		_turnLeft      		CODE           	45B0	0000	384
		_stop          		CODE           	5074	0000	188
		_initDCmotorsPWM		CODE           	562E	0000	66
		_initDCmotors_parameter		CODE           	4BC8	0000	210
		_turnRight     		CODE           	4430	0000	384
		_short_reverse 		CODE           	5670	0000	66
		_setMotorPWM   		CODE           	389A	0000	468

dc_motor.c estimated size: 2172

interrupts.c
		_Interrupts_init		CODE           	5A76	0000	12
		_HighISR       		CODE           	0008	0000	32

interrupts.c estimated size: 44

C:\Program Files\Microchip\xc8\v2.35\pic\sources\c99\common\nf_sprintf.c
		_sprintf       		CODE           	53D0	0000	82

C:\Program Files\Microchip\xc8\v2.35\pic\sources\c99\common\nf_sprintf.c estimated size: 82

C:\Program Files\Microchip\xc8\v2.35\pic\sources\c99\common\sprcdiv.c
		___fldiv       		CODE           	27CC	0000	922

C:\Program Files\Microchip\xc8\v2.35\pic\sources\c99\common\sprcdiv.c estimated size: 922

i2c.c
		_I2C_2_Master_Start		CODE           	5A96	0000	10
		_I2C_2_Master_Read		CODE           	55EC	0000	66
		_I2C_2_Master_Idle		CODE           	58D2	0000	40
		_I2C_2_Master_Init		CODE           	58A8	0000	42
		_I2C_2_Master_Stop		CODE           	5A8C	0000	10
		_I2C_2_Master_RepStart		CODE           	5A82	0000	10
		_I2C_2_Master_Write		CODE           	5A6A	0000	12

i2c.c estimated size: 190

C:\Program Files\Microchip\xc8\v2.35\pic\sources\c99\common\nf_fputc.c
		_fputc         		CODE           	4C9A	0000	202

C:\Program Files\Microchip\xc8\v2.35\pic\sources\c99\common\nf_fputc.c estimated size: 202

C:\Program Files\Microchip\xc8\v2.35\pic\sources\c99\common\Umul16.c
		___wmul        		CODE           	58FA	0000	38

C:\Program Files\Microchip\xc8\v2.35\pic\sources\c99\common\Umul16.c estimated size: 38

C:\Program Files\Microchip\xc8\v2.35\pic\sources\c99\common\awdiv.c
		___awdiv       		CODE           	4EF0	0000	196

C:\Program Files\Microchip\xc8\v2.35\pic\sources\c99\common\awdiv.c estimated size: 196

C:\Program Files\Microchip\xc8\v2.35\pic\sources\c99\common\fltol.c
		___fltol       		CODE           	49BC	0000	264

C:\Program Files\Microchip\xc8\v2.35\pic\sources\c99\common\fltol.c estimated size: 264

C:\Program Files\Microchip\xc8\v2.35\pic\sources\c99\common\abs.c
		_abs           		CODE           	56F4	0000	64

C:\Program Files\Microchip\xc8\v2.35\pic\sources\c99\common\abs.c estimated size: 64

C:\Program Files\Microchip\xc8\v2.35\pic\sources\c99\common\roundf.c
		_roundf        		CODE           	241E	0000	942

C:\Program Files\Microchip\xc8\v2.35\pic\sources\c99\common\roundf.c estimated size: 942

C:\Program Files\Microchip\xc8\v2.35\pic\sources\c99\common\flge.c
		___flge        		CODE           	4AC4	0000	260

C:\Program Files\Microchip\xc8\v2.35\pic\sources\c99\common\flge.c estimated size: 260

C:\Program Files\Microchip\xc8\v2.35\pic\sources\c99\common\sprcadd.c
		___flsub       		CODE           	5562	0000	70
		___fladd       		CODE           	1B34	0000	1216

C:\Program Files\Microchip\xc8\v2.35\pic\sources\c99\common\sprcadd.c estimated size: 1286

shared
		__initialization		CODE           	5312	0000	78
		_toint         		SMALLCONST     	0000	0000	0

shared estimated size: 78

C:\Program Files\Microchip\xc8\v2.35\pic\sources\c99\common\flneg.c
		___flneg       		CODE           	57A8	0000	56

C:\Program Files\Microchip\xc8\v2.35\pic\sources\c99\common\flneg.c estimated size: 56

C:\Program Files\Microchip\xc8\v2.35\pic\sources\c99\common\xxtofl.c
		___xxtofl      		CODE           	3DDA	0000	436

C:\Program Files\Microchip\xc8\v2.35\pic\sources\c99\common\xxtofl.c estimated size: 436

test_and_calibration.c
		_test_function 		CODE           	42B0	0000	384

test_and_calibration.c estimated size: 384

C:\Program Files\Microchip\xc8\v2.35\pic\sources\c99\common\strlen.c
		_strlen        		CODE           	57E0	0000	54

C:\Program Files\Microchip\xc8\v2.35\pic\sources\c99\common\strlen.c estimated size: 54

C:\Program Files\Microchip\xc8\v2.35\pic\sources\c99\common\lroundf.c
		_lroundf       		CODE           	576E	0000	58

C:\Program Files\Microchip\xc8\v2.35\pic\sources\c99\common\lroundf.c estimated size: 58

C:\Program Files\Microchip\xc8\v2.35\pic\sources\c99\common\aomod.c
		___aomod       		CODE           	4730	0000	356

C:\Program Files\Microchip\xc8\v2.35\pic\sources\c99\common\aomod.c estimated size: 356

C:\Program Files\Microchip\xc8\v2.35\pic\sources\c99\common\nf_fputs.c
		_fputs         		CODE           	55A8	0000	68

C:\Program Files\Microchip\xc8\v2.35\pic\sources\c99\common\nf_fputs.c estimated size: 68

main.c
		_main          		CODE           	3F8E	0000	410

main.c estimated size: 410

movement.c
		_action        		CODE           	3118	0000	716
		_pin_init      		CODE           	59C0	0000	32
		_goback        		CODE           	2E4A	0000	718

movement.c estimated size: 1466

C:\Program Files\Microchip\xc8\v2.35\pic\sources\c99\common\doprnt.c
		_vfpfcnvrt     		CODE           	3C24	0000	438
		_pad           		CODE           	4E2A	0000	198
		_dtoa          		CODE           	2B66	0000	740
		_vfprintf      		CODE           	52B0	0000	98

C:\Program Files\Microchip\xc8\v2.35\pic\sources\c99\common\doprnt.c estimated size: 1474

