Microchip MPLAB XC8 Compiler V2.35

Linker command line:

-W-3 --edf=C:\Program Files\Microchip\xc8\v2.35\pic\dat\en_msgs.txt -cn \
  -h+dist/default/production\final-project-kangan-yuhai.X.production.sym \
  --cmf=dist/default/production\final-project-kangan-yuhai.X.production.cmf \
  -z -Q18F67K40 -oC:\Users\KANGAN~1\AppData\Local\Temp\xcAs6qn8.4 \
  --defsym=__MPLAB_BUILD=1 \
  -Mdist/default/production/final-project-kangan-yuhai.X.production.map \
  --md=C:\Users\KANGAN~1\AppData\Local\Temp\xcAs6qn8.dat -E1 \
  -ver=XC8 Compiler --acfsm=1493 -ACODE=00h-01FFFFh -ACONST=00h-01FFFFh \
  -ASMALLCONST=0E00h-0EFFhx498 -AMEDIUMCONST=0E00h-0FFFFh,010E00h-01FFFFh \
  -ACOMRAM=01h-05Fh -AABS1=00h-0DE9h -ABIGRAM=01h-0DE9h \
  -ARAM=060h-0FFh,0100h-01FFhx12,0D00h-0DE9h -ABANK0=060h-0FFh \
  -ABANK1=0100h-01FFh -ABANK2=0200h-02FFh -ABANK3=0300h-03FFh \
  -ABANK4=0400h-04FFh -ABANK5=0500h-05FFh -ABANK6=0600h-06FFh \
  -ABANK7=0700h-07FFh -ABANK8=0800h-08FFh -ABANK9=0900h-09FFh \
  -ABANK10=0A00h-0AFFh -ABANK11=0B00h-0BFFh -ABANK12=0C00h-0CFFh \
  -ABANK13=0D00h-0DE9h \
  -ASFR=0DEFh-0DFFh,0E00h-0EFFh,0F00h-0F5Fh,0F60h-0FFFh \
  -ABIGSFR=0DEFh-0FFFh -ACONFIG=0300000h-030000Bh -AIDLOC=0200000h-020000Fh \
  -AEEDATA=0310000h-03103FFh -peeprom_data=EEDATA \
  -preset_vec=00h,intcode=08h,intcodelo,powerup,init -pramtop=0E00h \
  -psmallconst=SMALLCONST -pmediumconst=MEDIUMCONST -pconst=CONST \
  -AFARRAM=00h-00h \
  -prdata=COMRAM,nvrram=COMRAM,nvbit=COMRAM,rbss=COMRAM,rbit=COMRAM \
  -pfarbss=FARRAM,fardata=FARRAM,nvFARRAM=FARRAM \
  -pintsave_regs=BIGRAM,bigbss=BIGRAM,bigdata=BIGRAM -pbss=RAM \
  -pidata=CODE,irdata=CODE,ibigdata=CODE,ifardata=CODE -prparam=COMRAM \
  C:\Users\KANGAN~1\AppData\Local\Temp\xcAs6qn8.o \
  dist/default/production\final-project-kangan-yuhai.X.production.o 

Object code version is 3.11

Machine type is 18F67K40



                Name                               Link     Load   Length Selector   Space Scale
C:\Users\KANGAN~1\AppData\Local\Temp\xcAs6qn8.o
                idloc                            200000   200000       10        0       5
                config                           300000   300000        C        0       4
                init                                 30       30        4        4       0
                reset_vec                             0        0        4        0       0
dist/default/production\final-project-kangan-yuhai.X.production.o
                intcode                               8        8       28        4       0
                idloc                            200000   200000       10        0       5
                config                           300000   300000        C        0       4
                temp                                 5F       5F        1        1       1
                smallconst                          E00      E00       14      700       0
                text78                             5D60     5D60        C      70A       0
                text77                             5CF4     5CF4       1E      70A       0
                text76                             5188     5188       C4      70A       0
                text75                             5BD0     5BD0       26      70A       0
                text74                             3A26     3A26      1D4      70A       0
                text73                             539C     539C       94      70A       0
                text72                             5308     5308       94      70A       0
                text71                             524C     524C       BC      70A       0
                text70                             5988     5988       42      70A       0
                text69                             4442     4442      18E      70A       0
                text68                             42B4     42B4      18E      70A       0
                text67                             32C0     32C0      2B0      70A       0
                text66                             5946     5946       42      70A       0
                text65                             3570     3570      2AC      70A       0
                text64                             2D2E     2D2E      2CC      70A       0
                text63                             5D2A     5D2A       16      70A       0
                text62                             5904     5904       42      70A       0
                text61                             3BFA     3BFA      1BA      70A       0
                text60                             4D7A     4D7A       E6      70A       0
                text59                             5B7E     5B7E       2A      70A       0
                text58                             5BA8     5BA8       28      70A       0
                text57                             5D80     5D80        A      70A       0
                text56                             5D76     5D76        A      70A       0
                text55                             5D54     5D54        C      70A       0
                text54                             5CB6     5CB6       20      70A       0
                text53                             5AEC     5AEC       34      70A       0
                text52                             58C2     58C2       42      70A       0
                text51                             4E60     4E60       D2      70A       0
                text50                             5CD6     5CD6       1E      70A       0
                text49                             5C96     5C96       20      70A       0
                text48                             5D40     5D40       14      70A       0
                text47                             5880     5880       42      70A       0
                text46                             5C76     5C76       20      70A       0
                text45                             26B0     26B0      39A      70A       0
                text44                             3F6A     3F6A      1B4      70A       0
                text43                             583E     583E       42      70A       0
                text42                             5D6C     5D6C        A      70A       0
                text41                             571E     571E       50      70A       0
                text40                             4B6E     4B6E      108      70A       0
                text39                             4C76     4C76      104      70A       0
                text38                             1ED8     1ED8      42A      70A       0
                text37                             5A7E     5A7E       38      70A       0
                text36                             1A18     1A18      4C0      70A       0
                text35                             57B4     57B4       46      70A       0
                text34                             2302     2302      3AE      70A       0
                text33                             5A44     5A44       3A      70A       0
                text32                             4A46     4A46      128      70A       0
                text31                             5C56     5C56       20      70A       0
                text30                             5C36     5C36       20      70A       0
                text29                             5C16     5C16       20      70A       0
                text28                             5BF6     5BF6       20      70A       0
                text27                             56CE     56CE       50      70A       0
                text26                             567E     567E       50      70A       0
                text25                             562E     562E       50      70A       0
                text24                             381C     381C      20A      70A       0
                text23                             5D12     5D12       18      70A       0
                text22                             5B20     5B20       30      70A       0
                text21                             475A     475A      188      70A       0
                text20                             48E2     48E2      164      70A       0
                text19                             59CA     59CA       40      70A       0
                text18                             5D8E     5D8E        2     2EC7       0
                text17                             4F32     4F32       CA      70A       0
                text16                             57FA     57FA       44      70A       0
                text15                             5AB6     5AB6       36      70A       0
                text14                             50C2     50C2       C6      70A       0
                text13                             2A4A     2A4A      2E4      70A       0
                text12                             3DB4     3DB4      1B6      70A       0
                text11                             551C     551C       62      70A       0
                text10                             55DC     55DC       52      70A       0
                text9                              54AC     54AC       70      70A       0
                text8                              5B50     5B50       2E      70A       0
                text7                              557E     557E       5E      70A       0
                text6                              411E     411E      196      70A       0
                text5                              5A0A     5A0A       3A      70A       0
                text4                               E14      E14      C04      70A       0
                text3                              4FFC     4FFC       C6      70A       0
                text2                              45D0     45D0      18A      70A       0
                text1                              5430     5430       7C      70A       0
                text0                              2FFA     2FFA      2C6      70A       0
                cstackCOMRAM                          1        1       5E        1       1
                cstackBANK0                          60       60       98       60       1
                cstackBANK1                         16A      16A       42      100       1
                bssBANK1                            100      100       6A      100       1
                dataBANK0                            FC       FC        3       60       1
                bssBANK0                             F8       F8        4       60       1
                cinit                              576E     576E       46      70A       0
                idataBANK0                         5D8A     5D8A        3      70A       0

TOTAL           Name                               Link     Load   Length     Space
        CLASS   CODE           
                intcode                               8        8       28         0
                init                                 30       30        4         0
                reset_vec                             0        0        4         0
                text78                             5D60     5D60        C         0
                text77                             5CF4     5CF4       1E         0
                text76                             5188     5188       C4         0
                text75                             5BD0     5BD0       26         0
                text74                             3A26     3A26      1D4         0
                text73                             539C     539C       94         0
                text72                             5308     5308       94         0
                text71                             524C     524C       BC         0
                text70                             5988     5988       42         0
                text69                             4442     4442      18E         0
                text68                             42B4     42B4      18E         0
                text67                             32C0     32C0      2B0         0
                text66                             5946     5946       42         0
                text65                             3570     3570      2AC         0
                text64                             2D2E     2D2E      2CC         0
                text63                             5D2A     5D2A       16         0
                text62                             5904     5904       42         0
                text61                             3BFA     3BFA      1BA         0
                text60                             4D7A     4D7A       E6         0
                text59                             5B7E     5B7E       2A         0
                text58                             5BA8     5BA8       28         0
                text57                             5D80     5D80        A         0
                text56                             5D76     5D76        A         0
                text55                             5D54     5D54        C         0
                text54                             5CB6     5CB6       20         0
                text53                             5AEC     5AEC       34         0
                text52                             58C2     58C2       42         0
                text51                             4E60     4E60       D2         0
                text50                             5CD6     5CD6       1E         0
                text49                             5C96     5C96       20         0
                text48                             5D40     5D40       14         0
                text47                             5880     5880       42         0
                text46                             5C76     5C76       20         0
                text45                             26B0     26B0      39A         0
                text44                             3F6A     3F6A      1B4         0
                text43                             583E     583E       42         0
                text42                             5D6C     5D6C        A         0
                text41                             571E     571E       50         0
                text40                             4B6E     4B6E      108         0
                text39                             4C76     4C76      104         0
                text38                             1ED8     1ED8      42A         0
                text37                             5A7E     5A7E       38         0
                text36                             1A18     1A18      4C0         0
                text35                             57B4     57B4       46         0
                text34                             2302     2302      3AE         0
                text33                             5A44     5A44       3A         0
                text32                             4A46     4A46      128         0
                text31                             5C56     5C56       20         0
                text30                             5C36     5C36       20         0
                text29                             5C16     5C16       20         0
                text28                             5BF6     5BF6       20         0
                text27                             56CE     56CE       50         0
                text26                             567E     567E       50         0
                text25                             562E     562E       50         0
                text24                             381C     381C      20A         0
                text23                             5D12     5D12       18         0
                text22                             5B20     5B20       30         0
                text21                             475A     475A      188         0
                text20                             48E2     48E2      164         0
                text19                             59CA     59CA       40         0
                text18                             5D8E     5D8E        2         0
                text17                             4F32     4F32       CA         0
                text16                             57FA     57FA       44         0
                text15                             5AB6     5AB6       36         0
                text14                             50C2     50C2       C6         0
                text13                             2A4A     2A4A      2E4         0
                text12                             3DB4     3DB4      1B6         0
                text11                             551C     551C       62         0
                text10                             55DC     55DC       52         0
                text9                              54AC     54AC       70         0
                text8                              5B50     5B50       2E         0
                text7                              557E     557E       5E         0
                text6                              411E     411E      196         0
                text5                              5A0A     5A0A       3A         0
                text4                               E14      E14      C04         0
                text3                              4FFC     4FFC       C6         0
                text2                              45D0     45D0      18A         0
                text1                              5430     5430       7C         0
                text0                              2FFA     2FFA      2C6         0
                cinit                              576E     576E       46         0
                idataBANK0                         5D8A     5D8A        3         0

        CLASS   CONST          

        CLASS   SMALLCONST     
                smallconst                          E00      E00       14         0

        CLASS   MEDIUMCONST    

        CLASS   COMRAM         
                temp                                 5F       5F        1         1
                cstackCOMRAM                          1        1       5E         1

        CLASS   ABS1           

        CLASS   BIGRAM         

        CLASS   RAM            

        CLASS   BANK0          
                cstackBANK0                          60       60       98         1
                dataBANK0                            FC       FC        3         1
                bssBANK0                             F8       F8        4         1

        CLASS   BANK1          
                cstackBANK1                         16A      16A       42         1
                bssBANK1                            100      100       6A         1

        CLASS   BANK2          

        CLASS   BANK3          

        CLASS   BANK4          

        CLASS   BANK5          

        CLASS   BANK6          

        CLASS   BANK7          

        CLASS   BANK8          

        CLASS   BANK9          

        CLASS   BANK10         

        CLASS   BANK11         

        CLASS   BANK12         

        CLASS   BANK13         

        CLASS   SFR            

        CLASS   BIGSFR         

        CLASS   CONFIG         
                config                           300000   300000        C         4

        CLASS   IDLOC          
                idloc                            200000   200000       10         5

        CLASS   EEDATA         

        CLASS   FARRAM         

        CLASS   HEAP           

        CLASS   STACK          



SEGMENTS        Name                           Load    Length   Top    Selector   Space  Class

                reset_vec                      000000  000004  000004         0       0  CODE    
                cstackCOMRAM                   000001  00005F  000060         1       1  COMRAM  
                intcode                        000008  00002C  000034         4       0  CODE    
                cstackBANK0                    000060  00009F  0000FF        60       1  BANK0   
                bssBANK1                       000100  0000AC  0001AC       100       1  BANK1   
                smallconst                     000E00  000014  000E14       700       0  SMALLCON
                text4                          000E14  004F79  005D8D       70A       0  CODE    
                text18                         005D8E  000002  005D90      2EC7       0  CODE    


UNUSED ADDRESS RANGES

        Name                Unused          Largest block    Delta
        BANK0            0000FF-0000FF                1
        BANK1            0001AC-0001FF               54
        BANK10           000A00-000AFF              100
        BANK11           000B00-000BFF              100
        BANK12           000C00-000CFF              100
        BANK13           000D00-000DE9               EA
        BANK2            000200-0002FF              100
        BANK3            000300-0003FF              100
        BANK4            000400-0004FF              100
        BANK5            000500-0005FF              100
        BANK6            000600-0006FF              100
        BANK7            000700-0007FF              100
        BANK8            000800-0008FF              100
        BANK9            000900-0009FF              100
        BIGRAM           0000FF-0000FF                1
                         0001AC-000DE9              C3E
        BIGSFR           000DEF-000FFF              211
        CODE             000004-000007                4
                         000034-000DFF              DCC
                         005D8D-005D8D                1
                         005D90-01FFFF            1A270
        CONST            000004-000007                4
                         000034-000DFF              DCC
                         005D8D-005D8D                1
                         005D90-01FFFF            1A270
        EEDATA           310000-3103FF              400
        MEDIUMCONST      005D8D-005D8D                1
                         005D90-00FFFF             A270
                         010E00-01FFFF             F200
        RAM              0000FF-0000FF                1
                         0001AC-000DE9              100
        SFR              000DEF-000FFF              100
        SMALLCONST       005D8D-005D8D                1
                         005D90-01FFFF              100

                                  Symbol Table

?___aodiv                       cstackCOMRAM 000001
?___aomod                       cstackCOMRAM 000001
?___awdiv                       cstackCOMRAM 000007
?___fladd                       cstackCOMRAM 000001
?___fldiv                       cstackCOMRAM 00000F
?___flmul                       cstackCOMRAM 000028
?___flneg                       cstackCOMRAM 000001
?___flsub                       cstackCOMRAM 000011
?___fltol                       cstackCOMRAM 00005B
?___wmul                        cstackCOMRAM 000001
?___xxtofl                      cstackCOMRAM 000001
?_abs                           cstackCOMRAM 000013
?_amb_light_measure             cstackBANK0  00006A
?_color_read_Blue               cstackCOMRAM 000005
?_color_read_Clear              cstackCOMRAM 000005
?_color_read_Green              cstackCOMRAM 000005
?_color_read_Red                cstackCOMRAM 000005
?_dtoa                          cstackCOMRAM 00001C
?_lroundf                       cstackBANK0  000066
?_pad                           cstackCOMRAM 000011
?_roundf                        cstackCOMRAM 000041
?_sprintf                       cstackBANK0  000060
?_strlen                        cstackCOMRAM 000001
?_vfpfcnvrt                     cstackCOMRAM 000040
?_vfprintf                      cstackCOMRAM 000050
I2C_2_Master_Read@ack           cstackCOMRAM 000003
I2C_2_Master_Read@tmp           cstackCOMRAM 000004
I2C_2_Master_Write@data_byte    cstackCOMRAM 000002
_ANSELDbits                     (abs)        000EA7
_ANSELFbits                     (abs)        000EB4
_BAUD4CONbits                   (abs)        000EE9
_CALIBRATION_135                dataBANK0    0000FE
_CALIBRATION_180                dataBANK0    0000FD
_HighISR                        intcode      000008
_I2C_2_Master_Idle              text58       005BA8
_I2C_2_Master_Init              text59       005B7E
_I2C_2_Master_Read              text43       00583E
_I2C_2_Master_RepStart          text42       005D6C
_I2C_2_Master_Start             text57       005D80
_I2C_2_Master_Stop              text56       005D76
_I2C_2_Master_Write             text55       005D54
_INTCONbits                     (abs)        000FF2
_Interrupts_init                text78       005D60
_LATAbits                       (abs)        000F79
_LATCbits                       (abs)        000F7B
_LATDbits                       (abs)        000F7C
_LATE                           (abs)        000F7D
_LATEbits                       (abs)        000F7D
_LATFbits                       (abs)        000F7E
_LATG                           (abs)        000F7F
_LATGbits                       (abs)        000F7F
_LATHbits                       (abs)        000F80
_LED_B                          text31       005C56
_LED_C                          text46       005C76
_LED_G                          text30       005C36
_LED_OFF                        text29       005C16
_LED_R                          text28       005BF6
_PIE0bits                       (abs)        000E29
_PIR0bits                       (abs)        000E33
_PIR4bits                       (abs)        000E37
_PORTFbits                      (abs)        000F8E
_PWM6CONbits                    (abs)        000FA4
_PWM6DCH                        (abs)        000FA3
_PWM7CONbits                    (abs)        000FA1
_PWM7DCH                        (abs)        000FA0
_RC0PPS                         (abs)        000E62
_RC4REG                         (abs)        000EE3
_RC4STAbits                     (abs)        000EE7
_RC7PPS                         (abs)        000E69
_RD5PPS                         (abs)        000E6F
_RD6PPS                         (abs)        000E70
_RE2PPS                         (abs)        000E74
_RX4PPS                         (abs)        000E15
_SENSITIVITY                    dataBANK0    0000FC
_SP4BRGH                        (abs)        000EE6
_SP4BRGL                        (abs)        000EE5
_SSP2ADD                        (abs)        000ED6
_SSP2BUF                        (abs)        000ED5
_SSP2CLKPPS                     (abs)        000E1C
_SSP2CON1bits                   (abs)        000ED9
_SSP2CON2                       (abs)        000EDA
_SSP2CON2bits                   (abs)        000EDA
_SSP2DATPPS                     (abs)        000E1D
_SSP2STAT                       (abs)        000ED8
_T0CON0bits                     (abs)        000FD5
_T0CON1bits                     (abs)        000FD6
_T2CLKCONbits                   (abs)        000FBF
_T2CONbits                      (abs)        000FBD
_T2HLTbits                      (abs)        000FBE
_T2PR                           (abs)        000FBC
_TMR0H                          (abs)        000FD4
_TMR0L                          (abs)        000FD3
_TRISAbits                      (abs)        000F81
_TRISCbits                      (abs)        000F83
_TRISDbits                      (abs)        000F84
_TRISEbits                      (abs)        000F85
_TRISFbits                      (abs)        000F86
_TRISGbits                      (abs)        000F87
_TRISHbits                      (abs)        000F88
_TX4REG                         (abs)        000EE4
_TX4STAbits                     (abs)        000EE8
_Timer0_init                    text77       005CF4
__HRAM                          (abs)        000000
__Habs1                         abs1         000000
__Hbank0                        bank0        000000
__Hbank1                        bank1        000000
__Hbank10                       bank10       000000
__Hbank11                       bank11       000000
__Hbank12                       bank12       000000
__Hbank13                       bank13       000000
__Hbank2                        bank2        000000
__Hbank3                        bank3        000000
__Hbank4                        bank4        000000
__Hbank5                        bank5        000000
__Hbank6                        bank6        000000
__Hbank7                        bank7        000000
__Hbank8                        bank8        000000
__Hbank9                        bank9        000000
__Hbigbss                       bigbss       000000
__Hbigdata                      bigdata      000000
__Hbigram                       bigram       000000
__Hbigsfr                       bigsfr       000000
__Hbss                          bss          000000
__HbssBANK0                     bssBANK0     000000
__HbssBANK1                     bssBANK1     000000
__Hcinit                        cinit        000000
__Hclrtext                      clrtext      000000
__Hcomram                       comram       000000
__Hconfig                       config       30000C
__Hconst                        const        000000
__HcstackBANK0                  cstackBANK0  000000
__HcstackBANK1                  cstackBANK1  000000
__HcstackCOMRAM                 cstackCOMRAM 000000
__Hdata                         data         000000
__HdataBANK0                    dataBANK0    000000
__Heeprom_data                  eeprom_data  000000
__Hfarbss                       farbss       000000
__Hfardata                      fardata      000000
__Hheap                         heap         000000
__Hibigdata                     ibigdata     000000
__Hidata                        idata        000000
__HidataBANK0                   idataBANK0   000000
__Hidloc                        idloc        200010
__Hifardata                     ifardata     000000
__Hinit                         init         000034
__Hintcode                      intcode      000030
__Hintcode_body                 intcode_body 000000
__Hintcodelo                    intcodelo    000030
__Hintentry                     intentry     000000
__Hintret                       intret       000000
__Hintsave_regs                 intsave_regs 000000
__Hirdata                       irdata       000000
__Hmediumconst                  mediumconst  000000
__HnvFARRAM                     nvFARRAM     000000
__Hnvbit                        nvbit        000000
__Hnvrram                       nvrram       000000
__Hparam                        rparam       000000
__Hpowerup                      powerup      000030
__Hram                          ram          000000
__Hramtop                       ramtop       000E00
__Hrbit                         rbit         000000
__Hrbss                         rbss         000000
__Hrdata                        rdata        000000
__Hreset_vec                    reset_vec    000004
__Hrparam                       rparam       000000
__Hsfr                          sfr          000000
__Hsmallconst                   smallconst   000E14
__Hspace_0                      (abs)        005D90
__Hspace_1                      (abs)        0001AC
__Hspace_2                      (abs)        000000
__Hspace_4                      (abs)        60000C
__Hstack                        stack        000000
__Hstruct                       struct       000000
__Htemp                         temp         000060
__Htext                         text         000000
__Htext0                        text0        000000
__Htext1                        text1        000000
__Htext10                       text10       000000
__Htext11                       text11       000000
__Htext12                       text12       000000
__Htext13                       text13       000000
__Htext14                       text14       000000
__Htext15                       text15       000000
__Htext16                       text16       000000
__Htext17                       text17       000000
__Htext18                       text18       000000
__Htext19                       text19       000000
__Htext2                        text2        000000
__Htext20                       text20       000000
__Htext21                       text21       000000
__Htext22                       text22       000000
__Htext23                       text23       000000
__Htext24                       text24       000000
__Htext25                       text25       000000
__Htext26                       text26       000000
__Htext27                       text27       000000
__Htext28                       text28       000000
__Htext29                       text29       000000
__Htext3                        text3        000000
__Htext30                       text30       000000
__Htext31                       text31       000000
__Htext32                       text32       000000
__Htext33                       text33       000000
__Htext34                       text34       000000
__Htext35                       text35       000000
__Htext36                       text36       000000
__Htext37                       text37       000000
__Htext38                       text38       000000
__Htext39                       text39       000000
__Htext4                        text4        000000
__Htext40                       text40       000000
__Htext41                       text41       000000
__Htext42                       text42       000000
__Htext43                       text43       000000
__Htext44                       text44       000000
__Htext45                       text45       000000
__Htext46                       text46       000000
__Htext47                       text47       000000
__Htext48                       text48       000000
__Htext49                       text49       000000
__Htext5                        text5        000000
__Htext50                       text50       000000
__Htext51                       text51       000000
__Htext52                       text52       000000
__Htext53                       text53       000000
__Htext54                       text54       000000
__Htext55                       text55       000000
__Htext56                       text56       000000
__Htext57                       text57       000000
__Htext58                       text58       000000
__Htext59                       text59       000000
__Htext6                        text6        000000
__Htext60                       text60       000000
__Htext61                       text61       000000
__Htext62                       text62       000000
__Htext63                       text63       000000
__Htext64                       text64       000000
__Htext65                       text65       000000
__Htext66                       text66       000000
__Htext67                       text67       000000
__Htext68                       text68       000000
__Htext69                       text69       000000
__Htext7                        text7        000000
__Htext70                       text70       000000
__Htext71                       text71       000000
__Htext72                       text72       000000
__Htext73                       text73       000000
__Htext74                       text74       000000
__Htext75                       text75       000000
__Htext76                       text76       000000
__Htext77                       text77       000000
__Htext78                       text78       000000
__Htext8                        text8        000000
__Htext9                        text9        000000
__LRAM                          (abs)        000001
__Labs1                         abs1         000000
__Lbank0                        bank0        000000
__Lbank1                        bank1        000000
__Lbank10                       bank10       000000
__Lbank11                       bank11       000000
__Lbank12                       bank12       000000
__Lbank13                       bank13       000000
__Lbank2                        bank2        000000
__Lbank3                        bank3        000000
__Lbank4                        bank4        000000
__Lbank5                        bank5        000000
__Lbank6                        bank6        000000
__Lbank7                        bank7        000000
__Lbank8                        bank8        000000
__Lbank9                        bank9        000000
__Lbigbss                       bigbss       000000
__Lbigdata                      bigdata      000000
__Lbigram                       bigram       000000
__Lbigsfr                       bigsfr       000000
__Lbss                          bss          000000
__LbssBANK0                     bssBANK0     000000
__LbssBANK1                     bssBANK1     000000
__Lcinit                        cinit        000000
__Lclrtext                      clrtext      000000
__Lcomram                       comram       000000
__Lconfig                       config       000000
__Lconst                        const        000000
__LcstackBANK0                  cstackBANK0  000000
__LcstackBANK1                  cstackBANK1  000000
__LcstackCOMRAM                 cstackCOMRAM 000000
__Ldata                         data         000000
__LdataBANK0                    dataBANK0    000000
__Leeprom_data                  eeprom_data  000000
__Lfarbss                       farbss       000000
__Lfardata                      fardata      000000
__Lheap                         heap         000000
__Libigdata                     ibigdata     000000
__Lidata                        idata        000000
__LidataBANK0                   idataBANK0   000000
__Lidloc                        idloc        000000
__Lifardata                     ifardata     000000
__Linit                         init         000030
__Lintcode                      intcode      000008
__Lintcode_body                 intcode_body 000000
__Lintcodelo                    intcodelo    000030
__Lintentry                     intentry     000000
__Lintret                       intret       000000
__Lintsave_regs                 intsave_regs 000000
__Lirdata                       irdata       000000
__Lmediumconst                  mediumconst  000000
__LnvFARRAM                     nvFARRAM     000000
__Lnvbit                        nvbit        000000
__Lnvrram                       nvrram       000000
__Lparam                        rparam       000000
__Lpowerup                      powerup      000030
__Lram                          ram          000000
__Lramtop                       ramtop       000E00
__Lrbit                         rbit         000000
__Lrbss                         rbss         000000
__Lrdata                        rdata        000000
__Lreset_vec                    reset_vec    000000
__Lrparam                       rparam       000000
__Lsfr                          sfr          000000
__Lsmallconst                   smallconst   000E00
__Lspace_0                      (abs)        000000
__Lspace_1                      (abs)        000000
__Lspace_2                      (abs)        000000
__Lspace_4                      (abs)        000000
__Lstack                        stack        000000
__Lstruct                       struct       000000
__Ltemp                         temp         00005F
__Ltext                         text         000000
__Ltext0                        text0        000000
__Ltext1                        text1        000000
__Ltext10                       text10       000000
__Ltext11                       text11       000000
__Ltext12                       text12       000000
__Ltext13                       text13       000000
__Ltext14                       text14       000000
__Ltext15                       text15       000000
__Ltext16                       text16       000000
__Ltext17                       text17       000000
__Ltext18                       text18       000000
__Ltext19                       text19       000000
__Ltext2                        text2        000000
__Ltext20                       text20       000000
__Ltext21                       text21       000000
__Ltext22                       text22       000000
__Ltext23                       text23       000000
__Ltext24                       text24       000000
__Ltext25                       text25       000000
__Ltext26                       text26       000000
__Ltext27                       text27       000000
__Ltext28                       text28       000000
__Ltext29                       text29       000000
__Ltext3                        text3        000000
__Ltext30                       text30       000000
__Ltext31                       text31       000000
__Ltext32                       text32       000000
__Ltext33                       text33       000000
__Ltext34                       text34       000000
__Ltext35                       text35       000000
__Ltext36                       text36       000000
__Ltext37                       text37       000000
__Ltext38                       text38       000000
__Ltext39                       text39       000000
__Ltext4                        text4        000000
__Ltext40                       text40       000000
__Ltext41                       text41       000000
__Ltext42                       text42       000000
__Ltext43                       text43       000000
__Ltext44                       text44       000000
__Ltext45                       text45       000000
__Ltext46                       text46       000000
__Ltext47                       text47       000000
__Ltext48                       text48       000000
__Ltext49                       text49       000000
__Ltext5                        text5        000000
__Ltext50                       text50       000000
__Ltext51                       text51       000000
__Ltext52                       text52       000000
__Ltext53                       text53       000000
__Ltext54                       text54       000000
__Ltext55                       text55       000000
__Ltext56                       text56       000000
__Ltext57                       text57       000000
__Ltext58                       text58       000000
__Ltext59                       text59       000000
__Ltext6                        text6        000000
__Ltext60                       text60       000000
__Ltext61                       text61       000000
__Ltext62                       text62       000000
__Ltext63                       text63       000000
__Ltext64                       text64       000000
__Ltext65                       text65       000000
__Ltext66                       text66       000000
__Ltext67                       text67       000000
__Ltext68                       text68       000000
__Ltext69                       text69       000000
__Ltext7                        text7        000000
__Ltext70                       text70       000000
__Ltext71                       text71       000000
__Ltext72                       text72       000000
__Ltext73                       text73       000000
__Ltext74                       text74       000000
__Ltext75                       text75       000000
__Ltext76                       text76       000000
__Ltext77                       text77       000000
__Ltext78                       text78       000000
__Ltext8                        text8        000000
__Ltext9                        text9        000000
__S0                            (abs)        005D90
__S1                            (abs)        0001AC
__S4                            (abs)        000000
__S5                            (abs)        000000
___aodiv                        text21       00475A
___aodiv@counter                cstackCOMRAM 000011
___aodiv@dividend               cstackCOMRAM 000001
___aodiv@divisor                cstackCOMRAM 000009
___aodiv@quotient               cstackCOMRAM 000013
___aodiv@sign                   cstackCOMRAM 000012
___aomod                        text20       0048E2
___aomod@counter                cstackCOMRAM 000011
___aomod@dividend               cstackCOMRAM 000001
___aomod@divisor                cstackCOMRAM 000009
___aomod@sign                   cstackCOMRAM 000012
___awdiv                        text76       005188
___awdiv@counter                cstackCOMRAM 00000B
___awdiv@dividend               cstackCOMRAM 000007
___awdiv@divisor                cstackCOMRAM 000009
___awdiv@quotient               cstackCOMRAM 00000D
___awdiv@sign                   cstackCOMRAM 00000C
___fladd                        text36       001A18
___fladd@a                      cstackCOMRAM 000005
___fladd@aexp                   cstackCOMRAM 00000E
___fladd@b                      cstackCOMRAM 000001
___fladd@bexp                   cstackCOMRAM 00000F
___fladd@grs                    cstackCOMRAM 000010
___fladd@signs                  cstackCOMRAM 00000D
___fldiv                        text45       0026B0
___fldiv@a                      cstackCOMRAM 000013
___fldiv@aexp                   cstackCOMRAM 000027
___fldiv@b                      cstackCOMRAM 00000F
___fldiv@bexp                   cstackCOMRAM 000026
___fldiv@grs                    cstackCOMRAM 000022
___fldiv@new_exp                cstackCOMRAM 000020
___fldiv@rem                    cstackCOMRAM 00001B
___fldiv@sign                   cstackCOMRAM 00001F
___flge                         text39       004C76
___flge@ff1                     cstackCOMRAM 000001
___flge@ff2                     cstackCOMRAM 000005
___flmul                        text38       001ED8
___flmul@a                      cstackCOMRAM 00002C
___flmul@aexp                   cstackCOMRAM 000039
___flmul@b                      cstackCOMRAM 000028
___flmul@bexp                   cstackCOMRAM 00003A
___flmul@grs                    cstackCOMRAM 000035
___flmul@prod                   cstackCOMRAM 00003B
___flmul@sign                   cstackCOMRAM 000034
___flmul@temp                   cstackCOMRAM 00003F
___flneg                        text37       005A7E
___flneg@f1                     cstackCOMRAM 000001
___flsub                        text35       0057B4
___flsub@a                      cstackCOMRAM 000015
___flsub@b                      cstackCOMRAM 000011
___fltol                        text40       004B6E
___fltol@exp1                   cstackBANK0  000065
___fltol@f1                     cstackCOMRAM 00005B
___fltol@sign1                  cstackBANK0  000064
___heap_hi                      (abs)        000000
___heap_lo                      (abs)        000000
___inthi_sp                     stack        000000
___intlo_sp                     stack        000000
___param_bank                   (abs)        000000
___rparam_used                  (abs)        000001
___sp                           stack        000000
___wmul                         text75       005BD0
___wmul@multiplicand            cstackCOMRAM 000003
___wmul@multiplier              cstackCOMRAM 000001
___wmul@product                 cstackCOMRAM 000005
___xxtofl                       text44       003F6A
___xxtofl@arg                   cstackCOMRAM 00000B
___xxtofl@exp                   cstackCOMRAM 00000A
___xxtofl@sign                  cstackCOMRAM 000009
___xxtofl@val                   cstackCOMRAM 000001
__accesstop                     (abs)        000060
__activetblptr                  (abs)        000001
__end_of_HighISR                intcode      000030
__end_of_I2C_2_Master_Idle      text58       005BD0
__end_of_I2C_2_Master_Init      text59       005BA8
__end_of_I2C_2_Master_Read      text43       005880
__end_of_I2C_2_Master_RepStart  text42       005D76
__end_of_I2C_2_Master_Start     text57       005D8A
__end_of_I2C_2_Master_Stop      text56       005D80
__end_of_I2C_2_Master_Write     text55       005D60
__end_of_Interrupts_init        text78       005D6C
__end_of_LED_B                  text31       005C76
__end_of_LED_C                  text46       005C96
__end_of_LED_G                  text30       005C56
__end_of_LED_OFF                text29       005C36
__end_of_LED_R                  text28       005C16
__end_of_Timer0_init            text77       005D12
__end_of___aodiv                text21       0048E2
__end_of___aomod                text20       004A46
__end_of___awdiv                text76       00524C
__end_of___fladd                text36       001ED8
__end_of___fldiv                text45       002A4A
__end_of___flge                 text39       004D7A
__end_of___flmul                text38       002302
__end_of___flneg                text37       005AB6
__end_of___flsub                text35       0057FA
__end_of___fltol                text40       004C76
__end_of___wmul                 text75       005BF6
__end_of___xxtofl               text44       00411E
__end_of__initialization        cinit        0057A2
__end_of_abs                    text19       005A0A
__end_of_action                 text64       002FFA
__end_of_amb_light_measure      text32       004B6E
__end_of_buggylight_init        text63       005D40
__end_of_calibrate_white        text24       003A26
__end_of_calibration_motor      text60       004E60
__end_of_color_click_init       text53       005B20
__end_of_color_data_collection  text6        0042B4
__end_of_color_display          text9        00551C
__end_of_color_predict          text8        005B7E
__end_of_color_read_Blue        text27       00571E
__end_of_color_read_Clear       text41       00576E
__end_of_color_read_Green       text26       0056CE
__end_of_color_read_Red         text25       00567E
__end_of_color_writetoaddr      text54       005CD6
__end_of_compare                text5        005A44
__end_of_detect_color           text4        001A18
__end_of_distance_measure       text3        0050C2
__end_of_dtoa                   text13       002D2E
__end_of_fputc                  text17       004FFC
__end_of_fputs                  text16       00583E
__end_of_fullSpeedAhead         text73       005430
__end_of_fullSpeedAhead_test    text62       005946
__end_of_fullSpeedBack          text72       00539C
__end_of_goback                 text67       003570
__end_of_initDCmotorsPWM        text52       005904
__end_of_initDCmotors_parameter text51       004F32
__end_of_initUSART4             text50       005CF4
__end_of_lroundf                text33       005A7E
__end_of_main                   text0        0032C0
__end_of_pad                    text14       005188
__end_of_pin_init               text49       005CB6
__end_of_putch                  text18       005D90
__end_of_read_color             text7        0055DC
__end_of_reverse_square         text70       0059CA
__end_of_roundf                 text34       0026B0
__end_of_sendCharSerial4        text23       005D2A
__end_of_sendStringSerial4      text22       005B50
__end_of_setMotorPWM            text74       003BFA
__end_of_setup_init             text48       005D54
__end_of_short_burst_back       text47       0058C2
__end_of_short_reverse          text66       005988
__end_of_sprintf                text10       00562E
__end_of_stop                   text71       005308
__end_of_strlen                 text15       005AEC
__end_of_test_action            text61       003DB4
__end_of_test_function          text2        00475A
__end_of_toggle_light           text65       00381C
__end_of_toint                  smallconst   000E05
__end_of_turnLeft               text69       0045D0
__end_of_turnRight              text68       004442
__end_of_verify_color           text1        0054AC
__end_of_vfpfcnvrt              text12       003F6A
__end_of_vfprintf               text11       00557E
__initialization                cinit        00576E
__mediumconst                   mediumconst  000000
__pbssBANK0                     bssBANK0     0000F8
__pbssBANK1                     bssBANK1     000100
__pcinit                        cinit        00576E
__pcstackBANK0                  cstackBANK0  000060
__pcstackBANK1                  cstackBANK1  00016A
__pcstackCOMRAM                 cstackCOMRAM 000001
__pdataBANK0                    dataBANK0    0000FC
__pidataBANK0                   idataBANK0   005D8A
__pintcode                      intcode      000008
__psmallconst                   smallconst   000E00
__ptext0                        text0        002FFA
__ptext1                        text1        005430
__ptext10                       text10       0055DC
__ptext11                       text11       00551C
__ptext12                       text12       003DB4
__ptext13                       text13       002A4A
__ptext14                       text14       0050C2
__ptext15                       text15       005AB6
__ptext16                       text16       0057FA
__ptext17                       text17       004F32
__ptext18                       text18       005D8E
__ptext19                       text19       0059CA
__ptext2                        text2        0045D0
__ptext20                       text20       0048E2
__ptext21                       text21       00475A
__ptext22                       text22       005B20
__ptext23                       text23       005D12
__ptext24                       text24       00381C
__ptext25                       text25       00562E
__ptext26                       text26       00567E
__ptext27                       text27       0056CE
__ptext28                       text28       005BF6
__ptext29                       text29       005C16
__ptext3                        text3        004FFC
__ptext30                       text30       005C36
__ptext31                       text31       005C56
__ptext32                       text32       004A46
__ptext33                       text33       005A44
__ptext34                       text34       002302
__ptext35                       text35       0057B4
__ptext36                       text36       001A18
__ptext37                       text37       005A7E
__ptext38                       text38       001ED8
__ptext39                       text39       004C76
__ptext4                        text4        000E14
__ptext40                       text40       004B6E
__ptext41                       text41       00571E
__ptext42                       text42       005D6C
__ptext43                       text43       00583E
__ptext44                       text44       003F6A
__ptext45                       text45       0026B0
__ptext46                       text46       005C76
__ptext47                       text47       005880
__ptext48                       text48       005D40
__ptext49                       text49       005C96
__ptext5                        text5        005A0A
__ptext50                       text50       005CD6
__ptext51                       text51       004E60
__ptext52                       text52       0058C2
__ptext53                       text53       005AEC
__ptext54                       text54       005CB6
__ptext55                       text55       005D54
__ptext56                       text56       005D76
__ptext57                       text57       005D80
__ptext58                       text58       005BA8
__ptext59                       text59       005B7E
__ptext6                        text6        00411E
__ptext60                       text60       004D7A
__ptext61                       text61       003BFA
__ptext62                       text62       005904
__ptext63                       text63       005D2A
__ptext64                       text64       002D2E
__ptext65                       text65       003570
__ptext66                       text66       005946
__ptext67                       text67       0032C0
__ptext68                       text68       0042B4
__ptext69                       text69       004442
__ptext7                        text7        00557E
__ptext70                       text70       005988
__ptext71                       text71       00524C
__ptext72                       text72       005308
__ptext73                       text73       00539C
__ptext74                       text74       003A26
__ptext75                       text75       005BD0
__ptext76                       text76       005188
__ptext77                       text77       005CF4
__ptext78                       text78       005D60
__ptext8                        text8        005B50
__ptext9                        text9        0054AC
__ramtop                        ramtop       000E00
__smallconst                    smallconst   000E00
_abs                            text19       0059CA
_action                         text64       002D2E
_amb_light_measure              text32       004A46
_array_index                    bssBANK1     000149
_buggylight_init                text63       005D2A
_calibrate_white                text24       00381C
_calibration_motor              text60       004D7A
_centisecond                    bssBANK1     000146
_color                          bssBANK1     000148
_color_click_init               text53       005AEC
_color_data_collection          text6        00411E
_color_display                  text9        0054AC
_color_predict                  text8        005B50
_color_read_Blue                text27       0056CE
_color_read_Clear               text41       00571E
_color_read_Green               text26       00567E
_color_read_Red                 text25       00562E
_color_writetoaddr              text54       005CB6
_compare                        text5        005A0A
_dbuf                           bssBANK1     00014A
_detect_color                   text4        000E14
_detect_color$3252              cstackBANK0  00008E
_distance_measure               text3        004FFC
_distance_measure$3253          cstackBANK0  000074
_dtoa                           text13       002A4A
_dtoa$2916                      cstackCOMRAM 00002E
_flags                          bssBANK0     0000FA
_fputc                          text17       004F32
_fputs                          text16       0057FA
_fullSpeedAhead                 text73       00539C
_fullSpeedAhead_test            text62       005904
_fullSpeedBack                  text72       005308
_goback                         text67       0032C0
_initDCmotorsPWM                text52       0058C2
_initDCmotors_parameter         text51       004E60
_initUSART4                     text50       005CD6
_lroundf                        text33       005A44
_main                           text0        002FFA
_memory                         bssBANK1     000100
_motorL                         bssBANK1     000131
_motorR                         bssBANK1     000128
_nout                           bssBANK1     00013E
_pad                            text14       0050C2
_pin_init                       text49       005C96
_prec                           bssBANK0     0000F8
_putch                          text18       005D8E
_read_color                     text7        00557E
_reverse_square                 text70       005988
_roundf                         text34       002302
_roundf$3254                    cstackCOMRAM 00004F
_roundf$3255                    cstackCOMRAM 000049
_sendCharSerial4                text23       005D12
_sendStringSerial4              text22       005B20
_setMotorPWM                    text74       003A26
_setup_init                     text48       005D40
_short_burst_back               text47       005880
_short_reverse                  text66       005946
_sprintf                        text10       0055DC
_start_move                     bssBANK1     000144
_stop                           text71       00524C
_stop_move                      bssBANK1     000142
_strlen                         text15       005AB6
_test_action                    text61       003BFA
_test_function                  text2        0045D0
_toggle_light                   text65       003570
_turnLeft                       text69       004442
_turnRight                      text68       0042B4
_verify_color                   text1        005430
_vfpfcnvrt                      text12       003DB4
_vfprintf                       text11       00551C
_width                          bssBANK1     000140
abs@a                           cstackCOMRAM 000013
action@color                    cstackCOMRAM 00003E
action@mL                       cstackCOMRAM 00003A
action@mR                       cstackCOMRAM 00003C
amb_light_measure@CC_amb_1      cstackBANK0  000072
amb_light_measure@CC_amb_2      cstackBANK0  000074
amb_light_measure@CC_amb_3      cstackBANK0  000076
amb_light_measure@CC_amb_ave    cstackBANK0  000070
amb_light_measure@amb           cstackBANK0  00006A
amb_light_measure@upper_bound   cstackBANK0  00006E
btemp                           temp         00005F
calibrate_white@w               cstackCOMRAM 00000C
calibration_motor@mL            cstackCOMRAM 000036
calibration_motor@mR            cstackCOMRAM 000038
color_data_collection@i         cstackBANK0  0000DE
color_data_collection@j         cstackBANK0  0000E0
color_data_collection@k         cstackBANK0  0000E2
color_data_collection@m         cstackCOMRAM 00005A
color_data_collection@x         cstackBANK0  0000E4
color_display@buf               cstackBANK0  000079
color_display@m                 cstackCOMRAM 000058
color_predict@buf               cstackBANK0  000079
color_predict@color             cstackBANK0  0000DD
color_read_Blue@tmp             cstackCOMRAM 00000A
color_read_Clear@tmp            cstackCOMRAM 00000A
color_read_Green@tmp            cstackCOMRAM 00000A
color_read_Red@tmp              cstackCOMRAM 00000A
color_writetoaddr@address       cstackCOMRAM 000004
color_writetoaddr@value         cstackCOMRAM 000003
compare@lower                   cstackBANK0  00006A
compare@result                  cstackBANK0  000070
compare@upper                   cstackBANK0  00006E
compare@value2compare           cstackBANK0  00006C
detect_color@BB                 cstackBANK0  00007F
detect_color@BC                 cstackBANK0  00007B
detect_color@BG                 cstackBANK0  00008C
detect_color@BR                 cstackBANK0  000085
detect_color@GB                 cstackBANK0  000083
detect_color@GG                 cstackBANK0  000087
detect_color@GR                 cstackBANK0  00007D
detect_color@RB                 cstackBANK0  000081
detect_color@RG                 cstackBANK0  000079
detect_color@RR                 cstackBANK0  00008A
detect_color@color              cstackBANK0  000089
detect_color@m                  cstackBANK0  000071
detect_color@w                  cstackBANK0  000073
distance_measure@CC_amb         cstackBANK0  000078
distance_measure@CG_amb         cstackBANK0  000072
distance_measure@amb_light      cstackBANK0  00006E
distance_measure@mL             cstackBANK0  00006A
distance_measure@mR             cstackBANK0  00006C
distance_measure@stop           cstackBANK0  00007C
distance_measure@threshold      cstackBANK0  00007A
dtoa@d                          cstackCOMRAM 00001E
dtoa@fp                         cstackCOMRAM 00001C
dtoa@i                          cstackCOMRAM 00003E
dtoa@n                          cstackCOMRAM 000036
dtoa@p                          cstackCOMRAM 000030
dtoa@s                          cstackCOMRAM 000034
dtoa@w                          cstackCOMRAM 000032
end_of_initialization           cinit        0057A2
fputc@c                         cstackCOMRAM 000001
fputc@fp                        cstackCOMRAM 000003
fputs@c                         cstackCOMRAM 00000E
fputs@fp                        cstackCOMRAM 00000C
fputs@i                         cstackCOMRAM 00000F
fputs@s                         cstackCOMRAM 00000A
fullSpeedAhead@mL               cstackCOMRAM 00001A
fullSpeedAhead@mR               cstackCOMRAM 00001C
fullSpeedAhead_test@mL          cstackCOMRAM 000020
fullSpeedAhead_test@mR          cstackCOMRAM 000022
fullSpeedBack@mL                cstackCOMRAM 00001A
fullSpeedBack@mR                cstackCOMRAM 00001C
goback@i                        cstackCOMRAM 000038
goback@mL                       cstackCOMRAM 000032
goback@mR                       cstackCOMRAM 000034
initDCmotorsPWM@PWMperiod       cstackCOMRAM 000001
initDCmotors_parameter@motorL   cstackCOMRAM 000001
initDCmotors_parameter@motorR   cstackCOMRAM 000003
int$flags                       temp         00005F
intlevel0                       text         000000
intlevel1                       text         000000
intlevel2                       text         000000
intlevel3                       text         000000
isa$std                         (abs)        000001
isa$xinst                       (abs)        000000
lroundf@x                       cstackBANK0  000066
main@amb                        cstackBANK1  00016A
main@amb_light                  cstackBANK1  000172
main@motorL                     cstackBANK1  00019A
main@motorR                     cstackBANK1  0001A3
main@rgb                        cstackBANK1  000176
main@setup                      cstackBANK1  000174
main@stop_signal                cstackBANK1  000175
main@white                      cstackBANK1  00017E
pad@buf                         cstackCOMRAM 000013
pad@fp                          cstackCOMRAM 000011
pad@i                           cstackCOMRAM 000018
pad@p                           cstackCOMRAM 000015
pad@w                           cstackCOMRAM 00001A
read_color@m                    cstackCOMRAM 00000C
reverse_square@mL               cstackCOMRAM 000020
reverse_square@mR               cstackCOMRAM 000022
roundf@F527                     bssBANK1     00013A
roundf@e                        cstackCOMRAM 00004D
roundf@u                        cstackCOMRAM 000053
roundf@x                        cstackCOMRAM 000041
roundf@y                        cstackCOMRAM 000057
sendCharSerial4@charToSend      cstackCOMRAM 000001
sendStringSerial4@string        cstackCOMRAM 000002
setMotorPWM@PWMduty             cstackCOMRAM 000018
setMotorPWM@m                   cstackCOMRAM 00000F
short_burst_back@mL             cstackCOMRAM 000020
short_burst_back@mR             cstackCOMRAM 000022
short_reverse@mL                cstackCOMRAM 000020
short_reverse@mR                cstackCOMRAM 000022
sprintf@ap                      cstackBANK0  00006C
sprintf@f                       cstackBANK0  00006E
sprintf@fmt                     cstackBANK0  000062
sprintf@s                       cstackBANK0  000060
stackhi                         (abs)        000000
stacklo                         (abs)        000000
start                           init         000030
start_initialization            cinit        00576E
stop@mL                         cstackCOMRAM 00001A
stop@mR                         cstackCOMRAM 00001C
strlen@a                        cstackCOMRAM 000003
strlen@s                        cstackCOMRAM 000001
test_action@mL                  cstackCOMRAM 000032
test_action@mR                  cstackCOMRAM 000034
test_function@amb_light         cstackBANK0  0000F0
test_function@color             cstackBANK0  0000F3
test_function@complete          cstackBANK0  0000F2
test_function@m                 cstackBANK0  0000E6
test_function@mL                cstackBANK0  0000EA
test_function@mR                cstackBANK0  0000EC
test_function@stop_signal       cstackBANK0  0000F4
test_function@test_code         cstackBANK0  0000F5
test_function@w                 cstackBANK0  0000E8
toggle_light@i                  cstackCOMRAM 000004
toggle_light@lightnumber        cstackCOMRAM 000005
toggle_light@toggletime         cstackCOMRAM 000001
ttemp5                          temp         000060
ttemp6                          temp         000063
ttemp7                          temp         000067
turnLeft@angle_left             cstackCOMRAM 000024
turnLeft@delay                  cstackCOMRAM 000030
turnLeft@delay_135              cstackCOMRAM 000026
turnLeft@delay_180              cstackCOMRAM 000028
turnLeft@i                      cstackCOMRAM 00002A
turnLeft@i_1309                 cstackCOMRAM 00002C
turnLeft@i_1310                 cstackCOMRAM 00002E
turnLeft@mL                     cstackCOMRAM 000020
turnLeft@mR                     cstackCOMRAM 000022
turnRight@angle_right           cstackCOMRAM 000024
turnRight@delay                 cstackCOMRAM 000030
turnRight@delay_135             cstackCOMRAM 000026
turnRight@delay_180             cstackCOMRAM 000028
turnRight@i                     cstackCOMRAM 00002A
turnRight@i_1332                cstackCOMRAM 00002C
turnRight@i_1333                cstackCOMRAM 00002E
turnRight@mL                    cstackCOMRAM 000020
turnRight@mR                    cstackCOMRAM 000022
verify_color@color              cstackBANK0  00009A
verify_color@color2             cstackBANK0  000098
verify_color@m                  cstackBANK0  000092
verify_color@w                  cstackBANK0  000094
vfpfcnvrt@ap                    cstackCOMRAM 000044
vfpfcnvrt@fmt                   cstackCOMRAM 000042
vfpfcnvrt@fp                    cstackCOMRAM 000040
vfpfcnvrt@ll                    cstackCOMRAM 000048
vfprintf@ap                     cstackCOMRAM 000054
vfprintf@cfmt                   cstackCOMRAM 000056
vfprintf@fmt                    cstackCOMRAM 000052
vfprintf@fp                     cstackCOMRAM 000050
wtemp8                          temp         000060


MODULE INFORMATION

Module		Function		Class		Link	Load	Size
C:\Program Files\Microchip\xc8\v2.35\pic\sources\c99\common\putch.c
		_putch         		CODE           	5D8E	0000	2

C:\Program Files\Microchip\xc8\v2.35\pic\sources\c99\common\putch.c estimated size: 2

serial.c
		_sendStringSerial4		CODE           	5B20	0000	48
		_sendCharSerial4		CODE           	5D12	0000	24
		_initUSART4    		CODE           	5CD6	0000	30

serial.c estimated size: 102

timers.c
		_Timer0_init   		CODE           	5CF4	0000	30

timers.c estimated size: 30

color.c
		_read_color    		CODE           	557E	0000	94
		_verify_color  		CODE           	5430	0000	124
		_distance_measure		CODE           	4FFC	0000	198
		_color_writetoaddr		CODE           	5CB6	0000	32
		_color_predict 		CODE           	5B50	0000	46
		_compare       		CODE           	5A0A	0000	58
		_calibrate_white		CODE           	381C	0000	522
		_LED_OFF       		CODE           	5C16	0000	32
		_color_click_init		CODE           	5AEC	0000	52
		_detect_color  		CODE           	0E14	0000	3076
		_color_data_collection		CODE           	411E	0000	406
		_color_read_Green		CODE           	567E	0000	80
		_color_read_Clear		CODE           	571E	0000	80
		_LED_R         		CODE           	5BF6	0000	32
		_LED_G         		CODE           	5C36	0000	32
		_color_read_Red		CODE           	562E	0000	80
		_amb_light_measure		CODE           	4A46	0000	296
		_buggylight_init		CODE           	5D2A	0000	22
		_toggle_light  		CODE           	3570	0000	684
		_LED_B         		CODE           	5C56	0000	32
		_color_display 		CODE           	54AC	0000	112
		_color_read_Blue		CODE           	56CE	0000	80
		_LED_C         		CODE           	5C76	0000	32

color.c estimated size: 6202

C:\Program Files\Microchip\xc8\v2.35\pic\sources\c99\common\aodiv.c
		___aodiv       		CODE           	475A	0000	392

C:\Program Files\Microchip\xc8\v2.35\pic\sources\c99\common\aodiv.c estimated size: 392

C:\Program Files\Microchip\xc8\v2.35\pic\sources\c99\common\sprcmul.c
		___flmul       		CODE           	1ED8	0000	1066

C:\Program Files\Microchip\xc8\v2.35\pic\sources\c99\common\sprcmul.c estimated size: 1066

dc_motor.c
		_fullSpeedBack 		CODE           	5308	0000	148
		_reverse_square		CODE           	5988	0000	66
		_fullSpeedAhead		CODE           	539C	0000	148
		_turnLeft      		CODE           	4442	0000	398
		_stop          		CODE           	524C	0000	188
		_initDCmotorsPWM		CODE           	58C2	0000	66
		_initDCmotors_parameter		CODE           	4E60	0000	210
		_turnRight     		CODE           	42B4	0000	398
		_short_reverse 		CODE           	5946	0000	66
		_setMotorPWM   		CODE           	3A26	0000	468
		_fullSpeedAhead_test		CODE           	5904	0000	66

dc_motor.c estimated size: 2222

interrupts.c
		_Interrupts_init		CODE           	5D60	0000	12
		_HighISR       		CODE           	0008	0000	40

interrupts.c estimated size: 52

C:\Program Files\Microchip\xc8\v2.35\pic\sources\c99\common\nf_sprintf.c
		_sprintf       		CODE           	55DC	0000	82

C:\Program Files\Microchip\xc8\v2.35\pic\sources\c99\common\nf_sprintf.c estimated size: 82

C:\Program Files\Microchip\xc8\v2.35\pic\sources\c99\common\sprcdiv.c
		___fldiv       		CODE           	26B0	0000	922

C:\Program Files\Microchip\xc8\v2.35\pic\sources\c99\common\sprcdiv.c estimated size: 922

i2c.c
		_I2C_2_Master_Start		CODE           	5D80	0000	10
		_I2C_2_Master_Read		CODE           	583E	0000	66
		_I2C_2_Master_Idle		CODE           	5BA8	0000	40
		_I2C_2_Master_Init		CODE           	5B7E	0000	42
		_I2C_2_Master_Stop		CODE           	5D76	0000	10
		_I2C_2_Master_RepStart		CODE           	5D6C	0000	10
		_I2C_2_Master_Write		CODE           	5D54	0000	12

i2c.c estimated size: 190

C:\Program Files\Microchip\xc8\v2.35\pic\sources\c99\common\nf_fputc.c
		_fputc         		CODE           	4F32	0000	202

C:\Program Files\Microchip\xc8\v2.35\pic\sources\c99\common\nf_fputc.c estimated size: 202

C:\Program Files\Microchip\xc8\v2.35\pic\sources\c99\common\Umul16.c
		___wmul        		CODE           	5BD0	0000	38

C:\Program Files\Microchip\xc8\v2.35\pic\sources\c99\common\Umul16.c estimated size: 38

C:\Program Files\Microchip\xc8\v2.35\pic\sources\c99\common\awdiv.c
		___awdiv       		CODE           	5188	0000	196

C:\Program Files\Microchip\xc8\v2.35\pic\sources\c99\common\awdiv.c estimated size: 196

C:\Program Files\Microchip\xc8\v2.35\pic\sources\c99\common\fltol.c
		___fltol       		CODE           	4B6E	0000	264

C:\Program Files\Microchip\xc8\v2.35\pic\sources\c99\common\fltol.c estimated size: 264

C:\Program Files\Microchip\xc8\v2.35\pic\sources\c99\common\abs.c
		_abs           		CODE           	59CA	0000	64

C:\Program Files\Microchip\xc8\v2.35\pic\sources\c99\common\abs.c estimated size: 64

C:\Program Files\Microchip\xc8\v2.35\pic\sources\c99\common\roundf.c
		_roundf        		CODE           	2302	0000	942

C:\Program Files\Microchip\xc8\v2.35\pic\sources\c99\common\roundf.c estimated size: 942

C:\Program Files\Microchip\xc8\v2.35\pic\sources\c99\common\flge.c
		___flge        		CODE           	4C76	0000	260

C:\Program Files\Microchip\xc8\v2.35\pic\sources\c99\common\flge.c estimated size: 260

C:\Program Files\Microchip\xc8\v2.35\pic\sources\c99\common\sprcadd.c
		___flsub       		CODE           	57B4	0000	70
		___fladd       		CODE           	1A18	0000	1216

C:\Program Files\Microchip\xc8\v2.35\pic\sources\c99\common\sprcadd.c estimated size: 1286

shared
		__initialization		CODE           	576E	0000	52
		_toint         		SMALLCONST     	0000	0000	0

shared estimated size: 52

C:\Program Files\Microchip\xc8\v2.35\pic\sources\c99\common\flneg.c
		___flneg       		CODE           	5A7E	0000	56

C:\Program Files\Microchip\xc8\v2.35\pic\sources\c99\common\flneg.c estimated size: 56

C:\Program Files\Microchip\xc8\v2.35\pic\sources\c99\common\xxtofl.c
		___xxtofl      		CODE           	3F6A	0000	436

C:\Program Files\Microchip\xc8\v2.35\pic\sources\c99\common\xxtofl.c estimated size: 436

test_and_calibration.c
		_calibration_motor		CODE           	4D7A	0000	230
		_test_function 		CODE           	45D0	0000	394
		_setup_init    		CODE           	5D40	0000	20

test_and_calibration.c estimated size: 644

C:\Program Files\Microchip\xc8\v2.35\pic\sources\c99\common\strlen.c
		_strlen        		CODE           	5AB6	0000	54

C:\Program Files\Microchip\xc8\v2.35\pic\sources\c99\common\strlen.c estimated size: 54

C:\Program Files\Microchip\xc8\v2.35\pic\sources\c99\common\lroundf.c
		_lroundf       		CODE           	5A44	0000	58

C:\Program Files\Microchip\xc8\v2.35\pic\sources\c99\common\lroundf.c estimated size: 58

C:\Program Files\Microchip\xc8\v2.35\pic\sources\c99\common\aomod.c
		___aomod       		CODE           	48E2	0000	356

C:\Program Files\Microchip\xc8\v2.35\pic\sources\c99\common\aomod.c estimated size: 356

C:\Program Files\Microchip\xc8\v2.35\pic\sources\c99\common\nf_fputs.c
		_fputs         		CODE           	57FA	0000	68

C:\Program Files\Microchip\xc8\v2.35\pic\sources\c99\common\nf_fputs.c estimated size: 68

main.c
		_main          		CODE           	2FFA	0000	710

main.c estimated size: 710

movement.c
		_action        		CODE           	2D2E	0000	716
		_test_action   		CODE           	3BFA	0000	442
		_short_burst_back		CODE           	5880	0000	66
		_pin_init      		CODE           	5C96	0000	32
		_goback        		CODE           	32C0	0000	688

movement.c estimated size: 1944

C:\Program Files\Microchip\xc8\v2.35\pic\sources\c99\common\doprnt.c
		_vfpfcnvrt     		CODE           	3DB4	0000	438
		_pad           		CODE           	50C2	0000	198
		_dtoa          		CODE           	2A4A	0000	740
		_vfprintf      		CODE           	551C	0000	98

C:\Program Files\Microchip\xc8\v2.35\pic\sources\c99\common\doprnt.c estimated size: 1474

