Microchip MPLAB XC8 Compiler V2.35

Linker command line:

-W-3 --edf=C:\Program Files\Microchip\xc8\v2.35\pic\dat\en_msgs.txt -cn \
  -h+dist/default/production\final-project-kangan-yuhai.X.production.sym \
  --cmf=dist/default/production\final-project-kangan-yuhai.X.production.cmf \
  -z -Q18F67K40 -oC:\Users\jinyu\AppData\Local\Temp\xcAsrpk.4 \
  --defsym=__MPLAB_BUILD=1 \
  -Mdist/default/production/final-project-kangan-yuhai.X.production.map \
  --md=C:\Users\jinyu\AppData\Local\Temp\xcAsrpk.dat -E1 -ver=XC8 Compiler \
  --acfsm=1493 -ACODE=00h-01FFFFh -ACONST=00h-01FFFFh \
  -ASMALLCONST=0E00h-0EFFhx498 -AMEDIUMCONST=0E00h-0FFFFh,010E00h-01FFFFh \
  -ACOMRAM=01h-05Fh -AABS1=00h-0DE9h -ABIGRAM=01h-0DE9h \
  -ARAM=060h-0FFh,0100h-01FFhx12,0D00h-0DE9h -ABANK0=060h-0FFh \
  -ABANK1=0100h-01FFh -ABANK2=0200h-02FFh -ABANK3=0300h-03FFh \
  -ABANK4=0400h-04FFh -ABANK5=0500h-05FFh -ABANK6=0600h-06FFh \
  -ABANK7=0700h-07FFh -ABANK8=0800h-08FFh -ABANK9=0900h-09FFh \
  -ABANK10=0A00h-0AFFh -ABANK11=0B00h-0BFFh -ABANK12=0C00h-0CFFh \
  -ABANK13=0D00h-0DE9h \
  -ASFR=0DEFh-0DFFh,0E00h-0EFFh,0F00h-0F5Fh,0F60h-0FFFh \
  -ABIGSFR=0DEFh-0FFFh -ACONFIG=0300000h-030000Bh -AIDLOC=0200000h-020000Fh \
  -AEEDATA=0310000h-03103FFh -peeprom_data=EEDATA \
  -preset_vec=00h,intcode=08h,intcodelo,powerup,init -pramtop=0E00h \
  -psmallconst=SMALLCONST -pmediumconst=MEDIUMCONST -pconst=CONST \
  -AFARRAM=00h-00h \
  -prdata=COMRAM,nvrram=COMRAM,nvbit=COMRAM,rbss=COMRAM,rbit=COMRAM \
  -pfarbss=FARRAM,fardata=FARRAM,nvFARRAM=FARRAM \
  -pintsave_regs=BIGRAM,bigbss=BIGRAM,bigdata=BIGRAM -pbss=RAM \
  -pidata=CODE,irdata=CODE,ibigdata=CODE,ifardata=CODE -prparam=COMRAM \
  C:\Users\jinyu\AppData\Local\Temp\xcAsrpk.o \
  dist/default/production\final-project-kangan-yuhai.X.production.o 

Object code version is 3.11

Machine type is 18F67K40



                Name                               Link     Load   Length Selector   Space Scale
C:\Users\jinyu\AppData\Local\Temp\xcAsrpk.o
                idloc                            200000   200000       10        0       5
                config                           300000   300000        C        0       4
                init                                 30       30        4        4       0
                reset_vec                             0        0        4        0       0
dist/default/production\final-project-kangan-yuhai.X.production.o
                intcode                               8        8       28        4       0
                idloc                            200000   200000       10        0       5
                config                           300000   300000        C        0       4
                temp                                 5F       5F        1        1       1
                smallconst                          E00      E00       14      700       0
                text76                             5E70     5E70        C      70A       0
                text75                             5E18     5E18       1E      70A       0
                text74                             5326     5326       C4      70A       0
                text73                             5CF4     5CF4       26      70A       0
                text72                             3AFE     3AFE      1D4      70A       0
                text71                             5262     5262       C4      70A       0
                text70                             554C     554C       94      70A       0
                text69                             53EA     53EA       BC      70A       0
                text68                             54A6     54A6       A6      70A       0
                text67                             438A     438A      196      70A       0
                text66                             46AA     46AA      18A      70A       0
                text65                             2A4A     2A4A      36C      70A       0
                text64                             3648     3648      2AC      70A       0
                text63                             2DB6     2DB6      2EC      70A       0
                text62                             5E4E     5E4E       16      70A       0
                text61                             5A6E     5A6E       42      70A       0
                text60                             3CD2     3CD2      1BA      70A       0
                text59                             4E54     4E54       E6      70A       0
                text58                             5CA2     5CA2       2A      70A       0
                text57                             5CCC     5CCC       28      70A       0
                text56                             5E90     5E90        A      70A       0
                text55                             5E86     5E86        A      70A       0
                text54                             5E64     5E64        C      70A       0
                text53                             5DDA     5DDA       20      70A       0
                text52                             5C10     5C10       34      70A       0
                text51                             5A2C     5A2C       42      70A       0
                text50                             4F3A     4F3A       D2      70A       0
                text49                             5DFA     5DFA       1E      70A       0
                text48                             5DBA     5DBA       20      70A       0
                text47                             59EA     59EA       42      70A       0
                text46                             5D9A     5D9A       20      70A       0
                text45                             26B0     26B0      39A      70A       0
                text44                             4040     4040      1B4      70A       0
                text43                             59A8     59A8       42      70A       0
                text42                             5E7C     5E7C        A      70A       0
                text41                             58CE     58CE       50      70A       0
                text40                             4C48     4C48      108      70A       0
                text39                             4D50     4D50      104      70A       0
                text38                             1ED8     1ED8      42A      70A       0
                text37                             5BA2     5BA2       38      70A       0
                text36                             1A18     1A18      4C0      70A       0
                text35                             591E     591E       46      70A       0
                text34                             2302     2302      3AE      70A       0
                text33                             5B68     5B68       3A      70A       0
                text32                             4B20     4B20      128      70A       0
                text31                             5D7A     5D7A       20      70A       0
                text30                             5D5A     5D5A       20      70A       0
                text29                             5D3A     5D3A       20      70A       0
                text28                             5D1A     5D1A       20      70A       0
                text27                             587E     587E       50      70A       0
                text26                             582E     582E       50      70A       0
                text25                             57DE     57DE       50      70A       0
                text24                             38F4     38F4      20A      70A       0
                text23                             5E36     5E36       18      70A       0
                text22                             5C44     5C44       30      70A       0
                text21                             4834     4834      188      70A       0
                text20                             49BC     49BC      164      70A       0
                text19                             5AB0     5AB0       40      70A       0
                text18                             5E9A     5E9A        2      70A       0
                text17                             500C     500C       CA      70A       0
                text16                             5964     5964       44      70A       0
                text15                             5BDA     5BDA       36      70A       0
                text14                             519C     519C       C6      70A       0
                text13                             30A2     30A2      2E4      70A       0
                text12                             3E8C     3E8C      1B4      70A       0
                text11                             56CC     56CC       62      70A       0
                text10                             578C     578C       52      70A       0
                text9                              565C     565C       70      70A       0
                text8                              5C74     5C74       2E      70A       0
                text7                              572E     572E       5E      70A       0
                text6                              41F4     41F4      196      70A       0
                text5                              5B2E     5B2E       3A      70A       0
                text4                               E14      E14      C04      70A       0
                text3                              50D6     50D6       C6      70A       0
                text2                              4520     4520      18A      70A       0
                text1                              55E0     55E0       7C      70A       0
                text0                              3386     3386      2C2      70A       0
                cstackCOMRAM                          1        1       5E        1       1
                cstackBANK0                          60       60       98       60       1
                cstackBANK1                         168      168       42      100       1
                bssBANK1                            100      100       68      100       1
                dataBANK0                            FE       FE        1       60       1
                bssBANK0                             F8       F8        6       60       1
                cinit                              5AF0     5AF0       3E      70A       0
                idataBANK0                         5E9C     5E9C        1      70A       0

TOTAL           Name                               Link     Load   Length     Space
        CLASS   CODE           
                intcode                               8        8       28         0
                init                                 30       30        4         0
                reset_vec                             0        0        4         0
                text76                             5E70     5E70        C         0
                text75                             5E18     5E18       1E         0
                text74                             5326     5326       C4         0
                text73                             5CF4     5CF4       26         0
                text72                             3AFE     3AFE      1D4         0
                text71                             5262     5262       C4         0
                text70                             554C     554C       94         0
                text69                             53EA     53EA       BC         0
                text68                             54A6     54A6       A6         0
                text67                             438A     438A      196         0
                text66                             46AA     46AA      18A         0
                text65                             2A4A     2A4A      36C         0
                text64                             3648     3648      2AC         0
                text63                             2DB6     2DB6      2EC         0
                text62                             5E4E     5E4E       16         0
                text61                             5A6E     5A6E       42         0
                text60                             3CD2     3CD2      1BA         0
                text59                             4E54     4E54       E6         0
                text58                             5CA2     5CA2       2A         0
                text57                             5CCC     5CCC       28         0
                text56                             5E90     5E90        A         0
                text55                             5E86     5E86        A         0
                text54                             5E64     5E64        C         0
                text53                             5DDA     5DDA       20         0
                text52                             5C10     5C10       34         0
                text51                             5A2C     5A2C       42         0
                text50                             4F3A     4F3A       D2         0
                text49                             5DFA     5DFA       1E         0
                text48                             5DBA     5DBA       20         0
                text47                             59EA     59EA       42         0
                text46                             5D9A     5D9A       20         0
                text45                             26B0     26B0      39A         0
                text44                             4040     4040      1B4         0
                text43                             59A8     59A8       42         0
                text42                             5E7C     5E7C        A         0
                text41                             58CE     58CE       50         0
                text40                             4C48     4C48      108         0
                text39                             4D50     4D50      104         0
                text38                             1ED8     1ED8      42A         0
                text37                             5BA2     5BA2       38         0
                text36                             1A18     1A18      4C0         0
                text35                             591E     591E       46         0
                text34                             2302     2302      3AE         0
                text33                             5B68     5B68       3A         0
                text32                             4B20     4B20      128         0
                text31                             5D7A     5D7A       20         0
                text30                             5D5A     5D5A       20         0
                text29                             5D3A     5D3A       20         0
                text28                             5D1A     5D1A       20         0
                text27                             587E     587E       50         0
                text26                             582E     582E       50         0
                text25                             57DE     57DE       50         0
                text24                             38F4     38F4      20A         0
                text23                             5E36     5E36       18         0
                text22                             5C44     5C44       30         0
                text21                             4834     4834      188         0
                text20                             49BC     49BC      164         0
                text19                             5AB0     5AB0       40         0
                text18                             5E9A     5E9A        2         0
                text17                             500C     500C       CA         0
                text16                             5964     5964       44         0
                text15                             5BDA     5BDA       36         0
                text14                             519C     519C       C6         0
                text13                             30A2     30A2      2E4         0
                text12                             3E8C     3E8C      1B4         0
                text11                             56CC     56CC       62         0
                text10                             578C     578C       52         0
                text9                              565C     565C       70         0
                text8                              5C74     5C74       2E         0
                text7                              572E     572E       5E         0
                text6                              41F4     41F4      196         0
                text5                              5B2E     5B2E       3A         0
                text4                               E14      E14      C04         0
                text3                              50D6     50D6       C6         0
                text2                              4520     4520      18A         0
                text1                              55E0     55E0       7C         0
                text0                              3386     3386      2C2         0
                cinit                              5AF0     5AF0       3E         0
                idataBANK0                         5E9C     5E9C        1         0

        CLASS   CONST          

        CLASS   SMALLCONST     
                smallconst                          E00      E00       14         0

        CLASS   MEDIUMCONST    

        CLASS   COMRAM         
                temp                                 5F       5F        1         1
                cstackCOMRAM                          1        1       5E         1

        CLASS   ABS1           

        CLASS   BIGRAM         

        CLASS   RAM            

        CLASS   BANK0          
                cstackBANK0                          60       60       98         1
                dataBANK0                            FE       FE        1         1
                bssBANK0                             F8       F8        6         1

        CLASS   BANK1          
                cstackBANK1                         168      168       42         1
                bssBANK1                            100      100       68         1

        CLASS   BANK2          

        CLASS   BANK3          

        CLASS   BANK4          

        CLASS   BANK5          

        CLASS   BANK6          

        CLASS   BANK7          

        CLASS   BANK8          

        CLASS   BANK9          

        CLASS   BANK10         

        CLASS   BANK11         

        CLASS   BANK12         

        CLASS   BANK13         

        CLASS   SFR            

        CLASS   BIGSFR         

        CLASS   CONFIG         
                config                           300000   300000        C         4

        CLASS   IDLOC          
                idloc                            200000   200000       10         5

        CLASS   EEDATA         

        CLASS   FARRAM         

        CLASS   HEAP           

        CLASS   STACK          



SEGMENTS        Name                           Load    Length   Top    Selector   Space  Class

                reset_vec                      000000  000004  000004         0       0  CODE    
                cstackCOMRAM                   000001  00005F  000060         1       1  COMRAM  
                intcode                        000008  00002C  000034         4       0  CODE    
                cstackBANK0                    000060  00009F  0000FF        60       1  BANK0   
                bssBANK1                       000100  0000AA  0001AA       100       1  BANK1   
                smallconst                     000E00  000014  000E14       700       0  SMALLCON
                text4                          000E14  005089  005E9D       70A       0  CODE    


UNUSED ADDRESS RANGES

        Name                Unused          Largest block    Delta
        BANK0            0000FF-0000FF                1
        BANK1            0001AA-0001FF               56
        BANK10           000A00-000AFF              100
        BANK11           000B00-000BFF              100
        BANK12           000C00-000CFF              100
        BANK13           000D00-000DE9               EA
        BANK2            000200-0002FF              100
        BANK3            000300-0003FF              100
        BANK4            000400-0004FF              100
        BANK5            000500-0005FF              100
        BANK6            000600-0006FF              100
        BANK7            000700-0007FF              100
        BANK8            000800-0008FF              100
        BANK9            000900-0009FF              100
        BIGRAM           0000FF-0000FF                1
                         0001AA-000DE9              C40
        BIGSFR           000DEF-000FFF              211
        CODE             000004-000007                4
                         000034-000DFF              DCC
                         005E9D-01FFFF            1A163
        CONST            000004-000007                4
                         000034-000DFF              DCC
                         005E9D-01FFFF            1A163
        EEDATA           310000-3103FF              400
        MEDIUMCONST      005E9D-00FFFF             A163
                         010E00-01FFFF             F200
        RAM              0000FF-0000FF                1
                         0001AA-000DE9              100
        SFR              000DEF-000FFF              100
        SMALLCONST       005E9D-01FFFF              100

                                  Symbol Table

?___aodiv                       cstackCOMRAM 000001
?___aomod                       cstackCOMRAM 000001
?___awdiv                       cstackCOMRAM 000007
?___fladd                       cstackCOMRAM 000001
?___fldiv                       cstackCOMRAM 00000F
?___flmul                       cstackCOMRAM 000028
?___flneg                       cstackCOMRAM 000001
?___flsub                       cstackCOMRAM 000011
?___fltol                       cstackCOMRAM 00005B
?___wmul                        cstackCOMRAM 000001
?___xxtofl                      cstackCOMRAM 000001
?_abs                           cstackCOMRAM 000013
?_amb_light_measure             cstackBANK0  00006A
?_color_read_Blue               cstackCOMRAM 000005
?_color_read_Clear              cstackCOMRAM 000005
?_color_read_Green              cstackCOMRAM 000005
?_color_read_Red                cstackCOMRAM 000005
?_dtoa                          cstackCOMRAM 00001C
?_lroundf                       cstackBANK0  000066
?_pad                           cstackCOMRAM 000011
?_roundf                        cstackCOMRAM 000041
?_sprintf                       cstackBANK0  000060
?_strlen                        cstackCOMRAM 000001
?_vfpfcnvrt                     cstackCOMRAM 000040
?_vfprintf                      cstackCOMRAM 000050
I2C_2_Master_Read@ack           cstackCOMRAM 000003
I2C_2_Master_Read@tmp           cstackCOMRAM 000004
I2C_2_Master_Write@data_byte    cstackCOMRAM 000002
_ANSELDbits                     (abs)        000EA7
_ANSELFbits                     (abs)        000EB4
_BAUD4CONbits                   (abs)        000EE9
_HighISR                        intcode      000008
_I2C_2_Master_Idle              text57       005CCC
_I2C_2_Master_Init              text58       005CA2
_I2C_2_Master_Read              text43       0059A8
_I2C_2_Master_RepStart          text42       005E7C
_I2C_2_Master_Start             text56       005E90
_I2C_2_Master_Stop              text55       005E86
_I2C_2_Master_Write             text54       005E64
_INTCONbits                     (abs)        000FF2
_Interrupts_init                text76       005E70
_LATAbits                       (abs)        000F79
_LATCbits                       (abs)        000F7B
_LATDbits                       (abs)        000F7C
_LATE                           (abs)        000F7D
_LATEbits                       (abs)        000F7D
_LATFbits                       (abs)        000F7E
_LATG                           (abs)        000F7F
_LATGbits                       (abs)        000F7F
_LATHbits                       (abs)        000F80
_LED_B                          text31       005D7A
_LED_C                          text46       005D9A
_LED_G                          text30       005D5A
_LED_OFF                        text29       005D3A
_LED_R                          text28       005D1A
_PIE0bits                       (abs)        000E29
_PIR0bits                       (abs)        000E33
_PIR4bits                       (abs)        000E37
_PORTFbits                      (abs)        000F8E
_PWM6CONbits                    (abs)        000FA4
_PWM6DCH                        (abs)        000FA3
_PWM7CONbits                    (abs)        000FA1
_PWM7DCH                        (abs)        000FA0
_RC0PPS                         (abs)        000E62
_RC4REG                         (abs)        000EE3
_RC4STAbits                     (abs)        000EE7
_RC7PPS                         (abs)        000E69
_RD5PPS                         (abs)        000E6F
_RD6PPS                         (abs)        000E70
_RE2PPS                         (abs)        000E74
_RX4PPS                         (abs)        000E15
_SENSITIVITY                    dataBANK0    0000FE
_SP4BRGH                        (abs)        000EE6
_SP4BRGL                        (abs)        000EE5
_SSP2ADD                        (abs)        000ED6
_SSP2BUF                        (abs)        000ED5
_SSP2CLKPPS                     (abs)        000E1C
_SSP2CON1bits                   (abs)        000ED9
_SSP2CON2                       (abs)        000EDA
_SSP2CON2bits                   (abs)        000EDA
_SSP2DATPPS                     (abs)        000E1D
_SSP2STAT                       (abs)        000ED8
_T0CON0bits                     (abs)        000FD5
_T0CON1bits                     (abs)        000FD6
_T2CLKCONbits                   (abs)        000FBF
_T2CONbits                      (abs)        000FBD
_T2HLTbits                      (abs)        000FBE
_T2PR                           (abs)        000FBC
_TMR0H                          (abs)        000FD4
_TMR0L                          (abs)        000FD3
_TRISAbits                      (abs)        000F81
_TRISCbits                      (abs)        000F83
_TRISDbits                      (abs)        000F84
_TRISEbits                      (abs)        000F85
_TRISFbits                      (abs)        000F86
_TRISGbits                      (abs)        000F87
_TRISHbits                      (abs)        000F88
_TX4REG                         (abs)        000EE4
_TX4STAbits                     (abs)        000EE8
_Timer0_init                    text75       005E18
__HRAM                          (abs)        000000
__Habs1                         abs1         000000
__Hbank0                        bank0        000000
__Hbank1                        bank1        000000
__Hbank10                       bank10       000000
__Hbank11                       bank11       000000
__Hbank12                       bank12       000000
__Hbank13                       bank13       000000
__Hbank2                        bank2        000000
__Hbank3                        bank3        000000
__Hbank4                        bank4        000000
__Hbank5                        bank5        000000
__Hbank6                        bank6        000000
__Hbank7                        bank7        000000
__Hbank8                        bank8        000000
__Hbank9                        bank9        000000
__Hbigbss                       bigbss       000000
__Hbigdata                      bigdata      000000
__Hbigram                       bigram       000000
__Hbigsfr                       bigsfr       000000
__Hbss                          bss          000000
__HbssBANK0                     bssBANK0     000000
__HbssBANK1                     bssBANK1     000000
__Hcinit                        cinit        000000
__Hclrtext                      clrtext      000000
__Hcomram                       comram       000000
__Hconfig                       config       30000C
__Hconst                        const        000000
__HcstackBANK0                  cstackBANK0  000000
__HcstackBANK1                  cstackBANK1  000000
__HcstackCOMRAM                 cstackCOMRAM 000000
__Hdata                         data         000000
__HdataBANK0                    dataBANK0    000000
__Heeprom_data                  eeprom_data  000000
__Hfarbss                       farbss       000000
__Hfardata                      fardata      000000
__Hheap                         heap         000000
__Hibigdata                     ibigdata     000000
__Hidata                        idata        000000
__HidataBANK0                   idataBANK0   000000
__Hidloc                        idloc        200010
__Hifardata                     ifardata     000000
__Hinit                         init         000034
__Hintcode                      intcode      000030
__Hintcode_body                 intcode_body 000000
__Hintcodelo                    intcodelo    000030
__Hintentry                     intentry     000000
__Hintret                       intret       000000
__Hintsave_regs                 intsave_regs 000000
__Hirdata                       irdata       000000
__Hmediumconst                  mediumconst  000000
__HnvFARRAM                     nvFARRAM     000000
__Hnvbit                        nvbit        000000
__Hnvrram                       nvrram       000000
__Hparam                        rparam       000000
__Hpowerup                      powerup      000030
__Hram                          ram          000000
__Hramtop                       ramtop       000E00
__Hrbit                         rbit         000000
__Hrbss                         rbss         000000
__Hrdata                        rdata        000000
__Hreset_vec                    reset_vec    000004
__Hrparam                       rparam       000000
__Hsfr                          sfr          000000
__Hsmallconst                   smallconst   000E14
__Hspace_0                      (abs)        005E9D
__Hspace_1                      (abs)        0001AA
__Hspace_2                      (abs)        000000
__Hspace_4                      (abs)        60000C
__Hstack                        stack        000000
__Hstruct                       struct       000000
__Htemp                         temp         000060
__Htext                         text         000000
__Htext0                        text0        000000
__Htext1                        text1        000000
__Htext10                       text10       000000
__Htext11                       text11       000000
__Htext12                       text12       000000
__Htext13                       text13       000000
__Htext14                       text14       000000
__Htext15                       text15       000000
__Htext16                       text16       000000
__Htext17                       text17       000000
__Htext18                       text18       000000
__Htext19                       text19       000000
__Htext2                        text2        000000
__Htext20                       text20       000000
__Htext21                       text21       000000
__Htext22                       text22       000000
__Htext23                       text23       000000
__Htext24                       text24       000000
__Htext25                       text25       000000
__Htext26                       text26       000000
__Htext27                       text27       000000
__Htext28                       text28       000000
__Htext29                       text29       000000
__Htext3                        text3        000000
__Htext30                       text30       000000
__Htext31                       text31       000000
__Htext32                       text32       000000
__Htext33                       text33       000000
__Htext34                       text34       000000
__Htext35                       text35       000000
__Htext36                       text36       000000
__Htext37                       text37       000000
__Htext38                       text38       000000
__Htext39                       text39       000000
__Htext4                        text4        000000
__Htext40                       text40       000000
__Htext41                       text41       000000
__Htext42                       text42       000000
__Htext43                       text43       000000
__Htext44                       text44       000000
__Htext45                       text45       000000
__Htext46                       text46       000000
__Htext47                       text47       000000
__Htext48                       text48       000000
__Htext49                       text49       000000
__Htext5                        text5        000000
__Htext50                       text50       000000
__Htext51                       text51       000000
__Htext52                       text52       000000
__Htext53                       text53       000000
__Htext54                       text54       000000
__Htext55                       text55       000000
__Htext56                       text56       000000
__Htext57                       text57       000000
__Htext58                       text58       000000
__Htext59                       text59       000000
__Htext6                        text6        000000
__Htext60                       text60       000000
__Htext61                       text61       000000
__Htext62                       text62       000000
__Htext63                       text63       000000
__Htext64                       text64       000000
__Htext65                       text65       000000
__Htext66                       text66       000000
__Htext67                       text67       000000
__Htext68                       text68       000000
__Htext69                       text69       000000
__Htext7                        text7        000000
__Htext70                       text70       000000
__Htext71                       text71       000000
__Htext72                       text72       000000
__Htext73                       text73       000000
__Htext74                       text74       000000
__Htext75                       text75       000000
__Htext76                       text76       000000
__Htext8                        text8        000000
__Htext9                        text9        000000
__LRAM                          (abs)        000001
__Labs1                         abs1         000000
__Lbank0                        bank0        000000
__Lbank1                        bank1        000000
__Lbank10                       bank10       000000
__Lbank11                       bank11       000000
__Lbank12                       bank12       000000
__Lbank13                       bank13       000000
__Lbank2                        bank2        000000
__Lbank3                        bank3        000000
__Lbank4                        bank4        000000
__Lbank5                        bank5        000000
__Lbank6                        bank6        000000
__Lbank7                        bank7        000000
__Lbank8                        bank8        000000
__Lbank9                        bank9        000000
__Lbigbss                       bigbss       000000
__Lbigdata                      bigdata      000000
__Lbigram                       bigram       000000
__Lbigsfr                       bigsfr       000000
__Lbss                          bss          000000
__LbssBANK0                     bssBANK0     000000
__LbssBANK1                     bssBANK1     000000
__Lcinit                        cinit        000000
__Lclrtext                      clrtext      000000
__Lcomram                       comram       000000
__Lconfig                       config       000000
__Lconst                        const        000000
__LcstackBANK0                  cstackBANK0  000000
__LcstackBANK1                  cstackBANK1  000000
__LcstackCOMRAM                 cstackCOMRAM 000000
__Ldata                         data         000000
__LdataBANK0                    dataBANK0    000000
__Leeprom_data                  eeprom_data  000000
__Lfarbss                       farbss       000000
__Lfardata                      fardata      000000
__Lheap                         heap         000000
__Libigdata                     ibigdata     000000
__Lidata                        idata        000000
__LidataBANK0                   idataBANK0   000000
__Lidloc                        idloc        000000
__Lifardata                     ifardata     000000
__Linit                         init         000030
__Lintcode                      intcode      000008
__Lintcode_body                 intcode_body 000000
__Lintcodelo                    intcodelo    000030
__Lintentry                     intentry     000000
__Lintret                       intret       000000
__Lintsave_regs                 intsave_regs 000000
__Lirdata                       irdata       000000
__Lmediumconst                  mediumconst  000000
__LnvFARRAM                     nvFARRAM     000000
__Lnvbit                        nvbit        000000
__Lnvrram                       nvrram       000000
__Lparam                        rparam       000000
__Lpowerup                      powerup      000030
__Lram                          ram          000000
__Lramtop                       ramtop       000E00
__Lrbit                         rbit         000000
__Lrbss                         rbss         000000
__Lrdata                        rdata        000000
__Lreset_vec                    reset_vec    000000
__Lrparam                       rparam       000000
__Lsfr                          sfr          000000
__Lsmallconst                   smallconst   000E00
__Lspace_0                      (abs)        000000
__Lspace_1                      (abs)        000000
__Lspace_2                      (abs)        000000
__Lspace_4                      (abs)        000000
__Lstack                        stack        000000
__Lstruct                       struct       000000
__Ltemp                         temp         00005F
__Ltext                         text         000000
__Ltext0                        text0        000000
__Ltext1                        text1        000000
__Ltext10                       text10       000000
__Ltext11                       text11       000000
__Ltext12                       text12       000000
__Ltext13                       text13       000000
__Ltext14                       text14       000000
__Ltext15                       text15       000000
__Ltext16                       text16       000000
__Ltext17                       text17       000000
__Ltext18                       text18       000000
__Ltext19                       text19       000000
__Ltext2                        text2        000000
__Ltext20                       text20       000000
__Ltext21                       text21       000000
__Ltext22                       text22       000000
__Ltext23                       text23       000000
__Ltext24                       text24       000000
__Ltext25                       text25       000000
__Ltext26                       text26       000000
__Ltext27                       text27       000000
__Ltext28                       text28       000000
__Ltext29                       text29       000000
__Ltext3                        text3        000000
__Ltext30                       text30       000000
__Ltext31                       text31       000000
__Ltext32                       text32       000000
__Ltext33                       text33       000000
__Ltext34                       text34       000000
__Ltext35                       text35       000000
__Ltext36                       text36       000000
__Ltext37                       text37       000000
__Ltext38                       text38       000000
__Ltext39                       text39       000000
__Ltext4                        text4        000000
__Ltext40                       text40       000000
__Ltext41                       text41       000000
__Ltext42                       text42       000000
__Ltext43                       text43       000000
__Ltext44                       text44       000000
__Ltext45                       text45       000000
__Ltext46                       text46       000000
__Ltext47                       text47       000000
__Ltext48                       text48       000000
__Ltext49                       text49       000000
__Ltext5                        text5        000000
__Ltext50                       text50       000000
__Ltext51                       text51       000000
__Ltext52                       text52       000000
__Ltext53                       text53       000000
__Ltext54                       text54       000000
__Ltext55                       text55       000000
__Ltext56                       text56       000000
__Ltext57                       text57       000000
__Ltext58                       text58       000000
__Ltext59                       text59       000000
__Ltext6                        text6        000000
__Ltext60                       text60       000000
__Ltext61                       text61       000000
__Ltext62                       text62       000000
__Ltext63                       text63       000000
__Ltext64                       text64       000000
__Ltext65                       text65       000000
__Ltext66                       text66       000000
__Ltext67                       text67       000000
__Ltext68                       text68       000000
__Ltext69                       text69       000000
__Ltext7                        text7        000000
__Ltext70                       text70       000000
__Ltext71                       text71       000000
__Ltext72                       text72       000000
__Ltext73                       text73       000000
__Ltext74                       text74       000000
__Ltext75                       text75       000000
__Ltext76                       text76       000000
__Ltext8                        text8        000000
__Ltext9                        text9        000000
__S0                            (abs)        005E9D
__S1                            (abs)        0001AA
__S4                            (abs)        000000
__S5                            (abs)        000000
___aodiv                        text21       004834
___aodiv@counter                cstackCOMRAM 000011
___aodiv@dividend               cstackCOMRAM 000001
___aodiv@divisor                cstackCOMRAM 000009
___aodiv@quotient               cstackCOMRAM 000013
___aodiv@sign                   cstackCOMRAM 000012
___aomod                        text20       0049BC
___aomod@counter                cstackCOMRAM 000011
___aomod@dividend               cstackCOMRAM 000001
___aomod@divisor                cstackCOMRAM 000009
___aomod@sign                   cstackCOMRAM 000012
___awdiv                        text74       005326
___awdiv@counter                cstackCOMRAM 00000B
___awdiv@dividend               cstackCOMRAM 000007
___awdiv@divisor                cstackCOMRAM 000009
___awdiv@quotient               cstackCOMRAM 00000D
___awdiv@sign                   cstackCOMRAM 00000C
___fladd                        text36       001A18
___fladd@a                      cstackCOMRAM 000005
___fladd@aexp                   cstackCOMRAM 00000E
___fladd@b                      cstackCOMRAM 000001
___fladd@bexp                   cstackCOMRAM 00000F
___fladd@grs                    cstackCOMRAM 000010
___fladd@signs                  cstackCOMRAM 00000D
___fldiv                        text45       0026B0
___fldiv@a                      cstackCOMRAM 000013
___fldiv@aexp                   cstackCOMRAM 000027
___fldiv@b                      cstackCOMRAM 00000F
___fldiv@bexp                   cstackCOMRAM 000026
___fldiv@grs                    cstackCOMRAM 000022
___fldiv@new_exp                cstackCOMRAM 000020
___fldiv@rem                    cstackCOMRAM 00001B
___fldiv@sign                   cstackCOMRAM 00001F
___flge                         text39       004D50
___flge@ff1                     cstackCOMRAM 000001
___flge@ff2                     cstackCOMRAM 000005
___flmul                        text38       001ED8
___flmul@a                      cstackCOMRAM 00002C
___flmul@aexp                   cstackCOMRAM 000039
___flmul@b                      cstackCOMRAM 000028
___flmul@bexp                   cstackCOMRAM 00003A
___flmul@grs                    cstackCOMRAM 000035
___flmul@prod                   cstackCOMRAM 00003B
___flmul@sign                   cstackCOMRAM 000034
___flmul@temp                   cstackCOMRAM 00003F
___flneg                        text37       005BA2
___flneg@f1                     cstackCOMRAM 000001
___flsub                        text35       00591E
___flsub@a                      cstackCOMRAM 000015
___flsub@b                      cstackCOMRAM 000011
___fltol                        text40       004C48
___fltol@exp1                   cstackBANK0  000065
___fltol@f1                     cstackCOMRAM 00005B
___fltol@sign1                  cstackBANK0  000064
___heap_hi                      (abs)        000000
___heap_lo                      (abs)        000000
___inthi_sp                     stack        000000
___intlo_sp                     stack        000000
___param_bank                   (abs)        000000
___rparam_used                  (abs)        000001
___sp                           stack        000000
___wmul                         text73       005CF4
___wmul@multiplicand            cstackCOMRAM 000003
___wmul@multiplier              cstackCOMRAM 000001
___wmul@product                 cstackCOMRAM 000005
___xxtofl                       text44       004040
___xxtofl@arg                   cstackCOMRAM 00000B
___xxtofl@exp                   cstackCOMRAM 00000A
___xxtofl@sign                  cstackCOMRAM 000009
___xxtofl@val                   cstackCOMRAM 000001
__accesstop                     (abs)        000060
__activetblptr                  (abs)        000001
__end_of_HighISR                intcode      000030
__end_of_I2C_2_Master_Idle      text57       005CF4
__end_of_I2C_2_Master_Init      text58       005CCC
__end_of_I2C_2_Master_Read      text43       0059EA
__end_of_I2C_2_Master_RepStart  text42       005E86
__end_of_I2C_2_Master_Start     text56       005E9A
__end_of_I2C_2_Master_Stop      text55       005E90
__end_of_I2C_2_Master_Write     text54       005E70
__end_of_Interrupts_init        text76       005E7C
__end_of_LED_B                  text31       005D9A
__end_of_LED_C                  text46       005DBA
__end_of_LED_G                  text30       005D7A
__end_of_LED_OFF                text29       005D5A
__end_of_LED_R                  text28       005D3A
__end_of_Timer0_init            text75       005E36
__end_of___aodiv                text21       0049BC
__end_of___aomod                text20       004B20
__end_of___awdiv                text74       0053EA
__end_of___fladd                text36       001ED8
__end_of___fldiv                text45       002A4A
__end_of___flge                 text39       004E54
__end_of___flmul                text38       002302
__end_of___flneg                text37       005BDA
__end_of___flsub                text35       005964
__end_of___fltol                text40       004D50
__end_of___wmul                 text73       005D1A
__end_of___xxtofl               text44       0041F4
__end_of__initialization        cinit        005B1C
__end_of_abs                    text19       005AF0
__end_of_action                 text63       0030A2
__end_of_amb_light_measure      text32       004C48
__end_of_buggylight_init        text62       005E64
__end_of_calibrate_white        text24       003AFE
__end_of_calibration_motor      text59       004F3A
__end_of_color_click_init       text52       005C44
__end_of_color_data_collection  text6        00438A
__end_of_color_display          text9        0056CC
__end_of_color_predict          text8        005CA2
__end_of_color_read_Blue        text27       0058CE
__end_of_color_read_Clear       text41       00591E
__end_of_color_read_Green       text26       00587E
__end_of_color_read_Red         text25       00582E
__end_of_color_writetoaddr      text53       005DFA
__end_of_compare                text5        005B68
__end_of_detect_color           text4        001A18
__end_of_distance_measure       text3        00519C
__end_of_dtoa                   text13       003386
__end_of_fputc                  text17       0050D6
__end_of_fputs                  text16       0059A8
__end_of_fullSpeedAhead         text71       005326
__end_of_fullSpeedAhead_test    text61       005AB0
__end_of_fullSpeedBack          text70       0055E0
__end_of_goback                 text65       002DB6
__end_of_initDCmotorsPWM        text51       005A6E
__end_of_initDCmotors_parameter text50       00500C
__end_of_initUSART4             text49       005E18
__end_of_lroundf                text33       005BA2
__end_of_main                   text0        003648
__end_of_pad                    text14       005262
__end_of_pin_init               text48       005DDA
__end_of_putch                  text18       005E9C
__end_of_read_color             text7        00578C
__end_of_roundf                 text34       0026B0
__end_of_sendCharSerial4        text23       005E4E
__end_of_sendStringSerial4      text22       005C74
__end_of_setMotorPWM            text72       003CD2
__end_of_short_burst            text47       005A2C
__end_of_short_reverse          text68       00554C
__end_of_sprintf                text10       0057DE
__end_of_stop                   text69       0054A6
__end_of_strlen                 text15       005C10
__end_of_test_action            text60       003E8C
__end_of_test_function          text2        0046AA
__end_of_toggle_light           text64       0038F4
__end_of_toint                  smallconst   000E05
__end_of_turnLeft               text67       004520
__end_of_turnRight              text66       004834
__end_of_verify_color           text1        00565C
__end_of_vfpfcnvrt              text12       004040
__end_of_vfprintf               text11       00572E
__initialization                cinit        005AF0
__mediumconst                   mediumconst  000000
__pbssBANK0                     bssBANK0     0000F8
__pbssBANK1                     bssBANK1     000100
__pcinit                        cinit        005AF0
__pcstackBANK0                  cstackBANK0  000060
__pcstackBANK1                  cstackBANK1  000168
__pcstackCOMRAM                 cstackCOMRAM 000001
__pdataBANK0                    dataBANK0    0000FE
__pidataBANK0                   idataBANK0   005E9C
__pintcode                      intcode      000008
__psmallconst                   smallconst   000E00
__ptext0                        text0        003386
__ptext1                        text1        0055E0
__ptext10                       text10       00578C
__ptext11                       text11       0056CC
__ptext12                       text12       003E8C
__ptext13                       text13       0030A2
__ptext14                       text14       00519C
__ptext15                       text15       005BDA
__ptext16                       text16       005964
__ptext17                       text17       00500C
__ptext18                       text18       005E9A
__ptext19                       text19       005AB0
__ptext2                        text2        004520
__ptext20                       text20       0049BC
__ptext21                       text21       004834
__ptext22                       text22       005C44
__ptext23                       text23       005E36
__ptext24                       text24       0038F4
__ptext25                       text25       0057DE
__ptext26                       text26       00582E
__ptext27                       text27       00587E
__ptext28                       text28       005D1A
__ptext29                       text29       005D3A
__ptext3                        text3        0050D6
__ptext30                       text30       005D5A
__ptext31                       text31       005D7A
__ptext32                       text32       004B20
__ptext33                       text33       005B68
__ptext34                       text34       002302
__ptext35                       text35       00591E
__ptext36                       text36       001A18
__ptext37                       text37       005BA2
__ptext38                       text38       001ED8
__ptext39                       text39       004D50
__ptext4                        text4        000E14
__ptext40                       text40       004C48
__ptext41                       text41       0058CE
__ptext42                       text42       005E7C
__ptext43                       text43       0059A8
__ptext44                       text44       004040
__ptext45                       text45       0026B0
__ptext46                       text46       005D9A
__ptext47                       text47       0059EA
__ptext48                       text48       005DBA
__ptext49                       text49       005DFA
__ptext5                        text5        005B2E
__ptext50                       text50       004F3A
__ptext51                       text51       005A2C
__ptext52                       text52       005C10
__ptext53                       text53       005DDA
__ptext54                       text54       005E64
__ptext55                       text55       005E86
__ptext56                       text56       005E90
__ptext57                       text57       005CCC
__ptext58                       text58       005CA2
__ptext59                       text59       004E54
__ptext6                        text6        0041F4
__ptext60                       text60       003CD2
__ptext61                       text61       005A6E
__ptext62                       text62       005E4E
__ptext63                       text63       002DB6
__ptext64                       text64       003648
__ptext65                       text65       002A4A
__ptext66                       text66       0046AA
__ptext67                       text67       00438A
__ptext68                       text68       0054A6
__ptext69                       text69       0053EA
__ptext7                        text7        00572E
__ptext70                       text70       00554C
__ptext71                       text71       005262
__ptext72                       text72       003AFE
__ptext73                       text73       005CF4
__ptext74                       text74       005326
__ptext75                       text75       005E18
__ptext76                       text76       005E70
__ptext8                        text8        005C74
__ptext9                        text9        00565C
__ramtop                        ramtop       000E00
__smallconst                    smallconst   000E00
_abs                            text19       005AB0
_action                         text63       002DB6
_amb_light_measure              text32       004B20
_array_index                    bssBANK1     000147
_buggylight_init                text62       005E4E
_calibrate_white                text24       0038F4
_calibration_motor              text59       004E54
_centisecond                    bssBANK1     000144
_color                          bssBANK1     000146
_color_click_init               text52       005C10
_color_data_collection          text6        0041F4
_color_display                  text9        00565C
_color_predict                  text8        005C74
_color_read_Blue                text27       00587E
_color_read_Clear               text41       0058CE
_color_read_Green               text26       00582E
_color_read_Red                 text25       0057DE
_color_writetoaddr              text53       005DDA
_compare                        text5        005B2E
_dbuf                           bssBANK1     000148
_detect_color                   text4        000E14
_detect_color$3205              cstackBANK0  00008E
_distance_measure               text3        0050D6
_distance_measure$3206          cstackBANK0  000074
_dtoa                           text13       0030A2
_dtoa$2871                      cstackCOMRAM 00002E
_flags                          bssBANK0     0000FC
_fputc                          text17       00500C
_fputs                          text16       005964
_fullSpeedAhead                 text71       005262
_fullSpeedAhead_test            text61       005A6E
_fullSpeedBack                  text70       00554C
_goback                         text65       002A4A
_initDCmotorsPWM                text51       005A2C
_initDCmotors_parameter         text50       004F3A
_initUSART4                     text49       005DFA
_lroundf                        text33       005B68
_main                           text0        003386
_memory                         bssBANK1     000100
_motorL                         bssBANK1     000131
_motorR                         bssBANK1     000128
_nout                           bssBANK1     00013E
_pad                            text14       00519C
_pin_init                       text48       005DBA
_prec                           bssBANK0     0000FA
_putch                          text18       005E9A
_read_color                     text7        00572E
_roundf                         text34       002302
_roundf$3207                    cstackCOMRAM 00004F
_roundf$3208                    cstackCOMRAM 000049
_sendCharSerial4                text23       005E36
_sendStringSerial4              text22       005C44
_setMotorPWM                    text72       003AFE
_short_burst                    text47       0059EA
_short_reverse                  text68       0054A6
_sprintf                        text10       00578C
_start_move                     bssBANK1     000142
_stop                           text69       0053EA
_stop_move                      bssBANK1     000140
_strlen                         text15       005BDA
_test_action                    text60       003CD2
_test_function                  text2        004520
_toggle_light                   text64       003648
_turnLeft                       text67       00438A
_turnRight                      text66       0046AA
_verify_color                   text1        0055E0
_vfpfcnvrt                      text12       003E8C
_vfprintf                       text11       0056CC
_width                          bssBANK0     0000F8
abs@a                           cstackCOMRAM 000013
action@color                    cstackCOMRAM 00003F
action@mL                       cstackCOMRAM 00003B
action@mR                       cstackCOMRAM 00003D
amb_light_measure@CC_amb_1      cstackBANK0  000072
amb_light_measure@CC_amb_2      cstackBANK0  000074
amb_light_measure@CC_amb_3      cstackBANK0  000076
amb_light_measure@CC_amb_ave    cstackBANK0  000070
amb_light_measure@amb           cstackBANK0  00006A
amb_light_measure@upper_bound   cstackBANK0  00006E
btemp                           temp         00005F
calibrate_white@w               cstackCOMRAM 00000C
calibration_motor@mL            cstackCOMRAM 000037
calibration_motor@mR            cstackCOMRAM 000039
color_data_collection@i         cstackBANK0  0000DE
color_data_collection@j         cstackBANK0  0000E0
color_data_collection@k         cstackBANK0  0000E2
color_data_collection@m         cstackCOMRAM 00005A
color_data_collection@x         cstackBANK0  0000E4
color_display@buf               cstackBANK0  000079
color_display@m                 cstackCOMRAM 000058
color_predict@buf               cstackBANK0  000079
color_predict@color             cstackBANK0  0000DD
color_read_Blue@tmp             cstackCOMRAM 00000A
color_read_Clear@tmp            cstackCOMRAM 00000A
color_read_Green@tmp            cstackCOMRAM 00000A
color_read_Red@tmp              cstackCOMRAM 00000A
color_writetoaddr@address       cstackCOMRAM 000004
color_writetoaddr@value         cstackCOMRAM 000003
compare@lower                   cstackBANK0  00006A
compare@result                  cstackBANK0  000070
compare@upper                   cstackBANK0  00006E
compare@value2compare           cstackBANK0  00006C
detect_color@BB                 cstackBANK0  00007F
detect_color@BC                 cstackBANK0  00007B
detect_color@BG                 cstackBANK0  00008C
detect_color@BR                 cstackBANK0  000085
detect_color@GB                 cstackBANK0  000083
detect_color@GG                 cstackBANK0  000087
detect_color@GR                 cstackBANK0  00007D
detect_color@RB                 cstackBANK0  000081
detect_color@RG                 cstackBANK0  000079
detect_color@RR                 cstackBANK0  00008A
detect_color@color              cstackBANK0  000089
detect_color@m                  cstackBANK0  000071
detect_color@w                  cstackBANK0  000073
distance_measure@CC_amb         cstackBANK0  000078
distance_measure@CG_amb         cstackBANK0  000072
distance_measure@amb_light      cstackBANK0  00006E
distance_measure@mL             cstackBANK0  00006A
distance_measure@mR             cstackBANK0  00006C
distance_measure@stop           cstackBANK0  00007C
distance_measure@threshold      cstackBANK0  00007A
dtoa@d                          cstackCOMRAM 00001E
dtoa@fp                         cstackCOMRAM 00001C
dtoa@i                          cstackCOMRAM 00003E
dtoa@n                          cstackCOMRAM 000036
dtoa@p                          cstackCOMRAM 000030
dtoa@s                          cstackCOMRAM 000034
dtoa@w                          cstackCOMRAM 000032
end_of_initialization           cinit        005B1C
fputc@c                         cstackCOMRAM 000001
fputc@fp                        cstackCOMRAM 000003
fputs@c                         cstackCOMRAM 00000E
fputs@fp                        cstackCOMRAM 00000C
fputs@i                         cstackCOMRAM 00000F
fputs@s                         cstackCOMRAM 00000A
fullSpeedAhead@mL               cstackCOMRAM 00001A
fullSpeedAhead@mR               cstackCOMRAM 00001C
fullSpeedAhead_test@mL          cstackCOMRAM 000020
fullSpeedAhead_test@mR          cstackCOMRAM 000022
fullSpeedBack@mL                cstackCOMRAM 00001A
fullSpeedBack@mR                cstackCOMRAM 00001C
goback@i                        cstackCOMRAM 000039
goback@mL                       cstackCOMRAM 000033
goback@mR                       cstackCOMRAM 000035
initDCmotorsPWM@PWMperiod       cstackCOMRAM 000001
initDCmotors_parameter@motorL   cstackCOMRAM 000001
initDCmotors_parameter@motorR   cstackCOMRAM 000003
int$flags                       temp         00005F
intlevel0                       text         000000
intlevel1                       text         000000
intlevel2                       text         000000
intlevel3                       text         000000
isa$std                         (abs)        000001
isa$xinst                       (abs)        000000
lroundf@x                       cstackBANK0  000066
main@amb                        cstackBANK1  000168
main@amb_light                  cstackBANK1  000170
main@motorL                     cstackBANK1  000198
main@motorR                     cstackBANK1  0001A1
main@rgb                        cstackBANK1  000174
main@setup                      cstackBANK1  000172
main@stop_signal                cstackBANK1  000173
main@white                      cstackBANK1  00017C
pad@buf                         cstackCOMRAM 000013
pad@fp                          cstackCOMRAM 000011
pad@i                           cstackCOMRAM 000018
pad@p                           cstackCOMRAM 000015
pad@w                           cstackCOMRAM 00001A
read_color@m                    cstackCOMRAM 00000C
roundf@F527                     bssBANK1     00013A
roundf@e                        cstackCOMRAM 00004D
roundf@u                        cstackCOMRAM 000053
roundf@x                        cstackCOMRAM 000041
roundf@y                        cstackCOMRAM 000057
sendCharSerial4@charToSend      cstackCOMRAM 000001
sendStringSerial4@string        cstackCOMRAM 000002
setMotorPWM@PWMduty             cstackCOMRAM 000018
setMotorPWM@m                   cstackCOMRAM 00000F
short_burst@mL                  cstackCOMRAM 000020
short_burst@mR                  cstackCOMRAM 000022
short_reverse@instruction       cstackCOMRAM 000024
short_reverse@mL                cstackCOMRAM 000020
short_reverse@mR                cstackCOMRAM 000022
sprintf@ap                      cstackBANK0  00006C
sprintf@f                       cstackBANK0  00006E
sprintf@fmt                     cstackBANK0  000062
sprintf@s                       cstackBANK0  000060
stackhi                         (abs)        000000
stacklo                         (abs)        000000
start                           init         000030
start_initialization            cinit        005AF0
stop@mL                         cstackCOMRAM 00001A
stop@mR                         cstackCOMRAM 00001C
strlen@a                        cstackCOMRAM 000003
strlen@s                        cstackCOMRAM 000001
test_action@mL                  cstackCOMRAM 000033
test_action@mR                  cstackCOMRAM 000035
test_function@amb_light         cstackBANK0  0000F0
test_function@color             cstackBANK0  0000F3
test_function@complete          cstackBANK0  0000F2
test_function@m                 cstackBANK0  0000E6
test_function@mL                cstackBANK0  0000EA
test_function@mR                cstackBANK0  0000EC
test_function@stop_signal       cstackBANK0  0000F4
test_function@test_code         cstackBANK0  0000F5
test_function@w                 cstackBANK0  0000E8
toggle_light@i                  cstackCOMRAM 000004
toggle_light@lightnumber        cstackCOMRAM 000005
toggle_light@toggletime         cstackCOMRAM 000001
ttemp5                          temp         000060
ttemp6                          temp         000063
ttemp7                          temp         000067
turnLeft@angle_left             cstackCOMRAM 000024
turnLeft@delay                  cstackCOMRAM 000031
turnLeft@delay_135              cstackCOMRAM 000027
turnLeft@delay_180              cstackCOMRAM 000029
turnLeft@i                      cstackCOMRAM 00002B
turnLeft@i_1305                 cstackCOMRAM 00002D
turnLeft@i_1306                 cstackCOMRAM 00002F
turnLeft@mL                     cstackCOMRAM 000020
turnLeft@mR                     cstackCOMRAM 000022
turnRight@angle_right           cstackCOMRAM 000024
turnRight@delay                 cstackCOMRAM 000030
turnRight@delay_135             cstackCOMRAM 000026
turnRight@delay_180             cstackCOMRAM 000028
turnRight@i                     cstackCOMRAM 00002A
turnRight@i_1328                cstackCOMRAM 00002C
turnRight@i_1329                cstackCOMRAM 00002E
turnRight@mL                    cstackCOMRAM 000020
turnRight@mR                    cstackCOMRAM 000022
verify_color@color              cstackBANK0  00009A
verify_color@color2             cstackBANK0  000098
verify_color@m                  cstackBANK0  000092
verify_color@w                  cstackBANK0  000094
vfpfcnvrt@ap                    cstackCOMRAM 000044
vfpfcnvrt@fmt                   cstackCOMRAM 000042
vfpfcnvrt@fp                    cstackCOMRAM 000040
vfpfcnvrt@ll                    cstackCOMRAM 000048
vfprintf@ap                     cstackCOMRAM 000054
vfprintf@cfmt                   cstackCOMRAM 000056
vfprintf@fmt                    cstackCOMRAM 000052
vfprintf@fp                     cstackCOMRAM 000050
wtemp8                          temp         000060


MODULE INFORMATION

Module		Function		Class		Link	Load	Size
C:\Program Files\Microchip\xc8\v2.35\pic\sources\c99\common\putch.c
		_putch         		CODE           	5E9A	0000	2

C:\Program Files\Microchip\xc8\v2.35\pic\sources\c99\common\putch.c estimated size: 2

serial.c
		_sendStringSerial4		CODE           	5C44	0000	48
		_sendCharSerial4		CODE           	5E36	0000	24
		_initUSART4    		CODE           	5DFA	0000	30

serial.c estimated size: 102

timers.c
		_Timer0_init   		CODE           	5E18	0000	30

timers.c estimated size: 30

color.c
		_read_color    		CODE           	572E	0000	94
		_verify_color  		CODE           	55E0	0000	124
		_distance_measure		CODE           	50D6	0000	198
		_color_writetoaddr		CODE           	5DDA	0000	32
		_color_predict 		CODE           	5C74	0000	46
		_compare       		CODE           	5B2E	0000	58
		_calibrate_white		CODE           	38F4	0000	522
		_LED_OFF       		CODE           	5D3A	0000	32
		_color_click_init		CODE           	5C10	0000	52
		_detect_color  		CODE           	0E14	0000	3076
		_color_data_collection		CODE           	41F4	0000	406
		_color_read_Green		CODE           	582E	0000	80
		_color_read_Clear		CODE           	58CE	0000	80
		_LED_R         		CODE           	5D1A	0000	32
		_LED_G         		CODE           	5D5A	0000	32
		_color_read_Red		CODE           	57DE	0000	80
		_amb_light_measure		CODE           	4B20	0000	296
		_buggylight_init		CODE           	5E4E	0000	22
		_toggle_light  		CODE           	3648	0000	684
		_LED_B         		CODE           	5D7A	0000	32
		_color_display 		CODE           	565C	0000	112
		_color_read_Blue		CODE           	587E	0000	80
		_LED_C         		CODE           	5D9A	0000	32

color.c estimated size: 6202

C:\Program Files\Microchip\xc8\v2.35\pic\sources\c99\common\aodiv.c
		___aodiv       		CODE           	4834	0000	392

C:\Program Files\Microchip\xc8\v2.35\pic\sources\c99\common\aodiv.c estimated size: 392

C:\Program Files\Microchip\xc8\v2.35\pic\sources\c99\common\sprcmul.c
		___flmul       		CODE           	1ED8	0000	1066

C:\Program Files\Microchip\xc8\v2.35\pic\sources\c99\common\sprcmul.c estimated size: 1066

dc_motor.c
		_fullSpeedBack 		CODE           	554C	0000	148
		_fullSpeedAhead		CODE           	5262	0000	196
		_turnLeft      		CODE           	438A	0000	406
		_stop          		CODE           	53EA	0000	188
		_initDCmotorsPWM		CODE           	5A2C	0000	66
		_initDCmotors_parameter		CODE           	4F3A	0000	210
		_turnRight     		CODE           	46AA	0000	394
		_short_reverse 		CODE           	54A6	0000	166
		_setMotorPWM   		CODE           	3AFE	0000	468
		_fullSpeedAhead_test		CODE           	5A6E	0000	66

dc_motor.c estimated size: 2308

interrupts.c
		_Interrupts_init		CODE           	5E70	0000	12
		_HighISR       		CODE           	0008	0000	40

interrupts.c estimated size: 52

C:\Program Files\Microchip\xc8\v2.35\pic\sources\c99\common\nf_sprintf.c
		_sprintf       		CODE           	578C	0000	82

C:\Program Files\Microchip\xc8\v2.35\pic\sources\c99\common\nf_sprintf.c estimated size: 82

C:\Program Files\Microchip\xc8\v2.35\pic\sources\c99\common\sprcdiv.c
		___fldiv       		CODE           	26B0	0000	922

C:\Program Files\Microchip\xc8\v2.35\pic\sources\c99\common\sprcdiv.c estimated size: 922

i2c.c
		_I2C_2_Master_Start		CODE           	5E90	0000	10
		_I2C_2_Master_Read		CODE           	59A8	0000	66
		_I2C_2_Master_Idle		CODE           	5CCC	0000	40
		_I2C_2_Master_Init		CODE           	5CA2	0000	42
		_I2C_2_Master_Stop		CODE           	5E86	0000	10
		_I2C_2_Master_RepStart		CODE           	5E7C	0000	10
		_I2C_2_Master_Write		CODE           	5E64	0000	12

i2c.c estimated size: 190

C:\Program Files\Microchip\xc8\v2.35\pic\sources\c99\common\nf_fputc.c
		_fputc         		CODE           	500C	0000	202

C:\Program Files\Microchip\xc8\v2.35\pic\sources\c99\common\nf_fputc.c estimated size: 202

C:\Program Files\Microchip\xc8\v2.35\pic\sources\c99\common\Umul16.c
		___wmul        		CODE           	5CF4	0000	38

C:\Program Files\Microchip\xc8\v2.35\pic\sources\c99\common\Umul16.c estimated size: 38

C:\Program Files\Microchip\xc8\v2.35\pic\sources\c99\common\awdiv.c
		___awdiv       		CODE           	5326	0000	196

C:\Program Files\Microchip\xc8\v2.35\pic\sources\c99\common\awdiv.c estimated size: 196

C:\Program Files\Microchip\xc8\v2.35\pic\sources\c99\common\fltol.c
		___fltol       		CODE           	4C48	0000	264

C:\Program Files\Microchip\xc8\v2.35\pic\sources\c99\common\fltol.c estimated size: 264

C:\Program Files\Microchip\xc8\v2.35\pic\sources\c99\common\abs.c
		_abs           		CODE           	5AB0	0000	64

C:\Program Files\Microchip\xc8\v2.35\pic\sources\c99\common\abs.c estimated size: 64

C:\Program Files\Microchip\xc8\v2.35\pic\sources\c99\common\roundf.c
		_roundf        		CODE           	2302	0000	942

C:\Program Files\Microchip\xc8\v2.35\pic\sources\c99\common\roundf.c estimated size: 942

C:\Program Files\Microchip\xc8\v2.35\pic\sources\c99\common\flge.c
		___flge        		CODE           	4D50	0000	260

C:\Program Files\Microchip\xc8\v2.35\pic\sources\c99\common\flge.c estimated size: 260

C:\Program Files\Microchip\xc8\v2.35\pic\sources\c99\common\sprcadd.c
		___flsub       		CODE           	591E	0000	70
		___fladd       		CODE           	1A18	0000	1216

C:\Program Files\Microchip\xc8\v2.35\pic\sources\c99\common\sprcadd.c estimated size: 1286

shared
		__initialization		CODE           	5AF0	0000	44
		_toint         		SMALLCONST     	0000	0000	0

shared estimated size: 44

C:\Program Files\Microchip\xc8\v2.35\pic\sources\c99\common\flneg.c
		___flneg       		CODE           	5BA2	0000	56

C:\Program Files\Microchip\xc8\v2.35\pic\sources\c99\common\flneg.c estimated size: 56

C:\Program Files\Microchip\xc8\v2.35\pic\sources\c99\common\xxtofl.c
		___xxtofl      		CODE           	4040	0000	436

C:\Program Files\Microchip\xc8\v2.35\pic\sources\c99\common\xxtofl.c estimated size: 436

test_and_calibration.c
		_calibration_motor		CODE           	4E54	0000	230
		_test_action   		CODE           	3CD2	0000	442
		_test_function 		CODE           	4520	0000	394

test_and_calibration.c estimated size: 1066

C:\Program Files\Microchip\xc8\v2.35\pic\sources\c99\common\strlen.c
		_strlen        		CODE           	5BDA	0000	54

C:\Program Files\Microchip\xc8\v2.35\pic\sources\c99\common\strlen.c estimated size: 54

C:\Program Files\Microchip\xc8\v2.35\pic\sources\c99\common\lroundf.c
		_lroundf       		CODE           	5B68	0000	58

C:\Program Files\Microchip\xc8\v2.35\pic\sources\c99\common\lroundf.c estimated size: 58

C:\Program Files\Microchip\xc8\v2.35\pic\sources\c99\common\aomod.c
		___aomod       		CODE           	49BC	0000	356

C:\Program Files\Microchip\xc8\v2.35\pic\sources\c99\common\aomod.c estimated size: 356

C:\Program Files\Microchip\xc8\v2.35\pic\sources\c99\common\nf_fputs.c
		_fputs         		CODE           	5964	0000	68

C:\Program Files\Microchip\xc8\v2.35\pic\sources\c99\common\nf_fputs.c estimated size: 68

main.c
		_main          		CODE           	3386	0000	706

main.c estimated size: 706

movement.c
		_action        		CODE           	2DB6	0000	748
		_short_burst   		CODE           	59EA	0000	66
		_pin_init      		CODE           	5DBA	0000	32
		_goback        		CODE           	2A4A	0000	876

movement.c estimated size: 1722

C:\Program Files\Microchip\xc8\v2.35\pic\sources\c99\common\doprnt.c
		_vfpfcnvrt     		CODE           	3E8C	0000	436
		_pad           		CODE           	519C	0000	198
		_dtoa          		CODE           	30A2	0000	740
		_vfprintf      		CODE           	56CC	0000	98

C:\Program Files\Microchip\xc8\v2.35\pic\sources\c99\common\doprnt.c estimated size: 1472

