Microchip MPLAB XC8 Compiler V2.35

Linker command line:

-W-3 --edf=C:\Program Files\Microchip\xc8\v2.35\pic\dat\en_msgs.txt -cn \
  -h+dist/default/production\final-project-kangan-yuhai.X.production.sym \
  --cmf=dist/default/production\final-project-kangan-yuhai.X.production.cmf \
  -z -Q18F67K40 -oC:\Users\KANGAN~1\AppData\Local\Temp\xcAsnmo.4 \
  --defsym=__MPLAB_BUILD=1 \
  -Mdist/default/production/final-project-kangan-yuhai.X.production.map \
  --md=C:\Users\KANGAN~1\AppData\Local\Temp\xcAsnmo.dat -E1 \
  -ver=XC8 Compiler --acfsm=1493 -ACODE=00h-01FFFFh -ACONST=00h-01FFFFh \
  -ASMALLCONST=0E00h-0EFFhx498 -AMEDIUMCONST=0E00h-0FFFFh,010E00h-01FFFFh \
  -ACOMRAM=01h-05Fh -AABS1=00h-0DE9h -ABIGRAM=01h-0DE9h \
  -ARAM=060h-0FFh,0100h-01FFhx12,0D00h-0DE9h -ABANK0=060h-0FFh \
  -ABANK1=0100h-01FFh -ABANK2=0200h-02FFh -ABANK3=0300h-03FFh \
  -ABANK4=0400h-04FFh -ABANK5=0500h-05FFh -ABANK6=0600h-06FFh \
  -ABANK7=0700h-07FFh -ABANK8=0800h-08FFh -ABANK9=0900h-09FFh \
  -ABANK10=0A00h-0AFFh -ABANK11=0B00h-0BFFh -ABANK12=0C00h-0CFFh \
  -ABANK13=0D00h-0DE9h \
  -ASFR=0DEFh-0DFFh,0E00h-0EFFh,0F00h-0F5Fh,0F60h-0FFFh \
  -ABIGSFR=0DEFh-0FFFh -ACONFIG=0300000h-030000Bh -AIDLOC=0200000h-020000Fh \
  -AEEDATA=0310000h-03103FFh -peeprom_data=EEDATA \
  -preset_vec=00h,intcode,intcodelo,powerup,init -pramtop=0E00h \
  -psmallconst=SMALLCONST -pmediumconst=MEDIUMCONST -pconst=CONST \
  -AFARRAM=00h-00h \
  -prdata=COMRAM,nvrram=COMRAM,nvbit=COMRAM,rbss=COMRAM,rbit=COMRAM \
  -pfarbss=FARRAM,fardata=FARRAM,nvFARRAM=FARRAM \
  -pintsave_regs=BIGRAM,bigbss=BIGRAM,bigdata=BIGRAM -pbss=RAM \
  -pidata=CODE,irdata=CODE,ibigdata=CODE,ifardata=CODE -prparam=COMRAM \
  C:\Users\KANGAN~1\AppData\Local\Temp\xcAsnmo.o \
  dist/default/production\final-project-kangan-yuhai.X.production.o 

Object code version is 3.11

Machine type is 18F67K40



                Name                               Link     Load   Length Selector   Space Scale
C:\Users\KANGAN~1\AppData\Local\Temp\xcAsnmo.o
                idloc                            200000   200000       10        0       5
                config                           300000   300000        C        0       4
                init                                  0        0        4        0       0
dist/default/production\final-project-kangan-yuhai.X.production.o
                idloc                            200000   200000       10        0       5
                config                           300000   300000        C        0       4
                smallconst                          E00      E00       54      700       0
                text51                             3FFE     3FFE       20      72A       0
                text50                             3FDE     3FDE       20      72A       0
                text49                             3FBE     3FBE       20      72A       0
                text48                             3F9E     3F9E       20      72A       0
                text47                             3F56     3F56       28      72A       0
                text46                             3D26     3D26       42      72A       0
                text45                             4080     4080        A      72A       0
                text44                             4076     4076        A      72A       0
                text43                             406C     406C        A      72A       0
                text42                             4060     4060        C      72A       0
                text41                             3C0A     3C0A       50      72A       0
                text40                             3BBA     3BBA       50      72A       0
                text39                             3B6A     3B6A       50      72A       0
                text38                             3258     3258      12A      72A       0
                text37                             4054     4054        C      72A       0
                text36                             3F2C     3F2C       2A      72A       0
                text35                             3F7E     3F7E       20      72A       0
                text34                             3EC8     3EC8       34      72A       0
                text33                             403C     403C       18      72A       0
                text32                             3EFC     3EFC       30      72A       0
                text31                             2F6C     2F6C      188      72A       0
                text30                             30F4     30F4      164      72A       0
                text29                             3D68     3D68       40      72A       0
                text28                             408C     408C        2      72A       0
                text27                             3808     3808       CA      72A       0
                text26                             3CA0     3CA0       44      72A       0
                text25                             3E92     3E92       36      72A       0
                text24                             38D2     38D2       C6      72A       0
                text23                             2920     2920      2E4      72A       0
                text22                             2DB8     2DB8      1B4      72A       0
                text21                             3A08     3A08       62      72A       0
                text20                             3AC8     3AC8       52      72A       0
                text19                             3998     3998       70      72A       0
                text18                             358E     358E       DE      72A       0
                text17                             2586     2586      39A      72A       0
                text16                             2C04     2C04      1B4      72A       0
                text15                             3E20     3E20       3A      72A       0
                text14                             3382     3382      108      72A       0
                text13                             348A     348A      104      72A       0
                text12                             1DAE     1DAE      42A      72A       0
                text11                             3E5A     3E5A       38      72A       0
                text10                             18EE     18EE      4C0      72A       0
                text9                              3C5A     3C5A       46      72A       0
                text8                              21D8     21D8      3AE      72A       0
                text7                              3DE6     3DE6       3A      72A       0
                text6                              3B1A     3B1A       50      72A       0
                text5                              3A6A     3A6A       5E      72A       0
                text4                               E54      E54      A9A      72A       0
                text3                              3CE4     3CE4       42      72A       0
                text2                              366C     366C       D2      72A       0
                text1                              401E     401E       1E      72A       0
                text0                              373E     373E       CA      72A       0
                cstackCOMRAM                          1        1       5F        1       1
                cstackBANK0                          60       60       80       60       1
                cstackBANK1                         17A      17A       2F      100       1
                bssBANK1                            100      100       7A      100       1
                dataBANK0                            FA       FA        2       60       1
                bssBANK0                             E0       E0       1A       60       1
                cinit                              3DA8     3DA8       3E      72A       0
                idataBANK0                         408A     408A        2      72A       0

TOTAL           Name                               Link     Load   Length     Space
        CLASS   CODE           
                init                                  0        0        4         0
                text51                             3FFE     3FFE       20         0
                text50                             3FDE     3FDE       20         0
                text49                             3FBE     3FBE       20         0
                text48                             3F9E     3F9E       20         0
                text47                             3F56     3F56       28         0
                text46                             3D26     3D26       42         0
                text45                             4080     4080        A         0
                text44                             4076     4076        A         0
                text43                             406C     406C        A         0
                text42                             4060     4060        C         0
                text41                             3C0A     3C0A       50         0
                text40                             3BBA     3BBA       50         0
                text39                             3B6A     3B6A       50         0
                text38                             3258     3258      12A         0
                text37                             4054     4054        C         0
                text36                             3F2C     3F2C       2A         0
                text35                             3F7E     3F7E       20         0
                text34                             3EC8     3EC8       34         0
                text33                             403C     403C       18         0
                text32                             3EFC     3EFC       30         0
                text31                             2F6C     2F6C      188         0
                text30                             30F4     30F4      164         0
                text29                             3D68     3D68       40         0
                text28                             408C     408C        2         0
                text27                             3808     3808       CA         0
                text26                             3CA0     3CA0       44         0
                text25                             3E92     3E92       36         0
                text24                             38D2     38D2       C6         0
                text23                             2920     2920      2E4         0
                text22                             2DB8     2DB8      1B4         0
                text21                             3A08     3A08       62         0
                text20                             3AC8     3AC8       52         0
                text19                             3998     3998       70         0
                text18                             358E     358E       DE         0
                text17                             2586     2586      39A         0
                text16                             2C04     2C04      1B4         0
                text15                             3E20     3E20       3A         0
                text14                             3382     3382      108         0
                text13                             348A     348A      104         0
                text12                             1DAE     1DAE      42A         0
                text11                             3E5A     3E5A       38         0
                text10                             18EE     18EE      4C0         0
                text9                              3C5A     3C5A       46         0
                text8                              21D8     21D8      3AE         0
                text7                              3DE6     3DE6       3A         0
                text6                              3B1A     3B1A       50         0
                text5                              3A6A     3A6A       5E         0
                text4                               E54      E54      A9A         0
                text3                              3CE4     3CE4       42         0
                text2                              366C     366C       D2         0
                text1                              401E     401E       1E         0
                text0                              373E     373E       CA         0
                cinit                              3DA8     3DA8       3E         0
                idataBANK0                         408A     408A        2         0

        CLASS   CONST          

        CLASS   SMALLCONST     
                smallconst                          E00      E00       54         0

        CLASS   MEDIUMCONST    

        CLASS   COMRAM         
                cstackCOMRAM                          1        1       5F         1

        CLASS   ABS1           

        CLASS   BIGRAM         

        CLASS   RAM            

        CLASS   BANK0          
                cstackBANK0                          60       60       80         1
                dataBANK0                            FA       FA        2         1
                bssBANK0                             E0       E0       1A         1

        CLASS   BANK1          
                cstackBANK1                         17A      17A       2F         1
                bssBANK1                            100      100       7A         1

        CLASS   BANK2          

        CLASS   BANK3          

        CLASS   BANK4          

        CLASS   BANK5          

        CLASS   BANK6          

        CLASS   BANK7          

        CLASS   BANK8          

        CLASS   BANK9          

        CLASS   BANK10         

        CLASS   BANK11         

        CLASS   BANK12         

        CLASS   BANK13         

        CLASS   SFR            

        CLASS   BIGSFR         

        CLASS   CONFIG         
                config                           300000   300000        C         4

        CLASS   IDLOC          
                idloc                            200000   200000       10         5

        CLASS   EEDATA         

        CLASS   FARRAM         

        CLASS   HEAP           

        CLASS   STACK          



SEGMENTS        Name                           Load    Length   Top    Selector   Space  Class

                reset_vec                      000000  000004  000004         0       0  CODE    
                cstackCOMRAM                   000001  00005F  000060         1       1  COMRAM  
                cstackBANK0                    000060  00009C  0000FC        60       1  BANK0   
                bssBANK1                       000100  0000A9  0001A9       100       1  BANK1   
                smallconst                     000E00  000054  000E54       700       0  SMALLCON
                text4                          000E54  00323A  00408E       72A       0  CODE    


UNUSED ADDRESS RANGES

        Name                Unused          Largest block    Delta
        BANK0            0000FC-0000FF                4
        BANK1            0001A9-0001FF               57
        BANK10           000A00-000AFF              100
        BANK11           000B00-000BFF              100
        BANK12           000C00-000CFF              100
        BANK13           000D00-000DE9               EA
        BANK2            000200-0002FF              100
        BANK3            000300-0003FF              100
        BANK4            000400-0004FF              100
        BANK5            000500-0005FF              100
        BANK6            000600-0006FF              100
        BANK7            000700-0007FF              100
        BANK8            000800-0008FF              100
        BANK9            000900-0009FF              100
        BIGRAM           0000FC-0000FF                4
                         0001A9-000DE9              C41
        BIGSFR           000DEF-000FFF              211
        CODE             000004-000DFF              DFC
                         00408E-01FFFF            1BF72
        CONST            000004-000DFF              DFC
                         00408E-01FFFF            1BF72
        EEDATA           310000-3103FF              400
        MEDIUMCONST      00408E-00FFFF             BF72
                         010E00-01FFFF             F200
        RAM              0000FC-0000FF                4
                         0001A9-000DE9              100
        SFR              000DEF-000FFF              100
        SMALLCONST       00408E-01FFFF              100

                                  Symbol Table

?___aodiv                       cstackCOMRAM 000001
?___aomod                       cstackCOMRAM 000001
?___fladd                       cstackCOMRAM 000001
?___fldiv                       cstackCOMRAM 00000F
?___flmul                       cstackCOMRAM 000028
?___flneg                       cstackCOMRAM 000001
?___flsub                       cstackCOMRAM 000011
?___fltol                       cstackCOMRAM 00005B
?___xxtofl                      cstackCOMRAM 000001
?_abs                           cstackCOMRAM 000013
?_color_read_Blue               cstackCOMRAM 000005
?_color_read_Clear              cstackCOMRAM 000005
?_color_read_Green              cstackCOMRAM 000005
?_color_read_Red                cstackCOMRAM 000005
?_dtoa                          cstackCOMRAM 00001C
?_lroundf                       cstackBANK0  000066
?_pad                           cstackCOMRAM 000011
?_roundf                        cstackCOMRAM 000041
?_sprintf                       cstackBANK0  000060
?_strlen                        cstackCOMRAM 000001
?_vfpfcnvrt                     cstackCOMRAM 000040
?_vfprintf                      cstackCOMRAM 000050
I2C_2_Master_Read@ack           cstackCOMRAM 000003
I2C_2_Master_Read@tmp           cstackCOMRAM 000004
I2C_2_Master_Write@data_byte    cstackCOMRAM 000002
_ADCON0bits                     (abs)        000F60
_ADPCH                          (abs)        000F5F
_ADREFbits                      (abs)        000F58
_ADRESH                         (abs)        000F64
_ANSELDbits                     (abs)        000EA7
_ANSELFbits                     (abs)        000EB4
_BAUD4CONbits                   (abs)        000EE9
_EUSART4RXbuf                   bssBANK1     00013C
_EUSART4TXbuf                   bssBANK1     000100
_I2C_2_Master_Idle              text47       003F56
_I2C_2_Master_Init              text36       003F2C
_I2C_2_Master_Read              text46       003D26
_I2C_2_Master_RepStart          text45       004080
_I2C_2_Master_Start             text44       004076
_I2C_2_Master_Stop              text43       00406C
_I2C_2_Master_Write             text42       004060
_LATAbits                       (abs)        000F79
_LATCbits                       (abs)        000F7B
_LATE                           (abs)        000F7D
_LATEbits                       (abs)        000F7D
_LATFbits                       (abs)        000F7E
_LATG                           (abs)        000F7F
_LATGbits                       (abs)        000F7F
_LED_B                          text50       003FDE
_LED_C                          text51       003FFE
_LED_G                          text49       003FBE
_LED_R                          text48       003F9E
_PIE4bits                       (abs)        000E2D
_PIR4bits                       (abs)        000E37
_PORTFbits                      (abs)        000F8E
_PWM6CONbits                    (abs)        000FA4
_PWM6DCH                        (abs)        000FA3
_PWM7CONbits                    (abs)        000FA1
_PWM7DCH                        (abs)        000FA0
_RC0PPS                         (abs)        000E62
_RC4REG                         (abs)        000EE3
_RC4STAbits                     (abs)        000EE7
_RC7PPS                         (abs)        000E69
_RD5PPS                         (abs)        000E6F
_RD6PPS                         (abs)        000E70
_RE2PPS                         (abs)        000E74
_RX4PPS                         (abs)        000E15
_RxBufReadCnt                   bssBANK0     0000F8
_RxBufWriteCnt                  bssBANK0     0000F9
_SENSITIVITY                    dataBANK0    0000FB
_SP4BRGH                        (abs)        000EE6
_SP4BRGL                        (abs)        000EE5
_SSP2ADD                        (abs)        000ED6
_SSP2BUF                        (abs)        000ED5
_SSP2CLKPPS                     (abs)        000E1C
_SSP2CON1bits                   (abs)        000ED9
_SSP2CON2                       (abs)        000EDA
_SSP2CON2bits                   (abs)        000EDA
_SSP2DATPPS                     (abs)        000E1D
_SSP2STAT                       (abs)        000ED8
_T2CLKCONbits                   (abs)        000FBF
_T2CONbits                      (abs)        000FBD
_T2HLTbits                      (abs)        000FBE
_T2PR                           (abs)        000FBC
_TRISAbits                      (abs)        000F81
_TRISCbits                      (abs)        000F83
_TRISDbits                      (abs)        000F84
_TRISEbits                      (abs)        000F85
_TRISFbits                      (abs)        000F86
_TRISGbits                      (abs)        000F87
_TX4REG                         (abs)        000EE4
_TX4STAbits                     (abs)        000EE8
_TxBufReadCnt                   bssBANK0     0000F6
_TxBufWriteCnt                  bssBANK0     0000F7
__HRAM                          (abs)        000000
__Habs1                         abs1         000000
__Hbank0                        bank0        000000
__Hbank1                        bank1        000000
__Hbank10                       bank10       000000
__Hbank11                       bank11       000000
__Hbank12                       bank12       000000
__Hbank13                       bank13       000000
__Hbank2                        bank2        000000
__Hbank3                        bank3        000000
__Hbank4                        bank4        000000
__Hbank5                        bank5        000000
__Hbank6                        bank6        000000
__Hbank7                        bank7        000000
__Hbank8                        bank8        000000
__Hbank9                        bank9        000000
__Hbigbss                       bigbss       000000
__Hbigdata                      bigdata      000000
__Hbigram                       bigram       000000
__Hbigsfr                       bigsfr       000000
__Hbss                          bss          000000
__HbssBANK0                     bssBANK0     000000
__HbssBANK1                     bssBANK1     000000
__Hcinit                        cinit        000000
__Hclrtext                      clrtext      000000
__Hcomram                       comram       000000
__Hconfig                       config       30000C
__Hconst                        const        000000
__HcstackBANK0                  cstackBANK0  000000
__HcstackBANK1                  cstackBANK1  000000
__HcstackCOMRAM                 cstackCOMRAM 000000
__Hdata                         data         000000
__HdataBANK0                    dataBANK0    000000
__Heeprom_data                  eeprom_data  000000
__Hfarbss                       farbss       000000
__Hfardata                      fardata      000000
__Hheap                         heap         000000
__Hibigdata                     ibigdata     000000
__Hidata                        idata        000000
__HidataBANK0                   idataBANK0   000000
__Hidloc                        idloc        200010
__Hifardata                     ifardata     000000
__Hinit                         init         000004
__Hintcode                      intcode      000000
__Hintcode_body                 intcode_body 000000
__Hintcodelo                    intcodelo    000000
__Hintentry                     intentry     000000
__Hintret                       intret       000000
__Hintsave_regs                 intsave_regs 000000
__Hirdata                       irdata       000000
__Hmediumconst                  mediumconst  000000
__HnvFARRAM                     nvFARRAM     000000
__Hnvbit                        nvbit        000000
__Hnvrram                       nvrram       000000
__Hparam                        rparam       000000
__Hpowerup                      powerup      000000
__Hram                          ram          000000
__Hramtop                       ramtop       000E00
__Hrbit                         rbit         000000
__Hrbss                         rbss         000000
__Hrdata                        rdata        000000
__Hreset_vec                    reset_vec    000000
__Hrparam                       rparam       000000
__Hsfr                          sfr          000000
__Hsmallconst                   smallconst   000E54
__Hspace_0                      (abs)        00408E
__Hspace_1                      (abs)        0001A9
__Hspace_2                      (abs)        000000
__Hspace_4                      (abs)        60000C
__Hstack                        stack        000000
__Hstruct                       struct       000000
__Htemp                         temp         000000
__Htext                         text         000000
__Htext0                        text0        000000
__Htext1                        text1        000000
__Htext10                       text10       000000
__Htext11                       text11       000000
__Htext12                       text12       000000
__Htext13                       text13       000000
__Htext14                       text14       000000
__Htext15                       text15       000000
__Htext16                       text16       000000
__Htext17                       text17       000000
__Htext18                       text18       000000
__Htext19                       text19       000000
__Htext2                        text2        000000
__Htext20                       text20       000000
__Htext21                       text21       000000
__Htext22                       text22       000000
__Htext23                       text23       000000
__Htext24                       text24       000000
__Htext25                       text25       000000
__Htext26                       text26       000000
__Htext27                       text27       000000
__Htext28                       text28       000000
__Htext29                       text29       000000
__Htext3                        text3        000000
__Htext30                       text30       000000
__Htext31                       text31       000000
__Htext32                       text32       000000
__Htext33                       text33       000000
__Htext34                       text34       000000
__Htext35                       text35       000000
__Htext36                       text36       000000
__Htext37                       text37       000000
__Htext38                       text38       000000
__Htext39                       text39       000000
__Htext4                        text4        000000
__Htext40                       text40       000000
__Htext41                       text41       000000
__Htext42                       text42       000000
__Htext43                       text43       000000
__Htext44                       text44       000000
__Htext45                       text45       000000
__Htext46                       text46       000000
__Htext47                       text47       000000
__Htext48                       text48       000000
__Htext49                       text49       000000
__Htext5                        text5        000000
__Htext50                       text50       000000
__Htext51                       text51       000000
__Htext6                        text6        000000
__Htext7                        text7        000000
__Htext8                        text8        000000
__Htext9                        text9        000000
__LRAM                          (abs)        000001
__Labs1                         abs1         000000
__Lbank0                        bank0        000000
__Lbank1                        bank1        000000
__Lbank10                       bank10       000000
__Lbank11                       bank11       000000
__Lbank12                       bank12       000000
__Lbank13                       bank13       000000
__Lbank2                        bank2        000000
__Lbank3                        bank3        000000
__Lbank4                        bank4        000000
__Lbank5                        bank5        000000
__Lbank6                        bank6        000000
__Lbank7                        bank7        000000
__Lbank8                        bank8        000000
__Lbank9                        bank9        000000
__Lbigbss                       bigbss       000000
__Lbigdata                      bigdata      000000
__Lbigram                       bigram       000000
__Lbigsfr                       bigsfr       000000
__Lbss                          bss          000000
__LbssBANK0                     bssBANK0     000000
__LbssBANK1                     bssBANK1     000000
__Lcinit                        cinit        000000
__Lclrtext                      clrtext      000000
__Lcomram                       comram       000000
__Lconfig                       config       000000
__Lconst                        const        000000
__LcstackBANK0                  cstackBANK0  000000
__LcstackBANK1                  cstackBANK1  000000
__LcstackCOMRAM                 cstackCOMRAM 000000
__Ldata                         data         000000
__LdataBANK0                    dataBANK0    000000
__Leeprom_data                  eeprom_data  000000
__Lfarbss                       farbss       000000
__Lfardata                      fardata      000000
__Lheap                         heap         000000
__Libigdata                     ibigdata     000000
__Lidata                        idata        000000
__LidataBANK0                   idataBANK0   000000
__Lidloc                        idloc        000000
__Lifardata                     ifardata     000000
__Linit                         init         000000
__Lintcode                      intcode      000000
__Lintcode_body                 intcode_body 000000
__Lintcodelo                    intcodelo    000000
__Lintentry                     intentry     000000
__Lintret                       intret       000000
__Lintsave_regs                 intsave_regs 000000
__Lirdata                       irdata       000000
__Lmediumconst                  mediumconst  000000
__LnvFARRAM                     nvFARRAM     000000
__Lnvbit                        nvbit        000000
__Lnvrram                       nvrram       000000
__Lparam                        rparam       000000
__Lpowerup                      powerup      000000
__Lram                          ram          000000
__Lramtop                       ramtop       000E00
__Lrbit                         rbit         000000
__Lrbss                         rbss         000000
__Lrdata                        rdata        000000
__Lreset_vec                    reset_vec    000000
__Lrparam                       rparam       000000
__Lsfr                          sfr          000000
__Lsmallconst                   smallconst   000E00
__Lspace_0                      (abs)        000000
__Lspace_1                      (abs)        000000
__Lspace_2                      (abs)        000000
__Lspace_4                      (abs)        000000
__Lstack                        stack        000000
__Lstruct                       struct       000000
__Ltemp                         temp         000000
__Ltext                         text         000000
__Ltext0                        text0        000000
__Ltext1                        text1        000000
__Ltext10                       text10       000000
__Ltext11                       text11       000000
__Ltext12                       text12       000000
__Ltext13                       text13       000000
__Ltext14                       text14       000000
__Ltext15                       text15       000000
__Ltext16                       text16       000000
__Ltext17                       text17       000000
__Ltext18                       text18       000000
__Ltext19                       text19       000000
__Ltext2                        text2        000000
__Ltext20                       text20       000000
__Ltext21                       text21       000000
__Ltext22                       text22       000000
__Ltext23                       text23       000000
__Ltext24                       text24       000000
__Ltext25                       text25       000000
__Ltext26                       text26       000000
__Ltext27                       text27       000000
__Ltext28                       text28       000000
__Ltext29                       text29       000000
__Ltext3                        text3        000000
__Ltext30                       text30       000000
__Ltext31                       text31       000000
__Ltext32                       text32       000000
__Ltext33                       text33       000000
__Ltext34                       text34       000000
__Ltext35                       text35       000000
__Ltext36                       text36       000000
__Ltext37                       text37       000000
__Ltext38                       text38       000000
__Ltext39                       text39       000000
__Ltext4                        text4        000000
__Ltext40                       text40       000000
__Ltext41                       text41       000000
__Ltext42                       text42       000000
__Ltext43                       text43       000000
__Ltext44                       text44       000000
__Ltext45                       text45       000000
__Ltext46                       text46       000000
__Ltext47                       text47       000000
__Ltext48                       text48       000000
__Ltext49                       text49       000000
__Ltext5                        text5        000000
__Ltext50                       text50       000000
__Ltext51                       text51       000000
__Ltext6                        text6        000000
__Ltext7                        text7        000000
__Ltext8                        text8        000000
__Ltext9                        text9        000000
__S0                            (abs)        00408E
__S1                            (abs)        0001A9
__S4                            (abs)        000000
__S5                            (abs)        000000
___aodiv                        text31       002F6C
___aodiv@counter                cstackCOMRAM 000011
___aodiv@dividend               cstackCOMRAM 000001
___aodiv@divisor                cstackCOMRAM 000009
___aodiv@quotient               cstackCOMRAM 000013
___aodiv@sign                   cstackCOMRAM 000012
___aomod                        text30       0030F4
___aomod@counter                cstackCOMRAM 000011
___aomod@dividend               cstackCOMRAM 000001
___aomod@divisor                cstackCOMRAM 000009
___aomod@sign                   cstackCOMRAM 000012
___fladd                        text10       0018EE
___fladd@a                      cstackCOMRAM 000005
___fladd@aexp                   cstackCOMRAM 00000E
___fladd@b                      cstackCOMRAM 000001
___fladd@bexp                   cstackCOMRAM 00000F
___fladd@grs                    cstackCOMRAM 000010
___fladd@signs                  cstackCOMRAM 00000D
___fldiv                        text17       002586
___fldiv@a                      cstackCOMRAM 000013
___fldiv@aexp                   cstackCOMRAM 000027
___fldiv@b                      cstackCOMRAM 00000F
___fldiv@bexp                   cstackCOMRAM 000026
___fldiv@grs                    cstackCOMRAM 000022
___fldiv@new_exp                cstackCOMRAM 000020
___fldiv@rem                    cstackCOMRAM 00001B
___fldiv@sign                   cstackCOMRAM 00001F
___flge                         text13       00348A
___flge@ff1                     cstackCOMRAM 000001
___flge@ff2                     cstackCOMRAM 000005
___flmul                        text12       001DAE
___flmul@a                      cstackCOMRAM 00002C
___flmul@aexp                   cstackCOMRAM 000039
___flmul@b                      cstackCOMRAM 000028
___flmul@bexp                   cstackCOMRAM 00003A
___flmul@grs                    cstackCOMRAM 000035
___flmul@prod                   cstackCOMRAM 00003B
___flmul@sign                   cstackCOMRAM 000034
___flmul@temp                   cstackCOMRAM 00003F
___flneg                        text11       003E5A
___flneg@f1                     cstackCOMRAM 000001
___flsub                        text9        003C5A
___flsub@a                      cstackCOMRAM 000015
___flsub@b                      cstackCOMRAM 000011
___fltol                        text14       003382
___fltol@exp1                   cstackBANK0  000065
___fltol@f1                     cstackCOMRAM 00005B
___fltol@sign1                  cstackBANK0  000064
___heap_hi                      (abs)        000000
___heap_lo                      (abs)        000000
___inthi_sp                     stack        000000
___intlo_sp                     stack        000000
___param_bank                   (abs)        000000
___rparam_used                  (abs)        000001
___sp                           stack        000000
___xxtofl                       text16       002C04
___xxtofl@arg                   cstackCOMRAM 00000B
___xxtofl@exp                   cstackCOMRAM 00000A
___xxtofl@sign                  cstackCOMRAM 000009
___xxtofl@val                   cstackCOMRAM 000001
__accesstop                     (abs)        000060
__activetblptr                  (abs)        000001
__end_of_I2C_2_Master_Idle      text47       003F7E
__end_of_I2C_2_Master_Init      text36       003F56
__end_of_I2C_2_Master_Read      text46       003D68
__end_of_I2C_2_Master_RepStart  text45       00408A
__end_of_I2C_2_Master_Start     text44       004080
__end_of_I2C_2_Master_Stop      text43       004076
__end_of_I2C_2_Master_Write     text42       00406C
__end_of_LED_B                  text50       003FFE
__end_of_LED_C                  text51       00401E
__end_of_LED_G                  text49       003FDE
__end_of_LED_R                  text48       003FBE
__end_of___aodiv                text31       0030F4
__end_of___aomod                text30       003258
__end_of___fladd                text10       001DAE
__end_of___fldiv                text17       002920
__end_of___flge                 text13       00358E
__end_of___flmul                text12       0021D8
__end_of___flneg                text11       003E92
__end_of___flsub                text9        003CA0
__end_of___fltol                text14       00348A
__end_of___xxtofl               text16       002DB8
__end_of__initialization        cinit        003DD8
__end_of_abs                    text29       003DA8
__end_of_calibrate_white        text38       003382
__end_of_calibration_init       text37       004060
__end_of_color_click_init       text34       003EFC
__end_of_color_display          text19       003A08
__end_of_color_predict          text18       00366C
__end_of_color_read_Blue        text41       003C5A
__end_of_color_read_Clear       text6        003B6A
__end_of_color_read_Green       text40       003C0A
__end_of_color_read_Red         text39       003BBA
__end_of_color_writetoaddr      text35       003F9E
__end_of_compare                text15       003E5A
__end_of_detect_color           text4        0018EE
__end_of_dtoa                   text23       002C04
__end_of_fputc                  text27       0038D2
__end_of_fputs                  text26       003CE4
__end_of_initDCmotorsPWM        text3        003D26
__end_of_initDCmotors_parameter text2        00373E
__end_of_initUSART4             text1        00403C
__end_of_lroundf                text7        003E20
__end_of_main                   text0        003808
__end_of_pad                    text24       003998
__end_of_putch                  text28       00408E
__end_of_read_color             text5        003AC8
__end_of_roundf                 text8        002586
__end_of_sendCharSerial4        text33       004054
__end_of_sendStringSerial4      text32       003F2C
__end_of_sprintf                text20       003B1A
__end_of_strlen                 text25       003EC8
__end_of_toint                  smallconst   000E05
__end_of_vfpfcnvrt              text22       002F6C
__end_of_vfprintf               text21       003A6A
__initialization                cinit        003DA8
__mediumconst                   mediumconst  000000
__pbssBANK0                     bssBANK0     0000E0
__pbssBANK1                     bssBANK1     000100
__pcinit                        cinit        003DA8
__pcstackBANK0                  cstackBANK0  000060
__pcstackBANK1                  cstackBANK1  00017A
__pcstackCOMRAM                 cstackCOMRAM 000001
__pdataBANK0                    dataBANK0    0000FA
__pidataBANK0                   idataBANK0   00408A
__psmallconst                   smallconst   000E00
__ptext0                        text0        00373E
__ptext1                        text1        00401E
__ptext10                       text10       0018EE
__ptext11                       text11       003E5A
__ptext12                       text12       001DAE
__ptext13                       text13       00348A
__ptext14                       text14       003382
__ptext15                       text15       003E20
__ptext16                       text16       002C04
__ptext17                       text17       002586
__ptext18                       text18       00358E
__ptext19                       text19       003998
__ptext2                        text2        00366C
__ptext20                       text20       003AC8
__ptext21                       text21       003A08
__ptext22                       text22       002DB8
__ptext23                       text23       002920
__ptext24                       text24       0038D2
__ptext25                       text25       003E92
__ptext26                       text26       003CA0
__ptext27                       text27       003808
__ptext28                       text28       00408C
__ptext29                       text29       003D68
__ptext3                        text3        003CE4
__ptext30                       text30       0030F4
__ptext31                       text31       002F6C
__ptext32                       text32       003EFC
__ptext33                       text33       00403C
__ptext34                       text34       003EC8
__ptext35                       text35       003F7E
__ptext36                       text36       003F2C
__ptext37                       text37       004054
__ptext38                       text38       003258
__ptext39                       text39       003B6A
__ptext4                        text4        000E54
__ptext40                       text40       003BBA
__ptext41                       text41       003C0A
__ptext42                       text42       004060
__ptext43                       text43       00406C
__ptext44                       text44       004076
__ptext45                       text45       004080
__ptext46                       text46       003D26
__ptext47                       text47       003F56
__ptext48                       text48       003F9E
__ptext49                       text49       003FBE
__ptext5                        text5        003A6A
__ptext50                       text50       003FDE
__ptext51                       text51       003FFE
__ptext6                        text6        003B1A
__ptext7                        text7        003DE6
__ptext8                        text8        0021D8
__ptext9                        text9        003C5A
__ramtop                        ramtop       000E00
__smallconst                    smallconst   000E00
_abs                            text29       003D68
_calibrate_white                text38       003258
_calibration_init               text37       004054
_color                          dataBANK0    0000FA
_color_click_init               text34       003EC8
_color_display                  text19       003998
_color_predict                  text18       00358E
_color_read_Blue                text41       003C0A
_color_read_Clear               text6        003B1A
_color_read_Green               text40       003BBA
_color_read_Red                 text39       003B6A
_color_writetoaddr              text35       003F7E
_compare                        text15       003E20
_dbuf                           bssBANK1     00015A
_detect_color                   text4        000E54
_detect_color$2685              cstackBANK0  00008B
_dtoa                           text23       002920
_dtoa$2329                      cstackCOMRAM 00002E
_flags                          bssBANK0     0000F4
_fputc                          text27       003808
_fputs                          text26       003CA0
_initDCmotorsPWM                text3        003CE4
_initDCmotors_parameter         text2        00366C
_initUSART4                     text1        00401E
_lroundf                        text7        003DE6
_main                           text0        00373E
_motorL                         bssBANK0     0000E0
_motorR                         bssBANK1     000150
_nout                           bssBANK0     0000EE
_pad                            text24       0038D2
_prec                           bssBANK0     0000F2
_putch                          text28       00408C
_read_color                     text5        003A6A
_roundf                         text8        0021D8
_roundf$2686                    cstackCOMRAM 00004F
_roundf$2687                    cstackCOMRAM 000049
_sendCharSerial4                text33       00403C
_sendStringSerial4              text32       003EFC
_sprintf                        text20       003AC8
_strlen                         text25       003E92
_vfpfcnvrt                      text22       002DB8
_vfprintf                       text21       003A08
_width                          bssBANK0     0000F0
abs@a                           cstackCOMRAM 000013
calibrate_white@w               cstackCOMRAM 00000C
color_display@buf               cstackBANK0  000079
color_display@m                 cstackCOMRAM 000058
color_predict@buf               cstackBANK0  000079
color_predict@color             cstackBANK0  0000DD
color_read_Blue@tmp             cstackCOMRAM 00000A
color_read_Clear@tmp            cstackCOMRAM 00000A
color_read_Green@tmp            cstackCOMRAM 00000A
color_read_Red@tmp              cstackCOMRAM 00000A
color_writetoaddr@address       cstackCOMRAM 000004
color_writetoaddr@value         cstackCOMRAM 000003
compare@lower                   cstackBANK0  00006A
compare@result                  cstackCOMRAM 00005F
compare@upper                   cstackBANK0  00006E
compare@value2compare           cstackBANK0  00006C
detect_color@BB                 cstackBANK0  000082
detect_color@BG                 cstackBANK0  000088
detect_color@BR                 cstackBANK0  000086
detect_color@GB                 cstackBANK0  00007C
detect_color@GG                 cstackBANK0  000080
detect_color@GR                 cstackBANK0  00007A
detect_color@RB                 cstackBANK0  000078
detect_color@RG                 cstackBANK0  00007E
detect_color@RR                 cstackBANK0  000084
detect_color@color              cstackBANK0  00008A
detect_color@m                  cstackBANK0  000070
detect_color@w                  cstackBANK0  000072
dtoa@d                          cstackCOMRAM 00001E
dtoa@fp                         cstackCOMRAM 00001C
dtoa@i                          cstackCOMRAM 00003E
dtoa@n                          cstackCOMRAM 000036
dtoa@p                          cstackCOMRAM 000030
dtoa@s                          cstackCOMRAM 000034
dtoa@w                          cstackCOMRAM 000032
end_of_initialization           cinit        003DD8
fputc@c                         cstackCOMRAM 000001
fputc@fp                        cstackCOMRAM 000003
fputs@c                         cstackCOMRAM 00000E
fputs@fp                        cstackCOMRAM 00000C
fputs@i                         cstackCOMRAM 00000F
fputs@s                         cstackCOMRAM 00000A
initDCmotorsPWM@PWMperiod       cstackCOMRAM 000001
initDCmotors_parameter@motorL   cstackCOMRAM 000001
initDCmotors_parameter@motorR   cstackCOMRAM 000003
intlevel0                       text         000000
intlevel1                       text         000000
intlevel2                       text         000000
intlevel3                       text         000000
isa$std                         (abs)        000001
isa$xinst                       (abs)        000000
lroundf@x                       cstackBANK0  000066
main@color                      cstackBANK1  00017A
main@motorL                     cstackBANK1  00017B
main@motorR                     cstackBANK1  000185
main@rgb                        cstackBANK1  0001A1
main@white                      cstackBANK1  00018F
pad@buf                         cstackCOMRAM 000013
pad@fp                          cstackCOMRAM 000011
pad@i                           cstackCOMRAM 000018
pad@p                           cstackCOMRAM 000015
pad@w                           cstackCOMRAM 00001A
read_color@m                    cstackCOMRAM 00000C
roundf@F527                     bssBANK0     0000EA
roundf@e                        cstackCOMRAM 00004D
roundf@u                        cstackCOMRAM 000053
roundf@x                        cstackCOMRAM 000041
roundf@y                        cstackCOMRAM 000057
sendCharSerial4@charToSend      cstackCOMRAM 000001
sendStringSerial4@string        cstackCOMRAM 000002
sprintf@ap                      cstackBANK0  00006C
sprintf@f                       cstackBANK0  00006E
sprintf@fmt                     cstackBANK0  000062
sprintf@s                       cstackBANK0  000060
stackhi                         (abs)        000000
stacklo                         (abs)        000000
start                           init         000000
start_initialization            cinit        003DA8
strlen@a                        cstackCOMRAM 000003
strlen@s                        cstackCOMRAM 000001
vfpfcnvrt@ap                    cstackCOMRAM 000044
vfpfcnvrt@fmt                   cstackCOMRAM 000042
vfpfcnvrt@fp                    cstackCOMRAM 000040
vfpfcnvrt@ll                    cstackCOMRAM 000048
vfprintf@ap                     cstackCOMRAM 000054
vfprintf@cfmt                   cstackCOMRAM 000056
vfprintf@fmt                    cstackCOMRAM 000052
vfprintf@fp                     cstackCOMRAM 000050


MODULE INFORMATION

Module		Function		Class		Link	Load	Size
C:\Program Files\Microchip\xc8\v2.35\pic\sources\c99\common\putch.c
		_putch         		CODE           	408C	0000	2

C:\Program Files\Microchip\xc8\v2.35\pic\sources\c99\common\putch.c estimated size: 2

serial.c
		_sendStringSerial4		CODE           	3EFC	0000	48
		_sendCharSerial4		CODE           	403C	0000	24
		_initUSART4    		CODE           	401E	0000	30

serial.c estimated size: 102

color.c
		_read_color    		CODE           	3A6A	0000	94
		_color_writetoaddr		CODE           	3F7E	0000	32
		_color_predict 		CODE           	358E	0000	222
		_compare       		CODE           	3E20	0000	58
		_calibrate_white		CODE           	3258	0000	298
		_color_click_init		CODE           	3EC8	0000	52
		_detect_color  		CODE           	0E54	0000	2714
		_color_read_Green		CODE           	3BBA	0000	80
		_color_read_Clear		CODE           	3B1A	0000	80
		_LED_R         		CODE           	3F9E	0000	32
		_LED_G         		CODE           	3FBE	0000	32
		_color_read_Red		CODE           	3B6A	0000	80
		_LED_B         		CODE           	3FDE	0000	32
		_color_display 		CODE           	3998	0000	112
		_color_read_Blue		CODE           	3C0A	0000	80
		_LED_C         		CODE           	3FFE	0000	32

color.c estimated size: 4030

C:\Program Files\Microchip\xc8\v2.35\pic\sources\c99\common\aodiv.c
		___aodiv       		CODE           	2F6C	0000	392

C:\Program Files\Microchip\xc8\v2.35\pic\sources\c99\common\aodiv.c estimated size: 392

dc_motor.c
		_initDCmotorsPWM		CODE           	3CE4	0000	66
		_initDCmotors_parameter		CODE           	366C	0000	210

dc_motor.c estimated size: 276

C:\Program Files\Microchip\xc8\v2.35\pic\sources\c99\common\sprcmul.c
		___flmul       		CODE           	1DAE	0000	1066

C:\Program Files\Microchip\xc8\v2.35\pic\sources\c99\common\sprcmul.c estimated size: 1066

C:\Program Files\Microchip\xc8\v2.35\pic\sources\c99\common\nf_sprintf.c
		_sprintf       		CODE           	3AC8	0000	82

C:\Program Files\Microchip\xc8\v2.35\pic\sources\c99\common\nf_sprintf.c estimated size: 82

C:\Program Files\Microchip\xc8\v2.35\pic\sources\c99\common\sprcdiv.c
		___fldiv       		CODE           	2586	0000	922

C:\Program Files\Microchip\xc8\v2.35\pic\sources\c99\common\sprcdiv.c estimated size: 922

i2c.c
		_I2C_2_Master_Start		CODE           	4076	0000	10
		_I2C_2_Master_Read		CODE           	3D26	0000	66
		_I2C_2_Master_Idle		CODE           	3F56	0000	40
		_I2C_2_Master_Init		CODE           	3F2C	0000	42
		_I2C_2_Master_Stop		CODE           	406C	0000	10
		_I2C_2_Master_RepStart		CODE           	4080	0000	10
		_I2C_2_Master_Write		CODE           	4060	0000	12

i2c.c estimated size: 190

C:\Program Files\Microchip\xc8\v2.35\pic\sources\c99\common\nf_fputc.c
		_fputc         		CODE           	3808	0000	202

C:\Program Files\Microchip\xc8\v2.35\pic\sources\c99\common\nf_fputc.c estimated size: 202

C:\Program Files\Microchip\xc8\v2.35\pic\sources\c99\common\fltol.c
		___fltol       		CODE           	3382	0000	264

C:\Program Files\Microchip\xc8\v2.35\pic\sources\c99\common\fltol.c estimated size: 264

C:\Program Files\Microchip\xc8\v2.35\pic\sources\c99\common\abs.c
		_abs           		CODE           	3D68	0000	64

C:\Program Files\Microchip\xc8\v2.35\pic\sources\c99\common\abs.c estimated size: 64

C:\Program Files\Microchip\xc8\v2.35\pic\sources\c99\common\roundf.c
		_roundf        		CODE           	21D8	0000	942

C:\Program Files\Microchip\xc8\v2.35\pic\sources\c99\common\roundf.c estimated size: 942

C:\Program Files\Microchip\xc8\v2.35\pic\sources\c99\common\flge.c
		___flge        		CODE           	348A	0000	260

C:\Program Files\Microchip\xc8\v2.35\pic\sources\c99\common\flge.c estimated size: 260

C:\Program Files\Microchip\xc8\v2.35\pic\sources\c99\common\sprcadd.c
		___flsub       		CODE           	3C5A	0000	70
		___fladd       		CODE           	18EE	0000	1216

C:\Program Files\Microchip\xc8\v2.35\pic\sources\c99\common\sprcadd.c estimated size: 1286

shared
		__initialization		CODE           	3DA8	0000	48
		_toint         		SMALLCONST     	0000	0000	0

shared estimated size: 48

C:\Program Files\Microchip\xc8\v2.35\pic\sources\c99\common\flneg.c
		___flneg       		CODE           	3E5A	0000	56

C:\Program Files\Microchip\xc8\v2.35\pic\sources\c99\common\flneg.c estimated size: 56

C:\Program Files\Microchip\xc8\v2.35\pic\sources\c99\common\xxtofl.c
		___xxtofl      		CODE           	2C04	0000	436

C:\Program Files\Microchip\xc8\v2.35\pic\sources\c99\common\xxtofl.c estimated size: 436

C:\Program Files\Microchip\xc8\v2.35\pic\sources\c99\common\strlen.c
		_strlen        		CODE           	3E92	0000	54

C:\Program Files\Microchip\xc8\v2.35\pic\sources\c99\common\strlen.c estimated size: 54

C:\Program Files\Microchip\xc8\v2.35\pic\sources\c99\common\lroundf.c
		_lroundf       		CODE           	3DE6	0000	58

C:\Program Files\Microchip\xc8\v2.35\pic\sources\c99\common\lroundf.c estimated size: 58

C:\Program Files\Microchip\xc8\v2.35\pic\sources\c99\common\aomod.c
		___aomod       		CODE           	30F4	0000	356

C:\Program Files\Microchip\xc8\v2.35\pic\sources\c99\common\aomod.c estimated size: 356

C:\Program Files\Microchip\xc8\v2.35\pic\sources\c99\common\nf_fputs.c
		_fputs         		CODE           	3CA0	0000	68

C:\Program Files\Microchip\xc8\v2.35\pic\sources\c99\common\nf_fputs.c estimated size: 68

main.c
		_main          		CODE           	373E	0000	202

main.c estimated size: 202

movement.c
		_calibration_init		CODE           	4054	0000	12

movement.c estimated size: 12

C:\Program Files\Microchip\xc8\v2.35\pic\sources\c99\common\doprnt.c
		_vfpfcnvrt     		CODE           	2DB8	0000	436
		_pad           		CODE           	38D2	0000	198
		_dtoa          		CODE           	2920	0000	740
		_vfprintf      		CODE           	3A08	0000	98

C:\Program Files\Microchip\xc8\v2.35\pic\sources\c99\common\doprnt.c estimated size: 1472

