Microchip MPLAB XC8 Compiler V2.35

Linker command line:

-W-3 --edf=C:\Program Files\Microchip\xc8\v2.35\pic\dat\en_msgs.txt -cn \
  -h+dist/default/production\final-project-kangan-yuhai.X.production.sym \
  --cmf=dist/default/production\final-project-kangan-yuhai.X.production.cmf \
  -z -Q18F67K40 -oC:\Users\jinyu\AppData\Local\Temp\xcAsgp4.4 \
  --defsym=__MPLAB_BUILD=1 \
  -Mdist/default/production/final-project-kangan-yuhai.X.production.map \
  --md=C:\Users\jinyu\AppData\Local\Temp\xcAsgp4.dat -E1 -ver=XC8 Compiler \
  --acfsm=1493 -ACODE=00h-01FFFFh -ACONST=00h-01FFFFh \
  -ASMALLCONST=0E00h-0EFFhx498 -AMEDIUMCONST=0E00h-0FFFFh,010E00h-01FFFFh \
  -ACOMRAM=01h-05Fh -AABS1=00h-0DE9h -ABIGRAM=01h-0DE9h \
  -ARAM=060h-0FFh,0100h-01FFhx12,0D00h-0DE9h -ABANK0=060h-0FFh \
  -ABANK1=0100h-01FFh -ABANK2=0200h-02FFh -ABANK3=0300h-03FFh \
  -ABANK4=0400h-04FFh -ABANK5=0500h-05FFh -ABANK6=0600h-06FFh \
  -ABANK7=0700h-07FFh -ABANK8=0800h-08FFh -ABANK9=0900h-09FFh \
  -ABANK10=0A00h-0AFFh -ABANK11=0B00h-0BFFh -ABANK12=0C00h-0CFFh \
  -ABANK13=0D00h-0DE9h \
  -ASFR=0DEFh-0DFFh,0E00h-0EFFh,0F00h-0F5Fh,0F60h-0FFFh \
  -ABIGSFR=0DEFh-0FFFh -ACONFIG=0300000h-030000Bh -AIDLOC=0200000h-020000Fh \
  -AEEDATA=0310000h-03103FFh -peeprom_data=EEDATA \
  -preset_vec=00h,intcode,intcodelo,powerup,init -pramtop=0E00h \
  -psmallconst=SMALLCONST -pmediumconst=MEDIUMCONST -pconst=CONST \
  -AFARRAM=00h-00h \
  -prdata=COMRAM,nvrram=COMRAM,nvbit=COMRAM,rbss=COMRAM,rbit=COMRAM \
  -pfarbss=FARRAM,fardata=FARRAM,nvFARRAM=FARRAM \
  -pintsave_regs=BIGRAM,bigbss=BIGRAM,bigdata=BIGRAM -pbss=RAM \
  -pidata=CODE,irdata=CODE,ibigdata=CODE,ifardata=CODE -prparam=COMRAM \
  C:\Users\jinyu\AppData\Local\Temp\xcAsgp4.o \
  dist/default/production\final-project-kangan-yuhai.X.production.o 

Object code version is 3.11

Machine type is 18F67K40



                Name                               Link     Load   Length Selector   Space Scale
C:\Users\jinyu\AppData\Local\Temp\xcAsgp4.o
                idloc                            200000   200000       10        0       5
                config                           300000   300000        C        0       4
                init                                  0        0        4        0       0
dist/default/production\final-project-kangan-yuhai.X.production.o
                idloc                            200000   200000       10        0       5
                config                           300000   300000        C        0       4
                smallconst                          E00      E00       54      700       0
                text23                             1574     1574       C4      72A       0
                text22                             1A20     1A20       26      72A       0
                text21                             107A     107A      1D4      72A       0
                text20                             17B4     17B4       94      72A       0
                text19                             16F8     16F8       BC      72A       0
                text18                             1378     1378      12A      72A       0
                text17                             1AA0     1AA0       1A      72A       0
                text16                             1638     1638       C0      72A       0
                text15                             191A     191A       42      72A       0
                text14                             18D8     18D8       42      72A       0
                text13                             124E     124E      12A      72A       0
                text12                              E54      E54      226      72A       0
                text11                             19CE     19CE       2A      72A       0
                text10                             19F8     19F8       28      72A       0
                text9                              1AD0     1AD0        A      72A       0
                text8                              1AC6     1AC6        A      72A       0
                text7                              1ABA     1ABA        C      72A       0
                text6                              1A46     1A46       20      72A       0
                text5                              199A     199A       34      72A       0
                text4                              1896     1896       42      72A       0
                text3                              14A2     14A2       D2      72A       0
                text2                              1A66     1A66       1E      72A       0
                text1                              1A84     1A84       1C      72A       0
                text0                              1848     1848       4E      72A       0
                cstackCOMRAM                          1        1       4A        1       1
                bssBANK0                             60       60       5A       60       1
                dataCOMRAM                           5E       5E        2        1       1
                bssCOMRAM                            4B       4B       13        1       1
                cinit                              195C     195C       3E      72A       0
                idataCOMRAM                        1ADA     1ADA        2      72A       0

TOTAL           Name                               Link     Load   Length     Space
        CLASS   CODE           
                init                                  0        0        4         0
                text23                             1574     1574       C4         0
                text22                             1A20     1A20       26         0
                text21                             107A     107A      1D4         0
                text20                             17B4     17B4       94         0
                text19                             16F8     16F8       BC         0
                text18                             1378     1378      12A         0
                text17                             1AA0     1AA0       1A         0
                text16                             1638     1638       C0         0
                text15                             191A     191A       42         0
                text14                             18D8     18D8       42         0
                text13                             124E     124E      12A         0
                text12                              E54      E54      226         0
                text11                             19CE     19CE       2A         0
                text10                             19F8     19F8       28         0
                text9                              1AD0     1AD0        A         0
                text8                              1AC6     1AC6        A         0
                text7                              1ABA     1ABA        C         0
                text6                              1A46     1A46       20         0
                text5                              199A     199A       34         0
                text4                              1896     1896       42         0
                text3                              14A2     14A2       D2         0
                text2                              1A66     1A66       1E         0
                text1                              1A84     1A84       1C         0
                text0                              1848     1848       4E         0
                cinit                              195C     195C       3E         0
                idataCOMRAM                        1ADA     1ADA        2         0

        CLASS   CONST          

        CLASS   SMALLCONST     
                smallconst                          E00      E00       54         0

        CLASS   MEDIUMCONST    

        CLASS   COMRAM         
                cstackCOMRAM                          1        1       4A         1
                dataCOMRAM                           5E       5E        2         1
                bssCOMRAM                            4B       4B       13         1

        CLASS   ABS1           

        CLASS   BIGRAM         

        CLASS   RAM            

        CLASS   BANK0          
                bssBANK0                             60       60       5A         1

        CLASS   BANK1          

        CLASS   BANK2          

        CLASS   BANK3          

        CLASS   BANK4          

        CLASS   BANK5          

        CLASS   BANK6          

        CLASS   BANK7          

        CLASS   BANK8          

        CLASS   BANK9          

        CLASS   BANK10         

        CLASS   BANK11         

        CLASS   BANK12         

        CLASS   BANK13         

        CLASS   SFR            

        CLASS   BIGSFR         

        CLASS   CONFIG         
                config                           300000   300000        C         4

        CLASS   IDLOC          
                idloc                            200000   200000       10         5

        CLASS   EEDATA         

        CLASS   FARRAM         

        CLASS   HEAP           

        CLASS   STACK          



SEGMENTS        Name                           Load    Length   Top    Selector   Space  Class

                reset_vec                      000000  000004  000004         0       0  CODE    
                cstackCOMRAM                   000001  00005F  000060         1       1  COMRAM  
                bssBANK0                       000060  00005A  0000BA        60       1  BANK0   
                smallconst                     000E00  000054  000E54       700       0  SMALLCON
                text12                         000E54  000C88  001ADC       72A       0  CODE    


UNUSED ADDRESS RANGES

        Name                Unused          Largest block    Delta
        BANK0            0000BA-0000FF               46
        BANK1            000100-0001FF              100
        BANK10           000A00-000AFF              100
        BANK11           000B00-000BFF              100
        BANK12           000C00-000CFF              100
        BANK13           000D00-000DE9               EA
        BANK2            000200-0002FF              100
        BANK3            000300-0003FF              100
        BANK4            000400-0004FF              100
        BANK5            000500-0005FF              100
        BANK6            000600-0006FF              100
        BANK7            000700-0007FF              100
        BANK8            000800-0008FF              100
        BANK9            000900-0009FF              100
        BIGRAM           0000BA-000DE9              D30
        BIGSFR           000DEF-000FFF              211
        CODE             000004-000DFF              DFC
                         001ADC-01FFFF            1E524
        CONST            000004-000DFF              DFC
                         001ADC-01FFFF            1E524
        EEDATA           310000-3103FF              400
        MEDIUMCONST      001ADC-00FFFF             E524
                         010E00-01FFFF             F200
        RAM              0000BA-000DE9              100
        SFR              000DEF-000FFF              100
        SMALLCONST       001ADC-01FFFF              100

                                  Symbol Table

?___awdiv                       cstackCOMRAM 000007
?___wmul                        cstackCOMRAM 000001
I2C_2_Master_Write@data_byte    cstackCOMRAM 000002
_ADCON0bits                     (abs)        000F60
_ADPCH                          (abs)        000F5F
_ADREFbits                      (abs)        000F58
_ADRESH                         (abs)        000F64
_ANSELDbits                     (abs)        000EA7
_ANSELFbits                     (abs)        000EB4
_BAUD4CONbits                   (abs)        000EE9
_CALIBRATION_180                dataCOMRAM   00005E
_EUSART4RXbuf                   bssBANK0     00009C
_EUSART4TXbuf                   bssBANK0     000060
_I2C_2_Master_Idle              text10       0019F8
_I2C_2_Master_Init              text11       0019CE
_I2C_2_Master_Start             text9        001AD0
_I2C_2_Master_Stop              text8        001AC6
_I2C_2_Master_Write             text7        001ABA
_LATAbits                       (abs)        000F79
_LATCbits                       (abs)        000F7B
_LATE                           (abs)        000F7D
_LATEbits                       (abs)        000F7D
_LATFbits                       (abs)        000F7E
_LATG                           (abs)        000F7F
_LATGbits                       (abs)        000F7F
_PIE4bits                       (abs)        000E2D
_PIR4bits                       (abs)        000E37
_PORTFbits                      (abs)        000F8E
_PWM6CONbits                    (abs)        000FA4
_PWM6DCH                        (abs)        000FA3
_PWM7CONbits                    (abs)        000FA1
_PWM7DCH                        (abs)        000FA0
_RC0PPS                         (abs)        000E62
_RC4REG                         (abs)        000EE3
_RC4STAbits                     (abs)        000EE7
_RC7PPS                         (abs)        000E69
_RD5PPS                         (abs)        000E6F
_RD6PPS                         (abs)        000E70
_RE2PPS                         (abs)        000E74
_RX4PPS                         (abs)        000E15
_RxBufReadCnt                   bssCOMRAM    00005C
_RxBufWriteCnt                  bssCOMRAM    00005D
_SENSITIVITY                    dataCOMRAM   00005F
_SP4BRGH                        (abs)        000EE6
_SP4BRGL                        (abs)        000EE5
_SSP2ADD                        (abs)        000ED6
_SSP2BUF                        (abs)        000ED5
_SSP2CLKPPS                     (abs)        000E1C
_SSP2CON1bits                   (abs)        000ED9
_SSP2CON2                       (abs)        000EDA
_SSP2CON2bits                   (abs)        000EDA
_SSP2DATPPS                     (abs)        000E1D
_SSP2STAT                       (abs)        000ED8
_T2CLKCONbits                   (abs)        000FBF
_T2CONbits                      (abs)        000FBD
_T2HLTbits                      (abs)        000FBE
_T2PR                           (abs)        000FBC
_TRISAbits                      (abs)        000F81
_TRISCbits                      (abs)        000F83
_TRISDbits                      (abs)        000F84
_TRISEbits                      (abs)        000F85
_TRISFbits                      (abs)        000F86
_TRISGbits                      (abs)        000F87
_TX4REG                         (abs)        000EE4
_TX4STAbits                     (abs)        000EE8
_TxBufReadCnt                   bssCOMRAM    00005A
_TxBufWriteCnt                  bssCOMRAM    00005B
__HRAM                          (abs)        000000
__Habs1                         abs1         000000
__Hbank0                        bank0        000000
__Hbank1                        bank1        000000
__Hbank10                       bank10       000000
__Hbank11                       bank11       000000
__Hbank12                       bank12       000000
__Hbank13                       bank13       000000
__Hbank2                        bank2        000000
__Hbank3                        bank3        000000
__Hbank4                        bank4        000000
__Hbank5                        bank5        000000
__Hbank6                        bank6        000000
__Hbank7                        bank7        000000
__Hbank8                        bank8        000000
__Hbank9                        bank9        000000
__Hbigbss                       bigbss       000000
__Hbigdata                      bigdata      000000
__Hbigram                       bigram       000000
__Hbigsfr                       bigsfr       000000
__Hbss                          bss          000000
__HbssBANK0                     bssBANK0     000000
__HbssCOMRAM                    bssCOMRAM    000000
__Hcinit                        cinit        000000
__Hclrtext                      clrtext      000000
__Hcomram                       comram       000000
__Hconfig                       config       30000C
__Hconst                        const        000000
__HcstackCOMRAM                 cstackCOMRAM 000000
__Hdata                         data         000000
__HdataCOMRAM                   dataCOMRAM   000000
__Heeprom_data                  eeprom_data  000000
__Hfarbss                       farbss       000000
__Hfardata                      fardata      000000
__Hheap                         heap         000000
__Hibigdata                     ibigdata     000000
__Hidata                        idata        000000
__HidataCOMRAM                  idataCOMRAM  000000
__Hidloc                        idloc        200010
__Hifardata                     ifardata     000000
__Hinit                         init         000004
__Hintcode                      intcode      000000
__Hintcode_body                 intcode_body 000000
__Hintcodelo                    intcodelo    000000
__Hintentry                     intentry     000000
__Hintret                       intret       000000
__Hintsave_regs                 intsave_regs 000000
__Hirdata                       irdata       000000
__Hmediumconst                  mediumconst  000000
__HnvFARRAM                     nvFARRAM     000000
__Hnvbit                        nvbit        000000
__Hnvrram                       nvrram       000000
__Hparam                        rparam       000000
__Hpowerup                      powerup      000000
__Hram                          ram          000000
__Hramtop                       ramtop       000E00
__Hrbit                         rbit         000000
__Hrbss                         rbss         000000
__Hrdata                        rdata        000000
__Hreset_vec                    reset_vec    000000
__Hrparam                       rparam       000000
__Hsfr                          sfr          000000
__Hsmallconst                   smallconst   000E54
__Hspace_0                      (abs)        001ADC
__Hspace_1                      (abs)        0000BA
__Hspace_2                      (abs)        000000
__Hspace_4                      (abs)        60000C
__Hstack                        stack        000000
__Hstruct                       struct       000000
__Htemp                         temp         000000
__Htext                         text         000000
__Htext0                        text0        000000
__Htext1                        text1        000000
__Htext10                       text10       000000
__Htext11                       text11       000000
__Htext12                       text12       000000
__Htext13                       text13       000000
__Htext14                       text14       000000
__Htext15                       text15       000000
__Htext16                       text16       000000
__Htext17                       text17       000000
__Htext18                       text18       000000
__Htext19                       text19       000000
__Htext2                        text2        000000
__Htext20                       text20       000000
__Htext21                       text21       000000
__Htext22                       text22       000000
__Htext23                       text23       000000
__Htext3                        text3        000000
__Htext4                        text4        000000
__Htext5                        text5        000000
__Htext6                        text6        000000
__Htext7                        text7        000000
__Htext8                        text8        000000
__Htext9                        text9        000000
__LRAM                          (abs)        000001
__Labs1                         abs1         000000
__Lbank0                        bank0        000000
__Lbank1                        bank1        000000
__Lbank10                       bank10       000000
__Lbank11                       bank11       000000
__Lbank12                       bank12       000000
__Lbank13                       bank13       000000
__Lbank2                        bank2        000000
__Lbank3                        bank3        000000
__Lbank4                        bank4        000000
__Lbank5                        bank5        000000
__Lbank6                        bank6        000000
__Lbank7                        bank7        000000
__Lbank8                        bank8        000000
__Lbank9                        bank9        000000
__Lbigbss                       bigbss       000000
__Lbigdata                      bigdata      000000
__Lbigram                       bigram       000000
__Lbigsfr                       bigsfr       000000
__Lbss                          bss          000000
__LbssBANK0                     bssBANK0     000000
__LbssCOMRAM                    bssCOMRAM    000000
__Lcinit                        cinit        000000
__Lclrtext                      clrtext      000000
__Lcomram                       comram       000000
__Lconfig                       config       000000
__Lconst                        const        000000
__LcstackCOMRAM                 cstackCOMRAM 000000
__Ldata                         data         000000
__LdataCOMRAM                   dataCOMRAM   000000
__Leeprom_data                  eeprom_data  000000
__Lfarbss                       farbss       000000
__Lfardata                      fardata      000000
__Lheap                         heap         000000
__Libigdata                     ibigdata     000000
__Lidata                        idata        000000
__LidataCOMRAM                  idataCOMRAM  000000
__Lidloc                        idloc        000000
__Lifardata                     ifardata     000000
__Linit                         init         000000
__Lintcode                      intcode      000000
__Lintcode_body                 intcode_body 000000
__Lintcodelo                    intcodelo    000000
__Lintentry                     intentry     000000
__Lintret                       intret       000000
__Lintsave_regs                 intsave_regs 000000
__Lirdata                       irdata       000000
__Lmediumconst                  mediumconst  000000
__LnvFARRAM                     nvFARRAM     000000
__Lnvbit                        nvbit        000000
__Lnvrram                       nvrram       000000
__Lparam                        rparam       000000
__Lpowerup                      powerup      000000
__Lram                          ram          000000
__Lramtop                       ramtop       000E00
__Lrbit                         rbit         000000
__Lrbss                         rbss         000000
__Lrdata                        rdata        000000
__Lreset_vec                    reset_vec    000000
__Lrparam                       rparam       000000
__Lsfr                          sfr          000000
__Lsmallconst                   smallconst   000E00
__Lspace_0                      (abs)        000000
__Lspace_1                      (abs)        000000
__Lspace_2                      (abs)        000000
__Lspace_4                      (abs)        000000
__Lstack                        stack        000000
__Lstruct                       struct       000000
__Ltemp                         temp         000000
__Ltext                         text         000000
__Ltext0                        text0        000000
__Ltext1                        text1        000000
__Ltext10                       text10       000000
__Ltext11                       text11       000000
__Ltext12                       text12       000000
__Ltext13                       text13       000000
__Ltext14                       text14       000000
__Ltext15                       text15       000000
__Ltext16                       text16       000000
__Ltext17                       text17       000000
__Ltext18                       text18       000000
__Ltext19                       text19       000000
__Ltext2                        text2        000000
__Ltext20                       text20       000000
__Ltext21                       text21       000000
__Ltext22                       text22       000000
__Ltext23                       text23       000000
__Ltext3                        text3        000000
__Ltext4                        text4        000000
__Ltext5                        text5        000000
__Ltext6                        text6        000000
__Ltext7                        text7        000000
__Ltext8                        text8        000000
__Ltext9                        text9        000000
__S0                            (abs)        001ADC
__S1                            (abs)        0000BA
__S4                            (abs)        000000
__S5                            (abs)        000000
___awdiv                        text23       001574
___awdiv@counter                cstackCOMRAM 00000B
___awdiv@dividend               cstackCOMRAM 000007
___awdiv@divisor                cstackCOMRAM 000009
___awdiv@quotient               cstackCOMRAM 00000D
___awdiv@sign                   cstackCOMRAM 00000C
___heap_hi                      (abs)        000000
___heap_lo                      (abs)        000000
___inthi_sp                     stack        000000
___intlo_sp                     stack        000000
___param_bank                   (abs)        000000
___rparam_used                  (abs)        000001
___sp                           stack        000000
___wmul                         text22       001A20
___wmul@multiplicand            cstackCOMRAM 000003
___wmul@multiplier              cstackCOMRAM 000001
___wmul@product                 cstackCOMRAM 000005
__accesstop                     (abs)        000060
__activetblptr                  (abs)        000001
__end_of_I2C_2_Master_Idle      text10       001A20
__end_of_I2C_2_Master_Init      text11       0019F8
__end_of_I2C_2_Master_Start     text9        001ADA
__end_of_I2C_2_Master_Stop      text8        001AD0
__end_of_I2C_2_Master_Write     text7        001AC6
__end_of___awdiv                text23       001638
__end_of___wmul                 text22       001A46
__end_of__initialization        cinit        00198C
__end_of_action                 text12       00107A
__end_of_color_click_init       text5        0019CE
__end_of_color_writetoaddr      text6        001A66
__end_of_fullSpeedAhead         text20       001848
__end_of_fullSpeedBack          text16       0016F8
__end_of_goback                 text17       001ABA
__end_of_initDCmotorsPWM        text4        0018D8
__end_of_initDCmotors_parameter text3        001574
__end_of_initUSART4             text2        001A84
__end_of_main                   text0        001896
__end_of_pin_init               text1        001AA0
__end_of_reverse_square         text15       00195C
__end_of_setMotorPWM            text21       00124E
__end_of_short_reverse          text14       00191A
__end_of_stop                   text19       0017B4
__end_of_toint                  smallconst   000E05
__end_of_turnLeft               text18       0014A2
__end_of_turnRight              text13       001378
__initialization                cinit        00195C
__mediumconst                   mediumconst  000000
__pbssBANK0                     bssBANK0     000060
__pbssCOMRAM                    bssCOMRAM    00004B
__pcinit                        cinit        00195C
__pcstackCOMRAM                 cstackCOMRAM 000001
__pdataCOMRAM                   dataCOMRAM   00005E
__pidataCOMRAM                  idataCOMRAM  001ADA
__psmallconst                   smallconst   000E00
__ptext0                        text0        001848
__ptext1                        text1        001A84
__ptext10                       text10       0019F8
__ptext11                       text11       0019CE
__ptext12                       text12       000E54
__ptext13                       text13       00124E
__ptext14                       text14       0018D8
__ptext15                       text15       00191A
__ptext16                       text16       001638
__ptext17                       text17       001AA0
__ptext18                       text18       001378
__ptext19                       text19       0016F8
__ptext2                        text2        001A66
__ptext20                       text20       0017B4
__ptext21                       text21       00107A
__ptext22                       text22       001A20
__ptext23                       text23       001574
__ptext3                        text3        0014A2
__ptext4                        text4        001896
__ptext5                        text5        00199A
__ptext6                        text6        001A46
__ptext7                        text7        001ABA
__ptext8                        text8        001AC6
__ptext9                        text9        001AD0
__ramtop                        ramtop       000E00
__smallconst                    smallconst   000E00
_action                         text12       000E54
_color                          bssCOMRAM    000059
_color_click_init               text5        00199A
_color_writetoaddr              text6        001A46
_fullSpeedAhead                 text20       0017B4
_fullSpeedBack                  text16       001638
_goback                         text17       001AA0
_initDCmotorsPWM                text4        001896
_initDCmotors_parameter         text3        0014A2
_initUSART4                     text2        001A66
_main                           text0        001848
_motorL                         bssCOMRAM    00004B
_motorR                         bssBANK0     0000B0
_pin_init                       text1        001A84
_reverse_square                 text15       00191A
_setMotorPWM                    text21       00107A
_short_reverse                  text14       0018D8
_stop                           text19       0016F8
_turnLeft                       text18       001378
_turnRight                      text13       00124E
action@color                    cstackCOMRAM 000036
action@mL                       cstackCOMRAM 000032
action@mR                       cstackCOMRAM 000034
color_writetoaddr@address       cstackCOMRAM 000004
color_writetoaddr@value         cstackCOMRAM 000003
end_of_initialization           cinit        00198C
fullSpeedAhead@mL               cstackCOMRAM 00001A
fullSpeedAhead@mR               cstackCOMRAM 00001C
fullSpeedBack@mL                cstackCOMRAM 000020
fullSpeedBack@mR                cstackCOMRAM 000022
goback@mL                       cstackCOMRAM 00002E
goback@mR                       cstackCOMRAM 000030
initDCmotorsPWM@PWMperiod       cstackCOMRAM 000001
initDCmotors_parameter@motorL   cstackCOMRAM 000001
initDCmotors_parameter@motorR   cstackCOMRAM 000003
intlevel0                       text         000000
intlevel1                       text         000000
intlevel2                       text         000000
intlevel3                       text         000000
isa$std                         (abs)        000001
isa$xinst                       (abs)        000000
main@motorL                     cstackCOMRAM 000037
main@motorR                     cstackCOMRAM 000041
reverse_square@mL               cstackCOMRAM 000026
reverse_square@mR               cstackCOMRAM 000028
setMotorPWM@PWMduty             cstackCOMRAM 000018
setMotorPWM@m                   cstackCOMRAM 00000F
short_reverse@mL                cstackCOMRAM 000026
short_reverse@mR                cstackCOMRAM 000028
stackhi                         (abs)        000000
stacklo                         (abs)        000000
start                           init         000000
start_initialization            cinit        00195C
stop@mL                         cstackCOMRAM 00001A
stop@mR                         cstackCOMRAM 00001C
turnLeft@angle_left             cstackCOMRAM 000024
turnLeft@delay                  cstackCOMRAM 00002C
turnLeft@delay_180              cstackCOMRAM 000026
turnLeft@i                      cstackCOMRAM 000028
turnLeft@i_1176                 cstackCOMRAM 00002A
turnLeft@mL                     cstackCOMRAM 000020
turnLeft@mR                     cstackCOMRAM 000022
turnRight@angle_right           cstackCOMRAM 000024
turnRight@delay                 cstackCOMRAM 00002C
turnRight@delay_180             cstackCOMRAM 000026
turnRight@i                     cstackCOMRAM 000028
turnRight@i_1199                cstackCOMRAM 00002A
turnRight@mL                    cstackCOMRAM 000020
turnRight@mR                    cstackCOMRAM 000022


MODULE INFORMATION

Module		Function		Class		Link	Load	Size
serial.c
		_initUSART4    		CODE           	1A66	0000	30

serial.c estimated size: 30

color.c
		_color_writetoaddr		CODE           	1A46	0000	32
		_color_click_init		CODE           	199A	0000	52

color.c estimated size: 84

dc_motor.c
		_fullSpeedBack 		CODE           	1638	0000	192
		_reverse_square		CODE           	191A	0000	66
		_fullSpeedAhead		CODE           	17B4	0000	148
		_turnLeft      		CODE           	1378	0000	298
		_stop          		CODE           	16F8	0000	188
		_initDCmotorsPWM		CODE           	1896	0000	66
		_initDCmotors_parameter		CODE           	14A2	0000	210
		_turnRight     		CODE           	124E	0000	298
		_short_reverse 		CODE           	18D8	0000	66
		_setMotorPWM   		CODE           	107A	0000	468

dc_motor.c estimated size: 2000

i2c.c
		_I2C_2_Master_Start		CODE           	1AD0	0000	10
		_I2C_2_Master_Idle		CODE           	19F8	0000	40
		_I2C_2_Master_Init		CODE           	19CE	0000	42
		_I2C_2_Master_Stop		CODE           	1AC6	0000	10
		_I2C_2_Master_Write		CODE           	1ABA	0000	12

i2c.c estimated size: 114

C:\Program Files\Microchip\xc8\v2.35\pic\sources\c99\common\Umul16.c
		___wmul        		CODE           	1A20	0000	38

C:\Program Files\Microchip\xc8\v2.35\pic\sources\c99\common\Umul16.c estimated size: 38

C:\Program Files\Microchip\xc8\v2.35\pic\sources\c99\common\awdiv.c
		___awdiv       		CODE           	1574	0000	196

C:\Program Files\Microchip\xc8\v2.35\pic\sources\c99\common\awdiv.c estimated size: 196

shared
		__initialization		CODE           	195C	0000	48
		_toint         		SMALLCONST     	0000	0000	0

shared estimated size: 48

main.c
		_main          		CODE           	1848	0000	78

main.c estimated size: 78

movement.c
		_action        		CODE           	0E54	0000	550
		_pin_init      		CODE           	1A84	0000	28
		_goback        		CODE           	1AA0	0000	26

movement.c estimated size: 604

